[2026-05-21T08:49:19.259+0000] {local_task_job_runner.py:120} INFO - ::group::Pre task execution logs
[2026-05-21T08:49:19.391+0000] {taskinstance.py:2076} INFO - Dependencies all met for dep_context=non-requeueable deps ti=<TaskInstance: etl_pipeline.load manual__2026-05-21T08:48:33.771049+00:00 [queued]>
[2026-05-21T08:49:19.460+0000] {taskinstance.py:2076} INFO - Dependencies all met for dep_context=requeueable deps ti=<TaskInstance: etl_pipeline.load manual__2026-05-21T08:48:33.771049+00:00 [queued]>
[2026-05-21T08:49:19.462+0000] {taskinstance.py:2306} INFO - Starting attempt 1 of 1
[2026-05-21T08:49:19.493+0000] {taskinstance.py:2330} INFO - Executing <Task(PythonOperator): load> on 2026-05-21 08:48:33.771049+00:00
[2026-05-21T08:49:19.534+0000] {warnings.py:112} WARNING - /home/***/.local/lib/python3.12/site-packages/***/task/task_runner/standard_task_runner.py:62: DeprecationWarning: This process (pid=689) is multi-threaded, use of fork() may lead to deadlocks in the child.
  pid = os.fork()

[2026-05-21T08:49:19.541+0000] {standard_task_runner.py:64} INFO - Started process 698 to run task
[2026-05-21T08:49:19.545+0000] {standard_task_runner.py:90} INFO - Running: ['***', 'tasks', 'run', 'etl_pipeline', 'load', 'manual__2026-05-21T08:48:33.771049+00:00', '--job-id', '34', '--raw', '--subdir', 'DAGS_FOLDER/etl_pipeline.py', '--cfg-path', '/tmp/tmpgupq7dsu']
[2026-05-21T08:49:19.547+0000] {standard_task_runner.py:91} INFO - Job 34: Subtask load
[2026-05-21T08:49:19.797+0000] {task_command.py:426} INFO - Running <TaskInstance: etl_pipeline.load manual__2026-05-21T08:48:33.771049+00:00 [running]> on host 5ba7bbe8d6ee
[2026-05-21T08:49:20.724+0000] {taskinstance.py:2648} INFO - Exporting env vars: AIRFLOW_CTX_DAG_OWNER='***' AIRFLOW_CTX_DAG_ID='etl_pipeline' AIRFLOW_CTX_TASK_ID='load' AIRFLOW_CTX_EXECUTION_DATE='2026-05-21T08:48:33.771049+00:00' AIRFLOW_CTX_TRY_NUMBER='1' AIRFLOW_CTX_DAG_RUN_ID='manual__2026-05-21T08:48:33.771049+00:00'
[2026-05-21T08:49:20.731+0000] {taskinstance.py:430} INFO - ::endgroup::
[2026-05-21T08:49:20.779+0000] {taskinstance.py:441} INFO - ::group::Post task execution logs
[2026-05-21T08:49:20.780+0000] {taskinstance.py:2905} ERROR - Task failed with exception
Traceback (most recent call last):
  File "/home/airflow/.local/lib/python3.12/site-packages/airflow/models/taskinstance.py", line 465, in _execute_task
    result = _execute_callable(context=context, **execute_callable_kwargs)
             ^^^^^^^^^^^^^^^^^^^^^^^^^^^^^^^^^^^^^^^^^^^^^^^^^^^^^^^^^^^^^
  File "/home/airflow/.local/lib/python3.12/site-packages/airflow/models/taskinstance.py", line 432, in _execute_callable
    return execute_callable(context=context, **execute_callable_kwargs)
           ^^^^^^^^^^^^^^^^^^^^^^^^^^^^^^^^^^^^^^^^^^^^^^^^^^^^^^^^^^^^
  File "/home/airflow/.local/lib/python3.12/site-packages/airflow/models/baseoperator.py", line 401, in wrapper
    return func(self, *args, **kwargs)
           ^^^^^^^^^^^^^^^^^^^^^^^^^^^
  File "/home/airflow/.local/lib/python3.12/site-packages/airflow/operators/python.py", line 235, in execute
    return_value = self.execute_callable()
                   ^^^^^^^^^^^^^^^^^^^^^^^
  File "/home/airflow/.local/lib/python3.12/site-packages/airflow/operators/python.py", line 252, in execute_callable
    return self.python_callable(*self.op_args, **self.op_kwargs)
           ^^^^^^^^^^^^^^^^^^^^^^^^^^^^^^^^^^^^^^^^^^^^^^^^^^^^^
  File "/opt/airflow/dags/etl_pipeline.py", line 91, in load
    cursor.execute(
IndexError: tuple index out of range
[2026-05-21T08:49:20.843+0000] {taskinstance.py:1206} INFO - Marking task as FAILED. dag_id=etl_pipeline, task_id=load, run_id=manual__2026-05-21T08:48:33.771049+00:00, execution_date=20260521T084833, start_date=20260521T084919, end_date=20260521T084920
[2026-05-21T08:49:20.897+0000] {standard_task_runner.py:110} ERROR - Failed to execute job 34 for task load (tuple index out of range; 698)
[2026-05-21T08:49:21.087+0000] {local_task_job_runner.py:243} INFO - Task exited with return code 1
[2026-05-21T08:49:21.231+0000] {local_task_job_runner.py:222} INFO - ::endgroup::
