[2026-05-19T10:13:29.594+0000] {local_task_job_runner.py:120} INFO - ::group::Pre task execution logs
[2026-05-19T10:13:29.632+0000] {taskinstance.py:2076} INFO - Dependencies all met for dep_context=non-requeueable deps ti=<TaskInstance: etl_pipeline.load manual__2026-05-19T10:12:47.067032+00:00 [queued]>
[2026-05-19T10:13:29.646+0000] {taskinstance.py:2076} INFO - Dependencies all met for dep_context=requeueable deps ti=<TaskInstance: etl_pipeline.load manual__2026-05-19T10:12:47.067032+00:00 [queued]>
[2026-05-19T10:13:29.657+0000] {taskinstance.py:2306} INFO - Starting attempt 1 of 1
[2026-05-19T10:13:29.694+0000] {taskinstance.py:2330} INFO - Executing <Task(PythonOperator): load> on 2026-05-19 10:12:47.067032+00:00
[2026-05-19T10:13:29.709+0000] {warnings.py:112} WARNING - /home/***/.local/lib/python3.12/site-packages/***/task/task_runner/standard_task_runner.py:62: DeprecationWarning: This process (pid=107) is multi-threaded, use of fork() may lead to deadlocks in the child.
  pid = os.fork()

[2026-05-19T10:13:29.712+0000] {standard_task_runner.py:64} INFO - Started process 109 to run task
[2026-05-19T10:13:29.712+0000] {standard_task_runner.py:90} INFO - Running: ['***', 'tasks', 'run', 'etl_pipeline', 'load', 'manual__2026-05-19T10:12:47.067032+00:00', '--job-id', '20', '--raw', '--subdir', 'DAGS_FOLDER/etl_pipeline.py', '--cfg-path', '/tmp/tmpss5m5y2x']
[2026-05-19T10:13:29.718+0000] {standard_task_runner.py:91} INFO - Job 20: Subtask load
[2026-05-19T10:13:29.862+0000] {task_command.py:426} INFO - Running <TaskInstance: etl_pipeline.load manual__2026-05-19T10:12:47.067032+00:00 [running]> on host 0e1ffd8833ec
[2026-05-19T10:13:30.150+0000] {taskinstance.py:2648} INFO - Exporting env vars: AIRFLOW_CTX_DAG_OWNER='***' AIRFLOW_CTX_DAG_ID='etl_pipeline' AIRFLOW_CTX_TASK_ID='load' AIRFLOW_CTX_EXECUTION_DATE='2026-05-19T10:12:47.067032+00:00' AIRFLOW_CTX_TRY_NUMBER='1' AIRFLOW_CTX_DAG_RUN_ID='manual__2026-05-19T10:12:47.067032+00:00'
[2026-05-19T10:13:30.154+0000] {taskinstance.py:430} INFO - ::endgroup::
[2026-05-19T10:13:30.357+0000] {logging_mixin.py:188} INFO - Loaded into PostgreSQL
[2026-05-19T10:13:30.360+0000] {python.py:237} INFO - Done. Returned value was: None
[2026-05-19T10:13:30.362+0000] {taskinstance.py:441} INFO - ::group::Post task execution logs
[2026-05-19T10:13:30.389+0000] {taskinstance.py:1206} INFO - Marking task as SUCCESS. dag_id=etl_pipeline, task_id=load, run_id=manual__2026-05-19T10:12:47.067032+00:00, execution_date=20260519T101247, start_date=20260519T101329, end_date=20260519T101330
[2026-05-19T10:13:30.472+0000] {local_task_job_runner.py:243} INFO - Task exited with return code 0
[2026-05-19T10:13:30.530+0000] {taskinstance.py:3503} INFO - 0 downstream tasks scheduled from follow-on schedule check
[2026-05-19T10:13:30.538+0000] {local_task_job_runner.py:222} INFO - ::endgroup::
