[2026-05-21T11:27:12.682+0000] {local_task_job_runner.py:120} INFO - ::group::Pre task execution logs
[2026-05-21T11:27:12.770+0000] {taskinstance.py:2076} INFO - Dependencies all met for dep_context=non-requeueable deps ti=<TaskInstance: etl_pipeline.transform scheduled__2026-05-21T11:26:00+00:00 [queued]>
[2026-05-21T11:27:12.793+0000] {taskinstance.py:2076} INFO - Dependencies all met for dep_context=requeueable deps ti=<TaskInstance: etl_pipeline.transform scheduled__2026-05-21T11:26:00+00:00 [queued]>
[2026-05-21T11:27:12.796+0000] {taskinstance.py:2306} INFO - Starting attempt 1 of 1
[2026-05-21T11:27:12.840+0000] {taskinstance.py:2330} INFO - Executing <Task(PythonOperator): transform> on 2026-05-21 11:26:00+00:00
[2026-05-21T11:27:12.868+0000] {warnings.py:112} WARNING - /home/***/.local/lib/python3.12/site-packages/***/task/task_runner/standard_task_runner.py:62: DeprecationWarning: This process (pid=1208) is multi-threaded, use of fork() may lead to deadlocks in the child.
  pid = os.fork()

[2026-05-21T11:27:12.874+0000] {standard_task_runner.py:64} INFO - Started process 1210 to run task
[2026-05-21T11:27:12.872+0000] {standard_task_runner.py:90} INFO - Running: ['***', 'tasks', 'run', 'etl_pipeline', 'transform', 'scheduled__2026-05-21T11:26:00+00:00', '--job-id', '71', '--raw', '--subdir', 'DAGS_FOLDER/etl_pipeline.py', '--cfg-path', '/tmp/tmpwjr596_m']
[2026-05-21T11:27:12.876+0000] {standard_task_runner.py:91} INFO - Job 71: Subtask transform
[2026-05-21T11:27:13.046+0000] {task_command.py:426} INFO - Running <TaskInstance: etl_pipeline.transform scheduled__2026-05-21T11:26:00+00:00 [running]> on host 5ba7bbe8d6ee
[2026-05-21T11:27:13.380+0000] {taskinstance.py:2648} INFO - Exporting env vars: AIRFLOW_CTX_DAG_OWNER='***' AIRFLOW_CTX_DAG_ID='etl_pipeline' AIRFLOW_CTX_TASK_ID='transform' AIRFLOW_CTX_EXECUTION_DATE='2026-05-21T11:26:00+00:00' AIRFLOW_CTX_TRY_NUMBER='1' AIRFLOW_CTX_DAG_RUN_ID='scheduled__2026-05-21T11:26:00+00:00'
[2026-05-21T11:27:13.385+0000] {taskinstance.py:430} INFO - ::endgroup::
[2026-05-21T11:27:13.422+0000] {logging_mixin.py:188} INFO - Data transformed
[2026-05-21T11:27:13.424+0000] {python.py:237} INFO - Done. Returned value was: None
[2026-05-21T11:27:13.426+0000] {taskinstance.py:441} INFO - ::group::Post task execution logs
[2026-05-21T11:27:13.452+0000] {taskinstance.py:1206} INFO - Marking task as SUCCESS. dag_id=etl_pipeline, task_id=transform, run_id=scheduled__2026-05-21T11:26:00+00:00, execution_date=20260521T112600, start_date=20260521T112712, end_date=20260521T112713
[2026-05-21T11:27:13.539+0000] {local_task_job_runner.py:243} INFO - Task exited with return code 0
[2026-05-21T11:27:13.621+0000] {taskinstance.py:3503} INFO - 1 downstream tasks scheduled from follow-on schedule check
[2026-05-21T11:27:13.627+0000] {local_task_job_runner.py:222} INFO - ::endgroup::
