[2026-05-25T06:15:20.859+0000] {processor.py:161} INFO - Started process (PID=97) to work on /opt/airflow/dags/etl_pipeline.py
[2026-05-25T06:15:20.874+0000] {processor.py:830} INFO - Processing file /opt/airflow/dags/etl_pipeline.py for tasks to queue
[2026-05-25T06:15:20.888+0000] {logging_mixin.py:188} INFO - [2026-05-25T06:15:20.887+0000] {dagbag.py:545} INFO - Filling up the DagBag from /opt/airflow/dags/etl_pipeline.py
[2026-05-25T06:15:26.527+0000] {processor.py:840} INFO - DAG(s) 'etl_pipeline' retrieved from /opt/airflow/dags/etl_pipeline.py
[2026-05-25T06:15:30.387+0000] {logging_mixin.py:188} INFO - [2026-05-25T06:15:30.386+0000] {dag.py:3089} INFO - Sync 1 DAGs
[2026-05-25T06:15:30.428+0000] {logging_mixin.py:188} INFO - [2026-05-25T06:15:30.423+0000] {dag.py:3947} INFO - Setting next_dagrun for etl_pipeline to None, run_after=None
[2026-05-25T06:15:30.554+0000] {processor.py:183} INFO - Processing /opt/airflow/dags/etl_pipeline.py took 9.735 seconds
[2026-05-25T06:16:14.843+0000] {processor.py:161} INFO - Started process (PID=161) to work on /opt/airflow/dags/etl_pipeline.py
[2026-05-25T06:16:14.870+0000] {processor.py:830} INFO - Processing file /opt/airflow/dags/etl_pipeline.py for tasks to queue
[2026-05-25T06:16:14.888+0000] {logging_mixin.py:188} INFO - [2026-05-25T06:16:14.887+0000] {dagbag.py:545} INFO - Filling up the DagBag from /opt/airflow/dags/etl_pipeline.py
[2026-05-25T06:17:03.769+0000] {logging_mixin.py:188} INFO - [2026-05-25T06:17:03.760+0000] {timeout.py:68} ERROR - Process timed out, PID: 161
[2026-05-25T06:17:03.773+0000] {logging_mixin.py:188} WARNING - Exception ignored in: <function WeakKeyDictionary.__init__.<locals>.remove at 0x7e494f8c67a0>
[2026-05-25T06:17:03.776+0000] {logging_mixin.py:188} WARNING - Traceback (most recent call last):
[2026-05-25T06:17:03.777+0000] {logging_mixin.py:188} WARNING -   File "/usr/local/lib/python3.12/weakref.py", line 369, in remove
[2026-05-25T06:17:03.779+0000] {logging_mixin.py:188} WARNING -     def remove(k, selfref=ref(self)):
[2026-05-25T06:17:03.782+0000] {logging_mixin.py:188} WARNING -   File "/home/airflow/.local/lib/python3.12/site-packages/airflow/utils/timeout.py", line 69, in handle_timeout
[2026-05-25T06:17:03.793+0000] {logging_mixin.py:188} WARNING -     raise AirflowTaskTimeout(self.error_message)
[2026-05-25T06:17:03.813+0000] {logging_mixin.py:188} WARNING - airflow.exceptions.AirflowTaskTimeout: DagBag import timeout for /opt/airflow/dags/etl_pipeline.py after 30.0s.
Please take a look at these docs to improve your DAG import time:
* https://airflow.apache.org/docs/apache-airflow/2.9.3/best-practices.html#top-level-python-code
* https://airflow.apache.org/docs/apache-airflow/2.9.3/best-practices.html#reducing-dag-complexity, PID: 161
[2026-05-25T06:17:04.329+0000] {processor.py:840} INFO - DAG(s) 'etl_pipeline' retrieved from /opt/airflow/dags/etl_pipeline.py
[2026-05-25T06:17:04.517+0000] {logging_mixin.py:188} INFO - [2026-05-25T06:17:04.515+0000] {dag.py:3089} INFO - Sync 1 DAGs
[2026-05-25T06:17:34.796+0000] {processor.py:161} INFO - Started process (PID=228) to work on /opt/airflow/dags/etl_pipeline.py
[2026-05-25T06:17:34.798+0000] {processor.py:830} INFO - Processing file /opt/airflow/dags/etl_pipeline.py for tasks to queue
[2026-05-25T06:17:34.801+0000] {logging_mixin.py:188} INFO - [2026-05-25T06:17:34.800+0000] {dagbag.py:545} INFO - Filling up the DagBag from /opt/airflow/dags/etl_pipeline.py
[2026-05-25T06:17:35.948+0000] {processor.py:840} INFO - DAG(s) 'etl_pipeline' retrieved from /opt/airflow/dags/etl_pipeline.py
[2026-05-25T06:17:36.239+0000] {logging_mixin.py:188} INFO - [2026-05-25T06:17:36.238+0000] {dag.py:3089} INFO - Sync 1 DAGs
[2026-05-25T06:17:36.267+0000] {logging_mixin.py:188} INFO - [2026-05-25T06:17:36.266+0000] {dag.py:3947} INFO - Setting next_dagrun for etl_pipeline to None, run_after=None
[2026-05-25T06:17:36.329+0000] {processor.py:183} INFO - Processing /opt/airflow/dags/etl_pipeline.py took 1.546 seconds
[2026-05-25T06:18:06.930+0000] {processor.py:161} INFO - Started process (PID=289) to work on /opt/airflow/dags/etl_pipeline.py
[2026-05-25T06:18:06.934+0000] {processor.py:830} INFO - Processing file /opt/airflow/dags/etl_pipeline.py for tasks to queue
[2026-05-25T06:18:06.936+0000] {logging_mixin.py:188} INFO - [2026-05-25T06:18:06.936+0000] {dagbag.py:545} INFO - Filling up the DagBag from /opt/airflow/dags/etl_pipeline.py
[2026-05-25T06:18:08.891+0000] {processor.py:840} INFO - DAG(s) 'etl_pipeline' retrieved from /opt/airflow/dags/etl_pipeline.py
[2026-05-25T06:18:08.984+0000] {logging_mixin.py:188} INFO - [2026-05-25T06:18:08.983+0000] {dag.py:3089} INFO - Sync 1 DAGs
[2026-05-25T06:18:09.054+0000] {logging_mixin.py:188} INFO - [2026-05-25T06:18:09.054+0000] {dag.py:3947} INFO - Setting next_dagrun for etl_pipeline to None, run_after=None
[2026-05-25T06:18:09.179+0000] {processor.py:183} INFO - Processing /opt/airflow/dags/etl_pipeline.py took 2.272 seconds
[2026-05-25T06:18:39.514+0000] {processor.py:161} INFO - Started process (PID=349) to work on /opt/airflow/dags/etl_pipeline.py
[2026-05-25T06:18:39.516+0000] {processor.py:830} INFO - Processing file /opt/airflow/dags/etl_pipeline.py for tasks to queue
[2026-05-25T06:18:39.518+0000] {logging_mixin.py:188} INFO - [2026-05-25T06:18:39.518+0000] {dagbag.py:545} INFO - Filling up the DagBag from /opt/airflow/dags/etl_pipeline.py
[2026-05-25T06:18:40.631+0000] {processor.py:840} INFO - DAG(s) 'etl_pipeline' retrieved from /opt/airflow/dags/etl_pipeline.py
[2026-05-25T06:18:40.680+0000] {logging_mixin.py:188} INFO - [2026-05-25T06:18:40.678+0000] {dag.py:3089} INFO - Sync 1 DAGs
[2026-05-25T06:18:40.707+0000] {logging_mixin.py:188} INFO - [2026-05-25T06:18:40.707+0000] {dag.py:3947} INFO - Setting next_dagrun for etl_pipeline to None, run_after=None
[2026-05-25T06:18:40.753+0000] {processor.py:183} INFO - Processing /opt/airflow/dags/etl_pipeline.py took 1.253 seconds
[2026-05-25T06:19:10.923+0000] {processor.py:161} INFO - Started process (PID=410) to work on /opt/airflow/dags/etl_pipeline.py
[2026-05-25T06:19:10.926+0000] {processor.py:830} INFO - Processing file /opt/airflow/dags/etl_pipeline.py for tasks to queue
[2026-05-25T06:19:10.929+0000] {logging_mixin.py:188} INFO - [2026-05-25T06:19:10.928+0000] {dagbag.py:545} INFO - Filling up the DagBag from /opt/airflow/dags/etl_pipeline.py
[2026-05-25T06:19:11.998+0000] {processor.py:840} INFO - DAG(s) 'etl_pipeline' retrieved from /opt/airflow/dags/etl_pipeline.py
[2026-05-25T06:19:12.045+0000] {logging_mixin.py:188} INFO - [2026-05-25T06:19:12.044+0000] {dag.py:3089} INFO - Sync 1 DAGs
[2026-05-25T06:19:12.070+0000] {logging_mixin.py:188} INFO - [2026-05-25T06:19:12.069+0000] {dag.py:3947} INFO - Setting next_dagrun for etl_pipeline to None, run_after=None
[2026-05-25T06:19:12.115+0000] {processor.py:183} INFO - Processing /opt/airflow/dags/etl_pipeline.py took 1.208 seconds
[2026-05-25T06:19:42.344+0000] {processor.py:161} INFO - Started process (PID=468) to work on /opt/airflow/dags/etl_pipeline.py
[2026-05-25T06:19:42.347+0000] {processor.py:830} INFO - Processing file /opt/airflow/dags/etl_pipeline.py for tasks to queue
[2026-05-25T06:19:42.350+0000] {logging_mixin.py:188} INFO - [2026-05-25T06:19:42.349+0000] {dagbag.py:545} INFO - Filling up the DagBag from /opt/airflow/dags/etl_pipeline.py
[2026-05-25T06:19:45.727+0000] {processor.py:840} INFO - DAG(s) 'etl_pipeline' retrieved from /opt/airflow/dags/etl_pipeline.py
[2026-05-25T06:19:45.782+0000] {logging_mixin.py:188} INFO - [2026-05-25T06:19:45.781+0000] {dag.py:3089} INFO - Sync 1 DAGs
[2026-05-25T06:19:45.816+0000] {logging_mixin.py:188} INFO - [2026-05-25T06:19:45.815+0000] {dag.py:3947} INFO - Setting next_dagrun for etl_pipeline to None, run_after=None
[2026-05-25T06:19:45.866+0000] {processor.py:183} INFO - Processing /opt/airflow/dags/etl_pipeline.py took 3.539 seconds
[2026-05-25T06:24:13.873+0000] {processor.py:161} INFO - Started process (PID=82) to work on /opt/airflow/dags/etl_pipeline.py
[2026-05-25T06:24:13.878+0000] {processor.py:830} INFO - Processing file /opt/airflow/dags/etl_pipeline.py for tasks to queue
[2026-05-25T06:24:13.884+0000] {logging_mixin.py:188} INFO - [2026-05-25T06:24:13.883+0000] {dagbag.py:545} INFO - Filling up the DagBag from /opt/airflow/dags/etl_pipeline.py
[2026-05-25T06:24:19.332+0000] {processor.py:840} INFO - DAG(s) 'etl_pipeline' retrieved from /opt/airflow/dags/etl_pipeline.py
[2026-05-25T06:24:20.256+0000] {logging_mixin.py:188} INFO - [2026-05-25T06:24:20.255+0000] {dag.py:3089} INFO - Sync 1 DAGs
[2026-05-25T06:24:20.328+0000] {logging_mixin.py:188} INFO - [2026-05-25T06:24:20.328+0000] {dag.py:3947} INFO - Setting next_dagrun for etl_pipeline to None, run_after=None
[2026-05-25T06:24:20.483+0000] {processor.py:183} INFO - Processing /opt/airflow/dags/etl_pipeline.py took 6.636 seconds
[2026-05-25T06:24:55.530+0000] {processor.py:161} INFO - Started process (PID=149) to work on /opt/airflow/dags/etl_pipeline.py
[2026-05-25T06:24:55.556+0000] {processor.py:830} INFO - Processing file /opt/airflow/dags/etl_pipeline.py for tasks to queue
[2026-05-25T06:24:55.882+0000] {logging_mixin.py:188} INFO - [2026-05-25T06:24:55.862+0000] {dagbag.py:545} INFO - Filling up the DagBag from /opt/airflow/dags/etl_pipeline.py
[2026-05-25T06:25:09.739+0000] {processor.py:840} INFO - DAG(s) 'etl_pipeline' retrieved from /opt/airflow/dags/etl_pipeline.py
[2026-05-25T06:25:09.826+0000] {logging_mixin.py:188} INFO - [2026-05-25T06:25:09.824+0000] {dag.py:3089} INFO - Sync 1 DAGs
[2026-05-25T06:25:09.935+0000] {logging_mixin.py:188} INFO - [2026-05-25T06:25:09.935+0000] {dag.py:3947} INFO - Setting next_dagrun for etl_pipeline to None, run_after=None
[2026-05-25T06:25:10.108+0000] {processor.py:183} INFO - Processing /opt/airflow/dags/etl_pipeline.py took 14.712 seconds
[2026-05-25T06:25:40.298+0000] {processor.py:161} INFO - Started process (PID=207) to work on /opt/airflow/dags/etl_pipeline.py
[2026-05-25T06:25:40.301+0000] {processor.py:830} INFO - Processing file /opt/airflow/dags/etl_pipeline.py for tasks to queue
[2026-05-25T06:25:40.309+0000] {logging_mixin.py:188} INFO - [2026-05-25T06:25:40.308+0000] {dagbag.py:545} INFO - Filling up the DagBag from /opt/airflow/dags/etl_pipeline.py
[2026-05-25T06:25:42.542+0000] {processor.py:840} INFO - DAG(s) 'etl_pipeline' retrieved from /opt/airflow/dags/etl_pipeline.py
[2026-05-25T06:25:42.618+0000] {logging_mixin.py:188} INFO - [2026-05-25T06:25:42.617+0000] {dag.py:3089} INFO - Sync 1 DAGs
[2026-05-25T06:25:42.704+0000] {logging_mixin.py:188} INFO - [2026-05-25T06:25:42.703+0000] {dag.py:3947} INFO - Setting next_dagrun for etl_pipeline to None, run_after=None
[2026-05-25T06:25:42.781+0000] {processor.py:183} INFO - Processing /opt/airflow/dags/etl_pipeline.py took 2.499 seconds
[2026-05-25T06:26:13.003+0000] {processor.py:161} INFO - Started process (PID=267) to work on /opt/airflow/dags/etl_pipeline.py
[2026-05-25T06:26:13.005+0000] {processor.py:830} INFO - Processing file /opt/airflow/dags/etl_pipeline.py for tasks to queue
[2026-05-25T06:26:13.013+0000] {logging_mixin.py:188} INFO - [2026-05-25T06:26:13.010+0000] {dagbag.py:545} INFO - Filling up the DagBag from /opt/airflow/dags/etl_pipeline.py
[2026-05-25T06:26:14.389+0000] {processor.py:840} INFO - DAG(s) 'etl_pipeline' retrieved from /opt/airflow/dags/etl_pipeline.py
[2026-05-25T06:26:14.439+0000] {logging_mixin.py:188} INFO - [2026-05-25T06:26:14.438+0000] {dag.py:3089} INFO - Sync 1 DAGs
[2026-05-25T06:26:14.467+0000] {logging_mixin.py:188} INFO - [2026-05-25T06:26:14.467+0000] {dag.py:3947} INFO - Setting next_dagrun for etl_pipeline to None, run_after=None
[2026-05-25T06:26:14.509+0000] {processor.py:183} INFO - Processing /opt/airflow/dags/etl_pipeline.py took 1.538 seconds
[2026-05-25T06:26:45.468+0000] {processor.py:161} INFO - Started process (PID=327) to work on /opt/airflow/dags/etl_pipeline.py
[2026-05-25T06:26:45.472+0000] {processor.py:830} INFO - Processing file /opt/airflow/dags/etl_pipeline.py for tasks to queue
[2026-05-25T06:26:45.486+0000] {logging_mixin.py:188} INFO - [2026-05-25T06:26:45.485+0000] {dagbag.py:545} INFO - Filling up the DagBag from /opt/airflow/dags/etl_pipeline.py
[2026-05-25T06:26:53.714+0000] {processor.py:840} INFO - DAG(s) 'etl_pipeline' retrieved from /opt/airflow/dags/etl_pipeline.py
[2026-05-25T06:26:53.769+0000] {logging_mixin.py:188} INFO - [2026-05-25T06:26:53.767+0000] {dag.py:3089} INFO - Sync 1 DAGs
[2026-05-25T06:26:53.832+0000] {logging_mixin.py:188} INFO - [2026-05-25T06:26:53.830+0000] {dag.py:3947} INFO - Setting next_dagrun for etl_pipeline to None, run_after=None
[2026-05-25T06:26:53.927+0000] {processor.py:183} INFO - Processing /opt/airflow/dags/etl_pipeline.py took 8.488 seconds
[2026-05-25T06:27:24.749+0000] {processor.py:161} INFO - Started process (PID=389) to work on /opt/airflow/dags/etl_pipeline.py
[2026-05-25T06:27:24.752+0000] {processor.py:830} INFO - Processing file /opt/airflow/dags/etl_pipeline.py for tasks to queue
[2026-05-25T06:27:24.758+0000] {logging_mixin.py:188} INFO - [2026-05-25T06:27:24.757+0000] {dagbag.py:545} INFO - Filling up the DagBag from /opt/airflow/dags/etl_pipeline.py
[2026-05-25T06:27:26.807+0000] {processor.py:840} INFO - DAG(s) 'etl_pipeline' retrieved from /opt/airflow/dags/etl_pipeline.py
[2026-05-25T06:27:26.877+0000] {logging_mixin.py:188} INFO - [2026-05-25T06:27:26.875+0000] {dag.py:3089} INFO - Sync 1 DAGs
[2026-05-25T06:27:26.901+0000] {logging_mixin.py:188} INFO - [2026-05-25T06:27:26.901+0000] {dag.py:3947} INFO - Setting next_dagrun for etl_pipeline to None, run_after=None
[2026-05-25T06:27:26.954+0000] {processor.py:183} INFO - Processing /opt/airflow/dags/etl_pipeline.py took 2.230 seconds
[2026-05-25T06:27:57.292+0000] {processor.py:161} INFO - Started process (PID=455) to work on /opt/airflow/dags/etl_pipeline.py
[2026-05-25T06:27:57.295+0000] {processor.py:830} INFO - Processing file /opt/airflow/dags/etl_pipeline.py for tasks to queue
[2026-05-25T06:27:57.300+0000] {logging_mixin.py:188} INFO - [2026-05-25T06:27:57.300+0000] {dagbag.py:545} INFO - Filling up the DagBag from /opt/airflow/dags/etl_pipeline.py
[2026-05-25T06:27:58.805+0000] {processor.py:840} INFO - DAG(s) 'etl_pipeline' retrieved from /opt/airflow/dags/etl_pipeline.py
[2026-05-25T06:27:58.974+0000] {logging_mixin.py:188} INFO - [2026-05-25T06:27:58.973+0000] {dag.py:3089} INFO - Sync 1 DAGs
[2026-05-25T06:27:59.003+0000] {logging_mixin.py:188} INFO - [2026-05-25T06:27:59.002+0000] {dag.py:3947} INFO - Setting next_dagrun for etl_pipeline to None, run_after=None
[2026-05-25T06:27:59.055+0000] {processor.py:183} INFO - Processing /opt/airflow/dags/etl_pipeline.py took 1.781 seconds
[2026-05-25T06:28:29.950+0000] {processor.py:161} INFO - Started process (PID=517) to work on /opt/airflow/dags/etl_pipeline.py
[2026-05-25T06:28:29.956+0000] {processor.py:830} INFO - Processing file /opt/airflow/dags/etl_pipeline.py for tasks to queue
[2026-05-25T06:28:29.966+0000] {logging_mixin.py:188} INFO - [2026-05-25T06:28:29.964+0000] {dagbag.py:545} INFO - Filling up the DagBag from /opt/airflow/dags/etl_pipeline.py
[2026-05-25T06:28:31.350+0000] {processor.py:840} INFO - DAG(s) 'etl_pipeline' retrieved from /opt/airflow/dags/etl_pipeline.py
[2026-05-25T06:28:31.394+0000] {logging_mixin.py:188} INFO - [2026-05-25T06:28:31.393+0000] {dag.py:3089} INFO - Sync 1 DAGs
[2026-05-25T06:28:31.429+0000] {logging_mixin.py:188} INFO - [2026-05-25T06:28:31.429+0000] {dag.py:3947} INFO - Setting next_dagrun for etl_pipeline to None, run_after=None
[2026-05-25T06:28:31.478+0000] {processor.py:183} INFO - Processing /opt/airflow/dags/etl_pipeline.py took 1.557 seconds
[2026-05-25T06:29:02.225+0000] {processor.py:161} INFO - Started process (PID=579) to work on /opt/airflow/dags/etl_pipeline.py
[2026-05-25T06:29:02.228+0000] {processor.py:830} INFO - Processing file /opt/airflow/dags/etl_pipeline.py for tasks to queue
[2026-05-25T06:29:02.234+0000] {logging_mixin.py:188} INFO - [2026-05-25T06:29:02.232+0000] {dagbag.py:545} INFO - Filling up the DagBag from /opt/airflow/dags/etl_pipeline.py
[2026-05-25T06:29:03.530+0000] {processor.py:840} INFO - DAG(s) 'etl_pipeline' retrieved from /opt/airflow/dags/etl_pipeline.py
[2026-05-25T06:29:03.596+0000] {logging_mixin.py:188} INFO - [2026-05-25T06:29:03.594+0000] {dag.py:3089} INFO - Sync 1 DAGs
[2026-05-25T06:29:03.642+0000] {logging_mixin.py:188} INFO - [2026-05-25T06:29:03.642+0000] {dag.py:3947} INFO - Setting next_dagrun for etl_pipeline to None, run_after=None
[2026-05-25T06:29:03.708+0000] {processor.py:183} INFO - Processing /opt/airflow/dags/etl_pipeline.py took 1.499 seconds
[2026-05-25T06:29:34.036+0000] {processor.py:161} INFO - Started process (PID=641) to work on /opt/airflow/dags/etl_pipeline.py
[2026-05-25T06:29:34.039+0000] {processor.py:830} INFO - Processing file /opt/airflow/dags/etl_pipeline.py for tasks to queue
[2026-05-25T06:29:34.044+0000] {logging_mixin.py:188} INFO - [2026-05-25T06:29:34.043+0000] {dagbag.py:545} INFO - Filling up the DagBag from /opt/airflow/dags/etl_pipeline.py
[2026-05-25T06:29:34.979+0000] {processor.py:840} INFO - DAG(s) 'etl_pipeline' retrieved from /opt/airflow/dags/etl_pipeline.py
[2026-05-25T06:29:35.019+0000] {logging_mixin.py:188} INFO - [2026-05-25T06:29:35.018+0000] {dag.py:3089} INFO - Sync 1 DAGs
[2026-05-25T06:29:35.049+0000] {logging_mixin.py:188} INFO - [2026-05-25T06:29:35.049+0000] {dag.py:3947} INFO - Setting next_dagrun for etl_pipeline to None, run_after=None
[2026-05-25T06:29:35.093+0000] {processor.py:183} INFO - Processing /opt/airflow/dags/etl_pipeline.py took 1.071 seconds
[2026-05-25T06:30:05.916+0000] {processor.py:161} INFO - Started process (PID=702) to work on /opt/airflow/dags/etl_pipeline.py
[2026-05-25T06:30:05.918+0000] {processor.py:830} INFO - Processing file /opt/airflow/dags/etl_pipeline.py for tasks to queue
[2026-05-25T06:30:05.926+0000] {logging_mixin.py:188} INFO - [2026-05-25T06:30:05.924+0000] {dagbag.py:545} INFO - Filling up the DagBag from /opt/airflow/dags/etl_pipeline.py
[2026-05-25T06:30:07.034+0000] {processor.py:840} INFO - DAG(s) 'etl_pipeline' retrieved from /opt/airflow/dags/etl_pipeline.py
[2026-05-25T06:30:07.077+0000] {logging_mixin.py:188} INFO - [2026-05-25T06:30:07.076+0000] {dag.py:3089} INFO - Sync 1 DAGs
[2026-05-25T06:30:07.109+0000] {logging_mixin.py:188} INFO - [2026-05-25T06:30:07.108+0000] {dag.py:3947} INFO - Setting next_dagrun for etl_pipeline to None, run_after=None
[2026-05-25T06:30:07.156+0000] {processor.py:183} INFO - Processing /opt/airflow/dags/etl_pipeline.py took 1.260 seconds
[2026-05-25T06:30:37.878+0000] {processor.py:161} INFO - Started process (PID=766) to work on /opt/airflow/dags/etl_pipeline.py
[2026-05-25T06:30:37.881+0000] {processor.py:830} INFO - Processing file /opt/airflow/dags/etl_pipeline.py for tasks to queue
[2026-05-25T06:30:37.886+0000] {logging_mixin.py:188} INFO - [2026-05-25T06:30:37.885+0000] {dagbag.py:545} INFO - Filling up the DagBag from /opt/airflow/dags/etl_pipeline.py
[2026-05-25T06:30:40.556+0000] {processor.py:840} INFO - DAG(s) 'etl_pipeline' retrieved from /opt/airflow/dags/etl_pipeline.py
[2026-05-25T06:30:40.597+0000] {logging_mixin.py:188} INFO - [2026-05-25T06:30:40.596+0000] {dag.py:3089} INFO - Sync 1 DAGs
[2026-05-25T06:30:40.626+0000] {logging_mixin.py:188} INFO - [2026-05-25T06:30:40.626+0000] {dag.py:3947} INFO - Setting next_dagrun for etl_pipeline to None, run_after=None
[2026-05-25T06:30:40.680+0000] {processor.py:183} INFO - Processing /opt/airflow/dags/etl_pipeline.py took 2.820 seconds
[2026-05-25T06:31:11.184+0000] {processor.py:161} INFO - Started process (PID=829) to work on /opt/airflow/dags/etl_pipeline.py
[2026-05-25T06:31:11.187+0000] {processor.py:830} INFO - Processing file /opt/airflow/dags/etl_pipeline.py for tasks to queue
[2026-05-25T06:31:11.192+0000] {logging_mixin.py:188} INFO - [2026-05-25T06:31:11.191+0000] {dagbag.py:545} INFO - Filling up the DagBag from /opt/airflow/dags/etl_pipeline.py
[2026-05-25T06:31:12.609+0000] {processor.py:840} INFO - DAG(s) 'etl_pipeline' retrieved from /opt/airflow/dags/etl_pipeline.py
[2026-05-25T06:31:12.650+0000] {logging_mixin.py:188} INFO - [2026-05-25T06:31:12.650+0000] {dag.py:3089} INFO - Sync 1 DAGs
[2026-05-25T06:31:12.679+0000] {logging_mixin.py:188} INFO - [2026-05-25T06:31:12.678+0000] {dag.py:3947} INFO - Setting next_dagrun for etl_pipeline to None, run_after=None
[2026-05-25T06:31:12.725+0000] {processor.py:183} INFO - Processing /opt/airflow/dags/etl_pipeline.py took 1.562 seconds
[2026-05-25T06:31:43.157+0000] {processor.py:161} INFO - Started process (PID=891) to work on /opt/airflow/dags/etl_pipeline.py
[2026-05-25T06:31:43.159+0000] {processor.py:830} INFO - Processing file /opt/airflow/dags/etl_pipeline.py for tasks to queue
[2026-05-25T06:31:43.165+0000] {logging_mixin.py:188} INFO - [2026-05-25T06:31:43.164+0000] {dagbag.py:545} INFO - Filling up the DagBag from /opt/airflow/dags/etl_pipeline.py
[2026-05-25T06:31:44.386+0000] {processor.py:840} INFO - DAG(s) 'etl_pipeline' retrieved from /opt/airflow/dags/etl_pipeline.py
[2026-05-25T06:31:44.424+0000] {logging_mixin.py:188} INFO - [2026-05-25T06:31:44.423+0000] {dag.py:3089} INFO - Sync 1 DAGs
[2026-05-25T06:31:44.449+0000] {logging_mixin.py:188} INFO - [2026-05-25T06:31:44.449+0000] {dag.py:3947} INFO - Setting next_dagrun for etl_pipeline to None, run_after=None
[2026-05-25T06:31:44.491+0000] {processor.py:183} INFO - Processing /opt/airflow/dags/etl_pipeline.py took 1.347 seconds
[2026-05-25T06:32:14.999+0000] {processor.py:161} INFO - Started process (PID=952) to work on /opt/airflow/dags/etl_pipeline.py
[2026-05-25T06:32:15.003+0000] {processor.py:830} INFO - Processing file /opt/airflow/dags/etl_pipeline.py for tasks to queue
[2026-05-25T06:32:15.010+0000] {logging_mixin.py:188} INFO - [2026-05-25T06:32:15.009+0000] {dagbag.py:545} INFO - Filling up the DagBag from /opt/airflow/dags/etl_pipeline.py
[2026-05-25T06:32:16.653+0000] {processor.py:840} INFO - DAG(s) 'etl_pipeline' retrieved from /opt/airflow/dags/etl_pipeline.py
[2026-05-25T06:32:16.777+0000] {logging_mixin.py:188} INFO - [2026-05-25T06:32:16.769+0000] {dag.py:3089} INFO - Sync 1 DAGs
[2026-05-25T06:32:16.845+0000] {logging_mixin.py:188} INFO - [2026-05-25T06:32:16.844+0000] {dag.py:3947} INFO - Setting next_dagrun for etl_pipeline to None, run_after=None
[2026-05-25T06:32:16.919+0000] {processor.py:183} INFO - Processing /opt/airflow/dags/etl_pipeline.py took 1.940 seconds
[2026-05-25T06:32:47.441+0000] {processor.py:161} INFO - Started process (PID=1015) to work on /opt/airflow/dags/etl_pipeline.py
[2026-05-25T06:32:47.443+0000] {processor.py:830} INFO - Processing file /opt/airflow/dags/etl_pipeline.py for tasks to queue
[2026-05-25T06:32:47.448+0000] {logging_mixin.py:188} INFO - [2026-05-25T06:32:47.447+0000] {dagbag.py:545} INFO - Filling up the DagBag from /opt/airflow/dags/etl_pipeline.py
[2026-05-25T06:32:49.028+0000] {processor.py:840} INFO - DAG(s) 'etl_pipeline' retrieved from /opt/airflow/dags/etl_pipeline.py
[2026-05-25T06:32:49.102+0000] {logging_mixin.py:188} INFO - [2026-05-25T06:32:49.101+0000] {dag.py:3089} INFO - Sync 1 DAGs
[2026-05-25T06:32:49.153+0000] {logging_mixin.py:188} INFO - [2026-05-25T06:32:49.153+0000] {dag.py:3947} INFO - Setting next_dagrun for etl_pipeline to None, run_after=None
[2026-05-25T06:32:49.201+0000] {processor.py:183} INFO - Processing /opt/airflow/dags/etl_pipeline.py took 1.780 seconds
[2026-05-25T06:33:19.471+0000] {processor.py:161} INFO - Started process (PID=1075) to work on /opt/airflow/dags/etl_pipeline.py
[2026-05-25T06:33:19.473+0000] {processor.py:830} INFO - Processing file /opt/airflow/dags/etl_pipeline.py for tasks to queue
[2026-05-25T06:33:19.478+0000] {logging_mixin.py:188} INFO - [2026-05-25T06:33:19.477+0000] {dagbag.py:545} INFO - Filling up the DagBag from /opt/airflow/dags/etl_pipeline.py
[2026-05-25T06:33:20.543+0000] {processor.py:840} INFO - DAG(s) 'etl_pipeline' retrieved from /opt/airflow/dags/etl_pipeline.py
[2026-05-25T06:33:20.633+0000] {logging_mixin.py:188} INFO - [2026-05-25T06:33:20.632+0000] {dag.py:3089} INFO - Sync 1 DAGs
[2026-05-25T06:33:20.672+0000] {logging_mixin.py:188} INFO - [2026-05-25T06:33:20.672+0000] {dag.py:3947} INFO - Setting next_dagrun for etl_pipeline to None, run_after=None
[2026-05-25T06:33:20.739+0000] {processor.py:183} INFO - Processing /opt/airflow/dags/etl_pipeline.py took 1.288 seconds
[2026-05-25T06:33:51.064+0000] {processor.py:161} INFO - Started process (PID=1138) to work on /opt/airflow/dags/etl_pipeline.py
[2026-05-25T06:33:51.068+0000] {processor.py:830} INFO - Processing file /opt/airflow/dags/etl_pipeline.py for tasks to queue
[2026-05-25T06:33:51.078+0000] {logging_mixin.py:188} INFO - [2026-05-25T06:33:51.077+0000] {dagbag.py:545} INFO - Filling up the DagBag from /opt/airflow/dags/etl_pipeline.py
[2026-05-25T06:33:52.976+0000] {processor.py:840} INFO - DAG(s) 'etl_pipeline' retrieved from /opt/airflow/dags/etl_pipeline.py
[2026-05-25T06:33:53.030+0000] {logging_mixin.py:188} INFO - [2026-05-25T06:33:53.030+0000] {dag.py:3089} INFO - Sync 1 DAGs
[2026-05-25T06:33:53.055+0000] {logging_mixin.py:188} INFO - [2026-05-25T06:33:53.054+0000] {dag.py:3947} INFO - Setting next_dagrun for etl_pipeline to None, run_after=None
[2026-05-25T06:33:53.095+0000] {processor.py:183} INFO - Processing /opt/airflow/dags/etl_pipeline.py took 2.060 seconds
[2026-05-25T06:34:23.555+0000] {processor.py:161} INFO - Started process (PID=1199) to work on /opt/airflow/dags/etl_pipeline.py
[2026-05-25T06:34:23.558+0000] {processor.py:830} INFO - Processing file /opt/airflow/dags/etl_pipeline.py for tasks to queue
[2026-05-25T06:34:23.564+0000] {logging_mixin.py:188} INFO - [2026-05-25T06:34:23.563+0000] {dagbag.py:545} INFO - Filling up the DagBag from /opt/airflow/dags/etl_pipeline.py
[2026-05-25T06:34:25.023+0000] {processor.py:840} INFO - DAG(s) 'etl_pipeline' retrieved from /opt/airflow/dags/etl_pipeline.py
[2026-05-25T06:34:25.080+0000] {logging_mixin.py:188} INFO - [2026-05-25T06:34:25.079+0000] {dag.py:3089} INFO - Sync 1 DAGs
[2026-05-25T06:34:25.115+0000] {logging_mixin.py:188} INFO - [2026-05-25T06:34:25.114+0000] {dag.py:3947} INFO - Setting next_dagrun for etl_pipeline to None, run_after=None
[2026-05-25T06:34:25.170+0000] {processor.py:183} INFO - Processing /opt/airflow/dags/etl_pipeline.py took 1.634 seconds
[2026-05-25T06:34:55.695+0000] {processor.py:161} INFO - Started process (PID=1261) to work on /opt/airflow/dags/etl_pipeline.py
[2026-05-25T06:34:55.700+0000] {processor.py:830} INFO - Processing file /opt/airflow/dags/etl_pipeline.py for tasks to queue
[2026-05-25T06:34:55.717+0000] {logging_mixin.py:188} INFO - [2026-05-25T06:34:55.709+0000] {dagbag.py:545} INFO - Filling up the DagBag from /opt/airflow/dags/etl_pipeline.py
[2026-05-25T06:34:57.009+0000] {processor.py:840} INFO - DAG(s) 'etl_pipeline' retrieved from /opt/airflow/dags/etl_pipeline.py
[2026-05-25T06:34:57.046+0000] {logging_mixin.py:188} INFO - [2026-05-25T06:34:57.045+0000] {dag.py:3089} INFO - Sync 1 DAGs
[2026-05-25T06:34:57.075+0000] {logging_mixin.py:188} INFO - [2026-05-25T06:34:57.074+0000] {dag.py:3947} INFO - Setting next_dagrun for etl_pipeline to None, run_after=None
[2026-05-25T06:34:57.123+0000] {processor.py:183} INFO - Processing /opt/airflow/dags/etl_pipeline.py took 1.461 seconds
[2026-05-25T06:35:27.644+0000] {processor.py:161} INFO - Started process (PID=1324) to work on /opt/airflow/dags/etl_pipeline.py
[2026-05-25T06:35:27.646+0000] {processor.py:830} INFO - Processing file /opt/airflow/dags/etl_pipeline.py for tasks to queue
[2026-05-25T06:35:27.655+0000] {logging_mixin.py:188} INFO - [2026-05-25T06:35:27.655+0000] {dagbag.py:545} INFO - Filling up the DagBag from /opt/airflow/dags/etl_pipeline.py
[2026-05-25T06:35:28.958+0000] {processor.py:840} INFO - DAG(s) 'etl_pipeline' retrieved from /opt/airflow/dags/etl_pipeline.py
[2026-05-25T06:35:29.023+0000] {logging_mixin.py:188} INFO - [2026-05-25T06:35:29.022+0000] {dag.py:3089} INFO - Sync 1 DAGs
[2026-05-25T06:35:29.065+0000] {logging_mixin.py:188} INFO - [2026-05-25T06:35:29.065+0000] {dag.py:3947} INFO - Setting next_dagrun for etl_pipeline to None, run_after=None
[2026-05-25T06:35:29.135+0000] {processor.py:183} INFO - Processing /opt/airflow/dags/etl_pipeline.py took 1.505 seconds
[2026-05-25T06:35:59.384+0000] {processor.py:161} INFO - Started process (PID=1392) to work on /opt/airflow/dags/etl_pipeline.py
[2026-05-25T06:35:59.386+0000] {processor.py:830} INFO - Processing file /opt/airflow/dags/etl_pipeline.py for tasks to queue
[2026-05-25T06:35:59.392+0000] {logging_mixin.py:188} INFO - [2026-05-25T06:35:59.391+0000] {dagbag.py:545} INFO - Filling up the DagBag from /opt/airflow/dags/etl_pipeline.py
[2026-05-25T06:36:00.649+0000] {processor.py:840} INFO - DAG(s) 'etl_pipeline' retrieved from /opt/airflow/dags/etl_pipeline.py
[2026-05-25T06:36:00.718+0000] {logging_mixin.py:188} INFO - [2026-05-25T06:36:00.716+0000] {dag.py:3089} INFO - Sync 1 DAGs
[2026-05-25T06:36:00.751+0000] {logging_mixin.py:188} INFO - [2026-05-25T06:36:00.750+0000] {dag.py:3947} INFO - Setting next_dagrun for etl_pipeline to None, run_after=None
[2026-05-25T06:36:00.795+0000] {processor.py:183} INFO - Processing /opt/airflow/dags/etl_pipeline.py took 1.424 seconds
[2026-05-25T06:36:30.949+0000] {processor.py:161} INFO - Started process (PID=1455) to work on /opt/airflow/dags/etl_pipeline.py
[2026-05-25T06:36:30.953+0000] {processor.py:830} INFO - Processing file /opt/airflow/dags/etl_pipeline.py for tasks to queue
[2026-05-25T06:36:30.959+0000] {logging_mixin.py:188} INFO - [2026-05-25T06:36:30.958+0000] {dagbag.py:545} INFO - Filling up the DagBag from /opt/airflow/dags/etl_pipeline.py
[2026-05-25T06:36:32.609+0000] {processor.py:840} INFO - DAG(s) 'etl_pipeline' retrieved from /opt/airflow/dags/etl_pipeline.py
[2026-05-25T06:36:32.655+0000] {logging_mixin.py:188} INFO - [2026-05-25T06:36:32.654+0000] {dag.py:3089} INFO - Sync 1 DAGs
[2026-05-25T06:36:32.682+0000] {logging_mixin.py:188} INFO - [2026-05-25T06:36:32.681+0000] {dag.py:3947} INFO - Setting next_dagrun for etl_pipeline to None, run_after=None
[2026-05-25T06:36:32.721+0000] {processor.py:183} INFO - Processing /opt/airflow/dags/etl_pipeline.py took 1.793 seconds
[2026-05-25T06:37:03.337+0000] {processor.py:161} INFO - Started process (PID=1518) to work on /opt/airflow/dags/etl_pipeline.py
[2026-05-25T06:37:03.341+0000] {processor.py:830} INFO - Processing file /opt/airflow/dags/etl_pipeline.py for tasks to queue
[2026-05-25T06:37:03.347+0000] {logging_mixin.py:188} INFO - [2026-05-25T06:37:03.346+0000] {dagbag.py:545} INFO - Filling up the DagBag from /opt/airflow/dags/etl_pipeline.py
[2026-05-25T06:37:04.760+0000] {processor.py:840} INFO - DAG(s) 'etl_pipeline' retrieved from /opt/airflow/dags/etl_pipeline.py
[2026-05-25T06:37:04.837+0000] {logging_mixin.py:188} INFO - [2026-05-25T06:37:04.835+0000] {dag.py:3089} INFO - Sync 1 DAGs
[2026-05-25T06:37:04.910+0000] {logging_mixin.py:188} INFO - [2026-05-25T06:37:04.909+0000] {dag.py:3947} INFO - Setting next_dagrun for etl_pipeline to None, run_after=None
[2026-05-25T06:37:05.006+0000] {processor.py:183} INFO - Processing /opt/airflow/dags/etl_pipeline.py took 1.688 seconds
[2026-05-25T06:37:35.446+0000] {processor.py:161} INFO - Started process (PID=1580) to work on /opt/airflow/dags/etl_pipeline.py
[2026-05-25T06:37:35.449+0000] {processor.py:830} INFO - Processing file /opt/airflow/dags/etl_pipeline.py for tasks to queue
[2026-05-25T06:37:35.461+0000] {logging_mixin.py:188} INFO - [2026-05-25T06:37:35.459+0000] {dagbag.py:545} INFO - Filling up the DagBag from /opt/airflow/dags/etl_pipeline.py
[2026-05-25T06:37:36.851+0000] {processor.py:840} INFO - DAG(s) 'etl_pipeline' retrieved from /opt/airflow/dags/etl_pipeline.py
[2026-05-25T06:37:36.889+0000] {logging_mixin.py:188} INFO - [2026-05-25T06:37:36.888+0000] {dag.py:3089} INFO - Sync 1 DAGs
[2026-05-25T06:37:36.916+0000] {logging_mixin.py:188} INFO - [2026-05-25T06:37:36.915+0000] {dag.py:3947} INFO - Setting next_dagrun for etl_pipeline to None, run_after=None
[2026-05-25T06:37:36.964+0000] {processor.py:183} INFO - Processing /opt/airflow/dags/etl_pipeline.py took 1.545 seconds
[2026-05-25T06:38:07.195+0000] {processor.py:161} INFO - Started process (PID=1643) to work on /opt/airflow/dags/etl_pipeline.py
[2026-05-25T06:38:07.198+0000] {processor.py:830} INFO - Processing file /opt/airflow/dags/etl_pipeline.py for tasks to queue
[2026-05-25T06:38:07.206+0000] {logging_mixin.py:188} INFO - [2026-05-25T06:38:07.205+0000] {dagbag.py:545} INFO - Filling up the DagBag from /opt/airflow/dags/etl_pipeline.py
[2026-05-25T06:38:08.692+0000] {processor.py:840} INFO - DAG(s) 'etl_pipeline' retrieved from /opt/airflow/dags/etl_pipeline.py
[2026-05-25T06:38:08.749+0000] {logging_mixin.py:188} INFO - [2026-05-25T06:38:08.748+0000] {dag.py:3089} INFO - Sync 1 DAGs
[2026-05-25T06:38:08.784+0000] {logging_mixin.py:188} INFO - [2026-05-25T06:38:08.784+0000] {dag.py:3947} INFO - Setting next_dagrun for etl_pipeline to None, run_after=None
[2026-05-25T06:38:08.838+0000] {processor.py:183} INFO - Processing /opt/airflow/dags/etl_pipeline.py took 1.660 seconds
[2026-05-25T06:41:35.442+0000] {processor.py:161} INFO - Started process (PID=82) to work on /opt/airflow/dags/etl_pipeline.py
[2026-05-25T06:41:35.447+0000] {processor.py:830} INFO - Processing file /opt/airflow/dags/etl_pipeline.py for tasks to queue
[2026-05-25T06:41:35.455+0000] {logging_mixin.py:188} INFO - [2026-05-25T06:41:35.453+0000] {dagbag.py:545} INFO - Filling up the DagBag from /opt/airflow/dags/etl_pipeline.py
[2026-05-25T06:41:41.805+0000] {processor.py:840} INFO - DAG(s) 'etl_pipeline' retrieved from /opt/airflow/dags/etl_pipeline.py
[2026-05-25T06:41:42.798+0000] {logging_mixin.py:188} INFO - [2026-05-25T06:41:42.791+0000] {dag.py:3089} INFO - Sync 1 DAGs
[2026-05-25T06:41:43.026+0000] {logging_mixin.py:188} INFO - [2026-05-25T06:41:43.026+0000] {dag.py:3947} INFO - Setting next_dagrun for etl_pipeline to None, run_after=None
[2026-05-25T06:41:43.328+0000] {processor.py:183} INFO - Processing /opt/airflow/dags/etl_pipeline.py took 7.913 seconds
[2026-05-25T06:42:17.996+0000] {processor.py:161} INFO - Started process (PID=146) to work on /opt/airflow/dags/etl_pipeline.py
[2026-05-25T06:42:17.999+0000] {processor.py:830} INFO - Processing file /opt/airflow/dags/etl_pipeline.py for tasks to queue
[2026-05-25T06:42:18.006+0000] {logging_mixin.py:188} INFO - [2026-05-25T06:42:18.005+0000] {dagbag.py:545} INFO - Filling up the DagBag from /opt/airflow/dags/etl_pipeline.py
[2026-05-25T06:42:24.171+0000] {processor.py:840} INFO - DAG(s) 'etl_pipeline' retrieved from /opt/airflow/dags/etl_pipeline.py
[2026-05-25T06:42:24.232+0000] {logging_mixin.py:188} INFO - [2026-05-25T06:42:24.231+0000] {dag.py:3089} INFO - Sync 1 DAGs
[2026-05-25T06:42:24.269+0000] {logging_mixin.py:188} INFO - [2026-05-25T06:42:24.268+0000] {dag.py:3947} INFO - Setting next_dagrun for etl_pipeline to None, run_after=None
[2026-05-25T06:42:24.321+0000] {processor.py:183} INFO - Processing /opt/airflow/dags/etl_pipeline.py took 6.353 seconds
[2026-05-25T06:42:55.310+0000] {processor.py:161} INFO - Started process (PID=205) to work on /opt/airflow/dags/etl_pipeline.py
[2026-05-25T06:42:55.317+0000] {processor.py:830} INFO - Processing file /opt/airflow/dags/etl_pipeline.py for tasks to queue
[2026-05-25T06:42:55.331+0000] {logging_mixin.py:188} INFO - [2026-05-25T06:42:55.329+0000] {dagbag.py:545} INFO - Filling up the DagBag from /opt/airflow/dags/etl_pipeline.py
[2026-05-25T06:43:01.995+0000] {processor.py:840} INFO - DAG(s) 'etl_pipeline' retrieved from /opt/airflow/dags/etl_pipeline.py
[2026-05-25T06:43:02.104+0000] {logging_mixin.py:188} INFO - [2026-05-25T06:43:02.102+0000] {dag.py:3089} INFO - Sync 1 DAGs
[2026-05-25T06:43:02.161+0000] {logging_mixin.py:188} INFO - [2026-05-25T06:43:02.160+0000] {dag.py:3947} INFO - Setting next_dagrun for etl_pipeline to None, run_after=None
[2026-05-25T06:43:02.310+0000] {processor.py:183} INFO - Processing /opt/airflow/dags/etl_pipeline.py took 7.046 seconds
[2026-05-25T06:43:32.982+0000] {processor.py:161} INFO - Started process (PID=267) to work on /opt/airflow/dags/etl_pipeline.py
[2026-05-25T06:43:32.985+0000] {processor.py:830} INFO - Processing file /opt/airflow/dags/etl_pipeline.py for tasks to queue
[2026-05-25T06:43:32.989+0000] {logging_mixin.py:188} INFO - [2026-05-25T06:43:32.988+0000] {dagbag.py:545} INFO - Filling up the DagBag from /opt/airflow/dags/etl_pipeline.py
[2026-05-25T06:43:34.145+0000] {processor.py:840} INFO - DAG(s) 'etl_pipeline' retrieved from /opt/airflow/dags/etl_pipeline.py
[2026-05-25T06:43:34.216+0000] {logging_mixin.py:188} INFO - [2026-05-25T06:43:34.215+0000] {dag.py:3089} INFO - Sync 1 DAGs
[2026-05-25T06:43:34.263+0000] {logging_mixin.py:188} INFO - [2026-05-25T06:43:34.257+0000] {dag.py:3947} INFO - Setting next_dagrun for etl_pipeline to None, run_after=None
[2026-05-25T06:43:34.327+0000] {processor.py:183} INFO - Processing /opt/airflow/dags/etl_pipeline.py took 1.359 seconds
[2026-05-25T06:44:05.104+0000] {processor.py:161} INFO - Started process (PID=327) to work on /opt/airflow/dags/etl_pipeline.py
[2026-05-25T06:44:05.106+0000] {processor.py:830} INFO - Processing file /opt/airflow/dags/etl_pipeline.py for tasks to queue
[2026-05-25T06:44:05.112+0000] {logging_mixin.py:188} INFO - [2026-05-25T06:44:05.110+0000] {dagbag.py:545} INFO - Filling up the DagBag from /opt/airflow/dags/etl_pipeline.py
[2026-05-25T06:44:06.263+0000] {processor.py:840} INFO - DAG(s) 'etl_pipeline' retrieved from /opt/airflow/dags/etl_pipeline.py
[2026-05-25T06:44:06.314+0000] {logging_mixin.py:188} INFO - [2026-05-25T06:44:06.314+0000] {dag.py:3089} INFO - Sync 1 DAGs
[2026-05-25T06:44:06.335+0000] {logging_mixin.py:188} INFO - [2026-05-25T06:44:06.334+0000] {dag.py:3947} INFO - Setting next_dagrun for etl_pipeline to None, run_after=None
[2026-05-25T06:44:06.376+0000] {processor.py:183} INFO - Processing /opt/airflow/dags/etl_pipeline.py took 1.289 seconds
[2026-05-25T06:44:36.613+0000] {processor.py:161} INFO - Started process (PID=390) to work on /opt/airflow/dags/etl_pipeline.py
[2026-05-25T06:44:36.614+0000] {processor.py:830} INFO - Processing file /opt/airflow/dags/etl_pipeline.py for tasks to queue
[2026-05-25T06:44:36.619+0000] {logging_mixin.py:188} INFO - [2026-05-25T06:44:36.618+0000] {dagbag.py:545} INFO - Filling up the DagBag from /opt/airflow/dags/etl_pipeline.py
[2026-05-25T06:44:37.683+0000] {processor.py:840} INFO - DAG(s) 'etl_pipeline' retrieved from /opt/airflow/dags/etl_pipeline.py
[2026-05-25T06:44:37.720+0000] {logging_mixin.py:188} INFO - [2026-05-25T06:44:37.719+0000] {dag.py:3089} INFO - Sync 1 DAGs
[2026-05-25T06:44:37.742+0000] {logging_mixin.py:188} INFO - [2026-05-25T06:44:37.742+0000] {dag.py:3947} INFO - Setting next_dagrun for etl_pipeline to None, run_after=None
[2026-05-25T06:44:37.780+0000] {processor.py:183} INFO - Processing /opt/airflow/dags/etl_pipeline.py took 1.181 seconds
[2026-05-25T06:45:08.428+0000] {processor.py:161} INFO - Started process (PID=450) to work on /opt/airflow/dags/etl_pipeline.py
[2026-05-25T06:45:08.432+0000] {processor.py:830} INFO - Processing file /opt/airflow/dags/etl_pipeline.py for tasks to queue
[2026-05-25T06:45:08.439+0000] {logging_mixin.py:188} INFO - [2026-05-25T06:45:08.438+0000] {dagbag.py:545} INFO - Filling up the DagBag from /opt/airflow/dags/etl_pipeline.py
[2026-05-25T06:45:09.909+0000] {processor.py:840} INFO - DAG(s) 'etl_pipeline' retrieved from /opt/airflow/dags/etl_pipeline.py
[2026-05-25T06:45:09.957+0000] {logging_mixin.py:188} INFO - [2026-05-25T06:45:09.956+0000] {dag.py:3089} INFO - Sync 1 DAGs
[2026-05-25T06:45:09.996+0000] {logging_mixin.py:188} INFO - [2026-05-25T06:45:09.995+0000] {dag.py:3947} INFO - Setting next_dagrun for etl_pipeline to None, run_after=None
[2026-05-25T06:45:10.040+0000] {processor.py:183} INFO - Processing /opt/airflow/dags/etl_pipeline.py took 1.638 seconds
[2026-05-25T06:45:40.471+0000] {processor.py:161} INFO - Started process (PID=512) to work on /opt/airflow/dags/etl_pipeline.py
[2026-05-25T06:45:40.473+0000] {processor.py:830} INFO - Processing file /opt/airflow/dags/etl_pipeline.py for tasks to queue
[2026-05-25T06:45:40.479+0000] {logging_mixin.py:188} INFO - [2026-05-25T06:45:40.478+0000] {dagbag.py:545} INFO - Filling up the DagBag from /opt/airflow/dags/etl_pipeline.py
[2026-05-25T06:45:41.859+0000] {processor.py:840} INFO - DAG(s) 'etl_pipeline' retrieved from /opt/airflow/dags/etl_pipeline.py
[2026-05-25T06:45:41.906+0000] {logging_mixin.py:188} INFO - [2026-05-25T06:45:41.905+0000] {dag.py:3089} INFO - Sync 1 DAGs
[2026-05-25T06:45:41.938+0000] {logging_mixin.py:188} INFO - [2026-05-25T06:45:41.937+0000] {dag.py:3947} INFO - Setting next_dagrun for etl_pipeline to None, run_after=None
[2026-05-25T06:45:41.987+0000] {processor.py:183} INFO - Processing /opt/airflow/dags/etl_pipeline.py took 1.531 seconds
[2026-05-25T06:46:12.451+0000] {processor.py:161} INFO - Started process (PID=574) to work on /opt/airflow/dags/etl_pipeline.py
[2026-05-25T06:46:12.454+0000] {processor.py:830} INFO - Processing file /opt/airflow/dags/etl_pipeline.py for tasks to queue
[2026-05-25T06:46:12.463+0000] {logging_mixin.py:188} INFO - [2026-05-25T06:46:12.461+0000] {dagbag.py:545} INFO - Filling up the DagBag from /opt/airflow/dags/etl_pipeline.py
[2026-05-25T06:46:13.734+0000] {processor.py:840} INFO - DAG(s) 'etl_pipeline' retrieved from /opt/airflow/dags/etl_pipeline.py
[2026-05-25T06:46:13.770+0000] {logging_mixin.py:188} INFO - [2026-05-25T06:46:13.770+0000] {dag.py:3089} INFO - Sync 1 DAGs
[2026-05-25T06:46:13.795+0000] {logging_mixin.py:188} INFO - [2026-05-25T06:46:13.795+0000] {dag.py:3947} INFO - Setting next_dagrun for etl_pipeline to None, run_after=None
[2026-05-25T06:46:13.839+0000] {processor.py:183} INFO - Processing /opt/airflow/dags/etl_pipeline.py took 1.406 seconds
[2026-05-25T06:46:44.230+0000] {processor.py:161} INFO - Started process (PID=636) to work on /opt/airflow/dags/etl_pipeline.py
[2026-05-25T06:46:44.233+0000] {processor.py:830} INFO - Processing file /opt/airflow/dags/etl_pipeline.py for tasks to queue
[2026-05-25T06:46:44.238+0000] {logging_mixin.py:188} INFO - [2026-05-25T06:46:44.237+0000] {dagbag.py:545} INFO - Filling up the DagBag from /opt/airflow/dags/etl_pipeline.py
[2026-05-25T06:46:45.289+0000] {processor.py:840} INFO - DAG(s) 'etl_pipeline' retrieved from /opt/airflow/dags/etl_pipeline.py
[2026-05-25T06:46:45.335+0000] {logging_mixin.py:188} INFO - [2026-05-25T06:46:45.334+0000] {dag.py:3089} INFO - Sync 1 DAGs
[2026-05-25T06:46:45.368+0000] {logging_mixin.py:188} INFO - [2026-05-25T06:46:45.367+0000] {dag.py:3947} INFO - Setting next_dagrun for etl_pipeline to None, run_after=None
[2026-05-25T06:46:45.405+0000] {processor.py:183} INFO - Processing /opt/airflow/dags/etl_pipeline.py took 1.189 seconds
[2026-05-25T06:47:19.785+0000] {processor.py:161} INFO - Started process (PID=698) to work on /opt/airflow/dags/etl_pipeline.py
[2026-05-25T06:47:19.793+0000] {processor.py:830} INFO - Processing file /opt/airflow/dags/etl_pipeline.py for tasks to queue
[2026-05-25T06:47:19.877+0000] {logging_mixin.py:188} INFO - [2026-05-25T06:47:19.817+0000] {dagbag.py:545} INFO - Filling up the DagBag from /opt/airflow/dags/etl_pipeline.py
[2026-05-25T06:47:32.058+0000] {processor.py:840} INFO - DAG(s) 'etl_pipeline' retrieved from /opt/airflow/dags/etl_pipeline.py
[2026-05-25T06:47:32.124+0000] {logging_mixin.py:188} INFO - [2026-05-25T06:47:32.123+0000] {dag.py:3089} INFO - Sync 1 DAGs
[2026-05-25T06:47:32.167+0000] {logging_mixin.py:188} INFO - [2026-05-25T06:47:32.166+0000] {dag.py:3947} INFO - Setting next_dagrun for etl_pipeline to None, run_after=None
[2026-05-25T06:47:32.220+0000] {processor.py:183} INFO - Processing /opt/airflow/dags/etl_pipeline.py took 12.533 seconds
[2026-05-25T06:48:02.469+0000] {processor.py:161} INFO - Started process (PID=767) to work on /opt/airflow/dags/etl_pipeline.py
[2026-05-25T06:48:02.473+0000] {processor.py:830} INFO - Processing file /opt/airflow/dags/etl_pipeline.py for tasks to queue
[2026-05-25T06:48:02.478+0000] {logging_mixin.py:188} INFO - [2026-05-25T06:48:02.477+0000] {dagbag.py:545} INFO - Filling up the DagBag from /opt/airflow/dags/etl_pipeline.py
[2026-05-25T06:48:04.048+0000] {processor.py:840} INFO - DAG(s) 'etl_pipeline' retrieved from /opt/airflow/dags/etl_pipeline.py
[2026-05-25T06:48:04.110+0000] {logging_mixin.py:188} INFO - [2026-05-25T06:48:04.108+0000] {dag.py:3089} INFO - Sync 1 DAGs
[2026-05-25T06:48:04.159+0000] {logging_mixin.py:188} INFO - [2026-05-25T06:48:04.158+0000] {dag.py:3947} INFO - Setting next_dagrun for etl_pipeline to None, run_after=None
[2026-05-25T06:48:04.235+0000] {processor.py:183} INFO - Processing /opt/airflow/dags/etl_pipeline.py took 1.783 seconds
[2026-05-25T06:48:34.494+0000] {processor.py:161} INFO - Started process (PID=830) to work on /opt/airflow/dags/etl_pipeline.py
[2026-05-25T06:48:34.497+0000] {processor.py:830} INFO - Processing file /opt/airflow/dags/etl_pipeline.py for tasks to queue
[2026-05-25T06:48:34.508+0000] {logging_mixin.py:188} INFO - [2026-05-25T06:48:34.507+0000] {dagbag.py:545} INFO - Filling up the DagBag from /opt/airflow/dags/etl_pipeline.py
[2026-05-25T06:48:36.425+0000] {processor.py:840} INFO - DAG(s) 'etl_pipeline' retrieved from /opt/airflow/dags/etl_pipeline.py
[2026-05-25T06:48:36.459+0000] {logging_mixin.py:188} INFO - [2026-05-25T06:48:36.458+0000] {dag.py:3089} INFO - Sync 1 DAGs
[2026-05-25T06:48:36.485+0000] {logging_mixin.py:188} INFO - [2026-05-25T06:48:36.483+0000] {dag.py:3947} INFO - Setting next_dagrun for etl_pipeline to None, run_after=None
[2026-05-25T06:48:36.525+0000] {processor.py:183} INFO - Processing /opt/airflow/dags/etl_pipeline.py took 2.053 seconds
[2026-05-25T06:49:07.431+0000] {processor.py:161} INFO - Started process (PID=893) to work on /opt/airflow/dags/etl_pipeline.py
[2026-05-25T06:49:07.434+0000] {processor.py:830} INFO - Processing file /opt/airflow/dags/etl_pipeline.py for tasks to queue
[2026-05-25T06:49:07.437+0000] {logging_mixin.py:188} INFO - [2026-05-25T06:49:07.437+0000] {dagbag.py:545} INFO - Filling up the DagBag from /opt/airflow/dags/etl_pipeline.py
[2026-05-25T06:49:10.897+0000] {processor.py:840} INFO - DAG(s) 'etl_pipeline' retrieved from /opt/airflow/dags/etl_pipeline.py
[2026-05-25T06:49:10.970+0000] {logging_mixin.py:188} INFO - [2026-05-25T06:49:10.969+0000] {dag.py:3089} INFO - Sync 1 DAGs
[2026-05-25T06:49:11.004+0000] {logging_mixin.py:188} INFO - [2026-05-25T06:49:11.004+0000] {dag.py:3947} INFO - Setting next_dagrun for etl_pipeline to None, run_after=None
[2026-05-25T06:49:11.053+0000] {processor.py:183} INFO - Processing /opt/airflow/dags/etl_pipeline.py took 3.633 seconds
[2026-05-25T06:49:41.364+0000] {processor.py:161} INFO - Started process (PID=955) to work on /opt/airflow/dags/etl_pipeline.py
[2026-05-25T06:49:41.368+0000] {processor.py:830} INFO - Processing file /opt/airflow/dags/etl_pipeline.py for tasks to queue
[2026-05-25T06:49:41.388+0000] {logging_mixin.py:188} INFO - [2026-05-25T06:49:41.387+0000] {dagbag.py:545} INFO - Filling up the DagBag from /opt/airflow/dags/etl_pipeline.py
[2026-05-25T06:49:43.925+0000] {processor.py:840} INFO - DAG(s) 'etl_pipeline' retrieved from /opt/airflow/dags/etl_pipeline.py
[2026-05-25T06:49:43.977+0000] {logging_mixin.py:188} INFO - [2026-05-25T06:49:43.976+0000] {dag.py:3089} INFO - Sync 1 DAGs
[2026-05-25T06:49:44.013+0000] {logging_mixin.py:188} INFO - [2026-05-25T06:49:44.013+0000] {dag.py:3947} INFO - Setting next_dagrun for etl_pipeline to None, run_after=None
[2026-05-25T06:49:44.078+0000] {processor.py:183} INFO - Processing /opt/airflow/dags/etl_pipeline.py took 2.751 seconds
[2026-05-25T06:50:14.591+0000] {processor.py:161} INFO - Started process (PID=1018) to work on /opt/airflow/dags/etl_pipeline.py
[2026-05-25T06:50:14.595+0000] {processor.py:830} INFO - Processing file /opt/airflow/dags/etl_pipeline.py for tasks to queue
[2026-05-25T06:50:14.609+0000] {logging_mixin.py:188} INFO - [2026-05-25T06:50:14.606+0000] {dagbag.py:545} INFO - Filling up the DagBag from /opt/airflow/dags/etl_pipeline.py
[2026-05-25T06:50:17.064+0000] {processor.py:840} INFO - DAG(s) 'etl_pipeline' retrieved from /opt/airflow/dags/etl_pipeline.py
[2026-05-25T06:50:17.163+0000] {logging_mixin.py:188} INFO - [2026-05-25T06:50:17.160+0000] {dag.py:3089} INFO - Sync 1 DAGs
[2026-05-25T06:50:17.234+0000] {logging_mixin.py:188} INFO - [2026-05-25T06:50:17.233+0000] {dag.py:3947} INFO - Setting next_dagrun for etl_pipeline to None, run_after=None
[2026-05-25T06:50:17.348+0000] {processor.py:183} INFO - Processing /opt/airflow/dags/etl_pipeline.py took 2.797 seconds
[2026-05-25T06:50:47.656+0000] {processor.py:161} INFO - Started process (PID=1083) to work on /opt/airflow/dags/etl_pipeline.py
[2026-05-25T06:50:47.659+0000] {processor.py:830} INFO - Processing file /opt/airflow/dags/etl_pipeline.py for tasks to queue
[2026-05-25T06:50:47.664+0000] {logging_mixin.py:188} INFO - [2026-05-25T06:50:47.663+0000] {dagbag.py:545} INFO - Filling up the DagBag from /opt/airflow/dags/etl_pipeline.py
[2026-05-25T06:50:48.898+0000] {processor.py:840} INFO - DAG(s) 'etl_pipeline' retrieved from /opt/airflow/dags/etl_pipeline.py
[2026-05-25T06:50:48.946+0000] {logging_mixin.py:188} INFO - [2026-05-25T06:50:48.945+0000] {dag.py:3089} INFO - Sync 1 DAGs
[2026-05-25T06:50:48.984+0000] {logging_mixin.py:188} INFO - [2026-05-25T06:50:48.983+0000] {dag.py:3947} INFO - Setting next_dagrun for etl_pipeline to None, run_after=None
[2026-05-25T06:50:49.049+0000] {processor.py:183} INFO - Processing /opt/airflow/dags/etl_pipeline.py took 1.408 seconds
[2026-05-25T06:51:19.435+0000] {processor.py:161} INFO - Started process (PID=1143) to work on /opt/airflow/dags/etl_pipeline.py
[2026-05-25T06:51:19.440+0000] {processor.py:830} INFO - Processing file /opt/airflow/dags/etl_pipeline.py for tasks to queue
[2026-05-25T06:51:19.451+0000] {logging_mixin.py:188} INFO - [2026-05-25T06:51:19.450+0000] {dagbag.py:545} INFO - Filling up the DagBag from /opt/airflow/dags/etl_pipeline.py
[2026-05-25T06:51:20.564+0000] {processor.py:840} INFO - DAG(s) 'etl_pipeline' retrieved from /opt/airflow/dags/etl_pipeline.py
[2026-05-25T06:51:20.604+0000] {logging_mixin.py:188} INFO - [2026-05-25T06:51:20.603+0000] {dag.py:3089} INFO - Sync 1 DAGs
[2026-05-25T06:51:20.627+0000] {logging_mixin.py:188} INFO - [2026-05-25T06:51:20.627+0000] {dag.py:3947} INFO - Setting next_dagrun for etl_pipeline to None, run_after=None
[2026-05-25T06:51:20.665+0000] {processor.py:183} INFO - Processing /opt/airflow/dags/etl_pipeline.py took 1.250 seconds
[2026-05-25T06:51:50.865+0000] {processor.py:161} INFO - Started process (PID=1206) to work on /opt/airflow/dags/etl_pipeline.py
[2026-05-25T06:51:50.867+0000] {processor.py:830} INFO - Processing file /opt/airflow/dags/etl_pipeline.py for tasks to queue
[2026-05-25T06:51:50.873+0000] {logging_mixin.py:188} INFO - [2026-05-25T06:51:50.872+0000] {dagbag.py:545} INFO - Filling up the DagBag from /opt/airflow/dags/etl_pipeline.py
[2026-05-25T06:51:54.661+0000] {processor.py:840} INFO - DAG(s) 'etl_pipeline' retrieved from /opt/airflow/dags/etl_pipeline.py
[2026-05-25T06:51:54.761+0000] {logging_mixin.py:188} INFO - [2026-05-25T06:51:54.760+0000] {dag.py:3089} INFO - Sync 1 DAGs
[2026-05-25T06:51:54.800+0000] {logging_mixin.py:188} INFO - [2026-05-25T06:51:54.800+0000] {dag.py:3947} INFO - Setting next_dagrun for etl_pipeline to None, run_after=None
[2026-05-25T06:51:54.882+0000] {processor.py:183} INFO - Processing /opt/airflow/dags/etl_pipeline.py took 4.029 seconds
[2026-05-25T06:52:25.503+0000] {processor.py:161} INFO - Started process (PID=1276) to work on /opt/airflow/dags/etl_pipeline.py
[2026-05-25T06:52:25.507+0000] {processor.py:830} INFO - Processing file /opt/airflow/dags/etl_pipeline.py for tasks to queue
[2026-05-25T06:52:25.532+0000] {logging_mixin.py:188} INFO - [2026-05-25T06:52:25.531+0000] {dagbag.py:545} INFO - Filling up the DagBag from /opt/airflow/dags/etl_pipeline.py
[2026-05-25T06:52:29.944+0000] {processor.py:840} INFO - DAG(s) 'etl_pipeline' retrieved from /opt/airflow/dags/etl_pipeline.py
[2026-05-25T06:52:30.077+0000] {logging_mixin.py:188} INFO - [2026-05-25T06:52:30.074+0000] {dag.py:3089} INFO - Sync 1 DAGs
[2026-05-25T06:52:30.145+0000] {logging_mixin.py:188} INFO - [2026-05-25T06:52:30.144+0000] {dag.py:3947} INFO - Setting next_dagrun for etl_pipeline to None, run_after=None
[2026-05-25T06:52:30.265+0000] {processor.py:183} INFO - Processing /opt/airflow/dags/etl_pipeline.py took 4.801 seconds
[2026-05-25T06:53:00.537+0000] {processor.py:161} INFO - Started process (PID=1340) to work on /opt/airflow/dags/etl_pipeline.py
[2026-05-25T06:53:00.547+0000] {processor.py:830} INFO - Processing file /opt/airflow/dags/etl_pipeline.py for tasks to queue
[2026-05-25T06:53:00.554+0000] {logging_mixin.py:188} INFO - [2026-05-25T06:53:00.553+0000] {dagbag.py:545} INFO - Filling up the DagBag from /opt/airflow/dags/etl_pipeline.py
[2026-05-25T06:53:03.593+0000] {processor.py:840} INFO - DAG(s) 'etl_pipeline' retrieved from /opt/airflow/dags/etl_pipeline.py
[2026-05-25T06:53:03.833+0000] {logging_mixin.py:188} INFO - [2026-05-25T06:53:03.829+0000] {dag.py:3089} INFO - Sync 1 DAGs
[2026-05-25T06:53:03.990+0000] {logging_mixin.py:188} INFO - [2026-05-25T06:53:03.989+0000] {dag.py:3947} INFO - Setting next_dagrun for etl_pipeline to None, run_after=None
[2026-05-25T06:53:04.213+0000] {processor.py:183} INFO - Processing /opt/airflow/dags/etl_pipeline.py took 3.716 seconds
[2026-05-25T06:53:34.595+0000] {processor.py:161} INFO - Started process (PID=1403) to work on /opt/airflow/dags/etl_pipeline.py
[2026-05-25T06:53:34.597+0000] {processor.py:830} INFO - Processing file /opt/airflow/dags/etl_pipeline.py for tasks to queue
[2026-05-25T06:53:34.602+0000] {logging_mixin.py:188} INFO - [2026-05-25T06:53:34.601+0000] {dagbag.py:545} INFO - Filling up the DagBag from /opt/airflow/dags/etl_pipeline.py
[2026-05-25T06:53:36.190+0000] {processor.py:840} INFO - DAG(s) 'etl_pipeline' retrieved from /opt/airflow/dags/etl_pipeline.py
[2026-05-25T06:53:36.250+0000] {logging_mixin.py:188} INFO - [2026-05-25T06:53:36.249+0000] {dag.py:3089} INFO - Sync 1 DAGs
[2026-05-25T06:53:36.287+0000] {logging_mixin.py:188} INFO - [2026-05-25T06:53:36.287+0000] {dag.py:3947} INFO - Setting next_dagrun for etl_pipeline to None, run_after=None
[2026-05-25T06:53:36.332+0000] {processor.py:183} INFO - Processing /opt/airflow/dags/etl_pipeline.py took 1.751 seconds
[2026-05-25T06:54:06.747+0000] {processor.py:161} INFO - Started process (PID=1463) to work on /opt/airflow/dags/etl_pipeline.py
[2026-05-25T06:54:06.751+0000] {processor.py:830} INFO - Processing file /opt/airflow/dags/etl_pipeline.py for tasks to queue
[2026-05-25T06:54:06.758+0000] {logging_mixin.py:188} INFO - [2026-05-25T06:54:06.756+0000] {dagbag.py:545} INFO - Filling up the DagBag from /opt/airflow/dags/etl_pipeline.py
[2026-05-25T06:54:08.962+0000] {processor.py:840} INFO - DAG(s) 'etl_pipeline' retrieved from /opt/airflow/dags/etl_pipeline.py
[2026-05-25T06:54:09.035+0000] {logging_mixin.py:188} INFO - [2026-05-25T06:54:09.034+0000] {dag.py:3089} INFO - Sync 1 DAGs
[2026-05-25T06:54:09.079+0000] {logging_mixin.py:188} INFO - [2026-05-25T06:54:09.078+0000] {dag.py:3947} INFO - Setting next_dagrun for etl_pipeline to None, run_after=None
[2026-05-25T06:54:09.144+0000] {processor.py:183} INFO - Processing /opt/airflow/dags/etl_pipeline.py took 2.423 seconds
[2026-05-25T06:54:39.785+0000] {processor.py:161} INFO - Started process (PID=1525) to work on /opt/airflow/dags/etl_pipeline.py
[2026-05-25T06:54:39.789+0000] {processor.py:830} INFO - Processing file /opt/airflow/dags/etl_pipeline.py for tasks to queue
[2026-05-25T06:54:39.796+0000] {logging_mixin.py:188} INFO - [2026-05-25T06:54:39.795+0000] {dagbag.py:545} INFO - Filling up the DagBag from /opt/airflow/dags/etl_pipeline.py
[2026-05-25T06:54:41.289+0000] {processor.py:840} INFO - DAG(s) 'etl_pipeline' retrieved from /opt/airflow/dags/etl_pipeline.py
[2026-05-25T06:54:41.362+0000] {logging_mixin.py:188} INFO - [2026-05-25T06:54:41.361+0000] {dag.py:3089} INFO - Sync 1 DAGs
[2026-05-25T06:54:41.391+0000] {logging_mixin.py:188} INFO - [2026-05-25T06:54:41.391+0000] {dag.py:3947} INFO - Setting next_dagrun for etl_pipeline to None, run_after=None
[2026-05-25T06:54:41.449+0000] {processor.py:183} INFO - Processing /opt/airflow/dags/etl_pipeline.py took 1.702 seconds
[2026-05-25T06:55:12.386+0000] {processor.py:161} INFO - Started process (PID=1588) to work on /opt/airflow/dags/etl_pipeline.py
[2026-05-25T06:55:12.392+0000] {processor.py:830} INFO - Processing file /opt/airflow/dags/etl_pipeline.py for tasks to queue
[2026-05-25T06:55:12.410+0000] {logging_mixin.py:188} INFO - [2026-05-25T06:55:12.409+0000] {dagbag.py:545} INFO - Filling up the DagBag from /opt/airflow/dags/etl_pipeline.py
[2026-05-25T06:55:15.337+0000] {processor.py:840} INFO - DAG(s) 'etl_pipeline' retrieved from /opt/airflow/dags/etl_pipeline.py
[2026-05-25T06:55:15.406+0000] {logging_mixin.py:188} INFO - [2026-05-25T06:55:15.404+0000] {dag.py:3089} INFO - Sync 1 DAGs
[2026-05-25T06:55:15.465+0000] {logging_mixin.py:188} INFO - [2026-05-25T06:55:15.464+0000] {dag.py:3947} INFO - Setting next_dagrun for etl_pipeline to None, run_after=None
[2026-05-25T06:55:15.549+0000] {processor.py:183} INFO - Processing /opt/airflow/dags/etl_pipeline.py took 3.200 seconds
[2026-05-25T06:55:46.399+0000] {processor.py:161} INFO - Started process (PID=1651) to work on /opt/airflow/dags/etl_pipeline.py
[2026-05-25T06:55:46.403+0000] {processor.py:830} INFO - Processing file /opt/airflow/dags/etl_pipeline.py for tasks to queue
[2026-05-25T06:55:46.408+0000] {logging_mixin.py:188} INFO - [2026-05-25T06:55:46.407+0000] {dagbag.py:545} INFO - Filling up the DagBag from /opt/airflow/dags/etl_pipeline.py
[2026-05-25T06:55:48.132+0000] {processor.py:840} INFO - DAG(s) 'etl_pipeline' retrieved from /opt/airflow/dags/etl_pipeline.py
[2026-05-25T06:55:48.240+0000] {logging_mixin.py:188} INFO - [2026-05-25T06:55:48.239+0000] {dag.py:3089} INFO - Sync 1 DAGs
[2026-05-25T06:55:48.278+0000] {logging_mixin.py:188} INFO - [2026-05-25T06:55:48.277+0000] {dag.py:3947} INFO - Setting next_dagrun for etl_pipeline to None, run_after=None
[2026-05-25T06:55:48.331+0000] {processor.py:183} INFO - Processing /opt/airflow/dags/etl_pipeline.py took 1.951 seconds
[2026-05-25T06:56:18.771+0000] {processor.py:161} INFO - Started process (PID=1714) to work on /opt/airflow/dags/etl_pipeline.py
[2026-05-25T06:56:18.774+0000] {processor.py:830} INFO - Processing file /opt/airflow/dags/etl_pipeline.py for tasks to queue
[2026-05-25T06:56:18.779+0000] {logging_mixin.py:188} INFO - [2026-05-25T06:56:18.778+0000] {dagbag.py:545} INFO - Filling up the DagBag from /opt/airflow/dags/etl_pipeline.py
[2026-05-25T06:56:20.191+0000] {processor.py:840} INFO - DAG(s) 'etl_pipeline' retrieved from /opt/airflow/dags/etl_pipeline.py
[2026-05-25T06:56:20.253+0000] {logging_mixin.py:188} INFO - [2026-05-25T06:56:20.250+0000] {dag.py:3089} INFO - Sync 1 DAGs
[2026-05-25T06:56:20.306+0000] {logging_mixin.py:188} INFO - [2026-05-25T06:56:20.305+0000] {dag.py:3947} INFO - Setting next_dagrun for etl_pipeline to None, run_after=None
[2026-05-25T06:56:20.404+0000] {processor.py:183} INFO - Processing /opt/airflow/dags/etl_pipeline.py took 1.648 seconds
[2026-05-25T06:56:50.792+0000] {processor.py:161} INFO - Started process (PID=1775) to work on /opt/airflow/dags/etl_pipeline.py
[2026-05-25T06:56:50.795+0000] {processor.py:830} INFO - Processing file /opt/airflow/dags/etl_pipeline.py for tasks to queue
[2026-05-25T06:56:50.800+0000] {logging_mixin.py:188} INFO - [2026-05-25T06:56:50.799+0000] {dagbag.py:545} INFO - Filling up the DagBag from /opt/airflow/dags/etl_pipeline.py
[2026-05-25T06:56:52.026+0000] {processor.py:840} INFO - DAG(s) 'etl_pipeline' retrieved from /opt/airflow/dags/etl_pipeline.py
[2026-05-25T06:56:52.101+0000] {logging_mixin.py:188} INFO - [2026-05-25T06:56:52.098+0000] {dag.py:3089} INFO - Sync 1 DAGs
[2026-05-25T06:56:52.172+0000] {logging_mixin.py:188} INFO - [2026-05-25T06:56:52.171+0000] {dag.py:3947} INFO - Setting next_dagrun for etl_pipeline to None, run_after=None
[2026-05-25T06:56:52.271+0000] {processor.py:183} INFO - Processing /opt/airflow/dags/etl_pipeline.py took 1.494 seconds
[2026-05-25T06:57:22.579+0000] {processor.py:161} INFO - Started process (PID=1837) to work on /opt/airflow/dags/etl_pipeline.py
[2026-05-25T06:57:22.581+0000] {processor.py:830} INFO - Processing file /opt/airflow/dags/etl_pipeline.py for tasks to queue
[2026-05-25T06:57:22.586+0000] {logging_mixin.py:188} INFO - [2026-05-25T06:57:22.585+0000] {dagbag.py:545} INFO - Filling up the DagBag from /opt/airflow/dags/etl_pipeline.py
[2026-05-25T06:57:23.579+0000] {processor.py:840} INFO - DAG(s) 'etl_pipeline' retrieved from /opt/airflow/dags/etl_pipeline.py
[2026-05-25T06:57:23.621+0000] {logging_mixin.py:188} INFO - [2026-05-25T06:57:23.620+0000] {dag.py:3089} INFO - Sync 1 DAGs
[2026-05-25T06:57:23.647+0000] {logging_mixin.py:188} INFO - [2026-05-25T06:57:23.646+0000] {dag.py:3947} INFO - Setting next_dagrun for etl_pipeline to None, run_after=None
[2026-05-25T06:57:23.690+0000] {processor.py:183} INFO - Processing /opt/airflow/dags/etl_pipeline.py took 1.123 seconds
[2026-05-25T06:57:54.001+0000] {processor.py:161} INFO - Started process (PID=1897) to work on /opt/airflow/dags/etl_pipeline.py
[2026-05-25T06:57:54.004+0000] {processor.py:830} INFO - Processing file /opt/airflow/dags/etl_pipeline.py for tasks to queue
[2026-05-25T06:57:54.010+0000] {logging_mixin.py:188} INFO - [2026-05-25T06:57:54.008+0000] {dagbag.py:545} INFO - Filling up the DagBag from /opt/airflow/dags/etl_pipeline.py
[2026-05-25T06:57:55.017+0000] {processor.py:840} INFO - DAG(s) 'etl_pipeline' retrieved from /opt/airflow/dags/etl_pipeline.py
[2026-05-25T06:57:55.063+0000] {logging_mixin.py:188} INFO - [2026-05-25T06:57:55.062+0000] {dag.py:3089} INFO - Sync 1 DAGs
[2026-05-25T06:57:55.101+0000] {logging_mixin.py:188} INFO - [2026-05-25T06:57:55.101+0000] {dag.py:3947} INFO - Setting next_dagrun for etl_pipeline to None, run_after=None
[2026-05-25T06:57:55.177+0000] {processor.py:183} INFO - Processing /opt/airflow/dags/etl_pipeline.py took 1.191 seconds
[2026-05-25T06:58:25.389+0000] {processor.py:161} INFO - Started process (PID=1957) to work on /opt/airflow/dags/etl_pipeline.py
[2026-05-25T06:58:25.392+0000] {processor.py:830} INFO - Processing file /opt/airflow/dags/etl_pipeline.py for tasks to queue
[2026-05-25T06:58:25.396+0000] {logging_mixin.py:188} INFO - [2026-05-25T06:58:25.396+0000] {dagbag.py:545} INFO - Filling up the DagBag from /opt/airflow/dags/etl_pipeline.py
[2026-05-25T06:58:26.497+0000] {processor.py:840} INFO - DAG(s) 'etl_pipeline' retrieved from /opt/airflow/dags/etl_pipeline.py
[2026-05-25T06:58:26.561+0000] {logging_mixin.py:188} INFO - [2026-05-25T06:58:26.560+0000] {dag.py:3089} INFO - Sync 1 DAGs
[2026-05-25T06:58:26.600+0000] {logging_mixin.py:188} INFO - [2026-05-25T06:58:26.600+0000] {dag.py:3947} INFO - Setting next_dagrun for etl_pipeline to None, run_after=None
[2026-05-25T06:58:26.646+0000] {processor.py:183} INFO - Processing /opt/airflow/dags/etl_pipeline.py took 1.271 seconds
[2026-05-25T06:58:56.994+0000] {processor.py:161} INFO - Started process (PID=2019) to work on /opt/airflow/dags/etl_pipeline.py
[2026-05-25T06:58:56.996+0000] {processor.py:830} INFO - Processing file /opt/airflow/dags/etl_pipeline.py for tasks to queue
[2026-05-25T06:58:57.003+0000] {logging_mixin.py:188} INFO - [2026-05-25T06:58:57.003+0000] {dagbag.py:545} INFO - Filling up the DagBag from /opt/airflow/dags/etl_pipeline.py
[2026-05-25T06:58:57.743+0000] {processor.py:840} INFO - DAG(s) 'etl_pipeline' retrieved from /opt/airflow/dags/etl_pipeline.py
[2026-05-25T06:58:57.784+0000] {logging_mixin.py:188} INFO - [2026-05-25T06:58:57.783+0000] {dag.py:3089} INFO - Sync 1 DAGs
[2026-05-25T06:58:57.810+0000] {logging_mixin.py:188} INFO - [2026-05-25T06:58:57.810+0000] {dag.py:3947} INFO - Setting next_dagrun for etl_pipeline to None, run_after=None
[2026-05-25T06:58:57.860+0000] {processor.py:183} INFO - Processing /opt/airflow/dags/etl_pipeline.py took 0.880 seconds
[2026-05-25T06:59:28.366+0000] {processor.py:161} INFO - Started process (PID=2085) to work on /opt/airflow/dags/etl_pipeline.py
[2026-05-25T06:59:28.369+0000] {processor.py:830} INFO - Processing file /opt/airflow/dags/etl_pipeline.py for tasks to queue
[2026-05-25T06:59:28.373+0000] {logging_mixin.py:188} INFO - [2026-05-25T06:59:28.373+0000] {dagbag.py:545} INFO - Filling up the DagBag from /opt/airflow/dags/etl_pipeline.py
[2026-05-25T06:59:29.109+0000] {processor.py:840} INFO - DAG(s) 'etl_pipeline' retrieved from /opt/airflow/dags/etl_pipeline.py
[2026-05-25T06:59:29.157+0000] {logging_mixin.py:188} INFO - [2026-05-25T06:59:29.156+0000] {dag.py:3089} INFO - Sync 1 DAGs
[2026-05-25T06:59:29.181+0000] {logging_mixin.py:188} INFO - [2026-05-25T06:59:29.181+0000] {dag.py:3947} INFO - Setting next_dagrun for etl_pipeline to None, run_after=None
[2026-05-25T06:59:29.222+0000] {processor.py:183} INFO - Processing /opt/airflow/dags/etl_pipeline.py took 0.872 seconds
[2026-05-25T07:00:00.126+0000] {processor.py:161} INFO - Started process (PID=2145) to work on /opt/airflow/dags/etl_pipeline.py
[2026-05-25T07:00:00.131+0000] {processor.py:830} INFO - Processing file /opt/airflow/dags/etl_pipeline.py for tasks to queue
[2026-05-25T07:00:00.142+0000] {logging_mixin.py:188} INFO - [2026-05-25T07:00:00.140+0000] {dagbag.py:545} INFO - Filling up the DagBag from /opt/airflow/dags/etl_pipeline.py
[2026-05-25T07:00:02.532+0000] {processor.py:840} INFO - DAG(s) 'etl_pipeline' retrieved from /opt/airflow/dags/etl_pipeline.py
[2026-05-25T07:00:02.607+0000] {logging_mixin.py:188} INFO - [2026-05-25T07:00:02.606+0000] {dag.py:3089} INFO - Sync 1 DAGs
[2026-05-25T07:00:02.647+0000] {logging_mixin.py:188} INFO - [2026-05-25T07:00:02.646+0000] {dag.py:3947} INFO - Setting next_dagrun for etl_pipeline to None, run_after=None
[2026-05-25T07:00:02.726+0000] {processor.py:183} INFO - Processing /opt/airflow/dags/etl_pipeline.py took 2.649 seconds
[2026-05-25T07:00:33.086+0000] {processor.py:161} INFO - Started process (PID=2208) to work on /opt/airflow/dags/etl_pipeline.py
[2026-05-25T07:00:33.090+0000] {processor.py:830} INFO - Processing file /opt/airflow/dags/etl_pipeline.py for tasks to queue
[2026-05-25T07:00:33.101+0000] {logging_mixin.py:188} INFO - [2026-05-25T07:00:33.099+0000] {dagbag.py:545} INFO - Filling up the DagBag from /opt/airflow/dags/etl_pipeline.py
[2026-05-25T07:00:34.687+0000] {processor.py:840} INFO - DAG(s) 'etl_pipeline' retrieved from /opt/airflow/dags/etl_pipeline.py
[2026-05-25T07:00:34.741+0000] {logging_mixin.py:188} INFO - [2026-05-25T07:00:34.739+0000] {dag.py:3089} INFO - Sync 1 DAGs
[2026-05-25T07:00:34.786+0000] {logging_mixin.py:188} INFO - [2026-05-25T07:00:34.785+0000] {dag.py:3947} INFO - Setting next_dagrun for etl_pipeline to None, run_after=None
[2026-05-25T07:00:34.849+0000] {processor.py:183} INFO - Processing /opt/airflow/dags/etl_pipeline.py took 1.795 seconds
[2026-05-25T07:04:55.914+0000] {processor.py:161} INFO - Started process (PID=85) to work on /opt/airflow/dags/etl_pipeline.py
[2026-05-25T07:04:55.917+0000] {processor.py:830} INFO - Processing file /opt/airflow/dags/etl_pipeline.py for tasks to queue
[2026-05-25T07:04:55.923+0000] {logging_mixin.py:188} INFO - [2026-05-25T07:04:55.922+0000] {dagbag.py:545} INFO - Filling up the DagBag from /opt/airflow/dags/etl_pipeline.py
[2026-05-25T07:05:01.431+0000] {processor.py:840} INFO - DAG(s) 'etl_pipeline' retrieved from /opt/airflow/dags/etl_pipeline.py
[2026-05-25T07:05:03.020+0000] {logging_mixin.py:188} INFO - [2026-05-25T07:05:03.018+0000] {override.py:1858} INFO - Created Permission View: can read on DAG:etl_pipeline
[2026-05-25T07:05:03.245+0000] {logging_mixin.py:188} INFO - [2026-05-25T07:05:03.244+0000] {override.py:1858} INFO - Created Permission View: can delete on DAG:etl_pipeline
[2026-05-25T07:05:03.435+0000] {logging_mixin.py:188} INFO - [2026-05-25T07:05:03.434+0000] {override.py:1858} INFO - Created Permission View: can edit on DAG:etl_pipeline
[2026-05-25T07:05:03.496+0000] {logging_mixin.py:188} INFO - [2026-05-25T07:05:03.477+0000] {dag.py:3089} INFO - Sync 1 DAGs
[2026-05-25T07:05:03.702+0000] {logging_mixin.py:188} INFO - [2026-05-25T07:05:03.665+0000] {dag.py:3111} INFO - Creating ORM DAG for etl_pipeline
[2026-05-25T07:05:03.717+0000] {logging_mixin.py:188} INFO - [2026-05-25T07:05:03.716+0000] {dag.py:3947} INFO - Setting next_dagrun for etl_pipeline to None, run_after=None
[2026-05-25T07:05:04.030+0000] {processor.py:183} INFO - Processing /opt/airflow/dags/etl_pipeline.py took 8.144 seconds
[2026-05-25T07:05:40.249+0000] {processor.py:161} INFO - Started process (PID=151) to work on /opt/airflow/dags/etl_pipeline.py
[2026-05-25T07:05:40.252+0000] {processor.py:830} INFO - Processing file /opt/airflow/dags/etl_pipeline.py for tasks to queue
[2026-05-25T07:05:40.259+0000] {logging_mixin.py:188} INFO - [2026-05-25T07:05:40.258+0000] {dagbag.py:545} INFO - Filling up the DagBag from /opt/airflow/dags/etl_pipeline.py
[2026-05-25T07:05:45.852+0000] {processor.py:840} INFO - DAG(s) 'etl_pipeline' retrieved from /opt/airflow/dags/etl_pipeline.py
[2026-05-25T07:05:45.939+0000] {logging_mixin.py:188} INFO - [2026-05-25T07:05:45.938+0000] {dag.py:3089} INFO - Sync 1 DAGs
[2026-05-25T07:05:45.977+0000] {logging_mixin.py:188} INFO - [2026-05-25T07:05:45.976+0000] {dag.py:3947} INFO - Setting next_dagrun for etl_pipeline to None, run_after=None
[2026-05-25T07:05:46.031+0000] {processor.py:183} INFO - Processing /opt/airflow/dags/etl_pipeline.py took 5.803 seconds
[2026-05-25T07:06:16.760+0000] {processor.py:161} INFO - Started process (PID=209) to work on /opt/airflow/dags/etl_pipeline.py
[2026-05-25T07:06:16.765+0000] {processor.py:830} INFO - Processing file /opt/airflow/dags/etl_pipeline.py for tasks to queue
[2026-05-25T07:06:16.775+0000] {logging_mixin.py:188} INFO - [2026-05-25T07:06:16.774+0000] {dagbag.py:545} INFO - Filling up the DagBag from /opt/airflow/dags/etl_pipeline.py
[2026-05-25T07:06:18.902+0000] {processor.py:840} INFO - DAG(s) 'etl_pipeline' retrieved from /opt/airflow/dags/etl_pipeline.py
[2026-05-25T07:06:19.007+0000] {logging_mixin.py:188} INFO - [2026-05-25T07:06:19.005+0000] {dag.py:3089} INFO - Sync 1 DAGs
[2026-05-25T07:06:19.058+0000] {logging_mixin.py:188} INFO - [2026-05-25T07:06:19.057+0000] {dag.py:3947} INFO - Setting next_dagrun for etl_pipeline to None, run_after=None
[2026-05-25T07:06:19.147+0000] {processor.py:183} INFO - Processing /opt/airflow/dags/etl_pipeline.py took 2.413 seconds
[2026-05-25T07:06:49.645+0000] {processor.py:161} INFO - Started process (PID=269) to work on /opt/airflow/dags/etl_pipeline.py
[2026-05-25T07:06:49.651+0000] {processor.py:830} INFO - Processing file /opt/airflow/dags/etl_pipeline.py for tasks to queue
[2026-05-25T07:06:49.660+0000] {logging_mixin.py:188} INFO - [2026-05-25T07:06:49.658+0000] {dagbag.py:545} INFO - Filling up the DagBag from /opt/airflow/dags/etl_pipeline.py
[2026-05-25T07:06:51.277+0000] {processor.py:840} INFO - DAG(s) 'etl_pipeline' retrieved from /opt/airflow/dags/etl_pipeline.py
[2026-05-25T07:06:51.379+0000] {logging_mixin.py:188} INFO - [2026-05-25T07:06:51.377+0000] {dag.py:3089} INFO - Sync 1 DAGs
[2026-05-25T07:06:51.408+0000] {logging_mixin.py:188} INFO - [2026-05-25T07:06:51.408+0000] {dag.py:3947} INFO - Setting next_dagrun for etl_pipeline to None, run_after=None
[2026-05-25T07:06:51.449+0000] {processor.py:183} INFO - Processing /opt/airflow/dags/etl_pipeline.py took 1.827 seconds
[2026-05-25T07:07:22.488+0000] {processor.py:161} INFO - Started process (PID=329) to work on /opt/airflow/dags/etl_pipeline.py
[2026-05-25T07:07:22.512+0000] {processor.py:830} INFO - Processing file /opt/airflow/dags/etl_pipeline.py for tasks to queue
[2026-05-25T07:07:22.529+0000] {logging_mixin.py:188} INFO - [2026-05-25T07:07:22.528+0000] {dagbag.py:545} INFO - Filling up the DagBag from /opt/airflow/dags/etl_pipeline.py
[2026-05-25T07:07:24.377+0000] {processor.py:840} INFO - DAG(s) 'etl_pipeline' retrieved from /opt/airflow/dags/etl_pipeline.py
[2026-05-25T07:07:24.414+0000] {logging_mixin.py:188} INFO - [2026-05-25T07:07:24.414+0000] {dag.py:3089} INFO - Sync 1 DAGs
[2026-05-25T07:07:24.436+0000] {logging_mixin.py:188} INFO - [2026-05-25T07:07:24.436+0000] {dag.py:3947} INFO - Setting next_dagrun for etl_pipeline to None, run_after=None
[2026-05-25T07:07:24.508+0000] {processor.py:183} INFO - Processing /opt/airflow/dags/etl_pipeline.py took 2.115 seconds
[2026-05-25T07:07:55.291+0000] {processor.py:161} INFO - Started process (PID=392) to work on /opt/airflow/dags/etl_pipeline.py
[2026-05-25T07:07:55.293+0000] {processor.py:830} INFO - Processing file /opt/airflow/dags/etl_pipeline.py for tasks to queue
[2026-05-25T07:07:55.300+0000] {logging_mixin.py:188} INFO - [2026-05-25T07:07:55.299+0000] {dagbag.py:545} INFO - Filling up the DagBag from /opt/airflow/dags/etl_pipeline.py
[2026-05-25T07:07:57.324+0000] {processor.py:840} INFO - DAG(s) 'etl_pipeline' retrieved from /opt/airflow/dags/etl_pipeline.py
[2026-05-25T07:07:57.457+0000] {logging_mixin.py:188} INFO - [2026-05-25T07:07:57.456+0000] {dag.py:3089} INFO - Sync 1 DAGs
[2026-05-25T07:07:57.528+0000] {logging_mixin.py:188} INFO - [2026-05-25T07:07:57.528+0000] {dag.py:3947} INFO - Setting next_dagrun for etl_pipeline to None, run_after=None
[2026-05-25T07:07:57.684+0000] {processor.py:183} INFO - Processing /opt/airflow/dags/etl_pipeline.py took 2.412 seconds
[2026-05-25T07:08:28.162+0000] {processor.py:161} INFO - Started process (PID=452) to work on /opt/airflow/dags/etl_pipeline.py
[2026-05-25T07:08:28.165+0000] {processor.py:830} INFO - Processing file /opt/airflow/dags/etl_pipeline.py for tasks to queue
[2026-05-25T07:08:28.169+0000] {logging_mixin.py:188} INFO - [2026-05-25T07:08:28.168+0000] {dagbag.py:545} INFO - Filling up the DagBag from /opt/airflow/dags/etl_pipeline.py
[2026-05-25T07:08:29.201+0000] {processor.py:840} INFO - DAG(s) 'etl_pipeline' retrieved from /opt/airflow/dags/etl_pipeline.py
[2026-05-25T07:08:29.242+0000] {logging_mixin.py:188} INFO - [2026-05-25T07:08:29.241+0000] {dag.py:3089} INFO - Sync 1 DAGs
[2026-05-25T07:08:29.265+0000] {logging_mixin.py:188} INFO - [2026-05-25T07:08:29.265+0000] {dag.py:3947} INFO - Setting next_dagrun for etl_pipeline to None, run_after=None
[2026-05-25T07:08:29.312+0000] {processor.py:183} INFO - Processing /opt/airflow/dags/etl_pipeline.py took 1.165 seconds
[2026-05-25T07:08:59.724+0000] {processor.py:161} INFO - Started process (PID=514) to work on /opt/airflow/dags/etl_pipeline.py
[2026-05-25T07:08:59.727+0000] {processor.py:830} INFO - Processing file /opt/airflow/dags/etl_pipeline.py for tasks to queue
[2026-05-25T07:08:59.732+0000] {logging_mixin.py:188} INFO - [2026-05-25T07:08:59.731+0000] {dagbag.py:545} INFO - Filling up the DagBag from /opt/airflow/dags/etl_pipeline.py
[2026-05-25T07:09:00.866+0000] {processor.py:840} INFO - DAG(s) 'etl_pipeline' retrieved from /opt/airflow/dags/etl_pipeline.py
[2026-05-25T07:09:00.905+0000] {logging_mixin.py:188} INFO - [2026-05-25T07:09:00.904+0000] {dag.py:3089} INFO - Sync 1 DAGs
[2026-05-25T07:09:00.934+0000] {logging_mixin.py:188} INFO - [2026-05-25T07:09:00.934+0000] {dag.py:3947} INFO - Setting next_dagrun for etl_pipeline to None, run_after=None
[2026-05-25T07:09:00.982+0000] {processor.py:183} INFO - Processing /opt/airflow/dags/etl_pipeline.py took 1.275 seconds
[2026-05-25T07:09:31.459+0000] {processor.py:161} INFO - Started process (PID=576) to work on /opt/airflow/dags/etl_pipeline.py
[2026-05-25T07:09:31.462+0000] {processor.py:830} INFO - Processing file /opt/airflow/dags/etl_pipeline.py for tasks to queue
[2026-05-25T07:09:31.467+0000] {logging_mixin.py:188} INFO - [2026-05-25T07:09:31.467+0000] {dagbag.py:545} INFO - Filling up the DagBag from /opt/airflow/dags/etl_pipeline.py
[2026-05-25T07:09:32.659+0000] {processor.py:840} INFO - DAG(s) 'etl_pipeline' retrieved from /opt/airflow/dags/etl_pipeline.py
[2026-05-25T07:09:32.695+0000] {logging_mixin.py:188} INFO - [2026-05-25T07:09:32.694+0000] {dag.py:3089} INFO - Sync 1 DAGs
[2026-05-25T07:09:32.727+0000] {logging_mixin.py:188} INFO - [2026-05-25T07:09:32.727+0000] {dag.py:3947} INFO - Setting next_dagrun for etl_pipeline to None, run_after=None
[2026-05-25T07:09:32.772+0000] {processor.py:183} INFO - Processing /opt/airflow/dags/etl_pipeline.py took 1.330 seconds
[2026-05-25T07:10:03.642+0000] {processor.py:161} INFO - Started process (PID=638) to work on /opt/airflow/dags/etl_pipeline.py
[2026-05-25T07:10:03.645+0000] {processor.py:830} INFO - Processing file /opt/airflow/dags/etl_pipeline.py for tasks to queue
[2026-05-25T07:10:03.649+0000] {logging_mixin.py:188} INFO - [2026-05-25T07:10:03.648+0000] {dagbag.py:545} INFO - Filling up the DagBag from /opt/airflow/dags/etl_pipeline.py
[2026-05-25T07:10:04.863+0000] {processor.py:840} INFO - DAG(s) 'etl_pipeline' retrieved from /opt/airflow/dags/etl_pipeline.py
[2026-05-25T07:10:04.910+0000] {logging_mixin.py:188} INFO - [2026-05-25T07:10:04.909+0000] {dag.py:3089} INFO - Sync 1 DAGs
[2026-05-25T07:10:04.933+0000] {logging_mixin.py:188} INFO - [2026-05-25T07:10:04.932+0000] {dag.py:3947} INFO - Setting next_dagrun for etl_pipeline to None, run_after=None
[2026-05-25T07:10:04.975+0000] {processor.py:183} INFO - Processing /opt/airflow/dags/etl_pipeline.py took 1.352 seconds
[2026-05-25T07:10:35.126+0000] {processor.py:161} INFO - Started process (PID=700) to work on /opt/airflow/dags/etl_pipeline.py
[2026-05-25T07:10:35.129+0000] {processor.py:830} INFO - Processing file /opt/airflow/dags/etl_pipeline.py for tasks to queue
[2026-05-25T07:10:35.134+0000] {logging_mixin.py:188} INFO - [2026-05-25T07:10:35.134+0000] {dagbag.py:545} INFO - Filling up the DagBag from /opt/airflow/dags/etl_pipeline.py
[2026-05-25T07:10:36.484+0000] {processor.py:840} INFO - DAG(s) 'etl_pipeline' retrieved from /opt/airflow/dags/etl_pipeline.py
[2026-05-25T07:10:36.534+0000] {logging_mixin.py:188} INFO - [2026-05-25T07:10:36.533+0000] {dag.py:3089} INFO - Sync 1 DAGs
[2026-05-25T07:10:36.564+0000] {logging_mixin.py:188} INFO - [2026-05-25T07:10:36.564+0000] {dag.py:3947} INFO - Setting next_dagrun for etl_pipeline to None, run_after=None
[2026-05-25T07:10:36.610+0000] {processor.py:183} INFO - Processing /opt/airflow/dags/etl_pipeline.py took 1.498 seconds
[2026-05-25T07:11:06.806+0000] {processor.py:161} INFO - Started process (PID=761) to work on /opt/airflow/dags/etl_pipeline.py
[2026-05-25T07:11:06.808+0000] {processor.py:830} INFO - Processing file /opt/airflow/dags/etl_pipeline.py for tasks to queue
[2026-05-25T07:11:06.812+0000] {logging_mixin.py:188} INFO - [2026-05-25T07:11:06.812+0000] {dagbag.py:545} INFO - Filling up the DagBag from /opt/airflow/dags/etl_pipeline.py
[2026-05-25T07:11:07.643+0000] {processor.py:840} INFO - DAG(s) 'etl_pipeline' retrieved from /opt/airflow/dags/etl_pipeline.py
[2026-05-25T07:11:07.679+0000] {logging_mixin.py:188} INFO - [2026-05-25T07:11:07.678+0000] {dag.py:3089} INFO - Sync 1 DAGs
[2026-05-25T07:11:07.703+0000] {logging_mixin.py:188} INFO - [2026-05-25T07:11:07.703+0000] {dag.py:3947} INFO - Setting next_dagrun for etl_pipeline to None, run_after=None
[2026-05-25T07:11:07.734+0000] {processor.py:183} INFO - Processing /opt/airflow/dags/etl_pipeline.py took 0.938 seconds
[2026-05-25T07:11:38.379+0000] {processor.py:161} INFO - Started process (PID=821) to work on /opt/airflow/dags/etl_pipeline.py
[2026-05-25T07:11:38.382+0000] {processor.py:830} INFO - Processing file /opt/airflow/dags/etl_pipeline.py for tasks to queue
[2026-05-25T07:11:38.390+0000] {logging_mixin.py:188} INFO - [2026-05-25T07:11:38.388+0000] {dagbag.py:545} INFO - Filling up the DagBag from /opt/airflow/dags/etl_pipeline.py
[2026-05-25T07:11:39.388+0000] {processor.py:840} INFO - DAG(s) 'etl_pipeline' retrieved from /opt/airflow/dags/etl_pipeline.py
[2026-05-25T07:11:39.428+0000] {logging_mixin.py:188} INFO - [2026-05-25T07:11:39.428+0000] {dag.py:3089} INFO - Sync 1 DAGs
[2026-05-25T07:11:39.451+0000] {logging_mixin.py:188} INFO - [2026-05-25T07:11:39.450+0000] {dag.py:3947} INFO - Setting next_dagrun for etl_pipeline to None, run_after=None
[2026-05-25T07:11:39.481+0000] {processor.py:183} INFO - Processing /opt/airflow/dags/etl_pipeline.py took 1.123 seconds
[2026-05-25T07:12:10.041+0000] {processor.py:161} INFO - Started process (PID=889) to work on /opt/airflow/dags/etl_pipeline.py
[2026-05-25T07:12:10.044+0000] {processor.py:830} INFO - Processing file /opt/airflow/dags/etl_pipeline.py for tasks to queue
[2026-05-25T07:12:10.060+0000] {logging_mixin.py:188} INFO - [2026-05-25T07:12:10.059+0000] {dagbag.py:545} INFO - Filling up the DagBag from /opt/airflow/dags/etl_pipeline.py
[2026-05-25T07:12:11.236+0000] {processor.py:840} INFO - DAG(s) 'etl_pipeline' retrieved from /opt/airflow/dags/etl_pipeline.py
[2026-05-25T07:12:11.281+0000] {logging_mixin.py:188} INFO - [2026-05-25T07:12:11.280+0000] {dag.py:3089} INFO - Sync 1 DAGs
[2026-05-25T07:12:11.306+0000] {logging_mixin.py:188} INFO - [2026-05-25T07:12:11.306+0000] {dag.py:3947} INFO - Setting next_dagrun for etl_pipeline to None, run_after=None
[2026-05-25T07:12:11.360+0000] {processor.py:183} INFO - Processing /opt/airflow/dags/etl_pipeline.py took 1.343 seconds
[2026-05-25T07:12:41.571+0000] {processor.py:161} INFO - Started process (PID=950) to work on /opt/airflow/dags/etl_pipeline.py
[2026-05-25T07:12:41.573+0000] {processor.py:830} INFO - Processing file /opt/airflow/dags/etl_pipeline.py for tasks to queue
[2026-05-25T07:12:41.576+0000] {logging_mixin.py:188} INFO - [2026-05-25T07:12:41.575+0000] {dagbag.py:545} INFO - Filling up the DagBag from /opt/airflow/dags/etl_pipeline.py
[2026-05-25T07:12:43.096+0000] {processor.py:840} INFO - DAG(s) 'etl_pipeline' retrieved from /opt/airflow/dags/etl_pipeline.py
[2026-05-25T07:12:43.133+0000] {logging_mixin.py:188} INFO - [2026-05-25T07:12:43.133+0000] {dag.py:3089} INFO - Sync 1 DAGs
[2026-05-25T07:12:43.154+0000] {logging_mixin.py:188} INFO - [2026-05-25T07:12:43.154+0000] {dag.py:3947} INFO - Setting next_dagrun for etl_pipeline to None, run_after=None
[2026-05-25T07:12:43.201+0000] {processor.py:183} INFO - Processing /opt/airflow/dags/etl_pipeline.py took 1.640 seconds
[2026-05-25T07:13:15.590+0000] {processor.py:161} INFO - Started process (PID=1014) to work on /opt/airflow/dags/etl_pipeline.py
[2026-05-25T07:13:15.599+0000] {processor.py:830} INFO - Processing file /opt/airflow/dags/etl_pipeline.py for tasks to queue
[2026-05-25T07:13:15.617+0000] {logging_mixin.py:188} INFO - [2026-05-25T07:13:15.616+0000] {dagbag.py:545} INFO - Filling up the DagBag from /opt/airflow/dags/etl_pipeline.py
[2026-05-25T07:13:18.752+0000] {processor.py:840} INFO - DAG(s) 'etl_pipeline' retrieved from /opt/airflow/dags/etl_pipeline.py
[2026-05-25T07:13:18.793+0000] {logging_mixin.py:188} INFO - [2026-05-25T07:13:18.792+0000] {dag.py:3089} INFO - Sync 1 DAGs
[2026-05-25T07:13:18.818+0000] {logging_mixin.py:188} INFO - [2026-05-25T07:13:18.818+0000] {dag.py:3947} INFO - Setting next_dagrun for etl_pipeline to None, run_after=None
[2026-05-25T07:13:18.858+0000] {processor.py:183} INFO - Processing /opt/airflow/dags/etl_pipeline.py took 3.302 seconds
