[2026-05-21T11:12:15.434+0000] {local_task_job_runner.py:120} INFO - ::group::Pre task execution logs
[2026-05-21T11:12:15.495+0000] {taskinstance.py:2076} INFO - Dependencies all met for dep_context=non-requeueable deps ti=<TaskInstance: etl_pipeline.transform manual__2026-05-21T11:11:46.797259+00:00 [queued]>
[2026-05-21T11:12:15.522+0000] {taskinstance.py:2076} INFO - Dependencies all met for dep_context=requeueable deps ti=<TaskInstance: etl_pipeline.transform manual__2026-05-21T11:11:46.797259+00:00 [queued]>
[2026-05-21T11:12:15.524+0000] {taskinstance.py:2306} INFO - Starting attempt 1 of 1
[2026-05-21T11:12:15.574+0000] {taskinstance.py:2330} INFO - Executing <Task(PythonOperator): transform> on 2026-05-21 11:11:46.797259+00:00
[2026-05-21T11:12:15.604+0000] {warnings.py:112} WARNING - /home/***/.local/lib/python3.12/site-packages/***/task/task_runner/standard_task_runner.py:62: DeprecationWarning: This process (pid=987) is multi-threaded, use of fork() may lead to deadlocks in the child.
  pid = os.fork()

[2026-05-21T11:12:15.609+0000] {standard_task_runner.py:64} INFO - Started process 989 to run task
[2026-05-21T11:12:15.608+0000] {standard_task_runner.py:90} INFO - Running: ['***', 'tasks', 'run', 'etl_pipeline', 'transform', 'manual__2026-05-21T11:11:46.797259+00:00', '--job-id', '48', '--raw', '--subdir', 'DAGS_FOLDER/etl_pipeline.py', '--cfg-path', '/tmp/tmp9nxh5i9u']
[2026-05-21T11:12:15.611+0000] {standard_task_runner.py:91} INFO - Job 48: Subtask transform
[2026-05-21T11:12:15.778+0000] {task_command.py:426} INFO - Running <TaskInstance: etl_pipeline.transform manual__2026-05-21T11:11:46.797259+00:00 [running]> on host 5ba7bbe8d6ee
[2026-05-21T11:12:15.961+0000] {taskinstance.py:2648} INFO - Exporting env vars: AIRFLOW_CTX_DAG_OWNER='***' AIRFLOW_CTX_DAG_ID='etl_pipeline' AIRFLOW_CTX_TASK_ID='transform' AIRFLOW_CTX_EXECUTION_DATE='2026-05-21T11:11:46.797259+00:00' AIRFLOW_CTX_TRY_NUMBER='1' AIRFLOW_CTX_DAG_RUN_ID='manual__2026-05-21T11:11:46.797259+00:00'
[2026-05-21T11:12:15.965+0000] {taskinstance.py:430} INFO - ::endgroup::
[2026-05-21T11:12:16.011+0000] {logging_mixin.py:188} INFO - Data transformed
[2026-05-21T11:12:16.012+0000] {python.py:237} INFO - Done. Returned value was: None
[2026-05-21T11:12:16.013+0000] {taskinstance.py:441} INFO - ::group::Post task execution logs
[2026-05-21T11:12:16.034+0000] {taskinstance.py:1206} INFO - Marking task as SUCCESS. dag_id=etl_pipeline, task_id=transform, run_id=manual__2026-05-21T11:11:46.797259+00:00, execution_date=20260521T111146, start_date=20260521T111215, end_date=20260521T111216
[2026-05-21T11:12:16.154+0000] {local_task_job_runner.py:243} INFO - Task exited with return code 0
[2026-05-21T11:12:16.246+0000] {taskinstance.py:3503} INFO - 1 downstream tasks scheduled from follow-on schedule check
[2026-05-21T11:12:16.251+0000] {local_task_job_runner.py:222} INFO - ::endgroup::
