[2026-05-21T11:45:10.284+0000] {local_task_job_runner.py:120} INFO - ::group::Pre task execution logs
[2026-05-21T11:45:10.318+0000] {taskinstance.py:2076} INFO - Dependencies all met for dep_context=non-requeueable deps ti=<TaskInstance: etl_pipeline.data_quality manual__2026-05-21T11:44:44.861768+00:00 [queued]>
[2026-05-21T11:45:10.329+0000] {taskinstance.py:2076} INFO - Dependencies all met for dep_context=requeueable deps ti=<TaskInstance: etl_pipeline.data_quality manual__2026-05-21T11:44:44.861768+00:00 [queued]>
[2026-05-21T11:45:10.330+0000] {taskinstance.py:2306} INFO - Starting attempt 1 of 1
[2026-05-21T11:45:10.351+0000] {taskinstance.py:2330} INFO - Executing <Task(PythonOperator): data_quality> on 2026-05-21 11:44:44.861768+00:00
[2026-05-21T11:45:10.366+0000] {warnings.py:112} WARNING - /home/***/.local/lib/python3.12/site-packages/***/task/task_runner/standard_task_runner.py:62: DeprecationWarning: This process (pid=1490) is multi-threaded, use of fork() may lead to deadlocks in the child.
  pid = os.fork()

[2026-05-21T11:45:10.369+0000] {standard_task_runner.py:64} INFO - Started process 1492 to run task
[2026-05-21T11:45:10.368+0000] {standard_task_runner.py:90} INFO - Running: ['***', 'tasks', 'run', 'etl_pipeline', 'data_quality', 'manual__2026-05-21T11:44:44.861768+00:00', '--job-id', '100', '--raw', '--subdir', 'DAGS_FOLDER/etl_pipeline.py', '--cfg-path', '/tmp/tmp2r2l4qcy']
[2026-05-21T11:45:10.370+0000] {standard_task_runner.py:91} INFO - Job 100: Subtask data_quality
[2026-05-21T11:45:10.461+0000] {task_command.py:426} INFO - Running <TaskInstance: etl_pipeline.data_quality manual__2026-05-21T11:44:44.861768+00:00 [running]> on host 5ba7bbe8d6ee
[2026-05-21T11:45:10.596+0000] {taskinstance.py:2648} INFO - Exporting env vars: AIRFLOW_CTX_DAG_OWNER='***' AIRFLOW_CTX_DAG_ID='etl_pipeline' AIRFLOW_CTX_TASK_ID='data_quality' AIRFLOW_CTX_EXECUTION_DATE='2026-05-21T11:44:44.861768+00:00' AIRFLOW_CTX_TRY_NUMBER='1' AIRFLOW_CTX_DAG_RUN_ID='manual__2026-05-21T11:44:44.861768+00:00'
[2026-05-21T11:45:10.599+0000] {taskinstance.py:430} INFO - ::endgroup::
[2026-05-21T11:45:10.611+0000] {taskinstance.py:441} INFO - ::group::Post task execution logs
[2026-05-21T11:45:10.612+0000] {taskinstance.py:2905} ERROR - Task failed with exception
Traceback (most recent call last):
  File "/home/airflow/.local/lib/python3.12/site-packages/airflow/models/taskinstance.py", line 465, in _execute_task
    result = _execute_callable(context=context, **execute_callable_kwargs)
             ^^^^^^^^^^^^^^^^^^^^^^^^^^^^^^^^^^^^^^^^^^^^^^^^^^^^^^^^^^^^^
  File "/home/airflow/.local/lib/python3.12/site-packages/airflow/models/taskinstance.py", line 432, in _execute_callable
    return execute_callable(context=context, **execute_callable_kwargs)
           ^^^^^^^^^^^^^^^^^^^^^^^^^^^^^^^^^^^^^^^^^^^^^^^^^^^^^^^^^^^^
  File "/home/airflow/.local/lib/python3.12/site-packages/airflow/models/baseoperator.py", line 401, in wrapper
    return func(self, *args, **kwargs)
           ^^^^^^^^^^^^^^^^^^^^^^^^^^^
  File "/home/airflow/.local/lib/python3.12/site-packages/airflow/operators/python.py", line 235, in execute
    return_value = self.execute_callable()
                   ^^^^^^^^^^^^^^^^^^^^^^^
  File "/home/airflow/.local/lib/python3.12/site-packages/airflow/operators/python.py", line 252, in execute_callable
    return self.python_callable(*self.op_args, **self.op_kwargs)
           ^^^^^^^^^^^^^^^^^^^^^^^^^^^^^^^^^^^^^^^^^^^^^^^^^^^^^
  File "/opt/airflow/dags/etl_pipeline.py", line 70, in data_quality
    raise Exception("Null titles found")
Exception: Null titles found
[2026-05-21T11:45:10.637+0000] {taskinstance.py:1206} INFO - Marking task as FAILED. dag_id=etl_pipeline, task_id=data_quality, run_id=manual__2026-05-21T11:44:44.861768+00:00, execution_date=20260521T114444, start_date=20260521T114510, end_date=20260521T114510
[2026-05-21T11:45:10.661+0000] {standard_task_runner.py:110} ERROR - Failed to execute job 100 for task data_quality (Null titles found; 1492)
[2026-05-21T11:45:10.706+0000] {local_task_job_runner.py:243} INFO - Task exited with return code 1
[2026-05-21T11:45:10.739+0000] {taskinstance.py:3503} INFO - 0 downstream tasks scheduled from follow-on schedule check
[2026-05-21T11:45:10.746+0000] {local_task_job_runner.py:222} INFO - ::endgroup::
