[2026-05-25T06:48:37.716+0000] {local_task_job_runner.py:120} INFO - ::group::Pre task execution logs
[2026-05-25T06:48:37.809+0000] {taskinstance.py:2076} INFO - Dependencies all met for dep_context=non-requeueable deps ti=<TaskInstance: etl_pipeline.extract manual__2026-05-25T06:32:24.206342+00:00 [queued]>
[2026-05-25T06:48:37.860+0000] {taskinstance.py:2076} INFO - Dependencies all met for dep_context=requeueable deps ti=<TaskInstance: etl_pipeline.extract manual__2026-05-25T06:32:24.206342+00:00 [queued]>
[2026-05-25T06:48:37.864+0000] {taskinstance.py:2306} INFO - Starting attempt 1 of 1
[2026-05-25T06:48:37.934+0000] {taskinstance.py:2330} INFO - Executing <Task(PythonOperator): extract> on 2026-05-25 06:32:24.206342+00:00
[2026-05-25T06:48:37.977+0000] {warnings.py:112} WARNING - /home/***/.local/lib/python3.12/site-packages/***/task/task_runner/standard_task_runner.py:62: DeprecationWarning: This process (pid=154) is multi-threaded, use of fork() may lead to deadlocks in the child.
  pid = os.fork()

[2026-05-25T06:48:37.982+0000] {standard_task_runner.py:64} INFO - Started process 163 to run task
[2026-05-25T06:48:37.985+0000] {standard_task_runner.py:90} INFO - Running: ['***', 'tasks', 'run', 'etl_pipeline', 'extract', 'manual__2026-05-25T06:32:24.206342+00:00', '--job-id', '145', '--raw', '--subdir', 'DAGS_FOLDER/etl_pipeline.py', '--cfg-path', '/tmp/tmp2lne5_u0']
[2026-05-25T06:48:37.991+0000] {standard_task_runner.py:91} INFO - Job 145: Subtask extract
[2026-05-25T06:48:38.294+0000] {task_command.py:426} INFO - Running <TaskInstance: etl_pipeline.extract manual__2026-05-25T06:32:24.206342+00:00 [running]> on host 48047269a071
[2026-05-25T06:48:38.681+0000] {taskinstance.py:2648} INFO - Exporting env vars: AIRFLOW_CTX_DAG_OWNER='***' AIRFLOW_CTX_DAG_ID='etl_pipeline' AIRFLOW_CTX_TASK_ID='extract' AIRFLOW_CTX_EXECUTION_DATE='2026-05-25T06:32:24.206342+00:00' AIRFLOW_CTX_TRY_NUMBER='1' AIRFLOW_CTX_DAG_RUN_ID='manual__2026-05-25T06:32:24.206342+00:00'
[2026-05-25T06:48:38.687+0000] {taskinstance.py:430} INFO - ::endgroup::
[2026-05-25T06:48:38.689+0000] {etl_pipeline.py:18} INFO - Starting extract task
[2026-05-25T06:48:39.795+0000] {etl_pipeline.py:24} INFO - API status code: 200
[2026-05-25T06:48:40.000+0000] {etl_pipeline.py:32} INFO - Extracted 100 records
[2026-05-25T06:48:40.063+0000] {etl_pipeline.py:39} INFO - Extract task completed
[2026-05-25T06:48:40.067+0000] {python.py:237} INFO - Done. Returned value was: None
[2026-05-25T06:48:40.070+0000] {taskinstance.py:441} INFO - ::group::Post task execution logs
[2026-05-25T06:48:40.102+0000] {taskinstance.py:1206} INFO - Marking task as SUCCESS. dag_id=etl_pipeline, task_id=extract, run_id=manual__2026-05-25T06:32:24.206342+00:00, execution_date=20260525T063224, start_date=20260525T064837, end_date=20260525T064840
[2026-05-25T06:48:40.212+0000] {local_task_job_runner.py:243} INFO - Task exited with return code 0
[2026-05-25T06:48:40.336+0000] {taskinstance.py:3503} INFO - 1 downstream tasks scheduled from follow-on schedule check
[2026-05-25T06:48:40.342+0000] {local_task_job_runner.py:222} INFO - ::endgroup::
