[2026-05-21T11:25:27.181+0000] {local_task_job_runner.py:120} INFO - ::group::Pre task execution logs
[2026-05-21T11:25:27.309+0000] {taskinstance.py:2076} INFO - Dependencies all met for dep_context=non-requeueable deps ti=<TaskInstance: etl_pipeline.analytics scheduled__2026-05-21T11:24:00+00:00 [queued]>
[2026-05-21T11:25:27.386+0000] {taskinstance.py:2076} INFO - Dependencies all met for dep_context=requeueable deps ti=<TaskInstance: etl_pipeline.analytics scheduled__2026-05-21T11:24:00+00:00 [queued]>
[2026-05-21T11:25:27.389+0000] {taskinstance.py:2306} INFO - Starting attempt 1 of 1
[2026-05-21T11:25:27.443+0000] {taskinstance.py:2330} INFO - Executing <Task(PythonOperator): analytics> on 2026-05-21 11:24:00+00:00
[2026-05-21T11:25:27.503+0000] {warnings.py:112} WARNING - /home/***/.local/lib/python3.12/site-packages/***/task/task_runner/standard_task_runner.py:62: DeprecationWarning: This process (pid=1177) is multi-threaded, use of fork() may lead to deadlocks in the child.
  pid = os.fork()

[2026-05-21T11:25:27.527+0000] {standard_task_runner.py:64} INFO - Started process 1179 to run task
[2026-05-21T11:25:27.520+0000] {standard_task_runner.py:90} INFO - Running: ['***', 'tasks', 'run', 'etl_pipeline', 'analytics', 'scheduled__2026-05-21T11:24:00+00:00', '--job-id', '65', '--raw', '--subdir', 'DAGS_FOLDER/etl_pipeline.py', '--cfg-path', '/tmp/tmpa42ruqwf']
[2026-05-21T11:25:27.569+0000] {standard_task_runner.py:91} INFO - Job 65: Subtask analytics
[2026-05-21T11:25:28.094+0000] {task_command.py:426} INFO - Running <TaskInstance: etl_pipeline.analytics scheduled__2026-05-21T11:24:00+00:00 [running]> on host 5ba7bbe8d6ee
[2026-05-21T11:25:28.693+0000] {taskinstance.py:2648} INFO - Exporting env vars: AIRFLOW_CTX_DAG_OWNER='***' AIRFLOW_CTX_DAG_ID='etl_pipeline' AIRFLOW_CTX_TASK_ID='analytics' AIRFLOW_CTX_EXECUTION_DATE='2026-05-21T11:24:00+00:00' AIRFLOW_CTX_TRY_NUMBER='1' AIRFLOW_CTX_DAG_RUN_ID='scheduled__2026-05-21T11:24:00+00:00'
[2026-05-21T11:25:28.705+0000] {taskinstance.py:430} INFO - ::endgroup::
[2026-05-21T11:25:28.785+0000] {logging_mixin.py:188} INFO - Analytics table created
[2026-05-21T11:25:28.793+0000] {python.py:237} INFO - Done. Returned value was: None
[2026-05-21T11:25:28.808+0000] {taskinstance.py:441} INFO - ::group::Post task execution logs
[2026-05-21T11:25:28.845+0000] {taskinstance.py:1206} INFO - Marking task as SUCCESS. dag_id=etl_pipeline, task_id=analytics, run_id=scheduled__2026-05-21T11:24:00+00:00, execution_date=20260521T112400, start_date=20260521T112527, end_date=20260521T112528
[2026-05-21T11:25:28.936+0000] {local_task_job_runner.py:243} INFO - Task exited with return code 0
[2026-05-21T11:25:29.006+0000] {taskinstance.py:3503} INFO - 0 downstream tasks scheduled from follow-on schedule check
[2026-05-21T11:25:29.022+0000] {local_task_job_runner.py:222} INFO - ::endgroup::
