[2026-05-25T08:01:09.686+0000] {local_task_job_runner.py:120} INFO - ::group::Pre task execution logs
[2026-05-25T08:01:09.775+0000] {taskinstance.py:2076} INFO - Dependencies all met for dep_context=non-requeueable deps ti=<TaskInstance: etl_pipeline.load manual__2026-05-25T08:00:16.944356+00:00 [queued]>
[2026-05-25T08:01:09.801+0000] {taskinstance.py:2076} INFO - Dependencies all met for dep_context=requeueable deps ti=<TaskInstance: etl_pipeline.load manual__2026-05-25T08:00:16.944356+00:00 [queued]>
[2026-05-25T08:01:09.803+0000] {taskinstance.py:2306} INFO - Starting attempt 1 of 1
[2026-05-25T08:01:09.837+0000] {taskinstance.py:2330} INFO - Executing <Task(PythonOperator): load> on 2026-05-25 08:00:16.944356+00:00
[2026-05-25T08:01:09.876+0000] {warnings.py:112} WARNING - /home/***/.local/lib/python3.12/site-packages/***/task/task_runner/standard_task_runner.py:62: DeprecationWarning: This process (pid=174) is multi-threaded, use of fork() may lead to deadlocks in the child.
  pid = os.fork()

[2026-05-25T08:01:09.888+0000] {standard_task_runner.py:64} INFO - Started process 176 to run task
[2026-05-25T08:01:09.887+0000] {standard_task_runner.py:90} INFO - Running: ['***', 'tasks', 'run', 'etl_pipeline', 'load', 'manual__2026-05-25T08:00:16.944356+00:00', '--job-id', '10', '--raw', '--subdir', 'DAGS_FOLDER/etl_pipeline.py', '--cfg-path', '/tmp/tmpivz4rol_']
[2026-05-25T08:01:09.901+0000] {standard_task_runner.py:91} INFO - Job 10: Subtask load
[2026-05-25T08:01:10.180+0000] {task_command.py:426} INFO - Running <TaskInstance: etl_pipeline.load manual__2026-05-25T08:00:16.944356+00:00 [running]> on host d7ff6c5e4fd4
[2026-05-25T08:01:10.719+0000] {taskinstance.py:2648} INFO - Exporting env vars: AIRFLOW_CTX_DAG_OWNER='***' AIRFLOW_CTX_DAG_ID='etl_pipeline' AIRFLOW_CTX_TASK_ID='load' AIRFLOW_CTX_EXECUTION_DATE='2026-05-25T08:00:16.944356+00:00' AIRFLOW_CTX_TRY_NUMBER='1' AIRFLOW_CTX_DAG_RUN_ID='manual__2026-05-25T08:00:16.944356+00:00'
[2026-05-25T08:01:10.780+0000] {taskinstance.py:430} INFO - ::endgroup::
[2026-05-25T08:01:10.787+0000] {etl_pipeline.py:96} INFO - Starting load task
[2026-05-25T08:01:10.931+0000] {etl_pipeline.py:120} INFO - Loading 100 rows into PostgreSQL
[2026-05-25T08:01:11.042+0000] {etl_pipeline.py:152} INFO - Load task completed
[2026-05-25T08:01:11.043+0000] {python.py:237} INFO - Done. Returned value was: None
[2026-05-25T08:01:11.045+0000] {taskinstance.py:441} INFO - ::group::Post task execution logs
[2026-05-25T08:01:11.069+0000] {taskinstance.py:1206} INFO - Marking task as SUCCESS. dag_id=etl_pipeline, task_id=load, run_id=manual__2026-05-25T08:00:16.944356+00:00, execution_date=20260525T080016, start_date=20260525T080109, end_date=20260525T080111
[2026-05-25T08:01:11.141+0000] {local_task_job_runner.py:243} INFO - Task exited with return code 0
[2026-05-25T08:01:11.196+0000] {taskinstance.py:3503} INFO - 1 downstream tasks scheduled from follow-on schedule check
[2026-05-25T08:01:11.201+0000] {local_task_job_runner.py:222} INFO - ::endgroup::
