[2026-05-21T11:29:22.955+0000] {local_task_job_runner.py:120} INFO - ::group::Pre task execution logs
[2026-05-21T11:29:23.047+0000] {taskinstance.py:2076} INFO - Dependencies all met for dep_context=non-requeueable deps ti=<TaskInstance: etl_pipeline.load scheduled__2026-05-21T11:28:00+00:00 [queued]>
[2026-05-21T11:29:23.079+0000] {taskinstance.py:2076} INFO - Dependencies all met for dep_context=requeueable deps ti=<TaskInstance: etl_pipeline.load scheduled__2026-05-21T11:28:00+00:00 [queued]>
[2026-05-21T11:29:23.082+0000] {taskinstance.py:2306} INFO - Starting attempt 1 of 1
[2026-05-21T11:29:23.123+0000] {taskinstance.py:2330} INFO - Executing <Task(PythonOperator): load> on 2026-05-21 11:28:00+00:00
[2026-05-21T11:29:23.151+0000] {warnings.py:112} WARNING - /home/***/.local/lib/python3.12/site-packages/***/task/task_runner/standard_task_runner.py:62: DeprecationWarning: This process (pid=1256) is multi-threaded, use of fork() may lead to deadlocks in the child.
  pid = os.fork()

[2026-05-21T11:29:23.157+0000] {standard_task_runner.py:64} INFO - Started process 1264 to run task
[2026-05-21T11:29:23.160+0000] {standard_task_runner.py:90} INFO - Running: ['***', 'tasks', 'run', 'etl_pipeline', 'load', 'scheduled__2026-05-21T11:28:00+00:00', '--job-id', '80', '--raw', '--subdir', 'DAGS_FOLDER/etl_pipeline.py', '--cfg-path', '/tmp/tmpp0j_efia']
[2026-05-21T11:29:23.169+0000] {standard_task_runner.py:91} INFO - Job 80: Subtask load
[2026-05-21T11:29:23.484+0000] {task_command.py:426} INFO - Running <TaskInstance: etl_pipeline.load scheduled__2026-05-21T11:28:00+00:00 [running]> on host 5ba7bbe8d6ee
[2026-05-21T11:29:23.817+0000] {taskinstance.py:2648} INFO - Exporting env vars: AIRFLOW_CTX_DAG_OWNER='***' AIRFLOW_CTX_DAG_ID='etl_pipeline' AIRFLOW_CTX_TASK_ID='load' AIRFLOW_CTX_EXECUTION_DATE='2026-05-21T11:28:00+00:00' AIRFLOW_CTX_TRY_NUMBER='1' AIRFLOW_CTX_DAG_RUN_ID='scheduled__2026-05-21T11:28:00+00:00'
[2026-05-21T11:29:23.820+0000] {taskinstance.py:430} INFO - ::endgroup::
[2026-05-21T11:29:23.962+0000] {logging_mixin.py:188} INFO - Loaded into PostgreSQL
[2026-05-21T11:29:23.963+0000] {python.py:237} INFO - Done. Returned value was: None
[2026-05-21T11:29:23.964+0000] {taskinstance.py:441} INFO - ::group::Post task execution logs
[2026-05-21T11:29:23.983+0000] {taskinstance.py:1206} INFO - Marking task as SUCCESS. dag_id=etl_pipeline, task_id=load, run_id=scheduled__2026-05-21T11:28:00+00:00, execution_date=20260521T112800, start_date=20260521T112923, end_date=20260521T112923
[2026-05-21T11:29:24.039+0000] {local_task_job_runner.py:243} INFO - Task exited with return code 0
[2026-05-21T11:29:24.128+0000] {taskinstance.py:3503} INFO - 1 downstream tasks scheduled from follow-on schedule check
[2026-05-21T11:29:24.144+0000] {local_task_job_runner.py:222} INFO - ::endgroup::
