[2026-05-21T08:18:45.853+0000] {local_task_job_runner.py:120} INFO - ::group::Pre task execution logs
[2026-05-21T08:18:46.058+0000] {taskinstance.py:2076} INFO - Dependencies all met for dep_context=non-requeueable deps ti=<TaskInstance: etl_pipeline.extract manual__2026-05-21T08:18:15.198482+00:00 [queued]>
[2026-05-21T08:18:46.090+0000] {taskinstance.py:2076} INFO - Dependencies all met for dep_context=requeueable deps ti=<TaskInstance: etl_pipeline.extract manual__2026-05-21T08:18:15.198482+00:00 [queued]>
[2026-05-21T08:18:46.092+0000] {taskinstance.py:2306} INFO - Starting attempt 1 of 1
[2026-05-21T08:18:46.147+0000] {taskinstance.py:2330} INFO - Executing <Task(PythonOperator): extract> on 2026-05-21 08:18:15.198482+00:00
[2026-05-21T08:18:46.191+0000] {warnings.py:112} WARNING - /home/***/.local/lib/python3.12/site-packages/***/task/task_runner/standard_task_runner.py:62: DeprecationWarning: This process (pid=358) is multi-threaded, use of fork() may lead to deadlocks in the child.
  pid = os.fork()

[2026-05-21T08:18:46.212+0000] {standard_task_runner.py:64} INFO - Started process 367 to run task
[2026-05-21T08:18:46.210+0000] {standard_task_runner.py:90} INFO - Running: ['***', 'tasks', 'run', 'etl_pipeline', 'extract', 'manual__2026-05-21T08:18:15.198482+00:00', '--job-id', '29', '--raw', '--subdir', 'DAGS_FOLDER/etl_pipeline.py', '--cfg-path', '/tmp/tmpu539yw8s']
[2026-05-21T08:18:46.217+0000] {standard_task_runner.py:91} INFO - Job 29: Subtask extract
[2026-05-21T08:18:46.567+0000] {task_command.py:426} INFO - Running <TaskInstance: etl_pipeline.extract manual__2026-05-21T08:18:15.198482+00:00 [running]> on host 5ba7bbe8d6ee
[2026-05-21T08:18:46.850+0000] {taskinstance.py:2648} INFO - Exporting env vars: AIRFLOW_CTX_DAG_OWNER='***' AIRFLOW_CTX_DAG_ID='etl_pipeline' AIRFLOW_CTX_TASK_ID='extract' AIRFLOW_CTX_EXECUTION_DATE='2026-05-21T08:18:15.198482+00:00' AIRFLOW_CTX_TRY_NUMBER='1' AIRFLOW_CTX_DAG_RUN_ID='manual__2026-05-21T08:18:15.198482+00:00'
[2026-05-21T08:18:46.857+0000] {taskinstance.py:430} INFO - ::endgroup::
[2026-05-21T08:18:47.638+0000] {logging_mixin.py:188} INFO - API data extracted
[2026-05-21T08:18:47.641+0000] {python.py:237} INFO - Done. Returned value was: None
[2026-05-21T08:18:47.644+0000] {taskinstance.py:441} INFO - ::group::Post task execution logs
[2026-05-21T08:18:47.680+0000] {taskinstance.py:1206} INFO - Marking task as SUCCESS. dag_id=etl_pipeline, task_id=extract, run_id=manual__2026-05-21T08:18:15.198482+00:00, execution_date=20260521T081815, start_date=20260521T081846, end_date=20260521T081847
[2026-05-21T08:18:47.755+0000] {local_task_job_runner.py:243} INFO - Task exited with return code 0
[2026-05-21T08:18:47.829+0000] {taskinstance.py:3503} INFO - 1 downstream tasks scheduled from follow-on schedule check
[2026-05-21T08:18:47.832+0000] {local_task_job_runner.py:222} INFO - ::endgroup::
