[2026-05-21T08:49:09.523+0000] {local_task_job_runner.py:120} INFO - ::group::Pre task execution logs
[2026-05-21T08:49:09.595+0000] {taskinstance.py:2076} INFO - Dependencies all met for dep_context=non-requeueable deps ti=<TaskInstance: etl_pipeline.transform manual__2026-05-21T08:48:33.771049+00:00 [queued]>
[2026-05-21T08:49:09.623+0000] {taskinstance.py:2076} INFO - Dependencies all met for dep_context=requeueable deps ti=<TaskInstance: etl_pipeline.transform manual__2026-05-21T08:48:33.771049+00:00 [queued]>
[2026-05-21T08:49:09.625+0000] {taskinstance.py:2306} INFO - Starting attempt 1 of 1
[2026-05-21T08:49:09.677+0000] {taskinstance.py:2330} INFO - Executing <Task(PythonOperator): transform> on 2026-05-21 08:48:33.771049+00:00
[2026-05-21T08:49:09.719+0000] {warnings.py:112} WARNING - /home/***/.local/lib/python3.12/site-packages/***/task/task_runner/standard_task_runner.py:62: DeprecationWarning: This process (pid=686) is multi-threaded, use of fork() may lead to deadlocks in the child.
  pid = os.fork()

[2026-05-21T08:49:09.726+0000] {standard_task_runner.py:64} INFO - Started process 688 to run task
[2026-05-21T08:49:09.728+0000] {standard_task_runner.py:90} INFO - Running: ['***', 'tasks', 'run', 'etl_pipeline', 'transform', 'manual__2026-05-21T08:48:33.771049+00:00', '--job-id', '33', '--raw', '--subdir', 'DAGS_FOLDER/etl_pipeline.py', '--cfg-path', '/tmp/tmpljvqj_wf']
[2026-05-21T08:49:09.734+0000] {standard_task_runner.py:91} INFO - Job 33: Subtask transform
[2026-05-21T08:49:09.911+0000] {task_command.py:426} INFO - Running <TaskInstance: etl_pipeline.transform manual__2026-05-21T08:48:33.771049+00:00 [running]> on host 5ba7bbe8d6ee
[2026-05-21T08:49:10.347+0000] {taskinstance.py:2648} INFO - Exporting env vars: AIRFLOW_CTX_DAG_OWNER='***' AIRFLOW_CTX_DAG_ID='etl_pipeline' AIRFLOW_CTX_TASK_ID='transform' AIRFLOW_CTX_EXECUTION_DATE='2026-05-21T08:48:33.771049+00:00' AIRFLOW_CTX_TRY_NUMBER='1' AIRFLOW_CTX_DAG_RUN_ID='manual__2026-05-21T08:48:33.771049+00:00'
[2026-05-21T08:49:10.376+0000] {taskinstance.py:430} INFO - ::endgroup::
[2026-05-21T08:49:10.586+0000] {logging_mixin.py:188} INFO - Data transformed
[2026-05-21T08:49:10.589+0000] {python.py:237} INFO - Done. Returned value was: None
[2026-05-21T08:49:10.591+0000] {taskinstance.py:441} INFO - ::group::Post task execution logs
[2026-05-21T08:49:10.641+0000] {taskinstance.py:1206} INFO - Marking task as SUCCESS. dag_id=etl_pipeline, task_id=transform, run_id=manual__2026-05-21T08:48:33.771049+00:00, execution_date=20260521T084833, start_date=20260521T084909, end_date=20260521T084910
[2026-05-21T08:49:10.811+0000] {local_task_job_runner.py:243} INFO - Task exited with return code 0
[2026-05-21T08:49:10.929+0000] {taskinstance.py:3503} INFO - 1 downstream tasks scheduled from follow-on schedule check
[2026-05-21T08:49:10.940+0000] {local_task_job_runner.py:222} INFO - ::endgroup::
