[2026-05-21T08:19:00.349+0000] {local_task_job_runner.py:120} INFO - ::group::Pre task execution logs
[2026-05-21T08:19:00.454+0000] {taskinstance.py:2076} INFO - Dependencies all met for dep_context=non-requeueable deps ti=<TaskInstance: etl_pipeline.load manual__2026-05-21T08:18:15.198482+00:00 [queued]>
[2026-05-21T08:19:00.492+0000] {taskinstance.py:2076} INFO - Dependencies all met for dep_context=requeueable deps ti=<TaskInstance: etl_pipeline.load manual__2026-05-21T08:18:15.198482+00:00 [queued]>
[2026-05-21T08:19:00.497+0000] {taskinstance.py:2306} INFO - Starting attempt 1 of 1
[2026-05-21T08:19:00.553+0000] {taskinstance.py:2330} INFO - Executing <Task(PythonOperator): load> on 2026-05-21 08:18:15.198482+00:00
[2026-05-21T08:19:00.595+0000] {warnings.py:112} WARNING - /home/***/.local/lib/python3.12/site-packages/***/task/task_runner/standard_task_runner.py:62: DeprecationWarning: This process (pid=371) is multi-threaded, use of fork() may lead to deadlocks in the child.
  pid = os.fork()

[2026-05-21T08:19:00.602+0000] {standard_task_runner.py:64} INFO - Started process 373 to run task
[2026-05-21T08:19:00.601+0000] {standard_task_runner.py:90} INFO - Running: ['***', 'tasks', 'run', 'etl_pipeline', 'load', 'manual__2026-05-21T08:18:15.198482+00:00', '--job-id', '31', '--raw', '--subdir', 'DAGS_FOLDER/etl_pipeline.py', '--cfg-path', '/tmp/tmpce_2mvnz']
[2026-05-21T08:19:00.606+0000] {standard_task_runner.py:91} INFO - Job 31: Subtask load
[2026-05-21T08:19:00.767+0000] {task_command.py:426} INFO - Running <TaskInstance: etl_pipeline.load manual__2026-05-21T08:18:15.198482+00:00 [running]> on host 5ba7bbe8d6ee
[2026-05-21T08:19:01.148+0000] {taskinstance.py:2648} INFO - Exporting env vars: AIRFLOW_CTX_DAG_OWNER='***' AIRFLOW_CTX_DAG_ID='etl_pipeline' AIRFLOW_CTX_TASK_ID='load' AIRFLOW_CTX_EXECUTION_DATE='2026-05-21T08:18:15.198482+00:00' AIRFLOW_CTX_TRY_NUMBER='1' AIRFLOW_CTX_DAG_RUN_ID='manual__2026-05-21T08:18:15.198482+00:00'
[2026-05-21T08:19:01.154+0000] {taskinstance.py:430} INFO - ::endgroup::
[2026-05-21T08:19:01.221+0000] {taskinstance.py:441} INFO - ::group::Post task execution logs
[2026-05-21T08:19:01.228+0000] {taskinstance.py:2905} ERROR - Task failed with exception
Traceback (most recent call last):
  File "/home/airflow/.local/lib/python3.12/site-packages/pandas/core/indexes/base.py", line 3791, in get_loc
    return self._engine.get_loc(casted_key)
           ^^^^^^^^^^^^^^^^^^^^^^^^^^^^^^^^
  File "index.pyx", line 152, in pandas._libs.index.IndexEngine.get_loc
  File "index.pyx", line 181, in pandas._libs.index.IndexEngine.get_loc
  File "pandas/_libs/hashtable_class_helper.pxi", line 7080, in pandas._libs.hashtable.PyObjectHashTable.get_item
  File "pandas/_libs/hashtable_class_helper.pxi", line 7088, in pandas._libs.hashtable.PyObjectHashTable.get_item
KeyError: 'category'

The above exception was the direct cause of the following exception:

Traceback (most recent call last):
  File "/home/airflow/.local/lib/python3.12/site-packages/airflow/models/taskinstance.py", line 465, in _execute_task
    result = _execute_callable(context=context, **execute_callable_kwargs)
             ^^^^^^^^^^^^^^^^^^^^^^^^^^^^^^^^^^^^^^^^^^^^^^^^^^^^^^^^^^^^^
  File "/home/airflow/.local/lib/python3.12/site-packages/airflow/models/taskinstance.py", line 432, in _execute_callable
    return execute_callable(context=context, **execute_callable_kwargs)
           ^^^^^^^^^^^^^^^^^^^^^^^^^^^^^^^^^^^^^^^^^^^^^^^^^^^^^^^^^^^^
  File "/home/airflow/.local/lib/python3.12/site-packages/airflow/models/baseoperator.py", line 401, in wrapper
    return func(self, *args, **kwargs)
           ^^^^^^^^^^^^^^^^^^^^^^^^^^^
  File "/home/airflow/.local/lib/python3.12/site-packages/airflow/operators/python.py", line 235, in execute
    return_value = self.execute_callable()
                   ^^^^^^^^^^^^^^^^^^^^^^^
  File "/home/airflow/.local/lib/python3.12/site-packages/airflow/operators/python.py", line 252, in execute_callable
    return self.python_callable(*self.op_args, **self.op_kwargs)
           ^^^^^^^^^^^^^^^^^^^^^^^^^^^^^^^^^^^^^^^^^^^^^^^^^^^^^
  File "/opt/airflow/dags/etl_pipeline.py", line 99, in load
    row["category"],
    ~~~^^^^^^^^^^^^
  File "/home/airflow/.local/lib/python3.12/site-packages/pandas/core/series.py", line 1040, in __getitem__
    return self._get_value(key)
           ^^^^^^^^^^^^^^^^^^^^
  File "/home/airflow/.local/lib/python3.12/site-packages/pandas/core/series.py", line 1156, in _get_value
    loc = self.index.get_loc(label)
          ^^^^^^^^^^^^^^^^^^^^^^^^^
  File "/home/airflow/.local/lib/python3.12/site-packages/pandas/core/indexes/base.py", line 3798, in get_loc
    raise KeyError(key) from err
KeyError: 'category'
[2026-05-21T08:19:01.325+0000] {taskinstance.py:1206} INFO - Marking task as FAILED. dag_id=etl_pipeline, task_id=load, run_id=manual__2026-05-21T08:18:15.198482+00:00, execution_date=20260521T081815, start_date=20260521T081900, end_date=20260521T081901
[2026-05-21T08:19:01.436+0000] {standard_task_runner.py:110} ERROR - Failed to execute job 31 for task load ('category'; 373)
[2026-05-21T08:19:01.554+0000] {local_task_job_runner.py:243} INFO - Task exited with return code 1
[2026-05-21T08:19:01.656+0000] {taskinstance.py:3503} INFO - 0 downstream tasks scheduled from follow-on schedule check
[2026-05-21T08:19:01.666+0000] {local_task_job_runner.py:222} INFO - ::endgroup::
