[2026-05-25T06:49:03.901+0000] {local_task_job_runner.py:120} INFO - ::group::Pre task execution logs
[2026-05-25T06:49:03.977+0000] {taskinstance.py:2076} INFO - Dependencies all met for dep_context=non-requeueable deps ti=<TaskInstance: etl_pipeline.analytics manual__2026-05-25T06:32:24.206342+00:00 [queued]>
[2026-05-25T06:49:03.996+0000] {taskinstance.py:2076} INFO - Dependencies all met for dep_context=requeueable deps ti=<TaskInstance: etl_pipeline.analytics manual__2026-05-25T06:32:24.206342+00:00 [queued]>
[2026-05-25T06:49:03.997+0000] {taskinstance.py:2306} INFO - Starting attempt 1 of 1
[2026-05-25T06:49:04.046+0000] {taskinstance.py:2330} INFO - Executing <Task(PythonOperator): analytics> on 2026-05-25 06:32:24.206342+00:00
[2026-05-25T06:49:04.066+0000] {warnings.py:112} WARNING - /home/***/.local/lib/python3.12/site-packages/***/task/task_runner/standard_task_runner.py:62: DeprecationWarning: This process (pid=173) is multi-threaded, use of fork() may lead to deadlocks in the child.
  pid = os.fork()

[2026-05-25T06:49:04.070+0000] {standard_task_runner.py:64} INFO - Started process 182 to run task
[2026-05-25T06:49:04.072+0000] {standard_task_runner.py:90} INFO - Running: ['***', 'tasks', 'run', 'etl_pipeline', 'analytics', 'manual__2026-05-25T06:32:24.206342+00:00', '--job-id', '149', '--raw', '--subdir', 'DAGS_FOLDER/etl_pipeline.py', '--cfg-path', '/tmp/tmptiwx2t_s']
[2026-05-25T06:49:04.076+0000] {standard_task_runner.py:91} INFO - Job 149: Subtask analytics
[2026-05-25T06:49:04.239+0000] {task_command.py:426} INFO - Running <TaskInstance: etl_pipeline.analytics manual__2026-05-25T06:32:24.206342+00:00 [running]> on host 48047269a071
[2026-05-25T06:49:04.562+0000] {taskinstance.py:2648} INFO - Exporting env vars: AIRFLOW_CTX_DAG_OWNER='***' AIRFLOW_CTX_DAG_ID='etl_pipeline' AIRFLOW_CTX_TASK_ID='analytics' AIRFLOW_CTX_EXECUTION_DATE='2026-05-25T06:32:24.206342+00:00' AIRFLOW_CTX_TRY_NUMBER='1' AIRFLOW_CTX_DAG_RUN_ID='manual__2026-05-25T06:32:24.206342+00:00'
[2026-05-25T06:49:04.567+0000] {taskinstance.py:430} INFO - ::endgroup::
[2026-05-25T06:49:04.571+0000] {etl_pipeline.py:160} INFO - Starting analytics task
[2026-05-25T06:49:04.713+0000] {etl_pipeline.py:187} INFO - Analytics table created
[2026-05-25T06:49:04.714+0000] {python.py:237} INFO - Done. Returned value was: None
[2026-05-25T06:49:04.718+0000] {taskinstance.py:441} INFO - ::group::Post task execution logs
[2026-05-25T06:49:04.742+0000] {taskinstance.py:1206} INFO - Marking task as SUCCESS. dag_id=etl_pipeline, task_id=analytics, run_id=manual__2026-05-25T06:32:24.206342+00:00, execution_date=20260525T063224, start_date=20260525T064903, end_date=20260525T064904
[2026-05-25T06:49:04.818+0000] {local_task_job_runner.py:243} INFO - Task exited with return code 0
[2026-05-25T06:49:04.912+0000] {taskinstance.py:3503} INFO - 0 downstream tasks scheduled from follow-on schedule check
[2026-05-25T06:49:04.923+0000] {local_task_job_runner.py:222} INFO - ::endgroup::
