[2026-05-21T11:12:22.284+0000] {local_task_job_runner.py:120} INFO - ::group::Pre task execution logs
[2026-05-21T11:12:22.580+0000] {taskinstance.py:2076} INFO - Dependencies all met for dep_context=non-requeueable deps ti=<TaskInstance: etl_pipeline.load manual__2026-05-21T11:11:46.797259+00:00 [queued]>
[2026-05-21T11:12:22.653+0000] {taskinstance.py:2076} INFO - Dependencies all met for dep_context=requeueable deps ti=<TaskInstance: etl_pipeline.load manual__2026-05-21T11:11:46.797259+00:00 [queued]>
[2026-05-21T11:12:22.661+0000] {taskinstance.py:2306} INFO - Starting attempt 1 of 1
[2026-05-21T11:12:22.739+0000] {taskinstance.py:2330} INFO - Executing <Task(PythonOperator): load> on 2026-05-21 11:11:46.797259+00:00
[2026-05-21T11:12:22.782+0000] {warnings.py:112} WARNING - /home/***/.local/lib/python3.12/site-packages/***/task/task_runner/standard_task_runner.py:62: DeprecationWarning: This process (pid=990) is multi-threaded, use of fork() may lead to deadlocks in the child.
  pid = os.fork()

[2026-05-21T11:12:22.788+0000] {standard_task_runner.py:64} INFO - Started process 992 to run task
[2026-05-21T11:12:22.789+0000] {standard_task_runner.py:90} INFO - Running: ['***', 'tasks', 'run', 'etl_pipeline', 'load', 'manual__2026-05-21T11:11:46.797259+00:00', '--job-id', '49', '--raw', '--subdir', 'DAGS_FOLDER/etl_pipeline.py', '--cfg-path', '/tmp/tmpc526vtqf']
[2026-05-21T11:12:22.794+0000] {standard_task_runner.py:91} INFO - Job 49: Subtask load
[2026-05-21T11:12:22.945+0000] {task_command.py:426} INFO - Running <TaskInstance: etl_pipeline.load manual__2026-05-21T11:11:46.797259+00:00 [running]> on host 5ba7bbe8d6ee
[2026-05-21T11:12:23.233+0000] {taskinstance.py:2648} INFO - Exporting env vars: AIRFLOW_CTX_DAG_OWNER='***' AIRFLOW_CTX_DAG_ID='etl_pipeline' AIRFLOW_CTX_TASK_ID='load' AIRFLOW_CTX_EXECUTION_DATE='2026-05-21T11:11:46.797259+00:00' AIRFLOW_CTX_TRY_NUMBER='1' AIRFLOW_CTX_DAG_RUN_ID='manual__2026-05-21T11:11:46.797259+00:00'
[2026-05-21T11:12:23.252+0000] {taskinstance.py:430} INFO - ::endgroup::
[2026-05-21T11:12:23.342+0000] {taskinstance.py:441} INFO - ::group::Post task execution logs
[2026-05-21T11:12:23.347+0000] {taskinstance.py:2905} ERROR - Task failed with exception
Traceback (most recent call last):
  File "/home/airflow/.local/lib/python3.12/site-packages/airflow/models/taskinstance.py", line 465, in _execute_task
    result = _execute_callable(context=context, **execute_callable_kwargs)
             ^^^^^^^^^^^^^^^^^^^^^^^^^^^^^^^^^^^^^^^^^^^^^^^^^^^^^^^^^^^^^
  File "/home/airflow/.local/lib/python3.12/site-packages/airflow/models/taskinstance.py", line 432, in _execute_callable
    return execute_callable(context=context, **execute_callable_kwargs)
           ^^^^^^^^^^^^^^^^^^^^^^^^^^^^^^^^^^^^^^^^^^^^^^^^^^^^^^^^^^^^
  File "/home/airflow/.local/lib/python3.12/site-packages/airflow/models/baseoperator.py", line 401, in wrapper
    return func(self, *args, **kwargs)
           ^^^^^^^^^^^^^^^^^^^^^^^^^^^
  File "/home/airflow/.local/lib/python3.12/site-packages/airflow/operators/python.py", line 235, in execute
    return_value = self.execute_callable()
                   ^^^^^^^^^^^^^^^^^^^^^^^
  File "/home/airflow/.local/lib/python3.12/site-packages/airflow/operators/python.py", line 252, in execute_callable
    return self.python_callable(*self.op_args, **self.op_kwargs)
           ^^^^^^^^^^^^^^^^^^^^^^^^^^^^^^^^^^^^^^^^^^^^^^^^^^^^^
  File "/opt/airflow/dags/etl_pipeline.py", line 93, in load
    cursor.execute(
psycopg2.errors.SyntaxError: syntax error at or near ","
LINE 11: ,+-
         ^

[2026-05-21T11:12:23.432+0000] {taskinstance.py:1206} INFO - Marking task as FAILED. dag_id=etl_pipeline, task_id=load, run_id=manual__2026-05-21T11:11:46.797259+00:00, execution_date=20260521T111146, start_date=20260521T111222, end_date=20260521T111223
[2026-05-21T11:12:23.505+0000] {standard_task_runner.py:110} ERROR - Failed to execute job 49 for task load (syntax error at or near ","
LINE 11: ,+-
         ^
; 992)
[2026-05-21T11:12:23.627+0000] {local_task_job_runner.py:243} INFO - Task exited with return code 1
[2026-05-21T11:12:23.726+0000] {taskinstance.py:3503} INFO - 0 downstream tasks scheduled from follow-on schedule check
[2026-05-21T11:12:23.736+0000] {local_task_job_runner.py:222} INFO - ::endgroup::
