[2026-05-21T11:30:20.494+0000] {local_task_job_runner.py:120} INFO - ::group::Pre task execution logs
[2026-05-21T11:30:20.560+0000] {taskinstance.py:2076} INFO - Dependencies all met for dep_context=non-requeueable deps ti=<TaskInstance: etl_pipeline.load scheduled__2026-05-21T11:29:00+00:00 [queued]>
[2026-05-21T11:30:20.584+0000] {taskinstance.py:2076} INFO - Dependencies all met for dep_context=requeueable deps ti=<TaskInstance: etl_pipeline.load scheduled__2026-05-21T11:29:00+00:00 [queued]>
[2026-05-21T11:30:20.586+0000] {taskinstance.py:2306} INFO - Starting attempt 1 of 1
[2026-05-21T11:30:20.619+0000] {taskinstance.py:2330} INFO - Executing <Task(PythonOperator): load> on 2026-05-21 11:29:00+00:00
[2026-05-21T11:30:20.648+0000] {warnings.py:112} WARNING - /home/***/.local/lib/python3.12/site-packages/***/task/task_runner/standard_task_runner.py:62: DeprecationWarning: This process (pid=1281) is multi-threaded, use of fork() may lead to deadlocks in the child.
  pid = os.fork()

[2026-05-21T11:30:20.653+0000] {standard_task_runner.py:64} INFO - Started process 1283 to run task
[2026-05-21T11:30:20.653+0000] {standard_task_runner.py:90} INFO - Running: ['***', 'tasks', 'run', 'etl_pipeline', 'load', 'scheduled__2026-05-21T11:29:00+00:00', '--job-id', '84', '--raw', '--subdir', 'DAGS_FOLDER/etl_pipeline.py', '--cfg-path', '/tmp/tmpa54njx40']
[2026-05-21T11:30:20.656+0000] {standard_task_runner.py:91} INFO - Job 84: Subtask load
[2026-05-21T11:30:20.818+0000] {task_command.py:426} INFO - Running <TaskInstance: etl_pipeline.load scheduled__2026-05-21T11:29:00+00:00 [running]> on host 5ba7bbe8d6ee
[2026-05-21T11:30:21.057+0000] {taskinstance.py:2648} INFO - Exporting env vars: AIRFLOW_CTX_DAG_OWNER='***' AIRFLOW_CTX_DAG_ID='etl_pipeline' AIRFLOW_CTX_TASK_ID='load' AIRFLOW_CTX_EXECUTION_DATE='2026-05-21T11:29:00+00:00' AIRFLOW_CTX_TRY_NUMBER='1' AIRFLOW_CTX_DAG_RUN_ID='scheduled__2026-05-21T11:29:00+00:00'
[2026-05-21T11:30:21.061+0000] {taskinstance.py:430} INFO - ::endgroup::
[2026-05-21T11:30:21.223+0000] {logging_mixin.py:188} INFO - Loaded into PostgreSQL
[2026-05-21T11:30:21.227+0000] {python.py:237} INFO - Done. Returned value was: None
[2026-05-21T11:30:21.230+0000] {taskinstance.py:441} INFO - ::group::Post task execution logs
[2026-05-21T11:30:21.258+0000] {taskinstance.py:1206} INFO - Marking task as SUCCESS. dag_id=etl_pipeline, task_id=load, run_id=scheduled__2026-05-21T11:29:00+00:00, execution_date=20260521T112900, start_date=20260521T113020, end_date=20260521T113021
[2026-05-21T11:30:21.357+0000] {local_task_job_runner.py:243} INFO - Task exited with return code 0
[2026-05-21T11:30:21.410+0000] {taskinstance.py:3503} INFO - 1 downstream tasks scheduled from follow-on schedule check
[2026-05-21T11:30:21.415+0000] {local_task_job_runner.py:222} INFO - ::endgroup::
