[2026-05-25T06:48:57.049+0000] {local_task_job_runner.py:120} INFO - ::group::Pre task execution logs
[2026-05-25T06:48:57.107+0000] {taskinstance.py:2076} INFO - Dependencies all met for dep_context=non-requeueable deps ti=<TaskInstance: etl_pipeline.load manual__2026-05-25T06:32:24.206342+00:00 [queued]>
[2026-05-25T06:48:57.130+0000] {taskinstance.py:2076} INFO - Dependencies all met for dep_context=requeueable deps ti=<TaskInstance: etl_pipeline.load manual__2026-05-25T06:32:24.206342+00:00 [queued]>
[2026-05-25T06:48:57.131+0000] {taskinstance.py:2306} INFO - Starting attempt 1 of 1
[2026-05-25T06:48:57.165+0000] {taskinstance.py:2330} INFO - Executing <Task(PythonOperator): load> on 2026-05-25 06:32:24.206342+00:00
[2026-05-25T06:48:57.186+0000] {warnings.py:112} WARNING - /home/***/.local/lib/python3.12/site-packages/***/task/task_runner/standard_task_runner.py:62: DeprecationWarning: This process (pid=170) is multi-threaded, use of fork() may lead to deadlocks in the child.
  pid = os.fork()

[2026-05-25T06:48:57.190+0000] {standard_task_runner.py:64} INFO - Started process 172 to run task
[2026-05-25T06:48:57.191+0000] {standard_task_runner.py:90} INFO - Running: ['***', 'tasks', 'run', 'etl_pipeline', 'load', 'manual__2026-05-25T06:32:24.206342+00:00', '--job-id', '148', '--raw', '--subdir', 'DAGS_FOLDER/etl_pipeline.py', '--cfg-path', '/tmp/tmpma3dsdzh']
[2026-05-25T06:48:57.197+0000] {standard_task_runner.py:91} INFO - Job 148: Subtask load
[2026-05-25T06:48:57.320+0000] {task_command.py:426} INFO - Running <TaskInstance: etl_pipeline.load manual__2026-05-25T06:32:24.206342+00:00 [running]> on host 48047269a071
[2026-05-25T06:48:57.549+0000] {taskinstance.py:2648} INFO - Exporting env vars: AIRFLOW_CTX_DAG_OWNER='***' AIRFLOW_CTX_DAG_ID='etl_pipeline' AIRFLOW_CTX_TASK_ID='load' AIRFLOW_CTX_EXECUTION_DATE='2026-05-25T06:32:24.206342+00:00' AIRFLOW_CTX_TRY_NUMBER='1' AIRFLOW_CTX_DAG_RUN_ID='manual__2026-05-25T06:32:24.206342+00:00'
[2026-05-25T06:48:57.557+0000] {taskinstance.py:430} INFO - ::endgroup::
[2026-05-25T06:48:57.561+0000] {etl_pipeline.py:96} INFO - Starting load task
[2026-05-25T06:48:57.601+0000] {etl_pipeline.py:120} INFO - Loading 100 rows into PostgreSQL
[2026-05-25T06:48:57.772+0000] {etl_pipeline.py:152} INFO - Load task completed
[2026-05-25T06:48:57.774+0000] {python.py:237} INFO - Done. Returned value was: None
[2026-05-25T06:48:57.781+0000] {taskinstance.py:441} INFO - ::group::Post task execution logs
[2026-05-25T06:48:57.812+0000] {taskinstance.py:1206} INFO - Marking task as SUCCESS. dag_id=etl_pipeline, task_id=load, run_id=manual__2026-05-25T06:32:24.206342+00:00, execution_date=20260525T063224, start_date=20260525T064857, end_date=20260525T064857
[2026-05-25T06:48:57.895+0000] {local_task_job_runner.py:243} INFO - Task exited with return code 0
[2026-05-25T06:48:57.948+0000] {taskinstance.py:3503} INFO - 1 downstream tasks scheduled from follow-on schedule check
[2026-05-25T06:48:57.952+0000] {local_task_job_runner.py:222} INFO - ::endgroup::
