[2026-05-25T08:01:03.099+0000] {local_task_job_runner.py:120} INFO - ::group::Pre task execution logs
[2026-05-25T08:01:03.150+0000] {taskinstance.py:2076} INFO - Dependencies all met for dep_context=non-requeueable deps ti=<TaskInstance: etl_pipeline.data_quality manual__2026-05-25T08:00:16.944356+00:00 [queued]>
[2026-05-25T08:01:03.169+0000] {taskinstance.py:2076} INFO - Dependencies all met for dep_context=requeueable deps ti=<TaskInstance: etl_pipeline.data_quality manual__2026-05-25T08:00:16.944356+00:00 [queued]>
[2026-05-25T08:01:03.171+0000] {taskinstance.py:2306} INFO - Starting attempt 1 of 1
[2026-05-25T08:01:03.200+0000] {taskinstance.py:2330} INFO - Executing <Task(PythonOperator): data_quality> on 2026-05-25 08:00:16.944356+00:00
[2026-05-25T08:01:03.222+0000] {warnings.py:112} WARNING - /home/***/.local/lib/python3.12/site-packages/***/task/task_runner/standard_task_runner.py:62: DeprecationWarning: This process (pid=164) is multi-threaded, use of fork() may lead to deadlocks in the child.
  pid = os.fork()

[2026-05-25T08:01:03.227+0000] {standard_task_runner.py:90} INFO - Running: ['***', 'tasks', 'run', 'etl_pipeline', 'data_quality', 'manual__2026-05-25T08:00:16.944356+00:00', '--job-id', '9', '--raw', '--subdir', 'DAGS_FOLDER/etl_pipeline.py', '--cfg-path', '/tmp/tmp5nyd81gs']
[2026-05-25T08:01:03.229+0000] {standard_task_runner.py:64} INFO - Started process 173 to run task
[2026-05-25T08:01:03.234+0000] {standard_task_runner.py:91} INFO - Job 9: Subtask data_quality
[2026-05-25T08:01:03.364+0000] {task_command.py:426} INFO - Running <TaskInstance: etl_pipeline.data_quality manual__2026-05-25T08:00:16.944356+00:00 [running]> on host d7ff6c5e4fd4
[2026-05-25T08:01:03.682+0000] {taskinstance.py:2648} INFO - Exporting env vars: AIRFLOW_CTX_DAG_OWNER='***' AIRFLOW_CTX_DAG_ID='etl_pipeline' AIRFLOW_CTX_TASK_ID='data_quality' AIRFLOW_CTX_EXECUTION_DATE='2026-05-25T08:00:16.944356+00:00' AIRFLOW_CTX_TRY_NUMBER='1' AIRFLOW_CTX_DAG_RUN_ID='manual__2026-05-25T08:00:16.944356+00:00'
[2026-05-25T08:01:03.707+0000] {taskinstance.py:430} INFO - ::endgroup::
[2026-05-25T08:01:03.713+0000] {etl_pipeline.py:69} INFO - Starting data quality checks
[2026-05-25T08:01:03.789+0000] {etl_pipeline.py:91} INFO - Data quality checks passed
[2026-05-25T08:01:03.791+0000] {python.py:237} INFO - Done. Returned value was: None
[2026-05-25T08:01:03.793+0000] {taskinstance.py:441} INFO - ::group::Post task execution logs
[2026-05-25T08:01:03.842+0000] {taskinstance.py:1206} INFO - Marking task as SUCCESS. dag_id=etl_pipeline, task_id=data_quality, run_id=manual__2026-05-25T08:00:16.944356+00:00, execution_date=20260525T080016, start_date=20260525T080103, end_date=20260525T080103
[2026-05-25T08:01:03.942+0000] {local_task_job_runner.py:243} INFO - Task exited with return code 0
[2026-05-25T08:01:04.037+0000] {taskinstance.py:3503} INFO - 0 downstream tasks scheduled from follow-on schedule check
[2026-05-25T08:01:04.058+0000] {local_task_job_runner.py:222} INFO - ::endgroup::
