[2026-05-25T08:00:53.912+0000] {local_task_job_runner.py:120} INFO - ::group::Pre task execution logs
[2026-05-25T08:00:54.041+0000] {taskinstance.py:2076} INFO - Dependencies all met for dep_context=non-requeueable deps ti=<TaskInstance: etl_pipeline.transform manual__2026-05-25T08:00:16.944356+00:00 [queued]>
[2026-05-25T08:00:54.073+0000] {taskinstance.py:2076} INFO - Dependencies all met for dep_context=requeueable deps ti=<TaskInstance: etl_pipeline.transform manual__2026-05-25T08:00:16.944356+00:00 [queued]>
[2026-05-25T08:00:54.075+0000] {taskinstance.py:2306} INFO - Starting attempt 1 of 1
[2026-05-25T08:00:54.165+0000] {taskinstance.py:2330} INFO - Executing <Task(PythonOperator): transform> on 2026-05-25 08:00:16.944356+00:00
[2026-05-25T08:00:54.336+0000] {warnings.py:112} WARNING - /home/***/.local/lib/python3.12/site-packages/***/task/task_runner/standard_task_runner.py:62: DeprecationWarning: This process (pid=161) is multi-threaded, use of fork() may lead to deadlocks in the child.
  pid = os.fork()

[2026-05-25T08:00:54.439+0000] {standard_task_runner.py:64} INFO - Started process 163 to run task
[2026-05-25T08:00:54.456+0000] {standard_task_runner.py:90} INFO - Running: ['***', 'tasks', 'run', 'etl_pipeline', 'transform', 'manual__2026-05-25T08:00:16.944356+00:00', '--job-id', '8', '--raw', '--subdir', 'DAGS_FOLDER/etl_pipeline.py', '--cfg-path', '/tmp/tmp3_cofm7v']
[2026-05-25T08:00:54.488+0000] {standard_task_runner.py:91} INFO - Job 8: Subtask transform
[2026-05-25T08:00:54.870+0000] {task_command.py:426} INFO - Running <TaskInstance: etl_pipeline.transform manual__2026-05-25T08:00:16.944356+00:00 [running]> on host d7ff6c5e4fd4
[2026-05-25T08:00:55.357+0000] {taskinstance.py:2648} INFO - Exporting env vars: AIRFLOW_CTX_DAG_OWNER='***' AIRFLOW_CTX_DAG_ID='etl_pipeline' AIRFLOW_CTX_TASK_ID='transform' AIRFLOW_CTX_EXECUTION_DATE='2026-05-25T08:00:16.944356+00:00' AIRFLOW_CTX_TRY_NUMBER='1' AIRFLOW_CTX_DAG_RUN_ID='manual__2026-05-25T08:00:16.944356+00:00'
[2026-05-25T08:00:55.379+0000] {taskinstance.py:430} INFO - ::endgroup::
[2026-05-25T08:00:55.385+0000] {etl_pipeline.py:44} INFO - Starting transform task
[2026-05-25T08:00:55.438+0000] {etl_pipeline.py:50} INFO - Rows before transform: 100
[2026-05-25T08:00:55.503+0000] {etl_pipeline.py:63} INFO - Rows after transform: 100
[2026-05-25T08:00:55.505+0000] {etl_pipeline.py:64} INFO - Transform task completed
[2026-05-25T08:00:55.508+0000] {python.py:237} INFO - Done. Returned value was: None
[2026-05-25T08:00:55.510+0000] {taskinstance.py:441} INFO - ::group::Post task execution logs
[2026-05-25T08:00:55.535+0000] {taskinstance.py:1206} INFO - Marking task as SUCCESS. dag_id=etl_pipeline, task_id=transform, run_id=manual__2026-05-25T08:00:16.944356+00:00, execution_date=20260525T080016, start_date=20260525T080054, end_date=20260525T080055
[2026-05-25T08:00:55.628+0000] {local_task_job_runner.py:243} INFO - Task exited with return code 0
[2026-05-25T08:00:55.753+0000] {taskinstance.py:3503} INFO - 0 downstream tasks scheduled from follow-on schedule check
[2026-05-25T08:00:55.759+0000] {local_task_job_runner.py:222} INFO - ::endgroup::
