[2026-05-19T10:13:25.400+0000] {local_task_job_runner.py:120} INFO - ::group::Pre task execution logs
[2026-05-19T10:13:25.437+0000] {taskinstance.py:2076} INFO - Dependencies all met for dep_context=non-requeueable deps ti=<TaskInstance: etl_pipeline.transform manual__2026-05-19T10:12:47.067032+00:00 [queued]>
[2026-05-19T10:13:25.450+0000] {taskinstance.py:2076} INFO - Dependencies all met for dep_context=requeueable deps ti=<TaskInstance: etl_pipeline.transform manual__2026-05-19T10:12:47.067032+00:00 [queued]>
[2026-05-19T10:13:25.451+0000] {taskinstance.py:2306} INFO - Starting attempt 1 of 1
[2026-05-19T10:13:25.472+0000] {taskinstance.py:2330} INFO - Executing <Task(PythonOperator): transform> on 2026-05-19 10:12:47.067032+00:00
[2026-05-19T10:13:25.486+0000] {warnings.py:112} WARNING - /home/***/.local/lib/python3.12/site-packages/***/task/task_runner/standard_task_runner.py:62: DeprecationWarning: This process (pid=104) is multi-threaded, use of fork() may lead to deadlocks in the child.
  pid = os.fork()

[2026-05-19T10:13:25.490+0000] {standard_task_runner.py:64} INFO - Started process 106 to run task
[2026-05-19T10:13:25.490+0000] {standard_task_runner.py:90} INFO - Running: ['***', 'tasks', 'run', 'etl_pipeline', 'transform', 'manual__2026-05-19T10:12:47.067032+00:00', '--job-id', '19', '--raw', '--subdir', 'DAGS_FOLDER/etl_pipeline.py', '--cfg-path', '/tmp/tmp58q37cdr']
[2026-05-19T10:13:25.493+0000] {standard_task_runner.py:91} INFO - Job 19: Subtask transform
[2026-05-19T10:13:25.717+0000] {task_command.py:426} INFO - Running <TaskInstance: etl_pipeline.transform manual__2026-05-19T10:12:47.067032+00:00 [running]> on host 0e1ffd8833ec
[2026-05-19T10:13:25.877+0000] {taskinstance.py:2648} INFO - Exporting env vars: AIRFLOW_CTX_DAG_OWNER='***' AIRFLOW_CTX_DAG_ID='etl_pipeline' AIRFLOW_CTX_TASK_ID='transform' AIRFLOW_CTX_EXECUTION_DATE='2026-05-19T10:12:47.067032+00:00' AIRFLOW_CTX_TRY_NUMBER='1' AIRFLOW_CTX_DAG_RUN_ID='manual__2026-05-19T10:12:47.067032+00:00'
[2026-05-19T10:13:25.880+0000] {taskinstance.py:430} INFO - ::endgroup::
[2026-05-19T10:13:25.958+0000] {logging_mixin.py:188} INFO - Data transformed
[2026-05-19T10:13:25.959+0000] {python.py:237} INFO - Done. Returned value was: None
[2026-05-19T10:13:25.972+0000] {taskinstance.py:441} INFO - ::group::Post task execution logs
[2026-05-19T10:13:26.011+0000] {taskinstance.py:1206} INFO - Marking task as SUCCESS. dag_id=etl_pipeline, task_id=transform, run_id=manual__2026-05-19T10:12:47.067032+00:00, execution_date=20260519T101247, start_date=20260519T101325, end_date=20260519T101326
[2026-05-19T10:13:26.077+0000] {local_task_job_runner.py:243} INFO - Task exited with return code 0
[2026-05-19T10:13:26.118+0000] {taskinstance.py:3503} INFO - 1 downstream tasks scheduled from follow-on schedule check
[2026-05-19T10:13:26.121+0000] {local_task_job_runner.py:222} INFO - ::endgroup::
