[2026-05-25T08:01:15.599+0000] {local_task_job_runner.py:120} INFO - ::group::Pre task execution logs
[2026-05-25T08:01:15.663+0000] {taskinstance.py:2076} INFO - Dependencies all met for dep_context=non-requeueable deps ti=<TaskInstance: etl_pipeline.analytics manual__2026-05-25T08:00:16.944356+00:00 [queued]>
[2026-05-25T08:01:15.678+0000] {taskinstance.py:2076} INFO - Dependencies all met for dep_context=requeueable deps ti=<TaskInstance: etl_pipeline.analytics manual__2026-05-25T08:00:16.944356+00:00 [queued]>
[2026-05-25T08:01:15.679+0000] {taskinstance.py:2306} INFO - Starting attempt 1 of 1
[2026-05-25T08:01:15.699+0000] {taskinstance.py:2330} INFO - Executing <Task(PythonOperator): analytics> on 2026-05-25 08:00:16.944356+00:00
[2026-05-25T08:01:15.722+0000] {warnings.py:112} WARNING - /home/***/.local/lib/python3.12/site-packages/***/task/task_runner/standard_task_runner.py:62: DeprecationWarning: This process (pid=177) is multi-threaded, use of fork() may lead to deadlocks in the child.
  pid = os.fork()

[2026-05-25T08:01:15.725+0000] {standard_task_runner.py:64} INFO - Started process 179 to run task
[2026-05-25T08:01:15.725+0000] {standard_task_runner.py:90} INFO - Running: ['***', 'tasks', 'run', 'etl_pipeline', 'analytics', 'manual__2026-05-25T08:00:16.944356+00:00', '--job-id', '11', '--raw', '--subdir', 'DAGS_FOLDER/etl_pipeline.py', '--cfg-path', '/tmp/tmpckfezi_g']
[2026-05-25T08:01:15.727+0000] {standard_task_runner.py:91} INFO - Job 11: Subtask analytics
[2026-05-25T08:01:15.824+0000] {task_command.py:426} INFO - Running <TaskInstance: etl_pipeline.analytics manual__2026-05-25T08:00:16.944356+00:00 [running]> on host d7ff6c5e4fd4
[2026-05-25T08:01:15.979+0000] {taskinstance.py:2648} INFO - Exporting env vars: AIRFLOW_CTX_DAG_OWNER='***' AIRFLOW_CTX_DAG_ID='etl_pipeline' AIRFLOW_CTX_TASK_ID='analytics' AIRFLOW_CTX_EXECUTION_DATE='2026-05-25T08:00:16.944356+00:00' AIRFLOW_CTX_TRY_NUMBER='1' AIRFLOW_CTX_DAG_RUN_ID='manual__2026-05-25T08:00:16.944356+00:00'
[2026-05-25T08:01:15.982+0000] {taskinstance.py:430} INFO - ::endgroup::
[2026-05-25T08:01:15.983+0000] {etl_pipeline.py:160} INFO - Starting analytics task
[2026-05-25T08:01:16.020+0000] {etl_pipeline.py:187} INFO - Analytics table created
[2026-05-25T08:01:16.022+0000] {python.py:237} INFO - Done. Returned value was: None
[2026-05-25T08:01:16.023+0000] {taskinstance.py:441} INFO - ::group::Post task execution logs
[2026-05-25T08:01:16.048+0000] {taskinstance.py:1206} INFO - Marking task as SUCCESS. dag_id=etl_pipeline, task_id=analytics, run_id=manual__2026-05-25T08:00:16.944356+00:00, execution_date=20260525T080016, start_date=20260525T080115, end_date=20260525T080116
[2026-05-25T08:01:16.143+0000] {local_task_job_runner.py:243} INFO - Task exited with return code 0
[2026-05-25T08:01:16.189+0000] {taskinstance.py:3503} INFO - 0 downstream tasks scheduled from follow-on schedule check
[2026-05-25T08:01:16.193+0000] {local_task_job_runner.py:222} INFO - ::endgroup::
