[2026-05-21T08:18:53.137+0000] {local_task_job_runner.py:120} INFO - ::group::Pre task execution logs
[2026-05-21T08:18:53.216+0000] {taskinstance.py:2076} INFO - Dependencies all met for dep_context=non-requeueable deps ti=<TaskInstance: etl_pipeline.transform manual__2026-05-21T08:18:15.198482+00:00 [queued]>
[2026-05-21T08:18:53.247+0000] {taskinstance.py:2076} INFO - Dependencies all met for dep_context=requeueable deps ti=<TaskInstance: etl_pipeline.transform manual__2026-05-21T08:18:15.198482+00:00 [queued]>
[2026-05-21T08:18:53.249+0000] {taskinstance.py:2306} INFO - Starting attempt 1 of 1
[2026-05-21T08:18:53.305+0000] {taskinstance.py:2330} INFO - Executing <Task(PythonOperator): transform> on 2026-05-21 08:18:15.198482+00:00
[2026-05-21T08:18:53.351+0000] {warnings.py:112} WARNING - /home/***/.local/lib/python3.12/site-packages/***/task/task_runner/standard_task_runner.py:62: DeprecationWarning: This process (pid=368) is multi-threaded, use of fork() may lead to deadlocks in the child.
  pid = os.fork()

[2026-05-21T08:18:53.359+0000] {standard_task_runner.py:64} INFO - Started process 370 to run task
[2026-05-21T08:18:53.357+0000] {standard_task_runner.py:90} INFO - Running: ['***', 'tasks', 'run', 'etl_pipeline', 'transform', 'manual__2026-05-21T08:18:15.198482+00:00', '--job-id', '30', '--raw', '--subdir', 'DAGS_FOLDER/etl_pipeline.py', '--cfg-path', '/tmp/tmp2edgy249']
[2026-05-21T08:18:53.363+0000] {standard_task_runner.py:91} INFO - Job 30: Subtask transform
[2026-05-21T08:18:53.560+0000] {task_command.py:426} INFO - Running <TaskInstance: etl_pipeline.transform manual__2026-05-21T08:18:15.198482+00:00 [running]> on host 5ba7bbe8d6ee
[2026-05-21T08:18:54.059+0000] {taskinstance.py:2648} INFO - Exporting env vars: AIRFLOW_CTX_DAG_OWNER='***' AIRFLOW_CTX_DAG_ID='etl_pipeline' AIRFLOW_CTX_TASK_ID='transform' AIRFLOW_CTX_EXECUTION_DATE='2026-05-21T08:18:15.198482+00:00' AIRFLOW_CTX_TRY_NUMBER='1' AIRFLOW_CTX_DAG_RUN_ID='manual__2026-05-21T08:18:15.198482+00:00'
[2026-05-21T08:18:54.063+0000] {taskinstance.py:430} INFO - ::endgroup::
[2026-05-21T08:18:54.146+0000] {logging_mixin.py:188} INFO - Data transformed
[2026-05-21T08:18:54.148+0000] {python.py:237} INFO - Done. Returned value was: None
[2026-05-21T08:18:54.149+0000] {taskinstance.py:441} INFO - ::group::Post task execution logs
[2026-05-21T08:18:54.177+0000] {taskinstance.py:1206} INFO - Marking task as SUCCESS. dag_id=etl_pipeline, task_id=transform, run_id=manual__2026-05-21T08:18:15.198482+00:00, execution_date=20260521T081815, start_date=20260521T081853, end_date=20260521T081854
[2026-05-21T08:18:54.250+0000] {local_task_job_runner.py:243} INFO - Task exited with return code 0
[2026-05-21T08:18:54.321+0000] {taskinstance.py:3503} INFO - 1 downstream tasks scheduled from follow-on schedule check
[2026-05-21T08:18:54.329+0000] {local_task_job_runner.py:222} INFO - ::endgroup::
