[2026-05-21T13:05:23.574+0000] {local_task_job_runner.py:120} INFO - ::group::Pre task execution logs
[2026-05-21T13:05:23.611+0000] {taskinstance.py:2076} INFO - Dependencies all met for dep_context=non-requeueable deps ti=<TaskInstance: etl_pipeline.data_quality manual__2026-05-21T13:05:00.639539+00:00 [queued]>
[2026-05-21T13:05:23.622+0000] {taskinstance.py:2076} INFO - Dependencies all met for dep_context=requeueable deps ti=<TaskInstance: etl_pipeline.data_quality manual__2026-05-21T13:05:00.639539+00:00 [queued]>
[2026-05-21T13:05:23.624+0000] {taskinstance.py:2306} INFO - Starting attempt 1 of 1
[2026-05-21T13:05:23.643+0000] {taskinstance.py:2330} INFO - Executing <Task(PythonOperator): data_quality> on 2026-05-21 13:05:00.639539+00:00
[2026-05-21T13:05:23.654+0000] {warnings.py:112} WARNING - /home/***/.local/lib/python3.12/site-packages/***/task/task_runner/standard_task_runner.py:62: DeprecationWarning: This process (pid=2466) is multi-threaded, use of fork() may lead to deadlocks in the child.
  pid = os.fork()

[2026-05-21T13:05:23.659+0000] {standard_task_runner.py:64} INFO - Started process 2468 to run task
[2026-05-21T13:05:23.659+0000] {standard_task_runner.py:90} INFO - Running: ['***', 'tasks', 'run', 'etl_pipeline', 'data_quality', 'manual__2026-05-21T13:05:00.639539+00:00', '--job-id', '103', '--raw', '--subdir', 'DAGS_FOLDER/etl_pipeline.py', '--cfg-path', '/tmp/tmpv30o6toa']
[2026-05-21T13:05:23.661+0000] {standard_task_runner.py:91} INFO - Job 103: Subtask data_quality
[2026-05-21T13:05:23.750+0000] {task_command.py:426} INFO - Running <TaskInstance: etl_pipeline.data_quality manual__2026-05-21T13:05:00.639539+00:00 [running]> on host 5ba7bbe8d6ee
[2026-05-21T13:05:23.894+0000] {taskinstance.py:2648} INFO - Exporting env vars: AIRFLOW_CTX_DAG_OWNER='***' AIRFLOW_CTX_DAG_ID='etl_pipeline' AIRFLOW_CTX_TASK_ID='data_quality' AIRFLOW_CTX_EXECUTION_DATE='2026-05-21T13:05:00.639539+00:00' AIRFLOW_CTX_TRY_NUMBER='1' AIRFLOW_CTX_DAG_RUN_ID='manual__2026-05-21T13:05:00.639539+00:00'
[2026-05-21T13:05:23.896+0000] {taskinstance.py:430} INFO - ::endgroup::
[2026-05-21T13:05:23.898+0000] {etl_pipeline.py:66} INFO - Starting data quality checks
[2026-05-21T13:05:23.920+0000] {etl_pipeline.py:88} INFO - Data quality checks passed
[2026-05-21T13:05:23.921+0000] {python.py:237} INFO - Done. Returned value was: None
[2026-05-21T13:05:23.922+0000] {taskinstance.py:441} INFO - ::group::Post task execution logs
[2026-05-21T13:05:23.936+0000] {taskinstance.py:1206} INFO - Marking task as SUCCESS. dag_id=etl_pipeline, task_id=data_quality, run_id=manual__2026-05-21T13:05:00.639539+00:00, execution_date=20260521T130500, start_date=20260521T130523, end_date=20260521T130523
[2026-05-21T13:05:23.996+0000] {local_task_job_runner.py:243} INFO - Task exited with return code 0
[2026-05-21T13:05:24.037+0000] {taskinstance.py:3503} INFO - 1 downstream tasks scheduled from follow-on schedule check
[2026-05-21T13:05:24.041+0000] {local_task_job_runner.py:222} INFO - ::endgroup::
