[2026-05-21T11:31:25.605+0000] {local_task_job_runner.py:120} INFO - ::group::Pre task execution logs
[2026-05-21T11:31:25.674+0000] {taskinstance.py:2076} INFO - Dependencies all met for dep_context=non-requeueable deps ti=<TaskInstance: etl_pipeline.load scheduled__2026-05-21T11:30:00+00:00 [queued]>
[2026-05-21T11:31:25.701+0000] {taskinstance.py:2076} INFO - Dependencies all met for dep_context=requeueable deps ti=<TaskInstance: etl_pipeline.load scheduled__2026-05-21T11:30:00+00:00 [queued]>
[2026-05-21T11:31:25.703+0000] {taskinstance.py:2306} INFO - Starting attempt 1 of 1
[2026-05-21T11:31:25.754+0000] {taskinstance.py:2330} INFO - Executing <Task(PythonOperator): load> on 2026-05-21 11:30:00+00:00
[2026-05-21T11:31:25.777+0000] {warnings.py:112} WARNING - /home/***/.local/lib/python3.12/site-packages/***/task/task_runner/standard_task_runner.py:62: DeprecationWarning: This process (pid=1306) is multi-threaded, use of fork() may lead to deadlocks in the child.
  pid = os.fork()

[2026-05-21T11:31:25.780+0000] {standard_task_runner.py:64} INFO - Started process 1308 to run task
[2026-05-21T11:31:25.782+0000] {standard_task_runner.py:90} INFO - Running: ['***', 'tasks', 'run', 'etl_pipeline', 'load', 'scheduled__2026-05-21T11:30:00+00:00', '--job-id', '88', '--raw', '--subdir', 'DAGS_FOLDER/etl_pipeline.py', '--cfg-path', '/tmp/tmplnwf_dfc']
[2026-05-21T11:31:25.784+0000] {standard_task_runner.py:91} INFO - Job 88: Subtask load
[2026-05-21T11:31:25.927+0000] {task_command.py:426} INFO - Running <TaskInstance: etl_pipeline.load scheduled__2026-05-21T11:30:00+00:00 [running]> on host 5ba7bbe8d6ee
[2026-05-21T11:31:26.137+0000] {taskinstance.py:2648} INFO - Exporting env vars: AIRFLOW_CTX_DAG_OWNER='***' AIRFLOW_CTX_DAG_ID='etl_pipeline' AIRFLOW_CTX_TASK_ID='load' AIRFLOW_CTX_EXECUTION_DATE='2026-05-21T11:30:00+00:00' AIRFLOW_CTX_TRY_NUMBER='1' AIRFLOW_CTX_DAG_RUN_ID='scheduled__2026-05-21T11:30:00+00:00'
[2026-05-21T11:31:26.142+0000] {taskinstance.py:430} INFO - ::endgroup::
[2026-05-21T11:31:26.397+0000] {logging_mixin.py:188} INFO - Loaded into PostgreSQL
[2026-05-21T11:31:26.404+0000] {python.py:237} INFO - Done. Returned value was: None
[2026-05-21T11:31:26.406+0000] {taskinstance.py:441} INFO - ::group::Post task execution logs
[2026-05-21T11:31:26.448+0000] {taskinstance.py:1206} INFO - Marking task as SUCCESS. dag_id=etl_pipeline, task_id=load, run_id=scheduled__2026-05-21T11:30:00+00:00, execution_date=20260521T113000, start_date=20260521T113125, end_date=20260521T113126
[2026-05-21T11:31:26.569+0000] {local_task_job_runner.py:243} INFO - Task exited with return code 0
[2026-05-21T11:31:26.681+0000] {taskinstance.py:3503} INFO - 1 downstream tasks scheduled from follow-on schedule check
[2026-05-21T11:31:26.685+0000] {local_task_job_runner.py:222} INFO - ::endgroup::
