[2026-05-25T06:48:51.414+0000] {local_task_job_runner.py:120} INFO - ::group::Pre task execution logs
[2026-05-25T06:48:51.515+0000] {taskinstance.py:2076} INFO - Dependencies all met for dep_context=non-requeueable deps ti=<TaskInstance: etl_pipeline.data_quality manual__2026-05-25T06:32:24.206342+00:00 [queued]>
[2026-05-25T06:48:51.547+0000] {taskinstance.py:2076} INFO - Dependencies all met for dep_context=requeueable deps ti=<TaskInstance: etl_pipeline.data_quality manual__2026-05-25T06:32:24.206342+00:00 [queued]>
[2026-05-25T06:48:51.551+0000] {taskinstance.py:2306} INFO - Starting attempt 1 of 1
[2026-05-25T06:48:51.590+0000] {taskinstance.py:2330} INFO - Executing <Task(PythonOperator): data_quality> on 2026-05-25 06:32:24.206342+00:00
[2026-05-25T06:48:51.613+0000] {warnings.py:112} WARNING - /home/***/.local/lib/python3.12/site-packages/***/task/task_runner/standard_task_runner.py:62: DeprecationWarning: This process (pid=167) is multi-threaded, use of fork() may lead to deadlocks in the child.
  pid = os.fork()

[2026-05-25T06:48:51.617+0000] {standard_task_runner.py:64} INFO - Started process 169 to run task
[2026-05-25T06:48:51.617+0000] {standard_task_runner.py:90} INFO - Running: ['***', 'tasks', 'run', 'etl_pipeline', 'data_quality', 'manual__2026-05-25T06:32:24.206342+00:00', '--job-id', '147', '--raw', '--subdir', 'DAGS_FOLDER/etl_pipeline.py', '--cfg-path', '/tmp/tmpe9a9435p']
[2026-05-25T06:48:51.619+0000] {standard_task_runner.py:91} INFO - Job 147: Subtask data_quality
[2026-05-25T06:48:51.781+0000] {task_command.py:426} INFO - Running <TaskInstance: etl_pipeline.data_quality manual__2026-05-25T06:32:24.206342+00:00 [running]> on host 48047269a071
[2026-05-25T06:48:52.081+0000] {taskinstance.py:2648} INFO - Exporting env vars: AIRFLOW_CTX_DAG_OWNER='***' AIRFLOW_CTX_DAG_ID='etl_pipeline' AIRFLOW_CTX_TASK_ID='data_quality' AIRFLOW_CTX_EXECUTION_DATE='2026-05-25T06:32:24.206342+00:00' AIRFLOW_CTX_TRY_NUMBER='1' AIRFLOW_CTX_DAG_RUN_ID='manual__2026-05-25T06:32:24.206342+00:00'
[2026-05-25T06:48:52.085+0000] {taskinstance.py:430} INFO - ::endgroup::
[2026-05-25T06:48:52.086+0000] {etl_pipeline.py:69} INFO - Starting data quality checks
[2026-05-25T06:48:52.116+0000] {etl_pipeline.py:91} INFO - Data quality checks passed
[2026-05-25T06:48:52.118+0000] {python.py:237} INFO - Done. Returned value was: None
[2026-05-25T06:48:52.119+0000] {taskinstance.py:441} INFO - ::group::Post task execution logs
[2026-05-25T06:48:52.140+0000] {taskinstance.py:1206} INFO - Marking task as SUCCESS. dag_id=etl_pipeline, task_id=data_quality, run_id=manual__2026-05-25T06:32:24.206342+00:00, execution_date=20260525T063224, start_date=20260525T064851, end_date=20260525T064852
[2026-05-25T06:48:52.200+0000] {local_task_job_runner.py:243} INFO - Task exited with return code 0
[2026-05-25T06:48:52.261+0000] {taskinstance.py:3503} INFO - 1 downstream tasks scheduled from follow-on schedule check
[2026-05-25T06:48:52.265+0000] {local_task_job_runner.py:222} INFO - ::endgroup::
