[2026-05-20T08:07:23.546+0000] {processor.py:161} INFO - Started process (PID=108) to work on /home/airflow/.local/lib/python3.12/site-packages/airflow/example_dags/example_sla_dag.py
[2026-05-20T08:07:23.559+0000] {processor.py:830} INFO - Processing file /home/airflow/.local/lib/python3.12/site-packages/airflow/example_dags/example_sla_dag.py for tasks to queue
[2026-05-20T08:07:23.582+0000] {logging_mixin.py:188} INFO - [2026-05-20T08:07:23.580+0000] {dagbag.py:545} INFO - Filling up the DagBag from /home/airflow/.local/lib/python3.12/site-packages/airflow/example_dags/example_sla_dag.py
[2026-05-20T08:07:23.707+0000] {processor.py:840} INFO - DAG(s) 'example_sla_dag' retrieved from /home/airflow/.local/lib/python3.12/site-packages/airflow/example_dags/example_sla_dag.py
[2026-05-20T08:07:24.473+0000] {logging_mixin.py:188} INFO - [2026-05-20T08:07:24.472+0000] {dag.py:3089} INFO - Sync 1 DAGs
[2026-05-20T08:07:24.656+0000] {logging_mixin.py:188} INFO - [2026-05-20T08:07:24.655+0000] {dag.py:3947} INFO - Setting next_dagrun for example_sla_dag to 2026-05-20 08:04:00+00:00, run_after=2026-05-20 08:06:00+00:00
[2026-05-20T08:07:24.767+0000] {processor.py:183} INFO - Processing /home/airflow/.local/lib/python3.12/site-packages/airflow/example_dags/example_sla_dag.py took 1.254 seconds
[2026-05-20T08:08:12.788+0000] {processor.py:161} INFO - Started process (PID=176) to work on /home/airflow/.local/lib/python3.12/site-packages/airflow/example_dags/example_sla_dag.py
[2026-05-20T08:08:12.792+0000] {processor.py:830} INFO - Processing file /home/airflow/.local/lib/python3.12/site-packages/airflow/example_dags/example_sla_dag.py for tasks to queue
[2026-05-20T08:08:12.805+0000] {logging_mixin.py:188} INFO - [2026-05-20T08:08:12.803+0000] {dagbag.py:545} INFO - Filling up the DagBag from /home/airflow/.local/lib/python3.12/site-packages/airflow/example_dags/example_sla_dag.py
[2026-05-20T08:08:12.849+0000] {processor.py:840} INFO - DAG(s) 'example_sla_dag' retrieved from /home/airflow/.local/lib/python3.12/site-packages/airflow/example_dags/example_sla_dag.py
[2026-05-20T08:08:12.967+0000] {logging_mixin.py:188} INFO - [2026-05-20T08:08:12.966+0000] {dag.py:3089} INFO - Sync 1 DAGs
[2026-05-20T08:08:13.077+0000] {logging_mixin.py:188} INFO - [2026-05-20T08:08:13.075+0000] {dag.py:3947} INFO - Setting next_dagrun for example_sla_dag to 2026-05-20 08:06:00+00:00, run_after=2026-05-20 08:08:00+00:00
[2026-05-20T08:08:13.176+0000] {processor.py:183} INFO - Processing /home/airflow/.local/lib/python3.12/site-packages/airflow/example_dags/example_sla_dag.py took 0.414 seconds
[2026-05-20T08:08:45.853+0000] {processor.py:161} INFO - Started process (PID=235) to work on /home/airflow/.local/lib/python3.12/site-packages/airflow/example_dags/example_sla_dag.py
[2026-05-20T08:08:45.854+0000] {processor.py:830} INFO - Processing file /home/airflow/.local/lib/python3.12/site-packages/airflow/example_dags/example_sla_dag.py for tasks to queue
[2026-05-20T08:08:45.858+0000] {logging_mixin.py:188} INFO - [2026-05-20T08:08:45.858+0000] {dagbag.py:545} INFO - Filling up the DagBag from /home/airflow/.local/lib/python3.12/site-packages/airflow/example_dags/example_sla_dag.py
[2026-05-20T08:08:45.874+0000] {processor.py:840} INFO - DAG(s) 'example_sla_dag' retrieved from /home/airflow/.local/lib/python3.12/site-packages/airflow/example_dags/example_sla_dag.py
[2026-05-20T08:08:45.912+0000] {logging_mixin.py:188} INFO - [2026-05-20T08:08:45.911+0000] {dag.py:3089} INFO - Sync 1 DAGs
[2026-05-20T08:08:45.955+0000] {logging_mixin.py:188} INFO - [2026-05-20T08:08:45.954+0000] {dag.py:3947} INFO - Setting next_dagrun for example_sla_dag to 2026-05-20 08:06:00+00:00, run_after=2026-05-20 08:08:00+00:00
[2026-05-20T08:08:46.017+0000] {processor.py:183} INFO - Processing /home/airflow/.local/lib/python3.12/site-packages/airflow/example_dags/example_sla_dag.py took 0.178 seconds
[2026-05-20T08:09:16.325+0000] {processor.py:161} INFO - Started process (PID=294) to work on /home/airflow/.local/lib/python3.12/site-packages/airflow/example_dags/example_sla_dag.py
[2026-05-20T08:09:16.327+0000] {processor.py:830} INFO - Processing file /home/airflow/.local/lib/python3.12/site-packages/airflow/example_dags/example_sla_dag.py for tasks to queue
[2026-05-20T08:09:16.330+0000] {logging_mixin.py:188} INFO - [2026-05-20T08:09:16.330+0000] {dagbag.py:545} INFO - Filling up the DagBag from /home/airflow/.local/lib/python3.12/site-packages/airflow/example_dags/example_sla_dag.py
[2026-05-20T08:09:16.344+0000] {processor.py:840} INFO - DAG(s) 'example_sla_dag' retrieved from /home/airflow/.local/lib/python3.12/site-packages/airflow/example_dags/example_sla_dag.py
[2026-05-20T08:09:16.378+0000] {logging_mixin.py:188} INFO - [2026-05-20T08:09:16.378+0000] {dag.py:3089} INFO - Sync 1 DAGs
[2026-05-20T08:09:16.421+0000] {logging_mixin.py:188} INFO - [2026-05-20T08:09:16.420+0000] {dag.py:3947} INFO - Setting next_dagrun for example_sla_dag to 2026-05-20 08:06:00+00:00, run_after=2026-05-20 08:08:00+00:00
[2026-05-20T08:09:16.542+0000] {processor.py:183} INFO - Processing /home/airflow/.local/lib/python3.12/site-packages/airflow/example_dags/example_sla_dag.py took 0.226 seconds
[2026-05-20T08:09:47.714+0000] {processor.py:161} INFO - Started process (PID=354) to work on /home/airflow/.local/lib/python3.12/site-packages/airflow/example_dags/example_sla_dag.py
[2026-05-20T08:09:47.731+0000] {processor.py:830} INFO - Processing file /home/airflow/.local/lib/python3.12/site-packages/airflow/example_dags/example_sla_dag.py for tasks to queue
[2026-05-20T08:09:47.737+0000] {logging_mixin.py:188} INFO - [2026-05-20T08:09:47.736+0000] {dagbag.py:545} INFO - Filling up the DagBag from /home/airflow/.local/lib/python3.12/site-packages/airflow/example_dags/example_sla_dag.py
[2026-05-20T08:09:47.776+0000] {processor.py:840} INFO - DAG(s) 'example_sla_dag' retrieved from /home/airflow/.local/lib/python3.12/site-packages/airflow/example_dags/example_sla_dag.py
[2026-05-20T08:09:47.847+0000] {logging_mixin.py:188} INFO - [2026-05-20T08:09:47.847+0000] {dag.py:3089} INFO - Sync 1 DAGs
[2026-05-20T08:09:47.896+0000] {logging_mixin.py:188} INFO - [2026-05-20T08:09:47.895+0000] {dag.py:3947} INFO - Setting next_dagrun for example_sla_dag to 2026-05-20 08:06:00+00:00, run_after=2026-05-20 08:08:00+00:00
[2026-05-20T08:09:47.944+0000] {processor.py:183} INFO - Processing /home/airflow/.local/lib/python3.12/site-packages/airflow/example_dags/example_sla_dag.py took 0.252 seconds
[2026-05-20T08:10:22.895+0000] {processor.py:161} INFO - Started process (PID=414) to work on /home/airflow/.local/lib/python3.12/site-packages/airflow/example_dags/example_sla_dag.py
[2026-05-20T08:10:22.898+0000] {processor.py:830} INFO - Processing file /home/airflow/.local/lib/python3.12/site-packages/airflow/example_dags/example_sla_dag.py for tasks to queue
[2026-05-20T08:10:22.904+0000] {logging_mixin.py:188} INFO - [2026-05-20T08:10:22.903+0000] {dagbag.py:545} INFO - Filling up the DagBag from /home/airflow/.local/lib/python3.12/site-packages/airflow/example_dags/example_sla_dag.py
[2026-05-20T08:10:22.940+0000] {processor.py:840} INFO - DAG(s) 'example_sla_dag' retrieved from /home/airflow/.local/lib/python3.12/site-packages/airflow/example_dags/example_sla_dag.py
[2026-05-20T08:10:22.997+0000] {logging_mixin.py:188} INFO - [2026-05-20T08:10:22.997+0000] {dag.py:3089} INFO - Sync 1 DAGs
[2026-05-20T08:10:23.079+0000] {logging_mixin.py:188} INFO - [2026-05-20T08:10:23.078+0000] {dag.py:3947} INFO - Setting next_dagrun for example_sla_dag to 2026-05-20 08:08:00+00:00, run_after=2026-05-20 08:10:00+00:00
[2026-05-20T08:10:23.136+0000] {processor.py:183} INFO - Processing /home/airflow/.local/lib/python3.12/site-packages/airflow/example_dags/example_sla_dag.py took 0.270 seconds
[2026-05-20T08:10:54.283+0000] {processor.py:161} INFO - Started process (PID=473) to work on /home/airflow/.local/lib/python3.12/site-packages/airflow/example_dags/example_sla_dag.py
[2026-05-20T08:10:54.285+0000] {processor.py:830} INFO - Processing file /home/airflow/.local/lib/python3.12/site-packages/airflow/example_dags/example_sla_dag.py for tasks to queue
[2026-05-20T08:10:54.289+0000] {logging_mixin.py:188} INFO - [2026-05-20T08:10:54.288+0000] {dagbag.py:545} INFO - Filling up the DagBag from /home/airflow/.local/lib/python3.12/site-packages/airflow/example_dags/example_sla_dag.py
[2026-05-20T08:10:54.304+0000] {processor.py:840} INFO - DAG(s) 'example_sla_dag' retrieved from /home/airflow/.local/lib/python3.12/site-packages/airflow/example_dags/example_sla_dag.py
[2026-05-20T08:10:54.342+0000] {logging_mixin.py:188} INFO - [2026-05-20T08:10:54.341+0000] {dag.py:3089} INFO - Sync 1 DAGs
[2026-05-20T08:10:54.381+0000] {logging_mixin.py:188} INFO - [2026-05-20T08:10:54.380+0000] {dag.py:3947} INFO - Setting next_dagrun for example_sla_dag to 2026-05-20 08:08:00+00:00, run_after=2026-05-20 08:10:00+00:00
[2026-05-20T08:10:54.421+0000] {processor.py:183} INFO - Processing /home/airflow/.local/lib/python3.12/site-packages/airflow/example_dags/example_sla_dag.py took 0.149 seconds
[2026-05-20T08:11:25.354+0000] {processor.py:161} INFO - Started process (PID=534) to work on /home/airflow/.local/lib/python3.12/site-packages/airflow/example_dags/example_sla_dag.py
[2026-05-20T08:11:25.356+0000] {processor.py:830} INFO - Processing file /home/airflow/.local/lib/python3.12/site-packages/airflow/example_dags/example_sla_dag.py for tasks to queue
[2026-05-20T08:11:25.361+0000] {logging_mixin.py:188} INFO - [2026-05-20T08:11:25.360+0000] {dagbag.py:545} INFO - Filling up the DagBag from /home/airflow/.local/lib/python3.12/site-packages/airflow/example_dags/example_sla_dag.py
[2026-05-20T08:11:25.383+0000] {processor.py:840} INFO - DAG(s) 'example_sla_dag' retrieved from /home/airflow/.local/lib/python3.12/site-packages/airflow/example_dags/example_sla_dag.py
[2026-05-20T08:11:25.430+0000] {logging_mixin.py:188} INFO - [2026-05-20T08:11:25.430+0000] {dag.py:3089} INFO - Sync 1 DAGs
[2026-05-20T08:11:25.477+0000] {logging_mixin.py:188} INFO - [2026-05-20T08:11:25.477+0000] {dag.py:3947} INFO - Setting next_dagrun for example_sla_dag to 2026-05-20 08:08:00+00:00, run_after=2026-05-20 08:10:00+00:00
[2026-05-20T08:11:25.523+0000] {processor.py:183} INFO - Processing /home/airflow/.local/lib/python3.12/site-packages/airflow/example_dags/example_sla_dag.py took 0.185 seconds
[2026-05-20T08:11:56.332+0000] {processor.py:161} INFO - Started process (PID=592) to work on /home/airflow/.local/lib/python3.12/site-packages/airflow/example_dags/example_sla_dag.py
[2026-05-20T08:11:56.334+0000] {processor.py:830} INFO - Processing file /home/airflow/.local/lib/python3.12/site-packages/airflow/example_dags/example_sla_dag.py for tasks to queue
[2026-05-20T08:11:56.338+0000] {logging_mixin.py:188} INFO - [2026-05-20T08:11:56.338+0000] {dagbag.py:545} INFO - Filling up the DagBag from /home/airflow/.local/lib/python3.12/site-packages/airflow/example_dags/example_sla_dag.py
[2026-05-20T08:11:56.362+0000] {processor.py:840} INFO - DAG(s) 'example_sla_dag' retrieved from /home/airflow/.local/lib/python3.12/site-packages/airflow/example_dags/example_sla_dag.py
[2026-05-20T08:11:56.402+0000] {logging_mixin.py:188} INFO - [2026-05-20T08:11:56.401+0000] {dag.py:3089} INFO - Sync 1 DAGs
[2026-05-20T08:11:56.481+0000] {logging_mixin.py:188} INFO - [2026-05-20T08:11:56.480+0000] {dag.py:3947} INFO - Setting next_dagrun for example_sla_dag to 2026-05-20 08:08:00+00:00, run_after=2026-05-20 08:10:00+00:00
[2026-05-20T08:11:56.555+0000] {processor.py:183} INFO - Processing /home/airflow/.local/lib/python3.12/site-packages/airflow/example_dags/example_sla_dag.py took 0.239 seconds
[2026-05-20T08:12:27.458+0000] {processor.py:161} INFO - Started process (PID=652) to work on /home/airflow/.local/lib/python3.12/site-packages/airflow/example_dags/example_sla_dag.py
[2026-05-20T08:12:27.460+0000] {processor.py:830} INFO - Processing file /home/airflow/.local/lib/python3.12/site-packages/airflow/example_dags/example_sla_dag.py for tasks to queue
[2026-05-20T08:12:27.464+0000] {logging_mixin.py:188} INFO - [2026-05-20T08:12:27.463+0000] {dagbag.py:545} INFO - Filling up the DagBag from /home/airflow/.local/lib/python3.12/site-packages/airflow/example_dags/example_sla_dag.py
[2026-05-20T08:12:27.477+0000] {processor.py:840} INFO - DAG(s) 'example_sla_dag' retrieved from /home/airflow/.local/lib/python3.12/site-packages/airflow/example_dags/example_sla_dag.py
[2026-05-20T08:12:27.512+0000] {logging_mixin.py:188} INFO - [2026-05-20T08:12:27.512+0000] {dag.py:3089} INFO - Sync 1 DAGs
[2026-05-20T08:12:27.558+0000] {logging_mixin.py:188} INFO - [2026-05-20T08:12:27.557+0000] {dag.py:3947} INFO - Setting next_dagrun for example_sla_dag to 2026-05-20 08:10:00+00:00, run_after=2026-05-20 08:12:00+00:00
[2026-05-20T08:12:27.597+0000] {processor.py:183} INFO - Processing /home/airflow/.local/lib/python3.12/site-packages/airflow/example_dags/example_sla_dag.py took 0.150 seconds
[2026-05-20T08:12:58.409+0000] {processor.py:161} INFO - Started process (PID=712) to work on /home/airflow/.local/lib/python3.12/site-packages/airflow/example_dags/example_sla_dag.py
[2026-05-20T08:12:58.413+0000] {processor.py:830} INFO - Processing file /home/airflow/.local/lib/python3.12/site-packages/airflow/example_dags/example_sla_dag.py for tasks to queue
[2026-05-20T08:12:58.420+0000] {logging_mixin.py:188} INFO - [2026-05-20T08:12:58.418+0000] {dagbag.py:545} INFO - Filling up the DagBag from /home/airflow/.local/lib/python3.12/site-packages/airflow/example_dags/example_sla_dag.py
[2026-05-20T08:12:58.456+0000] {processor.py:840} INFO - DAG(s) 'example_sla_dag' retrieved from /home/airflow/.local/lib/python3.12/site-packages/airflow/example_dags/example_sla_dag.py
[2026-05-20T08:12:58.637+0000] {logging_mixin.py:188} INFO - [2026-05-20T08:12:58.637+0000] {dag.py:3089} INFO - Sync 1 DAGs
[2026-05-20T08:12:58.699+0000] {logging_mixin.py:188} INFO - [2026-05-20T08:12:58.698+0000] {dag.py:3947} INFO - Setting next_dagrun for example_sla_dag to 2026-05-20 08:10:00+00:00, run_after=2026-05-20 08:12:00+00:00
[2026-05-20T08:12:58.773+0000] {processor.py:183} INFO - Processing /home/airflow/.local/lib/python3.12/site-packages/airflow/example_dags/example_sla_dag.py took 0.387 seconds
[2026-05-20T08:13:37.534+0000] {processor.py:161} INFO - Started process (PID=778) to work on /home/airflow/.local/lib/python3.12/site-packages/airflow/example_dags/example_sla_dag.py
[2026-05-20T08:13:37.542+0000] {processor.py:830} INFO - Processing file /home/airflow/.local/lib/python3.12/site-packages/airflow/example_dags/example_sla_dag.py for tasks to queue
[2026-05-20T08:13:37.562+0000] {logging_mixin.py:188} INFO - [2026-05-20T08:13:37.557+0000] {dagbag.py:545} INFO - Filling up the DagBag from /home/airflow/.local/lib/python3.12/site-packages/airflow/example_dags/example_sla_dag.py
[2026-05-20T08:13:37.617+0000] {processor.py:840} INFO - DAG(s) 'example_sla_dag' retrieved from /home/airflow/.local/lib/python3.12/site-packages/airflow/example_dags/example_sla_dag.py
[2026-05-20T08:13:37.773+0000] {logging_mixin.py:188} INFO - [2026-05-20T08:13:37.772+0000] {dag.py:3089} INFO - Sync 1 DAGs
[2026-05-20T08:13:37.937+0000] {logging_mixin.py:188} INFO - [2026-05-20T08:13:37.936+0000] {dag.py:3947} INFO - Setting next_dagrun for example_sla_dag to 2026-05-20 08:10:00+00:00, run_after=2026-05-20 08:12:00+00:00
[2026-05-20T08:13:38.135+0000] {processor.py:183} INFO - Processing /home/airflow/.local/lib/python3.12/site-packages/airflow/example_dags/example_sla_dag.py took 0.629 seconds
[2026-05-20T08:14:14.640+0000] {processor.py:161} INFO - Started process (PID=838) to work on /home/airflow/.local/lib/python3.12/site-packages/airflow/example_dags/example_sla_dag.py
[2026-05-20T08:14:14.644+0000] {processor.py:830} INFO - Processing file /home/airflow/.local/lib/python3.12/site-packages/airflow/example_dags/example_sla_dag.py for tasks to queue
[2026-05-20T08:14:14.650+0000] {logging_mixin.py:188} INFO - [2026-05-20T08:14:14.649+0000] {dagbag.py:545} INFO - Filling up the DagBag from /home/airflow/.local/lib/python3.12/site-packages/airflow/example_dags/example_sla_dag.py
[2026-05-20T08:14:14.702+0000] {processor.py:840} INFO - DAG(s) 'example_sla_dag' retrieved from /home/airflow/.local/lib/python3.12/site-packages/airflow/example_dags/example_sla_dag.py
[2026-05-20T08:14:14.801+0000] {logging_mixin.py:188} INFO - [2026-05-20T08:14:14.800+0000] {dag.py:3089} INFO - Sync 1 DAGs
[2026-05-20T08:14:14.897+0000] {logging_mixin.py:188} INFO - [2026-05-20T08:14:14.896+0000] {dag.py:3947} INFO - Setting next_dagrun for example_sla_dag to 2026-05-20 08:12:00+00:00, run_after=2026-05-20 08:14:00+00:00
[2026-05-20T08:14:14.970+0000] {processor.py:183} INFO - Processing /home/airflow/.local/lib/python3.12/site-packages/airflow/example_dags/example_sla_dag.py took 0.351 seconds
[2026-05-20T08:14:46.604+0000] {processor.py:161} INFO - Started process (PID=898) to work on /home/airflow/.local/lib/python3.12/site-packages/airflow/example_dags/example_sla_dag.py
[2026-05-20T08:14:46.611+0000] {processor.py:830} INFO - Processing file /home/airflow/.local/lib/python3.12/site-packages/airflow/example_dags/example_sla_dag.py for tasks to queue
[2026-05-20T08:14:46.627+0000] {logging_mixin.py:188} INFO - [2026-05-20T08:14:46.622+0000] {dagbag.py:545} INFO - Filling up the DagBag from /home/airflow/.local/lib/python3.12/site-packages/airflow/example_dags/example_sla_dag.py
[2026-05-20T08:14:46.681+0000] {processor.py:840} INFO - DAG(s) 'example_sla_dag' retrieved from /home/airflow/.local/lib/python3.12/site-packages/airflow/example_dags/example_sla_dag.py
[2026-05-20T08:14:46.777+0000] {logging_mixin.py:188} INFO - [2026-05-20T08:14:46.776+0000] {dag.py:3089} INFO - Sync 1 DAGs
[2026-05-20T08:14:46.949+0000] {logging_mixin.py:188} INFO - [2026-05-20T08:14:46.949+0000] {dag.py:3947} INFO - Setting next_dagrun for example_sla_dag to 2026-05-20 08:12:00+00:00, run_after=2026-05-20 08:14:00+00:00
[2026-05-20T08:14:47.018+0000] {processor.py:183} INFO - Processing /home/airflow/.local/lib/python3.12/site-packages/airflow/example_dags/example_sla_dag.py took 0.440 seconds
[2026-05-20T08:15:17.680+0000] {processor.py:161} INFO - Started process (PID=958) to work on /home/airflow/.local/lib/python3.12/site-packages/airflow/example_dags/example_sla_dag.py
[2026-05-20T08:15:17.682+0000] {processor.py:830} INFO - Processing file /home/airflow/.local/lib/python3.12/site-packages/airflow/example_dags/example_sla_dag.py for tasks to queue
[2026-05-20T08:15:17.686+0000] {logging_mixin.py:188} INFO - [2026-05-20T08:15:17.685+0000] {dagbag.py:545} INFO - Filling up the DagBag from /home/airflow/.local/lib/python3.12/site-packages/airflow/example_dags/example_sla_dag.py
[2026-05-20T08:15:17.704+0000] {processor.py:840} INFO - DAG(s) 'example_sla_dag' retrieved from /home/airflow/.local/lib/python3.12/site-packages/airflow/example_dags/example_sla_dag.py
[2026-05-20T08:15:17.737+0000] {logging_mixin.py:188} INFO - [2026-05-20T08:15:17.737+0000] {dag.py:3089} INFO - Sync 1 DAGs
[2026-05-20T08:15:17.777+0000] {logging_mixin.py:188} INFO - [2026-05-20T08:15:17.777+0000] {dag.py:3947} INFO - Setting next_dagrun for example_sla_dag to 2026-05-20 08:12:00+00:00, run_after=2026-05-20 08:14:00+00:00
[2026-05-20T08:15:17.818+0000] {processor.py:183} INFO - Processing /home/airflow/.local/lib/python3.12/site-packages/airflow/example_dags/example_sla_dag.py took 0.151 seconds
[2026-05-20T08:15:48.396+0000] {processor.py:161} INFO - Started process (PID=1018) to work on /home/airflow/.local/lib/python3.12/site-packages/airflow/example_dags/example_sla_dag.py
[2026-05-20T08:15:48.401+0000] {processor.py:830} INFO - Processing file /home/airflow/.local/lib/python3.12/site-packages/airflow/example_dags/example_sla_dag.py for tasks to queue
[2026-05-20T08:15:48.408+0000] {logging_mixin.py:188} INFO - [2026-05-20T08:15:48.407+0000] {dagbag.py:545} INFO - Filling up the DagBag from /home/airflow/.local/lib/python3.12/site-packages/airflow/example_dags/example_sla_dag.py
[2026-05-20T08:15:48.472+0000] {processor.py:840} INFO - DAG(s) 'example_sla_dag' retrieved from /home/airflow/.local/lib/python3.12/site-packages/airflow/example_dags/example_sla_dag.py
[2026-05-20T08:15:48.557+0000] {logging_mixin.py:188} INFO - [2026-05-20T08:15:48.556+0000] {dag.py:3089} INFO - Sync 1 DAGs
[2026-05-20T08:15:48.653+0000] {logging_mixin.py:188} INFO - [2026-05-20T08:15:48.653+0000] {dag.py:3947} INFO - Setting next_dagrun for example_sla_dag to 2026-05-20 08:12:00+00:00, run_after=2026-05-20 08:14:00+00:00
[2026-05-20T08:15:48.690+0000] {processor.py:183} INFO - Processing /home/airflow/.local/lib/python3.12/site-packages/airflow/example_dags/example_sla_dag.py took 0.330 seconds
[2026-05-20T08:16:19.287+0000] {processor.py:161} INFO - Started process (PID=1077) to work on /home/airflow/.local/lib/python3.12/site-packages/airflow/example_dags/example_sla_dag.py
[2026-05-20T08:16:19.289+0000] {processor.py:830} INFO - Processing file /home/airflow/.local/lib/python3.12/site-packages/airflow/example_dags/example_sla_dag.py for tasks to queue
[2026-05-20T08:16:19.294+0000] {logging_mixin.py:188} INFO - [2026-05-20T08:16:19.294+0000] {dagbag.py:545} INFO - Filling up the DagBag from /home/airflow/.local/lib/python3.12/site-packages/airflow/example_dags/example_sla_dag.py
[2026-05-20T08:16:19.308+0000] {processor.py:840} INFO - DAG(s) 'example_sla_dag' retrieved from /home/airflow/.local/lib/python3.12/site-packages/airflow/example_dags/example_sla_dag.py
[2026-05-20T08:16:19.349+0000] {logging_mixin.py:188} INFO - [2026-05-20T08:16:19.349+0000] {dag.py:3089} INFO - Sync 1 DAGs
[2026-05-20T08:16:19.395+0000] {logging_mixin.py:188} INFO - [2026-05-20T08:16:19.394+0000] {dag.py:3947} INFO - Setting next_dagrun for example_sla_dag to 2026-05-20 08:14:00+00:00, run_after=2026-05-20 08:16:00+00:00
[2026-05-20T08:16:19.433+0000] {processor.py:183} INFO - Processing /home/airflow/.local/lib/python3.12/site-packages/airflow/example_dags/example_sla_dag.py took 0.156 seconds
[2026-05-20T08:16:49.602+0000] {processor.py:161} INFO - Started process (PID=1137) to work on /home/airflow/.local/lib/python3.12/site-packages/airflow/example_dags/example_sla_dag.py
[2026-05-20T08:16:49.604+0000] {processor.py:830} INFO - Processing file /home/airflow/.local/lib/python3.12/site-packages/airflow/example_dags/example_sla_dag.py for tasks to queue
[2026-05-20T08:16:49.607+0000] {logging_mixin.py:188} INFO - [2026-05-20T08:16:49.607+0000] {dagbag.py:545} INFO - Filling up the DagBag from /home/airflow/.local/lib/python3.12/site-packages/airflow/example_dags/example_sla_dag.py
[2026-05-20T08:16:49.621+0000] {processor.py:840} INFO - DAG(s) 'example_sla_dag' retrieved from /home/airflow/.local/lib/python3.12/site-packages/airflow/example_dags/example_sla_dag.py
[2026-05-20T08:16:49.651+0000] {logging_mixin.py:188} INFO - [2026-05-20T08:16:49.651+0000] {dag.py:3089} INFO - Sync 1 DAGs
[2026-05-20T08:16:49.686+0000] {logging_mixin.py:188} INFO - [2026-05-20T08:16:49.686+0000] {dag.py:3947} INFO - Setting next_dagrun for example_sla_dag to 2026-05-20 08:14:00+00:00, run_after=2026-05-20 08:16:00+00:00
[2026-05-20T08:16:49.714+0000] {processor.py:183} INFO - Processing /home/airflow/.local/lib/python3.12/site-packages/airflow/example_dags/example_sla_dag.py took 0.120 seconds
[2026-05-20T08:17:20.491+0000] {processor.py:161} INFO - Started process (PID=1197) to work on /home/airflow/.local/lib/python3.12/site-packages/airflow/example_dags/example_sla_dag.py
[2026-05-20T08:17:20.493+0000] {processor.py:830} INFO - Processing file /home/airflow/.local/lib/python3.12/site-packages/airflow/example_dags/example_sla_dag.py for tasks to queue
[2026-05-20T08:17:20.497+0000] {logging_mixin.py:188} INFO - [2026-05-20T08:17:20.497+0000] {dagbag.py:545} INFO - Filling up the DagBag from /home/airflow/.local/lib/python3.12/site-packages/airflow/example_dags/example_sla_dag.py
[2026-05-20T08:17:20.517+0000] {processor.py:840} INFO - DAG(s) 'example_sla_dag' retrieved from /home/airflow/.local/lib/python3.12/site-packages/airflow/example_dags/example_sla_dag.py
[2026-05-20T08:17:20.564+0000] {logging_mixin.py:188} INFO - [2026-05-20T08:17:20.563+0000] {dag.py:3089} INFO - Sync 1 DAGs
[2026-05-20T08:17:20.615+0000] {logging_mixin.py:188} INFO - [2026-05-20T08:17:20.614+0000] {dag.py:3947} INFO - Setting next_dagrun for example_sla_dag to 2026-05-20 08:14:00+00:00, run_after=2026-05-20 08:16:00+00:00
[2026-05-20T08:17:20.661+0000] {processor.py:183} INFO - Processing /home/airflow/.local/lib/python3.12/site-packages/airflow/example_dags/example_sla_dag.py took 0.192 seconds
[2026-05-20T08:17:51.415+0000] {processor.py:161} INFO - Started process (PID=1257) to work on /home/airflow/.local/lib/python3.12/site-packages/airflow/example_dags/example_sla_dag.py
[2026-05-20T08:17:51.417+0000] {processor.py:830} INFO - Processing file /home/airflow/.local/lib/python3.12/site-packages/airflow/example_dags/example_sla_dag.py for tasks to queue
[2026-05-20T08:17:51.420+0000] {logging_mixin.py:188} INFO - [2026-05-20T08:17:51.420+0000] {dagbag.py:545} INFO - Filling up the DagBag from /home/airflow/.local/lib/python3.12/site-packages/airflow/example_dags/example_sla_dag.py
[2026-05-20T08:17:51.436+0000] {processor.py:840} INFO - DAG(s) 'example_sla_dag' retrieved from /home/airflow/.local/lib/python3.12/site-packages/airflow/example_dags/example_sla_dag.py
[2026-05-20T08:17:51.467+0000] {logging_mixin.py:188} INFO - [2026-05-20T08:17:51.466+0000] {dag.py:3089} INFO - Sync 1 DAGs
[2026-05-20T08:17:51.502+0000] {logging_mixin.py:188} INFO - [2026-05-20T08:17:51.501+0000] {dag.py:3947} INFO - Setting next_dagrun for example_sla_dag to 2026-05-20 08:14:00+00:00, run_after=2026-05-20 08:16:00+00:00
[2026-05-20T08:17:51.529+0000] {processor.py:183} INFO - Processing /home/airflow/.local/lib/python3.12/site-packages/airflow/example_dags/example_sla_dag.py took 0.122 seconds
[2026-05-20T08:18:21.967+0000] {processor.py:161} INFO - Started process (PID=1317) to work on /home/airflow/.local/lib/python3.12/site-packages/airflow/example_dags/example_sla_dag.py
[2026-05-20T08:18:21.969+0000] {processor.py:830} INFO - Processing file /home/airflow/.local/lib/python3.12/site-packages/airflow/example_dags/example_sla_dag.py for tasks to queue
[2026-05-20T08:18:21.972+0000] {logging_mixin.py:188} INFO - [2026-05-20T08:18:21.971+0000] {dagbag.py:545} INFO - Filling up the DagBag from /home/airflow/.local/lib/python3.12/site-packages/airflow/example_dags/example_sla_dag.py
[2026-05-20T08:18:21.985+0000] {processor.py:840} INFO - DAG(s) 'example_sla_dag' retrieved from /home/airflow/.local/lib/python3.12/site-packages/airflow/example_dags/example_sla_dag.py
[2026-05-20T08:18:22.016+0000] {logging_mixin.py:188} INFO - [2026-05-20T08:18:22.016+0000] {dag.py:3089} INFO - Sync 1 DAGs
[2026-05-20T08:18:22.050+0000] {logging_mixin.py:188} INFO - [2026-05-20T08:18:22.050+0000] {dag.py:3947} INFO - Setting next_dagrun for example_sla_dag to 2026-05-20 08:16:00+00:00, run_after=2026-05-20 08:18:00+00:00
[2026-05-20T08:18:22.079+0000] {processor.py:183} INFO - Processing /home/airflow/.local/lib/python3.12/site-packages/airflow/example_dags/example_sla_dag.py took 0.121 seconds
[2026-05-20T08:18:52.155+0000] {processor.py:161} INFO - Started process (PID=1377) to work on /home/airflow/.local/lib/python3.12/site-packages/airflow/example_dags/example_sla_dag.py
[2026-05-20T08:18:52.161+0000] {processor.py:830} INFO - Processing file /home/airflow/.local/lib/python3.12/site-packages/airflow/example_dags/example_sla_dag.py for tasks to queue
[2026-05-20T08:18:52.165+0000] {logging_mixin.py:188} INFO - [2026-05-20T08:18:52.164+0000] {dagbag.py:545} INFO - Filling up the DagBag from /home/airflow/.local/lib/python3.12/site-packages/airflow/example_dags/example_sla_dag.py
[2026-05-20T08:18:52.181+0000] {processor.py:840} INFO - DAG(s) 'example_sla_dag' retrieved from /home/airflow/.local/lib/python3.12/site-packages/airflow/example_dags/example_sla_dag.py
[2026-05-20T08:18:52.218+0000] {logging_mixin.py:188} INFO - [2026-05-20T08:18:52.218+0000] {dag.py:3089} INFO - Sync 1 DAGs
[2026-05-20T08:18:52.254+0000] {logging_mixin.py:188} INFO - [2026-05-20T08:18:52.253+0000] {dag.py:3947} INFO - Setting next_dagrun for example_sla_dag to 2026-05-20 08:16:00+00:00, run_after=2026-05-20 08:18:00+00:00
[2026-05-20T08:18:52.285+0000] {processor.py:183} INFO - Processing /home/airflow/.local/lib/python3.12/site-packages/airflow/example_dags/example_sla_dag.py took 0.140 seconds
[2026-05-20T08:19:22.893+0000] {processor.py:161} INFO - Started process (PID=1437) to work on /home/airflow/.local/lib/python3.12/site-packages/airflow/example_dags/example_sla_dag.py
[2026-05-20T08:19:22.895+0000] {processor.py:830} INFO - Processing file /home/airflow/.local/lib/python3.12/site-packages/airflow/example_dags/example_sla_dag.py for tasks to queue
[2026-05-20T08:19:22.898+0000] {logging_mixin.py:188} INFO - [2026-05-20T08:19:22.897+0000] {dagbag.py:545} INFO - Filling up the DagBag from /home/airflow/.local/lib/python3.12/site-packages/airflow/example_dags/example_sla_dag.py
[2026-05-20T08:19:22.910+0000] {processor.py:840} INFO - DAG(s) 'example_sla_dag' retrieved from /home/airflow/.local/lib/python3.12/site-packages/airflow/example_dags/example_sla_dag.py
[2026-05-20T08:19:22.943+0000] {logging_mixin.py:188} INFO - [2026-05-20T08:19:22.942+0000] {dag.py:3089} INFO - Sync 1 DAGs
[2026-05-20T08:19:22.978+0000] {logging_mixin.py:188} INFO - [2026-05-20T08:19:22.978+0000] {dag.py:3947} INFO - Setting next_dagrun for example_sla_dag to 2026-05-20 08:16:00+00:00, run_after=2026-05-20 08:18:00+00:00
[2026-05-20T08:19:23.007+0000] {processor.py:183} INFO - Processing /home/airflow/.local/lib/python3.12/site-packages/airflow/example_dags/example_sla_dag.py took 0.125 seconds
[2026-05-20T08:19:53.208+0000] {processor.py:161} INFO - Started process (PID=1496) to work on /home/airflow/.local/lib/python3.12/site-packages/airflow/example_dags/example_sla_dag.py
[2026-05-20T08:19:53.210+0000] {processor.py:830} INFO - Processing file /home/airflow/.local/lib/python3.12/site-packages/airflow/example_dags/example_sla_dag.py for tasks to queue
[2026-05-20T08:19:53.213+0000] {logging_mixin.py:188} INFO - [2026-05-20T08:19:53.213+0000] {dagbag.py:545} INFO - Filling up the DagBag from /home/airflow/.local/lib/python3.12/site-packages/airflow/example_dags/example_sla_dag.py
[2026-05-20T08:19:53.227+0000] {processor.py:840} INFO - DAG(s) 'example_sla_dag' retrieved from /home/airflow/.local/lib/python3.12/site-packages/airflow/example_dags/example_sla_dag.py
[2026-05-20T08:19:53.258+0000] {logging_mixin.py:188} INFO - [2026-05-20T08:19:53.258+0000] {dag.py:3089} INFO - Sync 1 DAGs
[2026-05-20T08:19:53.297+0000] {logging_mixin.py:188} INFO - [2026-05-20T08:19:53.297+0000] {dag.py:3947} INFO - Setting next_dagrun for example_sla_dag to 2026-05-20 08:16:00+00:00, run_after=2026-05-20 08:18:00+00:00
[2026-05-20T08:19:53.325+0000] {processor.py:183} INFO - Processing /home/airflow/.local/lib/python3.12/site-packages/airflow/example_dags/example_sla_dag.py took 0.126 seconds
[2026-05-20T08:20:23.667+0000] {processor.py:161} INFO - Started process (PID=1556) to work on /home/airflow/.local/lib/python3.12/site-packages/airflow/example_dags/example_sla_dag.py
[2026-05-20T08:20:23.681+0000] {processor.py:830} INFO - Processing file /home/airflow/.local/lib/python3.12/site-packages/airflow/example_dags/example_sla_dag.py for tasks to queue
[2026-05-20T08:20:23.690+0000] {logging_mixin.py:188} INFO - [2026-05-20T08:20:23.685+0000] {dagbag.py:545} INFO - Filling up the DagBag from /home/airflow/.local/lib/python3.12/site-packages/airflow/example_dags/example_sla_dag.py
[2026-05-20T08:20:23.737+0000] {processor.py:840} INFO - DAG(s) 'example_sla_dag' retrieved from /home/airflow/.local/lib/python3.12/site-packages/airflow/example_dags/example_sla_dag.py
[2026-05-20T08:20:23.858+0000] {logging_mixin.py:188} INFO - [2026-05-20T08:20:23.857+0000] {dag.py:3089} INFO - Sync 1 DAGs
[2026-05-20T08:20:24.061+0000] {logging_mixin.py:188} INFO - [2026-05-20T08:20:24.061+0000] {dag.py:3947} INFO - Setting next_dagrun for example_sla_dag to 2026-05-20 08:18:00+00:00, run_after=2026-05-20 08:20:00+00:00
[2026-05-20T08:20:24.209+0000] {processor.py:183} INFO - Processing /home/airflow/.local/lib/python3.12/site-packages/airflow/example_dags/example_sla_dag.py took 0.578 seconds
[2026-05-20T08:20:55.221+0000] {processor.py:161} INFO - Started process (PID=1616) to work on /home/airflow/.local/lib/python3.12/site-packages/airflow/example_dags/example_sla_dag.py
[2026-05-20T08:20:55.223+0000] {processor.py:830} INFO - Processing file /home/airflow/.local/lib/python3.12/site-packages/airflow/example_dags/example_sla_dag.py for tasks to queue
[2026-05-20T08:20:55.227+0000] {logging_mixin.py:188} INFO - [2026-05-20T08:20:55.226+0000] {dagbag.py:545} INFO - Filling up the DagBag from /home/airflow/.local/lib/python3.12/site-packages/airflow/example_dags/example_sla_dag.py
[2026-05-20T08:20:55.243+0000] {processor.py:840} INFO - DAG(s) 'example_sla_dag' retrieved from /home/airflow/.local/lib/python3.12/site-packages/airflow/example_dags/example_sla_dag.py
[2026-05-20T08:20:55.288+0000] {logging_mixin.py:188} INFO - [2026-05-20T08:20:55.287+0000] {dag.py:3089} INFO - Sync 1 DAGs
[2026-05-20T08:20:55.350+0000] {logging_mixin.py:188} INFO - [2026-05-20T08:20:55.349+0000] {dag.py:3947} INFO - Setting next_dagrun for example_sla_dag to 2026-05-20 08:18:00+00:00, run_after=2026-05-20 08:20:00+00:00
[2026-05-20T08:20:55.437+0000] {processor.py:183} INFO - Processing /home/airflow/.local/lib/python3.12/site-packages/airflow/example_dags/example_sla_dag.py took 0.227 seconds
[2026-05-20T08:21:26.435+0000] {processor.py:161} INFO - Started process (PID=1676) to work on /home/airflow/.local/lib/python3.12/site-packages/airflow/example_dags/example_sla_dag.py
[2026-05-20T08:21:26.439+0000] {processor.py:830} INFO - Processing file /home/airflow/.local/lib/python3.12/site-packages/airflow/example_dags/example_sla_dag.py for tasks to queue
[2026-05-20T08:21:26.447+0000] {logging_mixin.py:188} INFO - [2026-05-20T08:21:26.445+0000] {dagbag.py:545} INFO - Filling up the DagBag from /home/airflow/.local/lib/python3.12/site-packages/airflow/example_dags/example_sla_dag.py
[2026-05-20T08:21:26.496+0000] {processor.py:840} INFO - DAG(s) 'example_sla_dag' retrieved from /home/airflow/.local/lib/python3.12/site-packages/airflow/example_dags/example_sla_dag.py
[2026-05-20T08:21:26.562+0000] {logging_mixin.py:188} INFO - [2026-05-20T08:21:26.561+0000] {dag.py:3089} INFO - Sync 1 DAGs
[2026-05-20T08:21:26.716+0000] {logging_mixin.py:188} INFO - [2026-05-20T08:21:26.715+0000] {dag.py:3947} INFO - Setting next_dagrun for example_sla_dag to 2026-05-20 08:18:00+00:00, run_after=2026-05-20 08:20:00+00:00
[2026-05-20T08:21:26.800+0000] {processor.py:183} INFO - Processing /home/airflow/.local/lib/python3.12/site-packages/airflow/example_dags/example_sla_dag.py took 0.380 seconds
[2026-05-20T08:21:57.366+0000] {processor.py:161} INFO - Started process (PID=1736) to work on /home/airflow/.local/lib/python3.12/site-packages/airflow/example_dags/example_sla_dag.py
[2026-05-20T08:21:57.383+0000] {processor.py:830} INFO - Processing file /home/airflow/.local/lib/python3.12/site-packages/airflow/example_dags/example_sla_dag.py for tasks to queue
[2026-05-20T08:21:57.403+0000] {logging_mixin.py:188} INFO - [2026-05-20T08:21:57.402+0000] {dagbag.py:545} INFO - Filling up the DagBag from /home/airflow/.local/lib/python3.12/site-packages/airflow/example_dags/example_sla_dag.py
[2026-05-20T08:21:57.466+0000] {processor.py:840} INFO - DAG(s) 'example_sla_dag' retrieved from /home/airflow/.local/lib/python3.12/site-packages/airflow/example_dags/example_sla_dag.py
[2026-05-20T08:21:57.738+0000] {logging_mixin.py:188} INFO - [2026-05-20T08:21:57.726+0000] {dag.py:3089} INFO - Sync 1 DAGs
[2026-05-20T08:21:58.017+0000] {logging_mixin.py:188} INFO - [2026-05-20T08:21:58.016+0000] {dag.py:3947} INFO - Setting next_dagrun for example_sla_dag to 2026-05-20 08:18:00+00:00, run_after=2026-05-20 08:20:00+00:00
[2026-05-20T08:21:58.175+0000] {processor.py:183} INFO - Processing /home/airflow/.local/lib/python3.12/site-packages/airflow/example_dags/example_sla_dag.py took 0.864 seconds
[2026-05-20T08:22:28.377+0000] {processor.py:161} INFO - Started process (PID=1796) to work on /home/airflow/.local/lib/python3.12/site-packages/airflow/example_dags/example_sla_dag.py
[2026-05-20T08:22:28.391+0000] {processor.py:830} INFO - Processing file /home/airflow/.local/lib/python3.12/site-packages/airflow/example_dags/example_sla_dag.py for tasks to queue
[2026-05-20T08:22:28.407+0000] {logging_mixin.py:188} INFO - [2026-05-20T08:22:28.406+0000] {dagbag.py:545} INFO - Filling up the DagBag from /home/airflow/.local/lib/python3.12/site-packages/airflow/example_dags/example_sla_dag.py
[2026-05-20T08:22:28.452+0000] {processor.py:840} INFO - DAG(s) 'example_sla_dag' retrieved from /home/airflow/.local/lib/python3.12/site-packages/airflow/example_dags/example_sla_dag.py
[2026-05-20T08:22:28.605+0000] {logging_mixin.py:188} INFO - [2026-05-20T08:22:28.604+0000] {dag.py:3089} INFO - Sync 1 DAGs
[2026-05-20T08:22:28.687+0000] {logging_mixin.py:188} INFO - [2026-05-20T08:22:28.686+0000] {dag.py:3947} INFO - Setting next_dagrun for example_sla_dag to 2026-05-20 08:20:00+00:00, run_after=2026-05-20 08:22:00+00:00
[2026-05-20T08:22:28.781+0000] {processor.py:183} INFO - Processing /home/airflow/.local/lib/python3.12/site-packages/airflow/example_dags/example_sla_dag.py took 0.441 seconds
[2026-05-20T08:23:00.052+0000] {processor.py:161} INFO - Started process (PID=1856) to work on /home/airflow/.local/lib/python3.12/site-packages/airflow/example_dags/example_sla_dag.py
[2026-05-20T08:23:00.056+0000] {processor.py:830} INFO - Processing file /home/airflow/.local/lib/python3.12/site-packages/airflow/example_dags/example_sla_dag.py for tasks to queue
[2026-05-20T08:23:00.069+0000] {logging_mixin.py:188} INFO - [2026-05-20T08:23:00.067+0000] {dagbag.py:545} INFO - Filling up the DagBag from /home/airflow/.local/lib/python3.12/site-packages/airflow/example_dags/example_sla_dag.py
[2026-05-20T08:23:00.111+0000] {processor.py:840} INFO - DAG(s) 'example_sla_dag' retrieved from /home/airflow/.local/lib/python3.12/site-packages/airflow/example_dags/example_sla_dag.py
[2026-05-20T08:23:00.194+0000] {logging_mixin.py:188} INFO - [2026-05-20T08:23:00.193+0000] {dag.py:3089} INFO - Sync 1 DAGs
[2026-05-20T08:23:00.312+0000] {logging_mixin.py:188} INFO - [2026-05-20T08:23:00.311+0000] {dag.py:3947} INFO - Setting next_dagrun for example_sla_dag to 2026-05-20 08:20:00+00:00, run_after=2026-05-20 08:22:00+00:00
[2026-05-20T08:23:00.421+0000] {processor.py:183} INFO - Processing /home/airflow/.local/lib/python3.12/site-packages/airflow/example_dags/example_sla_dag.py took 0.399 seconds
[2026-05-20T08:23:30.624+0000] {processor.py:161} INFO - Started process (PID=1914) to work on /home/airflow/.local/lib/python3.12/site-packages/airflow/example_dags/example_sla_dag.py
[2026-05-20T08:23:30.627+0000] {processor.py:830} INFO - Processing file /home/airflow/.local/lib/python3.12/site-packages/airflow/example_dags/example_sla_dag.py for tasks to queue
[2026-05-20T08:23:30.639+0000] {logging_mixin.py:188} INFO - [2026-05-20T08:23:30.638+0000] {dagbag.py:545} INFO - Filling up the DagBag from /home/airflow/.local/lib/python3.12/site-packages/airflow/example_dags/example_sla_dag.py
[2026-05-20T08:23:30.679+0000] {processor.py:840} INFO - DAG(s) 'example_sla_dag' retrieved from /home/airflow/.local/lib/python3.12/site-packages/airflow/example_dags/example_sla_dag.py
[2026-05-20T08:23:30.766+0000] {logging_mixin.py:188} INFO - [2026-05-20T08:23:30.766+0000] {dag.py:3089} INFO - Sync 1 DAGs
[2026-05-20T08:23:30.844+0000] {logging_mixin.py:188} INFO - [2026-05-20T08:23:30.843+0000] {dag.py:3947} INFO - Setting next_dagrun for example_sla_dag to 2026-05-20 08:20:00+00:00, run_after=2026-05-20 08:22:00+00:00
[2026-05-20T08:23:30.909+0000] {processor.py:183} INFO - Processing /home/airflow/.local/lib/python3.12/site-packages/airflow/example_dags/example_sla_dag.py took 0.310 seconds
[2026-05-20T08:24:02.107+0000] {processor.py:161} INFO - Started process (PID=1975) to work on /home/airflow/.local/lib/python3.12/site-packages/airflow/example_dags/example_sla_dag.py
[2026-05-20T08:24:02.140+0000] {processor.py:830} INFO - Processing file /home/airflow/.local/lib/python3.12/site-packages/airflow/example_dags/example_sla_dag.py for tasks to queue
[2026-05-20T08:24:02.148+0000] {logging_mixin.py:188} INFO - [2026-05-20T08:24:02.146+0000] {dagbag.py:545} INFO - Filling up the DagBag from /home/airflow/.local/lib/python3.12/site-packages/airflow/example_dags/example_sla_dag.py
[2026-05-20T08:24:02.256+0000] {processor.py:840} INFO - DAG(s) 'example_sla_dag' retrieved from /home/airflow/.local/lib/python3.12/site-packages/airflow/example_dags/example_sla_dag.py
[2026-05-20T08:24:02.766+0000] {logging_mixin.py:188} INFO - [2026-05-20T08:24:02.765+0000] {dag.py:3089} INFO - Sync 1 DAGs
[2026-05-20T08:24:03.081+0000] {logging_mixin.py:188} INFO - [2026-05-20T08:24:03.080+0000] {dag.py:3947} INFO - Setting next_dagrun for example_sla_dag to 2026-05-20 08:22:00+00:00, run_after=2026-05-20 08:24:00+00:00
[2026-05-20T08:24:03.325+0000] {processor.py:183} INFO - Processing /home/airflow/.local/lib/python3.12/site-packages/airflow/example_dags/example_sla_dag.py took 1.242 seconds
[2026-05-20T08:24:33.972+0000] {processor.py:161} INFO - Started process (PID=2036) to work on /home/airflow/.local/lib/python3.12/site-packages/airflow/example_dags/example_sla_dag.py
[2026-05-20T08:24:33.974+0000] {processor.py:830} INFO - Processing file /home/airflow/.local/lib/python3.12/site-packages/airflow/example_dags/example_sla_dag.py for tasks to queue
[2026-05-20T08:24:33.979+0000] {logging_mixin.py:188} INFO - [2026-05-20T08:24:33.977+0000] {dagbag.py:545} INFO - Filling up the DagBag from /home/airflow/.local/lib/python3.12/site-packages/airflow/example_dags/example_sla_dag.py
[2026-05-20T08:24:34.019+0000] {processor.py:840} INFO - DAG(s) 'example_sla_dag' retrieved from /home/airflow/.local/lib/python3.12/site-packages/airflow/example_dags/example_sla_dag.py
[2026-05-20T08:24:34.097+0000] {logging_mixin.py:188} INFO - [2026-05-20T08:24:34.096+0000] {dag.py:3089} INFO - Sync 1 DAGs
[2026-05-20T08:24:34.217+0000] {logging_mixin.py:188} INFO - [2026-05-20T08:24:34.217+0000] {dag.py:3947} INFO - Setting next_dagrun for example_sla_dag to 2026-05-20 08:22:00+00:00, run_after=2026-05-20 08:24:00+00:00
[2026-05-20T08:24:34.260+0000] {processor.py:183} INFO - Processing /home/airflow/.local/lib/python3.12/site-packages/airflow/example_dags/example_sla_dag.py took 0.307 seconds
[2026-05-20T08:25:27.504+0000] {processor.py:161} INFO - Started process (PID=2108) to work on /home/airflow/.local/lib/python3.12/site-packages/airflow/example_dags/example_sla_dag.py
[2026-05-20T08:25:27.509+0000] {processor.py:830} INFO - Processing file /home/airflow/.local/lib/python3.12/site-packages/airflow/example_dags/example_sla_dag.py for tasks to queue
[2026-05-20T08:25:27.528+0000] {logging_mixin.py:188} INFO - [2026-05-20T08:25:27.527+0000] {dagbag.py:545} INFO - Filling up the DagBag from /home/airflow/.local/lib/python3.12/site-packages/airflow/example_dags/example_sla_dag.py
[2026-05-20T08:25:27.613+0000] {processor.py:840} INFO - DAG(s) 'example_sla_dag' retrieved from /home/airflow/.local/lib/python3.12/site-packages/airflow/example_dags/example_sla_dag.py
[2026-05-20T08:25:27.822+0000] {logging_mixin.py:188} INFO - [2026-05-20T08:25:27.822+0000] {dag.py:3089} INFO - Sync 1 DAGs
[2026-05-20T08:25:28.123+0000] {logging_mixin.py:188} INFO - [2026-05-20T08:25:28.111+0000] {dag.py:3947} INFO - Setting next_dagrun for example_sla_dag to 2026-05-20 08:22:00+00:00, run_after=2026-05-20 08:24:00+00:00
[2026-05-20T08:25:28.332+0000] {processor.py:183} INFO - Processing /home/airflow/.local/lib/python3.12/site-packages/airflow/example_dags/example_sla_dag.py took 0.879 seconds
[2026-05-20T08:25:59.130+0000] {processor.py:161} INFO - Started process (PID=2168) to work on /home/airflow/.local/lib/python3.12/site-packages/airflow/example_dags/example_sla_dag.py
[2026-05-20T08:25:59.132+0000] {processor.py:830} INFO - Processing file /home/airflow/.local/lib/python3.12/site-packages/airflow/example_dags/example_sla_dag.py for tasks to queue
[2026-05-20T08:25:59.137+0000] {logging_mixin.py:188} INFO - [2026-05-20T08:25:59.136+0000] {dagbag.py:545} INFO - Filling up the DagBag from /home/airflow/.local/lib/python3.12/site-packages/airflow/example_dags/example_sla_dag.py
[2026-05-20T08:25:59.173+0000] {processor.py:840} INFO - DAG(s) 'example_sla_dag' retrieved from /home/airflow/.local/lib/python3.12/site-packages/airflow/example_dags/example_sla_dag.py
[2026-05-20T08:25:59.280+0000] {logging_mixin.py:188} INFO - [2026-05-20T08:25:59.280+0000] {dag.py:3089} INFO - Sync 1 DAGs
[2026-05-20T08:25:59.395+0000] {logging_mixin.py:188} INFO - [2026-05-20T08:25:59.392+0000] {dag.py:3947} INFO - Setting next_dagrun for example_sla_dag to 2026-05-20 08:22:00+00:00, run_after=2026-05-20 08:24:00+00:00
[2026-05-20T08:25:59.503+0000] {processor.py:183} INFO - Processing /home/airflow/.local/lib/python3.12/site-packages/airflow/example_dags/example_sla_dag.py took 0.389 seconds
[2026-05-20T08:26:30.280+0000] {processor.py:161} INFO - Started process (PID=2228) to work on /home/airflow/.local/lib/python3.12/site-packages/airflow/example_dags/example_sla_dag.py
[2026-05-20T08:26:30.285+0000] {processor.py:830} INFO - Processing file /home/airflow/.local/lib/python3.12/site-packages/airflow/example_dags/example_sla_dag.py for tasks to queue
[2026-05-20T08:26:30.293+0000] {logging_mixin.py:188} INFO - [2026-05-20T08:26:30.291+0000] {dagbag.py:545} INFO - Filling up the DagBag from /home/airflow/.local/lib/python3.12/site-packages/airflow/example_dags/example_sla_dag.py
[2026-05-20T08:26:30.339+0000] {processor.py:840} INFO - DAG(s) 'example_sla_dag' retrieved from /home/airflow/.local/lib/python3.12/site-packages/airflow/example_dags/example_sla_dag.py
[2026-05-20T08:26:30.458+0000] {logging_mixin.py:188} INFO - [2026-05-20T08:26:30.458+0000] {dag.py:3089} INFO - Sync 1 DAGs
[2026-05-20T08:26:30.569+0000] {logging_mixin.py:188} INFO - [2026-05-20T08:26:30.568+0000] {dag.py:3947} INFO - Setting next_dagrun for example_sla_dag to 2026-05-20 08:24:00+00:00, run_after=2026-05-20 08:26:00+00:00
[2026-05-20T08:26:30.659+0000] {processor.py:183} INFO - Processing /home/airflow/.local/lib/python3.12/site-packages/airflow/example_dags/example_sla_dag.py took 0.403 seconds
