[2026-05-20T08:07:16.878+0000] {processor.py:161} INFO - Started process (PID=95) to work on /home/airflow/.local/lib/python3.12/site-packages/airflow/example_dags/example_display_name.py
[2026-05-20T08:07:16.881+0000] {processor.py:830} INFO - Processing file /home/airflow/.local/lib/python3.12/site-packages/airflow/example_dags/example_display_name.py for tasks to queue
[2026-05-20T08:07:16.893+0000] {logging_mixin.py:188} INFO - [2026-05-20T08:07:16.888+0000] {dagbag.py:545} INFO - Filling up the DagBag from /home/airflow/.local/lib/python3.12/site-packages/airflow/example_dags/example_display_name.py
[2026-05-20T08:07:16.919+0000] {processor.py:840} INFO - DAG(s) 'example_display_name' retrieved from /home/airflow/.local/lib/python3.12/site-packages/airflow/example_dags/example_display_name.py
[2026-05-20T08:07:17.432+0000] {logging_mixin.py:188} INFO - [2026-05-20T08:07:17.426+0000] {dag.py:3089} INFO - Sync 1 DAGs
[2026-05-20T08:07:17.490+0000] {logging_mixin.py:188} INFO - [2026-05-20T08:07:17.490+0000] {dag.py:3947} INFO - Setting next_dagrun for example_display_name to None, run_after=None
[2026-05-20T08:07:17.646+0000] {processor.py:183} INFO - Processing /home/airflow/.local/lib/python3.12/site-packages/airflow/example_dags/example_display_name.py took 0.789 seconds
[2026-05-20T08:08:07.946+0000] {processor.py:161} INFO - Started process (PID=163) to work on /home/airflow/.local/lib/python3.12/site-packages/airflow/example_dags/example_display_name.py
[2026-05-20T08:08:07.949+0000] {processor.py:830} INFO - Processing file /home/airflow/.local/lib/python3.12/site-packages/airflow/example_dags/example_display_name.py for tasks to queue
[2026-05-20T08:08:07.954+0000] {logging_mixin.py:188} INFO - [2026-05-20T08:08:07.953+0000] {dagbag.py:545} INFO - Filling up the DagBag from /home/airflow/.local/lib/python3.12/site-packages/airflow/example_dags/example_display_name.py
[2026-05-20T08:08:07.976+0000] {processor.py:840} INFO - DAG(s) 'example_display_name' retrieved from /home/airflow/.local/lib/python3.12/site-packages/airflow/example_dags/example_display_name.py
[2026-05-20T08:08:08.080+0000] {logging_mixin.py:188} INFO - [2026-05-20T08:08:08.079+0000] {dag.py:3089} INFO - Sync 1 DAGs
[2026-05-20T08:08:08.160+0000] {logging_mixin.py:188} INFO - [2026-05-20T08:08:08.159+0000] {dag.py:3947} INFO - Setting next_dagrun for example_display_name to None, run_after=None
[2026-05-20T08:08:08.245+0000] {processor.py:183} INFO - Processing /home/airflow/.local/lib/python3.12/site-packages/airflow/example_dags/example_display_name.py took 0.323 seconds
[2026-05-20T08:08:43.396+0000] {processor.py:161} INFO - Started process (PID=222) to work on /home/airflow/.local/lib/python3.12/site-packages/airflow/example_dags/example_display_name.py
[2026-05-20T08:08:43.401+0000] {processor.py:830} INFO - Processing file /home/airflow/.local/lib/python3.12/site-packages/airflow/example_dags/example_display_name.py for tasks to queue
[2026-05-20T08:08:43.406+0000] {logging_mixin.py:188} INFO - [2026-05-20T08:08:43.405+0000] {dagbag.py:545} INFO - Filling up the DagBag from /home/airflow/.local/lib/python3.12/site-packages/airflow/example_dags/example_display_name.py
[2026-05-20T08:08:43.421+0000] {processor.py:840} INFO - DAG(s) 'example_display_name' retrieved from /home/airflow/.local/lib/python3.12/site-packages/airflow/example_dags/example_display_name.py
[2026-05-20T08:08:43.472+0000] {logging_mixin.py:188} INFO - [2026-05-20T08:08:43.471+0000] {dag.py:3089} INFO - Sync 1 DAGs
[2026-05-20T08:08:43.529+0000] {logging_mixin.py:188} INFO - [2026-05-20T08:08:43.528+0000] {dag.py:3947} INFO - Setting next_dagrun for example_display_name to None, run_after=None
[2026-05-20T08:08:43.595+0000] {processor.py:183} INFO - Processing /home/airflow/.local/lib/python3.12/site-packages/airflow/example_dags/example_display_name.py took 0.213 seconds
[2026-05-20T08:09:14.633+0000] {processor.py:161} INFO - Started process (PID=281) to work on /home/airflow/.local/lib/python3.12/site-packages/airflow/example_dags/example_display_name.py
[2026-05-20T08:09:14.635+0000] {processor.py:830} INFO - Processing file /home/airflow/.local/lib/python3.12/site-packages/airflow/example_dags/example_display_name.py for tasks to queue
[2026-05-20T08:09:14.639+0000] {logging_mixin.py:188} INFO - [2026-05-20T08:09:14.638+0000] {dagbag.py:545} INFO - Filling up the DagBag from /home/airflow/.local/lib/python3.12/site-packages/airflow/example_dags/example_display_name.py
[2026-05-20T08:09:14.649+0000] {processor.py:840} INFO - DAG(s) 'example_display_name' retrieved from /home/airflow/.local/lib/python3.12/site-packages/airflow/example_dags/example_display_name.py
[2026-05-20T08:09:14.690+0000] {logging_mixin.py:188} INFO - [2026-05-20T08:09:14.690+0000] {dag.py:3089} INFO - Sync 1 DAGs
[2026-05-20T08:09:14.735+0000] {logging_mixin.py:188} INFO - [2026-05-20T08:09:14.734+0000] {dag.py:3947} INFO - Setting next_dagrun for example_display_name to None, run_after=None
[2026-05-20T08:09:14.809+0000] {processor.py:183} INFO - Processing /home/airflow/.local/lib/python3.12/site-packages/airflow/example_dags/example_display_name.py took 0.186 seconds
[2026-05-20T08:09:46.256+0000] {processor.py:161} INFO - Started process (PID=341) to work on /home/airflow/.local/lib/python3.12/site-packages/airflow/example_dags/example_display_name.py
[2026-05-20T08:09:46.258+0000] {processor.py:830} INFO - Processing file /home/airflow/.local/lib/python3.12/site-packages/airflow/example_dags/example_display_name.py for tasks to queue
[2026-05-20T08:09:46.261+0000] {logging_mixin.py:188} INFO - [2026-05-20T08:09:46.261+0000] {dagbag.py:545} INFO - Filling up the DagBag from /home/airflow/.local/lib/python3.12/site-packages/airflow/example_dags/example_display_name.py
[2026-05-20T08:09:46.270+0000] {processor.py:840} INFO - DAG(s) 'example_display_name' retrieved from /home/airflow/.local/lib/python3.12/site-packages/airflow/example_dags/example_display_name.py
[2026-05-20T08:09:46.300+0000] {logging_mixin.py:188} INFO - [2026-05-20T08:09:46.300+0000] {dag.py:3089} INFO - Sync 1 DAGs
[2026-05-20T08:09:46.325+0000] {logging_mixin.py:188} INFO - [2026-05-20T08:09:46.325+0000] {dag.py:3947} INFO - Setting next_dagrun for example_display_name to None, run_after=None
[2026-05-20T08:09:46.363+0000] {processor.py:183} INFO - Processing /home/airflow/.local/lib/python3.12/site-packages/airflow/example_dags/example_display_name.py took 0.116 seconds
[2026-05-20T08:10:19.637+0000] {processor.py:161} INFO - Started process (PID=401) to work on /home/airflow/.local/lib/python3.12/site-packages/airflow/example_dags/example_display_name.py
[2026-05-20T08:10:19.645+0000] {processor.py:830} INFO - Processing file /home/airflow/.local/lib/python3.12/site-packages/airflow/example_dags/example_display_name.py for tasks to queue
[2026-05-20T08:10:19.650+0000] {logging_mixin.py:188} INFO - [2026-05-20T08:10:19.649+0000] {dagbag.py:545} INFO - Filling up the DagBag from /home/airflow/.local/lib/python3.12/site-packages/airflow/example_dags/example_display_name.py
[2026-05-20T08:10:19.669+0000] {processor.py:840} INFO - DAG(s) 'example_display_name' retrieved from /home/airflow/.local/lib/python3.12/site-packages/airflow/example_dags/example_display_name.py
[2026-05-20T08:10:19.843+0000] {logging_mixin.py:188} INFO - [2026-05-20T08:10:19.842+0000] {dag.py:3089} INFO - Sync 1 DAGs
[2026-05-20T08:10:19.960+0000] {logging_mixin.py:188} INFO - [2026-05-20T08:10:19.960+0000] {dag.py:3947} INFO - Setting next_dagrun for example_display_name to None, run_after=None
[2026-05-20T08:10:20.023+0000] {processor.py:183} INFO - Processing /home/airflow/.local/lib/python3.12/site-packages/airflow/example_dags/example_display_name.py took 0.406 seconds
[2026-05-20T08:10:51.659+0000] {processor.py:161} INFO - Started process (PID=458) to work on /home/airflow/.local/lib/python3.12/site-packages/airflow/example_dags/example_display_name.py
[2026-05-20T08:10:51.664+0000] {processor.py:830} INFO - Processing file /home/airflow/.local/lib/python3.12/site-packages/airflow/example_dags/example_display_name.py for tasks to queue
[2026-05-20T08:10:51.671+0000] {logging_mixin.py:188} INFO - [2026-05-20T08:10:51.670+0000] {dagbag.py:545} INFO - Filling up the DagBag from /home/airflow/.local/lib/python3.12/site-packages/airflow/example_dags/example_display_name.py
[2026-05-20T08:10:51.684+0000] {processor.py:840} INFO - DAG(s) 'example_display_name' retrieved from /home/airflow/.local/lib/python3.12/site-packages/airflow/example_dags/example_display_name.py
[2026-05-20T08:10:51.739+0000] {logging_mixin.py:188} INFO - [2026-05-20T08:10:51.739+0000] {dag.py:3089} INFO - Sync 1 DAGs
[2026-05-20T08:10:51.785+0000] {logging_mixin.py:188} INFO - [2026-05-20T08:10:51.784+0000] {dag.py:3947} INFO - Setting next_dagrun for example_display_name to None, run_after=None
[2026-05-20T08:10:51.888+0000] {processor.py:183} INFO - Processing /home/airflow/.local/lib/python3.12/site-packages/airflow/example_dags/example_display_name.py took 0.242 seconds
[2026-05-20T08:11:22.078+0000] {processor.py:161} INFO - Started process (PID=519) to work on /home/airflow/.local/lib/python3.12/site-packages/airflow/example_dags/example_display_name.py
[2026-05-20T08:11:22.081+0000] {processor.py:830} INFO - Processing file /home/airflow/.local/lib/python3.12/site-packages/airflow/example_dags/example_display_name.py for tasks to queue
[2026-05-20T08:11:22.086+0000] {logging_mixin.py:188} INFO - [2026-05-20T08:11:22.085+0000] {dagbag.py:545} INFO - Filling up the DagBag from /home/airflow/.local/lib/python3.12/site-packages/airflow/example_dags/example_display_name.py
[2026-05-20T08:11:22.100+0000] {processor.py:840} INFO - DAG(s) 'example_display_name' retrieved from /home/airflow/.local/lib/python3.12/site-packages/airflow/example_dags/example_display_name.py
[2026-05-20T08:11:22.141+0000] {logging_mixin.py:188} INFO - [2026-05-20T08:11:22.140+0000] {dag.py:3089} INFO - Sync 1 DAGs
[2026-05-20T08:11:22.174+0000] {logging_mixin.py:188} INFO - [2026-05-20T08:11:22.173+0000] {dag.py:3947} INFO - Setting next_dagrun for example_display_name to None, run_after=None
[2026-05-20T08:11:22.220+0000] {processor.py:183} INFO - Processing /home/airflow/.local/lib/python3.12/site-packages/airflow/example_dags/example_display_name.py took 0.154 seconds
[2026-05-20T08:11:52.733+0000] {processor.py:161} INFO - Started process (PID=577) to work on /home/airflow/.local/lib/python3.12/site-packages/airflow/example_dags/example_display_name.py
[2026-05-20T08:11:52.735+0000] {processor.py:830} INFO - Processing file /home/airflow/.local/lib/python3.12/site-packages/airflow/example_dags/example_display_name.py for tasks to queue
[2026-05-20T08:11:52.739+0000] {logging_mixin.py:188} INFO - [2026-05-20T08:11:52.738+0000] {dagbag.py:545} INFO - Filling up the DagBag from /home/airflow/.local/lib/python3.12/site-packages/airflow/example_dags/example_display_name.py
[2026-05-20T08:11:52.752+0000] {processor.py:840} INFO - DAG(s) 'example_display_name' retrieved from /home/airflow/.local/lib/python3.12/site-packages/airflow/example_dags/example_display_name.py
[2026-05-20T08:11:52.798+0000] {logging_mixin.py:188} INFO - [2026-05-20T08:11:52.797+0000] {dag.py:3089} INFO - Sync 1 DAGs
[2026-05-20T08:11:52.831+0000] {logging_mixin.py:188} INFO - [2026-05-20T08:11:52.830+0000] {dag.py:3947} INFO - Setting next_dagrun for example_display_name to None, run_after=None
[2026-05-20T08:11:52.911+0000] {processor.py:183} INFO - Processing /home/airflow/.local/lib/python3.12/site-packages/airflow/example_dags/example_display_name.py took 0.190 seconds
[2026-05-20T08:12:23.097+0000] {processor.py:161} INFO - Started process (PID=637) to work on /home/airflow/.local/lib/python3.12/site-packages/airflow/example_dags/example_display_name.py
[2026-05-20T08:12:23.099+0000] {processor.py:830} INFO - Processing file /home/airflow/.local/lib/python3.12/site-packages/airflow/example_dags/example_display_name.py for tasks to queue
[2026-05-20T08:12:23.102+0000] {logging_mixin.py:188} INFO - [2026-05-20T08:12:23.101+0000] {dagbag.py:545} INFO - Filling up the DagBag from /home/airflow/.local/lib/python3.12/site-packages/airflow/example_dags/example_display_name.py
[2026-05-20T08:12:23.113+0000] {processor.py:840} INFO - DAG(s) 'example_display_name' retrieved from /home/airflow/.local/lib/python3.12/site-packages/airflow/example_dags/example_display_name.py
[2026-05-20T08:12:23.148+0000] {logging_mixin.py:188} INFO - [2026-05-20T08:12:23.147+0000] {dag.py:3089} INFO - Sync 1 DAGs
[2026-05-20T08:12:23.172+0000] {logging_mixin.py:188} INFO - [2026-05-20T08:12:23.171+0000] {dag.py:3947} INFO - Setting next_dagrun for example_display_name to None, run_after=None
[2026-05-20T08:12:23.205+0000] {processor.py:183} INFO - Processing /home/airflow/.local/lib/python3.12/site-packages/airflow/example_dags/example_display_name.py took 0.118 seconds
[2026-05-20T08:12:53.810+0000] {processor.py:161} INFO - Started process (PID=697) to work on /home/airflow/.local/lib/python3.12/site-packages/airflow/example_dags/example_display_name.py
[2026-05-20T08:12:53.812+0000] {processor.py:830} INFO - Processing file /home/airflow/.local/lib/python3.12/site-packages/airflow/example_dags/example_display_name.py for tasks to queue
[2026-05-20T08:12:53.817+0000] {logging_mixin.py:188} INFO - [2026-05-20T08:12:53.816+0000] {dagbag.py:545} INFO - Filling up the DagBag from /home/airflow/.local/lib/python3.12/site-packages/airflow/example_dags/example_display_name.py
[2026-05-20T08:12:53.831+0000] {processor.py:840} INFO - DAG(s) 'example_display_name' retrieved from /home/airflow/.local/lib/python3.12/site-packages/airflow/example_dags/example_display_name.py
[2026-05-20T08:12:53.867+0000] {logging_mixin.py:188} INFO - [2026-05-20T08:12:53.867+0000] {dag.py:3089} INFO - Sync 1 DAGs
[2026-05-20T08:12:53.893+0000] {logging_mixin.py:188} INFO - [2026-05-20T08:12:53.893+0000] {dag.py:3947} INFO - Setting next_dagrun for example_display_name to None, run_after=None
[2026-05-20T08:12:53.954+0000] {processor.py:183} INFO - Processing /home/airflow/.local/lib/python3.12/site-packages/airflow/example_dags/example_display_name.py took 0.160 seconds
[2026-05-20T08:13:26.879+0000] {processor.py:161} INFO - Started process (PID=757) to work on /home/airflow/.local/lib/python3.12/site-packages/airflow/example_dags/example_display_name.py
[2026-05-20T08:13:26.889+0000] {processor.py:830} INFO - Processing file /home/airflow/.local/lib/python3.12/site-packages/airflow/example_dags/example_display_name.py for tasks to queue
[2026-05-20T08:13:26.909+0000] {logging_mixin.py:188} INFO - [2026-05-20T08:13:26.908+0000] {dagbag.py:545} INFO - Filling up the DagBag from /home/airflow/.local/lib/python3.12/site-packages/airflow/example_dags/example_display_name.py
[2026-05-20T08:13:26.958+0000] {processor.py:840} INFO - DAG(s) 'example_display_name' retrieved from /home/airflow/.local/lib/python3.12/site-packages/airflow/example_dags/example_display_name.py
[2026-05-20T08:13:27.089+0000] {logging_mixin.py:188} INFO - [2026-05-20T08:13:27.089+0000] {dag.py:3089} INFO - Sync 1 DAGs
[2026-05-20T08:13:27.342+0000] {logging_mixin.py:188} INFO - [2026-05-20T08:13:27.341+0000] {dag.py:3947} INFO - Setting next_dagrun for example_display_name to None, run_after=None
[2026-05-20T08:13:27.624+0000] {processor.py:183} INFO - Processing /home/airflow/.local/lib/python3.12/site-packages/airflow/example_dags/example_display_name.py took 0.786 seconds
[2026-05-20T08:13:58.535+0000] {processor.py:161} INFO - Started process (PID=817) to work on /home/airflow/.local/lib/python3.12/site-packages/airflow/example_dags/example_display_name.py
[2026-05-20T08:13:58.537+0000] {processor.py:830} INFO - Processing file /home/airflow/.local/lib/python3.12/site-packages/airflow/example_dags/example_display_name.py for tasks to queue
[2026-05-20T08:13:58.547+0000] {logging_mixin.py:188} INFO - [2026-05-20T08:13:58.546+0000] {dagbag.py:545} INFO - Filling up the DagBag from /home/airflow/.local/lib/python3.12/site-packages/airflow/example_dags/example_display_name.py
[2026-05-20T08:13:58.581+0000] {processor.py:840} INFO - DAG(s) 'example_display_name' retrieved from /home/airflow/.local/lib/python3.12/site-packages/airflow/example_dags/example_display_name.py
[2026-05-20T08:13:58.690+0000] {logging_mixin.py:188} INFO - [2026-05-20T08:13:58.685+0000] {dag.py:3089} INFO - Sync 1 DAGs
[2026-05-20T08:13:58.785+0000] {logging_mixin.py:188} INFO - [2026-05-20T08:13:58.784+0000] {dag.py:3947} INFO - Setting next_dagrun for example_display_name to None, run_after=None
[2026-05-20T08:13:58.843+0000] {processor.py:183} INFO - Processing /home/airflow/.local/lib/python3.12/site-packages/airflow/example_dags/example_display_name.py took 0.333 seconds
[2026-05-20T08:14:29.545+0000] {processor.py:161} INFO - Started process (PID=877) to work on /home/airflow/.local/lib/python3.12/site-packages/airflow/example_dags/example_display_name.py
[2026-05-20T08:14:29.549+0000] {processor.py:830} INFO - Processing file /home/airflow/.local/lib/python3.12/site-packages/airflow/example_dags/example_display_name.py for tasks to queue
[2026-05-20T08:14:29.561+0000] {logging_mixin.py:188} INFO - [2026-05-20T08:14:29.559+0000] {dagbag.py:545} INFO - Filling up the DagBag from /home/airflow/.local/lib/python3.12/site-packages/airflow/example_dags/example_display_name.py
[2026-05-20T08:14:29.582+0000] {processor.py:840} INFO - DAG(s) 'example_display_name' retrieved from /home/airflow/.local/lib/python3.12/site-packages/airflow/example_dags/example_display_name.py
[2026-05-20T08:14:29.642+0000] {logging_mixin.py:188} INFO - [2026-05-20T08:14:29.641+0000] {dag.py:3089} INFO - Sync 1 DAGs
[2026-05-20T08:14:29.679+0000] {logging_mixin.py:188} INFO - [2026-05-20T08:14:29.679+0000] {dag.py:3947} INFO - Setting next_dagrun for example_display_name to None, run_after=None
[2026-05-20T08:14:29.738+0000] {processor.py:183} INFO - Processing /home/airflow/.local/lib/python3.12/site-packages/airflow/example_dags/example_display_name.py took 0.211 seconds
[2026-05-20T08:15:00.111+0000] {processor.py:161} INFO - Started process (PID=937) to work on /home/airflow/.local/lib/python3.12/site-packages/airflow/example_dags/example_display_name.py
[2026-05-20T08:15:00.113+0000] {processor.py:830} INFO - Processing file /home/airflow/.local/lib/python3.12/site-packages/airflow/example_dags/example_display_name.py for tasks to queue
[2026-05-20T08:15:00.117+0000] {logging_mixin.py:188} INFO - [2026-05-20T08:15:00.117+0000] {dagbag.py:545} INFO - Filling up the DagBag from /home/airflow/.local/lib/python3.12/site-packages/airflow/example_dags/example_display_name.py
[2026-05-20T08:15:00.131+0000] {processor.py:840} INFO - DAG(s) 'example_display_name' retrieved from /home/airflow/.local/lib/python3.12/site-packages/airflow/example_dags/example_display_name.py
[2026-05-20T08:15:00.196+0000] {logging_mixin.py:188} INFO - [2026-05-20T08:15:00.195+0000] {dag.py:3089} INFO - Sync 1 DAGs
[2026-05-20T08:15:00.229+0000] {logging_mixin.py:188} INFO - [2026-05-20T08:15:00.228+0000] {dag.py:3947} INFO - Setting next_dagrun for example_display_name to None, run_after=None
[2026-05-20T08:15:00.275+0000] {processor.py:183} INFO - Processing /home/airflow/.local/lib/python3.12/site-packages/airflow/example_dags/example_display_name.py took 0.178 seconds
[2026-05-20T08:15:30.526+0000] {processor.py:161} INFO - Started process (PID=996) to work on /home/airflow/.local/lib/python3.12/site-packages/airflow/example_dags/example_display_name.py
[2026-05-20T08:15:30.528+0000] {processor.py:830} INFO - Processing file /home/airflow/.local/lib/python3.12/site-packages/airflow/example_dags/example_display_name.py for tasks to queue
[2026-05-20T08:15:30.531+0000] {logging_mixin.py:188} INFO - [2026-05-20T08:15:30.531+0000] {dagbag.py:545} INFO - Filling up the DagBag from /home/airflow/.local/lib/python3.12/site-packages/airflow/example_dags/example_display_name.py
[2026-05-20T08:15:30.542+0000] {processor.py:840} INFO - DAG(s) 'example_display_name' retrieved from /home/airflow/.local/lib/python3.12/site-packages/airflow/example_dags/example_display_name.py
[2026-05-20T08:15:30.582+0000] {logging_mixin.py:188} INFO - [2026-05-20T08:15:30.582+0000] {dag.py:3089} INFO - Sync 1 DAGs
[2026-05-20T08:15:30.673+0000] {logging_mixin.py:188} INFO - [2026-05-20T08:15:30.673+0000] {dag.py:3947} INFO - Setting next_dagrun for example_display_name to None, run_after=None
[2026-05-20T08:15:30.736+0000] {processor.py:183} INFO - Processing /home/airflow/.local/lib/python3.12/site-packages/airflow/example_dags/example_display_name.py took 0.220 seconds
[2026-05-20T08:16:01.075+0000] {processor.py:161} INFO - Started process (PID=1057) to work on /home/airflow/.local/lib/python3.12/site-packages/airflow/example_dags/example_display_name.py
[2026-05-20T08:16:01.078+0000] {processor.py:830} INFO - Processing file /home/airflow/.local/lib/python3.12/site-packages/airflow/example_dags/example_display_name.py for tasks to queue
[2026-05-20T08:16:01.082+0000] {logging_mixin.py:188} INFO - [2026-05-20T08:16:01.081+0000] {dagbag.py:545} INFO - Filling up the DagBag from /home/airflow/.local/lib/python3.12/site-packages/airflow/example_dags/example_display_name.py
[2026-05-20T08:16:01.100+0000] {processor.py:840} INFO - DAG(s) 'example_display_name' retrieved from /home/airflow/.local/lib/python3.12/site-packages/airflow/example_dags/example_display_name.py
[2026-05-20T08:16:01.136+0000] {logging_mixin.py:188} INFO - [2026-05-20T08:16:01.136+0000] {dag.py:3089} INFO - Sync 1 DAGs
[2026-05-20T08:16:01.156+0000] {logging_mixin.py:188} INFO - [2026-05-20T08:16:01.155+0000] {dag.py:3947} INFO - Setting next_dagrun for example_display_name to None, run_after=None
[2026-05-20T08:16:01.189+0000] {processor.py:183} INFO - Processing /home/airflow/.local/lib/python3.12/site-packages/airflow/example_dags/example_display_name.py took 0.127 seconds
[2026-05-20T08:16:32.087+0000] {processor.py:161} INFO - Started process (PID=1118) to work on /home/airflow/.local/lib/python3.12/site-packages/airflow/example_dags/example_display_name.py
[2026-05-20T08:16:32.089+0000] {processor.py:830} INFO - Processing file /home/airflow/.local/lib/python3.12/site-packages/airflow/example_dags/example_display_name.py for tasks to queue
[2026-05-20T08:16:32.094+0000] {logging_mixin.py:188} INFO - [2026-05-20T08:16:32.093+0000] {dagbag.py:545} INFO - Filling up the DagBag from /home/airflow/.local/lib/python3.12/site-packages/airflow/example_dags/example_display_name.py
[2026-05-20T08:16:32.107+0000] {processor.py:840} INFO - DAG(s) 'example_display_name' retrieved from /home/airflow/.local/lib/python3.12/site-packages/airflow/example_dags/example_display_name.py
[2026-05-20T08:16:32.158+0000] {logging_mixin.py:188} INFO - [2026-05-20T08:16:32.157+0000] {dag.py:3089} INFO - Sync 1 DAGs
[2026-05-20T08:16:32.197+0000] {logging_mixin.py:188} INFO - [2026-05-20T08:16:32.197+0000] {dag.py:3947} INFO - Setting next_dagrun for example_display_name to None, run_after=None
[2026-05-20T08:16:32.244+0000] {processor.py:183} INFO - Processing /home/airflow/.local/lib/python3.12/site-packages/airflow/example_dags/example_display_name.py took 0.170 seconds
[2026-05-20T08:17:02.718+0000] {processor.py:161} INFO - Started process (PID=1178) to work on /home/airflow/.local/lib/python3.12/site-packages/airflow/example_dags/example_display_name.py
[2026-05-20T08:17:02.723+0000] {processor.py:830} INFO - Processing file /home/airflow/.local/lib/python3.12/site-packages/airflow/example_dags/example_display_name.py for tasks to queue
[2026-05-20T08:17:02.732+0000] {logging_mixin.py:188} INFO - [2026-05-20T08:17:02.731+0000] {dagbag.py:545} INFO - Filling up the DagBag from /home/airflow/.local/lib/python3.12/site-packages/airflow/example_dags/example_display_name.py
[2026-05-20T08:17:02.759+0000] {processor.py:840} INFO - DAG(s) 'example_display_name' retrieved from /home/airflow/.local/lib/python3.12/site-packages/airflow/example_dags/example_display_name.py
[2026-05-20T08:17:02.831+0000] {logging_mixin.py:188} INFO - [2026-05-20T08:17:02.830+0000] {dag.py:3089} INFO - Sync 1 DAGs
[2026-05-20T08:17:02.871+0000] {logging_mixin.py:188} INFO - [2026-05-20T08:17:02.871+0000] {dag.py:3947} INFO - Setting next_dagrun for example_display_name to None, run_after=None
[2026-05-20T08:17:02.905+0000] {processor.py:183} INFO - Processing /home/airflow/.local/lib/python3.12/site-packages/airflow/example_dags/example_display_name.py took 0.209 seconds
[2026-05-20T08:17:33.396+0000] {processor.py:161} INFO - Started process (PID=1236) to work on /home/airflow/.local/lib/python3.12/site-packages/airflow/example_dags/example_display_name.py
[2026-05-20T08:17:33.398+0000] {processor.py:830} INFO - Processing file /home/airflow/.local/lib/python3.12/site-packages/airflow/example_dags/example_display_name.py for tasks to queue
[2026-05-20T08:17:33.401+0000] {logging_mixin.py:188} INFO - [2026-05-20T08:17:33.401+0000] {dagbag.py:545} INFO - Filling up the DagBag from /home/airflow/.local/lib/python3.12/site-packages/airflow/example_dags/example_display_name.py
[2026-05-20T08:17:33.410+0000] {processor.py:840} INFO - DAG(s) 'example_display_name' retrieved from /home/airflow/.local/lib/python3.12/site-packages/airflow/example_dags/example_display_name.py
[2026-05-20T08:17:33.443+0000] {logging_mixin.py:188} INFO - [2026-05-20T08:17:33.443+0000] {dag.py:3089} INFO - Sync 1 DAGs
[2026-05-20T08:17:33.464+0000] {logging_mixin.py:188} INFO - [2026-05-20T08:17:33.463+0000] {dag.py:3947} INFO - Setting next_dagrun for example_display_name to None, run_after=None
[2026-05-20T08:17:33.497+0000] {processor.py:183} INFO - Processing /home/airflow/.local/lib/python3.12/site-packages/airflow/example_dags/example_display_name.py took 0.110 seconds
[2026-05-20T08:18:04.081+0000] {processor.py:161} INFO - Started process (PID=1296) to work on /home/airflow/.local/lib/python3.12/site-packages/airflow/example_dags/example_display_name.py
[2026-05-20T08:18:04.084+0000] {processor.py:830} INFO - Processing file /home/airflow/.local/lib/python3.12/site-packages/airflow/example_dags/example_display_name.py for tasks to queue
[2026-05-20T08:18:04.090+0000] {logging_mixin.py:188} INFO - [2026-05-20T08:18:04.089+0000] {dagbag.py:545} INFO - Filling up the DagBag from /home/airflow/.local/lib/python3.12/site-packages/airflow/example_dags/example_display_name.py
[2026-05-20T08:18:04.104+0000] {processor.py:840} INFO - DAG(s) 'example_display_name' retrieved from /home/airflow/.local/lib/python3.12/site-packages/airflow/example_dags/example_display_name.py
[2026-05-20T08:18:04.154+0000] {logging_mixin.py:188} INFO - [2026-05-20T08:18:04.153+0000] {dag.py:3089} INFO - Sync 1 DAGs
[2026-05-20T08:18:04.187+0000] {logging_mixin.py:188} INFO - [2026-05-20T08:18:04.187+0000] {dag.py:3947} INFO - Setting next_dagrun for example_display_name to None, run_after=None
[2026-05-20T08:18:04.237+0000] {processor.py:183} INFO - Processing /home/airflow/.local/lib/python3.12/site-packages/airflow/example_dags/example_display_name.py took 0.170 seconds
[2026-05-20T08:18:34.868+0000] {processor.py:161} INFO - Started process (PID=1356) to work on /home/airflow/.local/lib/python3.12/site-packages/airflow/example_dags/example_display_name.py
[2026-05-20T08:18:34.870+0000] {processor.py:830} INFO - Processing file /home/airflow/.local/lib/python3.12/site-packages/airflow/example_dags/example_display_name.py for tasks to queue
[2026-05-20T08:18:34.873+0000] {logging_mixin.py:188} INFO - [2026-05-20T08:18:34.873+0000] {dagbag.py:545} INFO - Filling up the DagBag from /home/airflow/.local/lib/python3.12/site-packages/airflow/example_dags/example_display_name.py
[2026-05-20T08:18:34.884+0000] {processor.py:840} INFO - DAG(s) 'example_display_name' retrieved from /home/airflow/.local/lib/python3.12/site-packages/airflow/example_dags/example_display_name.py
[2026-05-20T08:18:34.918+0000] {logging_mixin.py:188} INFO - [2026-05-20T08:18:34.918+0000] {dag.py:3089} INFO - Sync 1 DAGs
[2026-05-20T08:18:34.938+0000] {logging_mixin.py:188} INFO - [2026-05-20T08:18:34.938+0000] {dag.py:3947} INFO - Setting next_dagrun for example_display_name to None, run_after=None
[2026-05-20T08:18:34.968+0000] {processor.py:183} INFO - Processing /home/airflow/.local/lib/python3.12/site-packages/airflow/example_dags/example_display_name.py took 0.109 seconds
[2026-05-20T08:19:05.491+0000] {processor.py:161} INFO - Started process (PID=1416) to work on /home/airflow/.local/lib/python3.12/site-packages/airflow/example_dags/example_display_name.py
[2026-05-20T08:19:05.494+0000] {processor.py:830} INFO - Processing file /home/airflow/.local/lib/python3.12/site-packages/airflow/example_dags/example_display_name.py for tasks to queue
[2026-05-20T08:19:05.497+0000] {logging_mixin.py:188} INFO - [2026-05-20T08:19:05.497+0000] {dagbag.py:545} INFO - Filling up the DagBag from /home/airflow/.local/lib/python3.12/site-packages/airflow/example_dags/example_display_name.py
[2026-05-20T08:19:05.506+0000] {processor.py:840} INFO - DAG(s) 'example_display_name' retrieved from /home/airflow/.local/lib/python3.12/site-packages/airflow/example_dags/example_display_name.py
[2026-05-20T08:19:05.537+0000] {logging_mixin.py:188} INFO - [2026-05-20T08:19:05.537+0000] {dag.py:3089} INFO - Sync 1 DAGs
[2026-05-20T08:19:05.557+0000] {logging_mixin.py:188} INFO - [2026-05-20T08:19:05.556+0000] {dag.py:3947} INFO - Setting next_dagrun for example_display_name to None, run_after=None
[2026-05-20T08:19:05.588+0000] {processor.py:183} INFO - Processing /home/airflow/.local/lib/python3.12/site-packages/airflow/example_dags/example_display_name.py took 0.107 seconds
[2026-05-20T08:19:36.092+0000] {processor.py:161} INFO - Started process (PID=1476) to work on /home/airflow/.local/lib/python3.12/site-packages/airflow/example_dags/example_display_name.py
[2026-05-20T08:19:36.094+0000] {processor.py:830} INFO - Processing file /home/airflow/.local/lib/python3.12/site-packages/airflow/example_dags/example_display_name.py for tasks to queue
[2026-05-20T08:19:36.097+0000] {logging_mixin.py:188} INFO - [2026-05-20T08:19:36.097+0000] {dagbag.py:545} INFO - Filling up the DagBag from /home/airflow/.local/lib/python3.12/site-packages/airflow/example_dags/example_display_name.py
[2026-05-20T08:19:36.105+0000] {processor.py:840} INFO - DAG(s) 'example_display_name' retrieved from /home/airflow/.local/lib/python3.12/site-packages/airflow/example_dags/example_display_name.py
[2026-05-20T08:19:36.136+0000] {logging_mixin.py:188} INFO - [2026-05-20T08:19:36.136+0000] {dag.py:3089} INFO - Sync 1 DAGs
[2026-05-20T08:19:36.154+0000] {logging_mixin.py:188} INFO - [2026-05-20T08:19:36.154+0000] {dag.py:3947} INFO - Setting next_dagrun for example_display_name to None, run_after=None
[2026-05-20T08:19:36.187+0000] {processor.py:183} INFO - Processing /home/airflow/.local/lib/python3.12/site-packages/airflow/example_dags/example_display_name.py took 0.104 seconds
[2026-05-20T08:20:06.301+0000] {processor.py:161} INFO - Started process (PID=1534) to work on /home/airflow/.local/lib/python3.12/site-packages/airflow/example_dags/example_display_name.py
[2026-05-20T08:20:06.302+0000] {processor.py:830} INFO - Processing file /home/airflow/.local/lib/python3.12/site-packages/airflow/example_dags/example_display_name.py for tasks to queue
[2026-05-20T08:20:06.305+0000] {logging_mixin.py:188} INFO - [2026-05-20T08:20:06.305+0000] {dagbag.py:545} INFO - Filling up the DagBag from /home/airflow/.local/lib/python3.12/site-packages/airflow/example_dags/example_display_name.py
[2026-05-20T08:20:06.314+0000] {processor.py:840} INFO - DAG(s) 'example_display_name' retrieved from /home/airflow/.local/lib/python3.12/site-packages/airflow/example_dags/example_display_name.py
[2026-05-20T08:20:06.341+0000] {logging_mixin.py:188} INFO - [2026-05-20T08:20:06.340+0000] {dag.py:3089} INFO - Sync 1 DAGs
[2026-05-20T08:20:06.358+0000] {logging_mixin.py:188} INFO - [2026-05-20T08:20:06.358+0000] {dag.py:3947} INFO - Setting next_dagrun for example_display_name to None, run_after=None
[2026-05-20T08:20:06.389+0000] {processor.py:183} INFO - Processing /home/airflow/.local/lib/python3.12/site-packages/airflow/example_dags/example_display_name.py took 0.097 seconds
[2026-05-20T08:20:42.457+0000] {processor.py:161} INFO - Started process (PID=1595) to work on /home/airflow/.local/lib/python3.12/site-packages/airflow/example_dags/example_display_name.py
[2026-05-20T08:20:42.460+0000] {processor.py:830} INFO - Processing file /home/airflow/.local/lib/python3.12/site-packages/airflow/example_dags/example_display_name.py for tasks to queue
[2026-05-20T08:20:42.468+0000] {logging_mixin.py:188} INFO - [2026-05-20T08:20:42.465+0000] {dagbag.py:545} INFO - Filling up the DagBag from /home/airflow/.local/lib/python3.12/site-packages/airflow/example_dags/example_display_name.py
[2026-05-20T08:20:42.496+0000] {processor.py:840} INFO - DAG(s) 'example_display_name' retrieved from /home/airflow/.local/lib/python3.12/site-packages/airflow/example_dags/example_display_name.py
[2026-05-20T08:20:42.578+0000] {logging_mixin.py:188} INFO - [2026-05-20T08:20:42.577+0000] {dag.py:3089} INFO - Sync 1 DAGs
[2026-05-20T08:20:42.626+0000] {logging_mixin.py:188} INFO - [2026-05-20T08:20:42.624+0000] {dag.py:3947} INFO - Setting next_dagrun for example_display_name to None, run_after=None
[2026-05-20T08:20:42.700+0000] {processor.py:183} INFO - Processing /home/airflow/.local/lib/python3.12/site-packages/airflow/example_dags/example_display_name.py took 0.293 seconds
[2026-05-20T08:21:14.601+0000] {processor.py:161} INFO - Started process (PID=1654) to work on /home/airflow/.local/lib/python3.12/site-packages/airflow/example_dags/example_display_name.py
[2026-05-20T08:21:14.606+0000] {processor.py:830} INFO - Processing file /home/airflow/.local/lib/python3.12/site-packages/airflow/example_dags/example_display_name.py for tasks to queue
[2026-05-20T08:21:14.613+0000] {logging_mixin.py:188} INFO - [2026-05-20T08:21:14.612+0000] {dagbag.py:545} INFO - Filling up the DagBag from /home/airflow/.local/lib/python3.12/site-packages/airflow/example_dags/example_display_name.py
[2026-05-20T08:21:14.646+0000] {processor.py:840} INFO - DAG(s) 'example_display_name' retrieved from /home/airflow/.local/lib/python3.12/site-packages/airflow/example_dags/example_display_name.py
[2026-05-20T08:21:14.790+0000] {logging_mixin.py:188} INFO - [2026-05-20T08:21:14.789+0000] {dag.py:3089} INFO - Sync 1 DAGs
[2026-05-20T08:21:14.857+0000] {logging_mixin.py:188} INFO - [2026-05-20T08:21:14.846+0000] {dag.py:3947} INFO - Setting next_dagrun for example_display_name to None, run_after=None
[2026-05-20T08:21:14.968+0000] {processor.py:183} INFO - Processing /home/airflow/.local/lib/python3.12/site-packages/airflow/example_dags/example_display_name.py took 0.421 seconds
[2026-05-20T08:21:46.645+0000] {processor.py:161} INFO - Started process (PID=1714) to work on /home/airflow/.local/lib/python3.12/site-packages/airflow/example_dags/example_display_name.py
[2026-05-20T08:21:46.649+0000] {processor.py:830} INFO - Processing file /home/airflow/.local/lib/python3.12/site-packages/airflow/example_dags/example_display_name.py for tasks to queue
[2026-05-20T08:21:46.669+0000] {logging_mixin.py:188} INFO - [2026-05-20T08:21:46.668+0000] {dagbag.py:545} INFO - Filling up the DagBag from /home/airflow/.local/lib/python3.12/site-packages/airflow/example_dags/example_display_name.py
[2026-05-20T08:21:46.697+0000] {processor.py:840} INFO - DAG(s) 'example_display_name' retrieved from /home/airflow/.local/lib/python3.12/site-packages/airflow/example_dags/example_display_name.py
[2026-05-20T08:21:46.828+0000] {logging_mixin.py:188} INFO - [2026-05-20T08:21:46.828+0000] {dag.py:3089} INFO - Sync 1 DAGs
[2026-05-20T08:21:46.899+0000] {logging_mixin.py:188} INFO - [2026-05-20T08:21:46.898+0000] {dag.py:3947} INFO - Setting next_dagrun for example_display_name to None, run_after=None
[2026-05-20T08:21:47.035+0000] {processor.py:183} INFO - Processing /home/airflow/.local/lib/python3.12/site-packages/airflow/example_dags/example_display_name.py took 0.444 seconds
[2026-05-20T08:22:17.680+0000] {processor.py:161} INFO - Started process (PID=1774) to work on /home/airflow/.local/lib/python3.12/site-packages/airflow/example_dags/example_display_name.py
[2026-05-20T08:22:17.682+0000] {processor.py:830} INFO - Processing file /home/airflow/.local/lib/python3.12/site-packages/airflow/example_dags/example_display_name.py for tasks to queue
[2026-05-20T08:22:17.688+0000] {logging_mixin.py:188} INFO - [2026-05-20T08:22:17.686+0000] {dagbag.py:545} INFO - Filling up the DagBag from /home/airflow/.local/lib/python3.12/site-packages/airflow/example_dags/example_display_name.py
[2026-05-20T08:22:17.707+0000] {processor.py:840} INFO - DAG(s) 'example_display_name' retrieved from /home/airflow/.local/lib/python3.12/site-packages/airflow/example_dags/example_display_name.py
[2026-05-20T08:22:17.773+0000] {logging_mixin.py:188} INFO - [2026-05-20T08:22:17.772+0000] {dag.py:3089} INFO - Sync 1 DAGs
[2026-05-20T08:22:17.822+0000] {logging_mixin.py:188} INFO - [2026-05-20T08:22:17.822+0000] {dag.py:3947} INFO - Setting next_dagrun for example_display_name to None, run_after=None
[2026-05-20T08:22:17.903+0000] {processor.py:183} INFO - Processing /home/airflow/.local/lib/python3.12/site-packages/airflow/example_dags/example_display_name.py took 0.236 seconds
[2026-05-20T08:22:48.239+0000] {processor.py:161} INFO - Started process (PID=1833) to work on /home/airflow/.local/lib/python3.12/site-packages/airflow/example_dags/example_display_name.py
[2026-05-20T08:22:48.242+0000] {processor.py:830} INFO - Processing file /home/airflow/.local/lib/python3.12/site-packages/airflow/example_dags/example_display_name.py for tasks to queue
[2026-05-20T08:22:48.247+0000] {logging_mixin.py:188} INFO - [2026-05-20T08:22:48.246+0000] {dagbag.py:545} INFO - Filling up the DagBag from /home/airflow/.local/lib/python3.12/site-packages/airflow/example_dags/example_display_name.py
[2026-05-20T08:22:48.265+0000] {processor.py:840} INFO - DAG(s) 'example_display_name' retrieved from /home/airflow/.local/lib/python3.12/site-packages/airflow/example_dags/example_display_name.py
[2026-05-20T08:22:48.323+0000] {logging_mixin.py:188} INFO - [2026-05-20T08:22:48.322+0000] {dag.py:3089} INFO - Sync 1 DAGs
[2026-05-20T08:22:48.372+0000] {logging_mixin.py:188} INFO - [2026-05-20T08:22:48.372+0000] {dag.py:3947} INFO - Setting next_dagrun for example_display_name to None, run_after=None
[2026-05-20T08:22:48.485+0000] {processor.py:183} INFO - Processing /home/airflow/.local/lib/python3.12/site-packages/airflow/example_dags/example_display_name.py took 0.265 seconds
[2026-05-20T08:23:18.935+0000] {processor.py:161} INFO - Started process (PID=1893) to work on /home/airflow/.local/lib/python3.12/site-packages/airflow/example_dags/example_display_name.py
[2026-05-20T08:23:18.943+0000] {processor.py:830} INFO - Processing file /home/airflow/.local/lib/python3.12/site-packages/airflow/example_dags/example_display_name.py for tasks to queue
[2026-05-20T08:23:18.952+0000] {logging_mixin.py:188} INFO - [2026-05-20T08:23:18.951+0000] {dagbag.py:545} INFO - Filling up the DagBag from /home/airflow/.local/lib/python3.12/site-packages/airflow/example_dags/example_display_name.py
[2026-05-20T08:23:18.993+0000] {processor.py:840} INFO - DAG(s) 'example_display_name' retrieved from /home/airflow/.local/lib/python3.12/site-packages/airflow/example_dags/example_display_name.py
[2026-05-20T08:23:19.115+0000] {logging_mixin.py:188} INFO - [2026-05-20T08:23:19.114+0000] {dag.py:3089} INFO - Sync 1 DAGs
[2026-05-20T08:23:19.220+0000] {logging_mixin.py:188} INFO - [2026-05-20T08:23:19.219+0000] {dag.py:3947} INFO - Setting next_dagrun for example_display_name to None, run_after=None
[2026-05-20T08:23:19.273+0000] {processor.py:183} INFO - Processing /home/airflow/.local/lib/python3.12/site-packages/airflow/example_dags/example_display_name.py took 0.366 seconds
[2026-05-20T08:23:52.814+0000] {processor.py:161} INFO - Started process (PID=1954) to work on /home/airflow/.local/lib/python3.12/site-packages/airflow/example_dags/example_display_name.py
[2026-05-20T08:23:52.817+0000] {processor.py:830} INFO - Processing file /home/airflow/.local/lib/python3.12/site-packages/airflow/example_dags/example_display_name.py for tasks to queue
[2026-05-20T08:23:52.824+0000] {logging_mixin.py:188} INFO - [2026-05-20T08:23:52.823+0000] {dagbag.py:545} INFO - Filling up the DagBag from /home/airflow/.local/lib/python3.12/site-packages/airflow/example_dags/example_display_name.py
[2026-05-20T08:23:52.857+0000] {processor.py:840} INFO - DAG(s) 'example_display_name' retrieved from /home/airflow/.local/lib/python3.12/site-packages/airflow/example_dags/example_display_name.py
[2026-05-20T08:23:52.961+0000] {logging_mixin.py:188} INFO - [2026-05-20T08:23:52.960+0000] {dag.py:3089} INFO - Sync 1 DAGs
[2026-05-20T08:23:53.193+0000] {logging_mixin.py:188} INFO - [2026-05-20T08:23:53.192+0000] {dag.py:3947} INFO - Setting next_dagrun for example_display_name to None, run_after=None
[2026-05-20T08:23:53.328+0000] {processor.py:183} INFO - Processing /home/airflow/.local/lib/python3.12/site-packages/airflow/example_dags/example_display_name.py took 0.530 seconds
[2026-05-20T08:24:23.852+0000] {processor.py:161} INFO - Started process (PID=2015) to work on /home/airflow/.local/lib/python3.12/site-packages/airflow/example_dags/example_display_name.py
[2026-05-20T08:24:23.865+0000] {processor.py:830} INFO - Processing file /home/airflow/.local/lib/python3.12/site-packages/airflow/example_dags/example_display_name.py for tasks to queue
[2026-05-20T08:24:23.881+0000] {logging_mixin.py:188} INFO - [2026-05-20T08:24:23.880+0000] {dagbag.py:545} INFO - Filling up the DagBag from /home/airflow/.local/lib/python3.12/site-packages/airflow/example_dags/example_display_name.py
[2026-05-20T08:24:23.911+0000] {processor.py:840} INFO - DAG(s) 'example_display_name' retrieved from /home/airflow/.local/lib/python3.12/site-packages/airflow/example_dags/example_display_name.py
[2026-05-20T08:24:24.044+0000] {logging_mixin.py:188} INFO - [2026-05-20T08:24:24.042+0000] {dag.py:3089} INFO - Sync 1 DAGs
[2026-05-20T08:24:24.139+0000] {logging_mixin.py:188} INFO - [2026-05-20T08:24:24.130+0000] {dag.py:3947} INFO - Setting next_dagrun for example_display_name to None, run_after=None
[2026-05-20T08:24:24.317+0000] {processor.py:183} INFO - Processing /home/airflow/.local/lib/python3.12/site-packages/airflow/example_dags/example_display_name.py took 0.547 seconds
[2026-05-20T08:24:54.516+0000] {processor.py:161} INFO - Started process (PID=2073) to work on /home/airflow/.local/lib/python3.12/site-packages/airflow/example_dags/example_display_name.py
[2026-05-20T08:24:54.576+0000] {processor.py:830} INFO - Processing file /home/airflow/.local/lib/python3.12/site-packages/airflow/example_dags/example_display_name.py for tasks to queue
[2026-05-20T08:24:54.609+0000] {logging_mixin.py:188} INFO - [2026-05-20T08:24:54.607+0000] {dagbag.py:545} INFO - Filling up the DagBag from /home/airflow/.local/lib/python3.12/site-packages/airflow/example_dags/example_display_name.py
[2026-05-20T08:24:54.656+0000] {processor.py:840} INFO - DAG(s) 'example_display_name' retrieved from /home/airflow/.local/lib/python3.12/site-packages/airflow/example_dags/example_display_name.py
[2026-05-20T08:24:54.802+0000] {logging_mixin.py:188} INFO - [2026-05-20T08:24:54.801+0000] {dag.py:3089} INFO - Sync 1 DAGs
[2026-05-20T08:24:54.928+0000] {logging_mixin.py:188} INFO - [2026-05-20T08:24:54.927+0000] {dag.py:3947} INFO - Setting next_dagrun for example_display_name to None, run_after=None
[2026-05-20T08:24:55.461+0000] {processor.py:183} INFO - Processing /home/airflow/.local/lib/python3.12/site-packages/airflow/example_dags/example_display_name.py took 0.971 seconds
[2026-05-20T08:25:44.792+0000] {processor.py:161} INFO - Started process (PID=2135) to work on /home/airflow/.local/lib/python3.12/site-packages/airflow/example_dags/example_display_name.py
[2026-05-20T08:25:44.797+0000] {processor.py:830} INFO - Processing file /home/airflow/.local/lib/python3.12/site-packages/airflow/example_dags/example_display_name.py for tasks to queue
[2026-05-20T08:25:44.803+0000] {logging_mixin.py:188} INFO - [2026-05-20T08:25:44.802+0000] {dagbag.py:545} INFO - Filling up the DagBag from /home/airflow/.local/lib/python3.12/site-packages/airflow/example_dags/example_display_name.py
[2026-05-20T08:25:44.820+0000] {processor.py:840} INFO - DAG(s) 'example_display_name' retrieved from /home/airflow/.local/lib/python3.12/site-packages/airflow/example_dags/example_display_name.py
[2026-05-20T08:25:44.874+0000] {logging_mixin.py:188} INFO - [2026-05-20T08:25:44.874+0000] {dag.py:3089} INFO - Sync 1 DAGs
[2026-05-20T08:25:44.904+0000] {logging_mixin.py:188} INFO - [2026-05-20T08:25:44.903+0000] {dag.py:3947} INFO - Setting next_dagrun for example_display_name to None, run_after=None
[2026-05-20T08:25:44.951+0000] {processor.py:183} INFO - Processing /home/airflow/.local/lib/python3.12/site-packages/airflow/example_dags/example_display_name.py took 0.176 seconds
[2026-05-20T08:26:15.158+0000] {processor.py:161} INFO - Started process (PID=2193) to work on /home/airflow/.local/lib/python3.12/site-packages/airflow/example_dags/example_display_name.py
[2026-05-20T08:26:15.160+0000] {processor.py:830} INFO - Processing file /home/airflow/.local/lib/python3.12/site-packages/airflow/example_dags/example_display_name.py for tasks to queue
[2026-05-20T08:26:15.163+0000] {logging_mixin.py:188} INFO - [2026-05-20T08:26:15.163+0000] {dagbag.py:545} INFO - Filling up the DagBag from /home/airflow/.local/lib/python3.12/site-packages/airflow/example_dags/example_display_name.py
[2026-05-20T08:26:15.171+0000] {processor.py:840} INFO - DAG(s) 'example_display_name' retrieved from /home/airflow/.local/lib/python3.12/site-packages/airflow/example_dags/example_display_name.py
[2026-05-20T08:26:15.200+0000] {logging_mixin.py:188} INFO - [2026-05-20T08:26:15.200+0000] {dag.py:3089} INFO - Sync 1 DAGs
[2026-05-20T08:26:15.219+0000] {logging_mixin.py:188} INFO - [2026-05-20T08:26:15.219+0000] {dag.py:3947} INFO - Setting next_dagrun for example_display_name to None, run_after=None
[2026-05-20T08:26:15.248+0000] {processor.py:183} INFO - Processing /home/airflow/.local/lib/python3.12/site-packages/airflow/example_dags/example_display_name.py took 0.098 seconds
[2026-05-20T08:26:45.402+0000] {processor.py:161} INFO - Started process (PID=2253) to work on /home/airflow/.local/lib/python3.12/site-packages/airflow/example_dags/example_display_name.py
[2026-05-20T08:26:45.410+0000] {processor.py:830} INFO - Processing file /home/airflow/.local/lib/python3.12/site-packages/airflow/example_dags/example_display_name.py for tasks to queue
[2026-05-20T08:26:45.417+0000] {logging_mixin.py:188} INFO - [2026-05-20T08:26:45.416+0000] {dagbag.py:545} INFO - Filling up the DagBag from /home/airflow/.local/lib/python3.12/site-packages/airflow/example_dags/example_display_name.py
[2026-05-20T08:26:45.430+0000] {processor.py:840} INFO - DAG(s) 'example_display_name' retrieved from /home/airflow/.local/lib/python3.12/site-packages/airflow/example_dags/example_display_name.py
[2026-05-20T08:26:45.500+0000] {logging_mixin.py:188} INFO - [2026-05-20T08:26:45.499+0000] {dag.py:3089} INFO - Sync 1 DAGs
[2026-05-20T08:26:45.887+0000] {logging_mixin.py:188} INFO - [2026-05-20T08:26:45.886+0000] {dag.py:3947} INFO - Setting next_dagrun for example_display_name to None, run_after=None
[2026-05-20T08:26:45.918+0000] {processor.py:183} INFO - Processing /home/airflow/.local/lib/python3.12/site-packages/airflow/example_dags/example_display_name.py took 0.529 seconds
