[2026-05-20T08:07:37.940+0000] {processor.py:161} INFO - Started process (PID=131) to work on /home/airflow/.local/lib/python3.12/site-packages/airflow/example_dags/example_python_operator.py
[2026-05-20T08:07:37.942+0000] {processor.py:830} INFO - Processing file /home/airflow/.local/lib/python3.12/site-packages/airflow/example_dags/example_python_operator.py for tasks to queue
[2026-05-20T08:07:37.947+0000] {logging_mixin.py:188} INFO - [2026-05-20T08:07:37.946+0000] {dagbag.py:545} INFO - Filling up the DagBag from /home/airflow/.local/lib/python3.12/site-packages/airflow/example_dags/example_python_operator.py
[2026-05-20T08:07:37.973+0000] {processor.py:840} INFO - DAG(s) 'example_python_operator' retrieved from /home/airflow/.local/lib/python3.12/site-packages/airflow/example_dags/example_python_operator.py
[2026-05-20T08:07:38.360+0000] {logging_mixin.py:188} INFO - [2026-05-20T08:07:38.358+0000] {dag.py:3089} INFO - Sync 1 DAGs
[2026-05-20T08:07:38.407+0000] {logging_mixin.py:188} INFO - [2026-05-20T08:07:38.407+0000] {dag.py:3947} INFO - Setting next_dagrun for example_python_operator to None, run_after=None
[2026-05-20T08:07:38.462+0000] {processor.py:183} INFO - Processing /home/airflow/.local/lib/python3.12/site-packages/airflow/example_dags/example_python_operator.py took 0.535 seconds
[2026-05-20T08:08:16.980+0000] {processor.py:161} INFO - Started process (PID=192) to work on /home/airflow/.local/lib/python3.12/site-packages/airflow/example_dags/example_python_operator.py
[2026-05-20T08:08:16.992+0000] {processor.py:830} INFO - Processing file /home/airflow/.local/lib/python3.12/site-packages/airflow/example_dags/example_python_operator.py for tasks to queue
[2026-05-20T08:08:17.006+0000] {logging_mixin.py:188} INFO - [2026-05-20T08:08:17.005+0000] {dagbag.py:545} INFO - Filling up the DagBag from /home/airflow/.local/lib/python3.12/site-packages/airflow/example_dags/example_python_operator.py
[2026-05-20T08:08:17.047+0000] {processor.py:840} INFO - DAG(s) 'example_python_operator' retrieved from /home/airflow/.local/lib/python3.12/site-packages/airflow/example_dags/example_python_operator.py
[2026-05-20T08:08:17.102+0000] {logging_mixin.py:188} INFO - [2026-05-20T08:08:17.101+0000] {dag.py:3089} INFO - Sync 1 DAGs
[2026-05-20T08:08:17.131+0000] {logging_mixin.py:188} INFO - [2026-05-20T08:08:17.131+0000] {dag.py:3947} INFO - Setting next_dagrun for example_python_operator to None, run_after=None
[2026-05-20T08:08:17.192+0000] {processor.py:183} INFO - Processing /home/airflow/.local/lib/python3.12/site-packages/airflow/example_dags/example_python_operator.py took 0.230 seconds
[2026-05-20T08:08:50.308+0000] {processor.py:161} INFO - Started process (PID=251) to work on /home/airflow/.local/lib/python3.12/site-packages/airflow/example_dags/example_python_operator.py
[2026-05-20T08:08:50.312+0000] {processor.py:830} INFO - Processing file /home/airflow/.local/lib/python3.12/site-packages/airflow/example_dags/example_python_operator.py for tasks to queue
[2026-05-20T08:08:50.317+0000] {logging_mixin.py:188} INFO - [2026-05-20T08:08:50.316+0000] {dagbag.py:545} INFO - Filling up the DagBag from /home/airflow/.local/lib/python3.12/site-packages/airflow/example_dags/example_python_operator.py
[2026-05-20T08:08:50.347+0000] {processor.py:840} INFO - DAG(s) 'example_python_operator' retrieved from /home/airflow/.local/lib/python3.12/site-packages/airflow/example_dags/example_python_operator.py
[2026-05-20T08:08:50.408+0000] {logging_mixin.py:188} INFO - [2026-05-20T08:08:50.408+0000] {dag.py:3089} INFO - Sync 1 DAGs
[2026-05-20T08:08:50.450+0000] {logging_mixin.py:188} INFO - [2026-05-20T08:08:50.449+0000] {dag.py:3947} INFO - Setting next_dagrun for example_python_operator to None, run_after=None
[2026-05-20T08:08:50.527+0000] {processor.py:183} INFO - Processing /home/airflow/.local/lib/python3.12/site-packages/airflow/example_dags/example_python_operator.py took 0.235 seconds
[2026-05-20T08:09:21.279+0000] {processor.py:161} INFO - Started process (PID=310) to work on /home/airflow/.local/lib/python3.12/site-packages/airflow/example_dags/example_python_operator.py
[2026-05-20T08:09:21.281+0000] {processor.py:830} INFO - Processing file /home/airflow/.local/lib/python3.12/site-packages/airflow/example_dags/example_python_operator.py for tasks to queue
[2026-05-20T08:09:21.290+0000] {logging_mixin.py:188} INFO - [2026-05-20T08:09:21.287+0000] {dagbag.py:545} INFO - Filling up the DagBag from /home/airflow/.local/lib/python3.12/site-packages/airflow/example_dags/example_python_operator.py
[2026-05-20T08:09:21.335+0000] {processor.py:840} INFO - DAG(s) 'example_python_operator' retrieved from /home/airflow/.local/lib/python3.12/site-packages/airflow/example_dags/example_python_operator.py
[2026-05-20T08:09:21.407+0000] {logging_mixin.py:188} INFO - [2026-05-20T08:09:21.407+0000] {dag.py:3089} INFO - Sync 1 DAGs
[2026-05-20T08:09:21.435+0000] {logging_mixin.py:188} INFO - [2026-05-20T08:09:21.435+0000] {dag.py:3947} INFO - Setting next_dagrun for example_python_operator to None, run_after=None
[2026-05-20T08:09:21.467+0000] {processor.py:183} INFO - Processing /home/airflow/.local/lib/python3.12/site-packages/airflow/example_dags/example_python_operator.py took 0.204 seconds
[2026-05-20T08:09:51.922+0000] {processor.py:161} INFO - Started process (PID=370) to work on /home/airflow/.local/lib/python3.12/site-packages/airflow/example_dags/example_python_operator.py
[2026-05-20T08:09:51.924+0000] {processor.py:830} INFO - Processing file /home/airflow/.local/lib/python3.12/site-packages/airflow/example_dags/example_python_operator.py for tasks to queue
[2026-05-20T08:09:51.927+0000] {logging_mixin.py:188} INFO - [2026-05-20T08:09:51.927+0000] {dagbag.py:545} INFO - Filling up the DagBag from /home/airflow/.local/lib/python3.12/site-packages/airflow/example_dags/example_python_operator.py
[2026-05-20T08:09:51.945+0000] {processor.py:840} INFO - DAG(s) 'example_python_operator' retrieved from /home/airflow/.local/lib/python3.12/site-packages/airflow/example_dags/example_python_operator.py
[2026-05-20T08:09:51.980+0000] {logging_mixin.py:188} INFO - [2026-05-20T08:09:51.980+0000] {dag.py:3089} INFO - Sync 1 DAGs
[2026-05-20T08:09:52.000+0000] {logging_mixin.py:188} INFO - [2026-05-20T08:09:52.000+0000] {dag.py:3947} INFO - Setting next_dagrun for example_python_operator to None, run_after=None
[2026-05-20T08:09:52.029+0000] {processor.py:183} INFO - Processing /home/airflow/.local/lib/python3.12/site-packages/airflow/example_dags/example_python_operator.py took 0.117 seconds
[2026-05-20T08:10:26.335+0000] {processor.py:161} INFO - Started process (PID=430) to work on /home/airflow/.local/lib/python3.12/site-packages/airflow/example_dags/example_python_operator.py
[2026-05-20T08:10:26.338+0000] {processor.py:830} INFO - Processing file /home/airflow/.local/lib/python3.12/site-packages/airflow/example_dags/example_python_operator.py for tasks to queue
[2026-05-20T08:10:26.357+0000] {logging_mixin.py:188} INFO - [2026-05-20T08:10:26.354+0000] {dagbag.py:545} INFO - Filling up the DagBag from /home/airflow/.local/lib/python3.12/site-packages/airflow/example_dags/example_python_operator.py
[2026-05-20T08:10:26.407+0000] {processor.py:840} INFO - DAG(s) 'example_python_operator' retrieved from /home/airflow/.local/lib/python3.12/site-packages/airflow/example_dags/example_python_operator.py
[2026-05-20T08:10:26.512+0000] {logging_mixin.py:188} INFO - [2026-05-20T08:10:26.511+0000] {dag.py:3089} INFO - Sync 1 DAGs
[2026-05-20T08:10:26.559+0000] {logging_mixin.py:188} INFO - [2026-05-20T08:10:26.559+0000] {dag.py:3947} INFO - Setting next_dagrun for example_python_operator to None, run_after=None
[2026-05-20T08:10:26.656+0000] {processor.py:183} INFO - Processing /home/airflow/.local/lib/python3.12/site-packages/airflow/example_dags/example_python_operator.py took 0.361 seconds
[2026-05-20T08:10:56.873+0000] {processor.py:161} INFO - Started process (PID=489) to work on /home/airflow/.local/lib/python3.12/site-packages/airflow/example_dags/example_python_operator.py
[2026-05-20T08:10:56.875+0000] {processor.py:830} INFO - Processing file /home/airflow/.local/lib/python3.12/site-packages/airflow/example_dags/example_python_operator.py for tasks to queue
[2026-05-20T08:10:56.879+0000] {logging_mixin.py:188} INFO - [2026-05-20T08:10:56.878+0000] {dagbag.py:545} INFO - Filling up the DagBag from /home/airflow/.local/lib/python3.12/site-packages/airflow/example_dags/example_python_operator.py
[2026-05-20T08:10:56.909+0000] {processor.py:840} INFO - DAG(s) 'example_python_operator' retrieved from /home/airflow/.local/lib/python3.12/site-packages/airflow/example_dags/example_python_operator.py
[2026-05-20T08:10:56.958+0000] {logging_mixin.py:188} INFO - [2026-05-20T08:10:56.958+0000] {dag.py:3089} INFO - Sync 1 DAGs
[2026-05-20T08:10:56.987+0000] {logging_mixin.py:188} INFO - [2026-05-20T08:10:56.986+0000] {dag.py:3947} INFO - Setting next_dagrun for example_python_operator to None, run_after=None
[2026-05-20T08:10:57.023+0000] {processor.py:183} INFO - Processing /home/airflow/.local/lib/python3.12/site-packages/airflow/example_dags/example_python_operator.py took 0.161 seconds
[2026-05-20T08:11:27.650+0000] {processor.py:161} INFO - Started process (PID=550) to work on /home/airflow/.local/lib/python3.12/site-packages/airflow/example_dags/example_python_operator.py
[2026-05-20T08:11:27.653+0000] {processor.py:830} INFO - Processing file /home/airflow/.local/lib/python3.12/site-packages/airflow/example_dags/example_python_operator.py for tasks to queue
[2026-05-20T08:11:27.657+0000] {logging_mixin.py:188} INFO - [2026-05-20T08:11:27.657+0000] {dagbag.py:545} INFO - Filling up the DagBag from /home/airflow/.local/lib/python3.12/site-packages/airflow/example_dags/example_python_operator.py
[2026-05-20T08:11:27.679+0000] {processor.py:840} INFO - DAG(s) 'example_python_operator' retrieved from /home/airflow/.local/lib/python3.12/site-packages/airflow/example_dags/example_python_operator.py
[2026-05-20T08:11:27.742+0000] {logging_mixin.py:188} INFO - [2026-05-20T08:11:27.741+0000] {dag.py:3089} INFO - Sync 1 DAGs
[2026-05-20T08:11:27.797+0000] {logging_mixin.py:188} INFO - [2026-05-20T08:11:27.797+0000] {dag.py:3947} INFO - Setting next_dagrun for example_python_operator to None, run_after=None
[2026-05-20T08:11:27.890+0000] {processor.py:183} INFO - Processing /home/airflow/.local/lib/python3.12/site-packages/airflow/example_dags/example_python_operator.py took 0.250 seconds
[2026-05-20T08:12:01.569+0000] {processor.py:161} INFO - Started process (PID=610) to work on /home/airflow/.local/lib/python3.12/site-packages/airflow/example_dags/example_python_operator.py
[2026-05-20T08:12:01.571+0000] {processor.py:830} INFO - Processing file /home/airflow/.local/lib/python3.12/site-packages/airflow/example_dags/example_python_operator.py for tasks to queue
[2026-05-20T08:12:01.575+0000] {logging_mixin.py:188} INFO - [2026-05-20T08:12:01.575+0000] {dagbag.py:545} INFO - Filling up the DagBag from /home/airflow/.local/lib/python3.12/site-packages/airflow/example_dags/example_python_operator.py
[2026-05-20T08:12:01.598+0000] {processor.py:840} INFO - DAG(s) 'example_python_operator' retrieved from /home/airflow/.local/lib/python3.12/site-packages/airflow/example_dags/example_python_operator.py
[2026-05-20T08:12:01.672+0000] {logging_mixin.py:188} INFO - [2026-05-20T08:12:01.671+0000] {dag.py:3089} INFO - Sync 1 DAGs
[2026-05-20T08:12:01.707+0000] {logging_mixin.py:188} INFO - [2026-05-20T08:12:01.707+0000] {dag.py:3947} INFO - Setting next_dagrun for example_python_operator to None, run_after=None
[2026-05-20T08:12:01.757+0000] {processor.py:183} INFO - Processing /home/airflow/.local/lib/python3.12/site-packages/airflow/example_dags/example_python_operator.py took 0.202 seconds
[2026-05-20T08:12:32.455+0000] {processor.py:161} INFO - Started process (PID=670) to work on /home/airflow/.local/lib/python3.12/site-packages/airflow/example_dags/example_python_operator.py
[2026-05-20T08:12:32.466+0000] {processor.py:830} INFO - Processing file /home/airflow/.local/lib/python3.12/site-packages/airflow/example_dags/example_python_operator.py for tasks to queue
[2026-05-20T08:12:32.477+0000] {logging_mixin.py:188} INFO - [2026-05-20T08:12:32.475+0000] {dagbag.py:545} INFO - Filling up the DagBag from /home/airflow/.local/lib/python3.12/site-packages/airflow/example_dags/example_python_operator.py
[2026-05-20T08:12:32.541+0000] {processor.py:840} INFO - DAG(s) 'example_python_operator' retrieved from /home/airflow/.local/lib/python3.12/site-packages/airflow/example_dags/example_python_operator.py
[2026-05-20T08:12:32.622+0000] {logging_mixin.py:188} INFO - [2026-05-20T08:12:32.621+0000] {dag.py:3089} INFO - Sync 1 DAGs
[2026-05-20T08:12:32.670+0000] {logging_mixin.py:188} INFO - [2026-05-20T08:12:32.669+0000] {dag.py:3947} INFO - Setting next_dagrun for example_python_operator to None, run_after=None
[2026-05-20T08:12:32.733+0000] {processor.py:183} INFO - Processing /home/airflow/.local/lib/python3.12/site-packages/airflow/example_dags/example_python_operator.py took 0.296 seconds
[2026-05-20T08:13:08.220+0000] {processor.py:161} INFO - Started process (PID=736) to work on /home/airflow/.local/lib/python3.12/site-packages/airflow/example_dags/example_python_operator.py
[2026-05-20T08:13:08.234+0000] {processor.py:830} INFO - Processing file /home/airflow/.local/lib/python3.12/site-packages/airflow/example_dags/example_python_operator.py for tasks to queue
[2026-05-20T08:13:08.240+0000] {logging_mixin.py:188} INFO - [2026-05-20T08:13:08.239+0000] {dagbag.py:545} INFO - Filling up the DagBag from /home/airflow/.local/lib/python3.12/site-packages/airflow/example_dags/example_python_operator.py
[2026-05-20T08:13:08.318+0000] {processor.py:840} INFO - DAG(s) 'example_python_operator' retrieved from /home/airflow/.local/lib/python3.12/site-packages/airflow/example_dags/example_python_operator.py
[2026-05-20T08:13:08.541+0000] {logging_mixin.py:188} INFO - [2026-05-20T08:13:08.540+0000] {dag.py:3089} INFO - Sync 1 DAGs
[2026-05-20T08:13:08.702+0000] {logging_mixin.py:188} INFO - [2026-05-20T08:13:08.702+0000] {dag.py:3947} INFO - Setting next_dagrun for example_python_operator to None, run_after=None
[2026-05-20T08:13:08.904+0000] {processor.py:183} INFO - Processing /home/airflow/.local/lib/python3.12/site-packages/airflow/example_dags/example_python_operator.py took 0.708 seconds
[2026-05-20T08:13:46.426+0000] {processor.py:161} INFO - Started process (PID=796) to work on /home/airflow/.local/lib/python3.12/site-packages/airflow/example_dags/example_python_operator.py
[2026-05-20T08:13:46.432+0000] {processor.py:830} INFO - Processing file /home/airflow/.local/lib/python3.12/site-packages/airflow/example_dags/example_python_operator.py for tasks to queue
[2026-05-20T08:13:46.447+0000] {logging_mixin.py:188} INFO - [2026-05-20T08:13:46.446+0000] {dagbag.py:545} INFO - Filling up the DagBag from /home/airflow/.local/lib/python3.12/site-packages/airflow/example_dags/example_python_operator.py
[2026-05-20T08:13:46.535+0000] {processor.py:840} INFO - DAG(s) 'example_python_operator' retrieved from /home/airflow/.local/lib/python3.12/site-packages/airflow/example_dags/example_python_operator.py
[2026-05-20T08:13:46.666+0000] {logging_mixin.py:188} INFO - [2026-05-20T08:13:46.665+0000] {dag.py:3089} INFO - Sync 1 DAGs
[2026-05-20T08:13:46.752+0000] {logging_mixin.py:188} INFO - [2026-05-20T08:13:46.751+0000] {dag.py:3947} INFO - Setting next_dagrun for example_python_operator to None, run_after=None
[2026-05-20T08:13:46.909+0000] {processor.py:183} INFO - Processing /home/airflow/.local/lib/python3.12/site-packages/airflow/example_dags/example_python_operator.py took 0.521 seconds
[2026-05-20T08:14:21.059+0000] {processor.py:161} INFO - Started process (PID=854) to work on /home/airflow/.local/lib/python3.12/site-packages/airflow/example_dags/example_python_operator.py
[2026-05-20T08:14:21.063+0000] {processor.py:830} INFO - Processing file /home/airflow/.local/lib/python3.12/site-packages/airflow/example_dags/example_python_operator.py for tasks to queue
[2026-05-20T08:14:21.071+0000] {logging_mixin.py:188} INFO - [2026-05-20T08:14:21.070+0000] {dagbag.py:545} INFO - Filling up the DagBag from /home/airflow/.local/lib/python3.12/site-packages/airflow/example_dags/example_python_operator.py
[2026-05-20T08:14:21.105+0000] {processor.py:840} INFO - DAG(s) 'example_python_operator' retrieved from /home/airflow/.local/lib/python3.12/site-packages/airflow/example_dags/example_python_operator.py
[2026-05-20T08:14:21.163+0000] {logging_mixin.py:188} INFO - [2026-05-20T08:14:21.163+0000] {dag.py:3089} INFO - Sync 1 DAGs
[2026-05-20T08:14:21.205+0000] {logging_mixin.py:188} INFO - [2026-05-20T08:14:21.204+0000] {dag.py:3947} INFO - Setting next_dagrun for example_python_operator to None, run_after=None
[2026-05-20T08:14:21.251+0000] {processor.py:183} INFO - Processing /home/airflow/.local/lib/python3.12/site-packages/airflow/example_dags/example_python_operator.py took 0.208 seconds
[2026-05-20T08:14:51.859+0000] {processor.py:161} INFO - Started process (PID=914) to work on /home/airflow/.local/lib/python3.12/site-packages/airflow/example_dags/example_python_operator.py
[2026-05-20T08:14:51.862+0000] {processor.py:830} INFO - Processing file /home/airflow/.local/lib/python3.12/site-packages/airflow/example_dags/example_python_operator.py for tasks to queue
[2026-05-20T08:14:51.866+0000] {logging_mixin.py:188} INFO - [2026-05-20T08:14:51.865+0000] {dagbag.py:545} INFO - Filling up the DagBag from /home/airflow/.local/lib/python3.12/site-packages/airflow/example_dags/example_python_operator.py
[2026-05-20T08:14:51.894+0000] {processor.py:840} INFO - DAG(s) 'example_python_operator' retrieved from /home/airflow/.local/lib/python3.12/site-packages/airflow/example_dags/example_python_operator.py
[2026-05-20T08:14:51.953+0000] {logging_mixin.py:188} INFO - [2026-05-20T08:14:51.952+0000] {dag.py:3089} INFO - Sync 1 DAGs
[2026-05-20T08:14:51.980+0000] {logging_mixin.py:188} INFO - [2026-05-20T08:14:51.980+0000] {dag.py:3947} INFO - Setting next_dagrun for example_python_operator to None, run_after=None
[2026-05-20T08:14:52.013+0000] {processor.py:183} INFO - Processing /home/airflow/.local/lib/python3.12/site-packages/airflow/example_dags/example_python_operator.py took 0.167 seconds
[2026-05-20T08:15:22.270+0000] {processor.py:161} INFO - Started process (PID=974) to work on /home/airflow/.local/lib/python3.12/site-packages/airflow/example_dags/example_python_operator.py
[2026-05-20T08:15:22.273+0000] {processor.py:830} INFO - Processing file /home/airflow/.local/lib/python3.12/site-packages/airflow/example_dags/example_python_operator.py for tasks to queue
[2026-05-20T08:15:22.278+0000] {logging_mixin.py:188} INFO - [2026-05-20T08:15:22.277+0000] {dagbag.py:545} INFO - Filling up the DagBag from /home/airflow/.local/lib/python3.12/site-packages/airflow/example_dags/example_python_operator.py
[2026-05-20T08:15:22.302+0000] {processor.py:840} INFO - DAG(s) 'example_python_operator' retrieved from /home/airflow/.local/lib/python3.12/site-packages/airflow/example_dags/example_python_operator.py
[2026-05-20T08:15:22.367+0000] {logging_mixin.py:188} INFO - [2026-05-20T08:15:22.366+0000] {dag.py:3089} INFO - Sync 1 DAGs
[2026-05-20T08:15:22.428+0000] {logging_mixin.py:188} INFO - [2026-05-20T08:15:22.427+0000] {dag.py:3947} INFO - Setting next_dagrun for example_python_operator to None, run_after=None
[2026-05-20T08:15:22.496+0000] {processor.py:183} INFO - Processing /home/airflow/.local/lib/python3.12/site-packages/airflow/example_dags/example_python_operator.py took 0.245 seconds
[2026-05-20T08:15:53.465+0000] {processor.py:161} INFO - Started process (PID=1035) to work on /home/airflow/.local/lib/python3.12/site-packages/airflow/example_dags/example_python_operator.py
[2026-05-20T08:15:53.468+0000] {processor.py:830} INFO - Processing file /home/airflow/.local/lib/python3.12/site-packages/airflow/example_dags/example_python_operator.py for tasks to queue
[2026-05-20T08:15:53.476+0000] {logging_mixin.py:188} INFO - [2026-05-20T08:15:53.475+0000] {dagbag.py:545} INFO - Filling up the DagBag from /home/airflow/.local/lib/python3.12/site-packages/airflow/example_dags/example_python_operator.py
[2026-05-20T08:15:53.499+0000] {processor.py:840} INFO - DAG(s) 'example_python_operator' retrieved from /home/airflow/.local/lib/python3.12/site-packages/airflow/example_dags/example_python_operator.py
[2026-05-20T08:15:53.547+0000] {logging_mixin.py:188} INFO - [2026-05-20T08:15:53.547+0000] {dag.py:3089} INFO - Sync 1 DAGs
[2026-05-20T08:15:53.575+0000] {logging_mixin.py:188} INFO - [2026-05-20T08:15:53.575+0000] {dag.py:3947} INFO - Setting next_dagrun for example_python_operator to None, run_after=None
[2026-05-20T08:15:53.629+0000] {processor.py:183} INFO - Processing /home/airflow/.local/lib/python3.12/site-packages/airflow/example_dags/example_python_operator.py took 0.178 seconds
[2026-05-20T08:16:25.380+0000] {processor.py:161} INFO - Started process (PID=1095) to work on /home/airflow/.local/lib/python3.12/site-packages/airflow/example_dags/example_python_operator.py
[2026-05-20T08:16:25.383+0000] {processor.py:830} INFO - Processing file /home/airflow/.local/lib/python3.12/site-packages/airflow/example_dags/example_python_operator.py for tasks to queue
[2026-05-20T08:16:25.389+0000] {logging_mixin.py:188} INFO - [2026-05-20T08:16:25.387+0000] {dagbag.py:545} INFO - Filling up the DagBag from /home/airflow/.local/lib/python3.12/site-packages/airflow/example_dags/example_python_operator.py
[2026-05-20T08:16:25.432+0000] {processor.py:840} INFO - DAG(s) 'example_python_operator' retrieved from /home/airflow/.local/lib/python3.12/site-packages/airflow/example_dags/example_python_operator.py
[2026-05-20T08:16:25.591+0000] {logging_mixin.py:188} INFO - [2026-05-20T08:16:25.590+0000] {dag.py:3089} INFO - Sync 1 DAGs
[2026-05-20T08:16:25.636+0000] {logging_mixin.py:188} INFO - [2026-05-20T08:16:25.635+0000] {dag.py:3947} INFO - Setting next_dagrun for example_python_operator to None, run_after=None
[2026-05-20T08:16:25.690+0000] {processor.py:183} INFO - Processing /home/airflow/.local/lib/python3.12/site-packages/airflow/example_dags/example_python_operator.py took 0.328 seconds
[2026-05-20T08:16:56.185+0000] {processor.py:161} INFO - Started process (PID=1155) to work on /home/airflow/.local/lib/python3.12/site-packages/airflow/example_dags/example_python_operator.py
[2026-05-20T08:16:56.187+0000] {processor.py:830} INFO - Processing file /home/airflow/.local/lib/python3.12/site-packages/airflow/example_dags/example_python_operator.py for tasks to queue
[2026-05-20T08:16:56.190+0000] {logging_mixin.py:188} INFO - [2026-05-20T08:16:56.190+0000] {dagbag.py:545} INFO - Filling up the DagBag from /home/airflow/.local/lib/python3.12/site-packages/airflow/example_dags/example_python_operator.py
[2026-05-20T08:16:56.212+0000] {processor.py:840} INFO - DAG(s) 'example_python_operator' retrieved from /home/airflow/.local/lib/python3.12/site-packages/airflow/example_dags/example_python_operator.py
[2026-05-20T08:16:56.269+0000] {logging_mixin.py:188} INFO - [2026-05-20T08:16:56.269+0000] {dag.py:3089} INFO - Sync 1 DAGs
[2026-05-20T08:16:56.295+0000] {logging_mixin.py:188} INFO - [2026-05-20T08:16:56.295+0000] {dag.py:3947} INFO - Setting next_dagrun for example_python_operator to None, run_after=None
[2026-05-20T08:16:56.329+0000] {processor.py:183} INFO - Processing /home/airflow/.local/lib/python3.12/site-packages/airflow/example_dags/example_python_operator.py took 0.156 seconds
[2026-05-20T08:17:27.027+0000] {processor.py:161} INFO - Started process (PID=1215) to work on /home/airflow/.local/lib/python3.12/site-packages/airflow/example_dags/example_python_operator.py
[2026-05-20T08:17:27.030+0000] {processor.py:830} INFO - Processing file /home/airflow/.local/lib/python3.12/site-packages/airflow/example_dags/example_python_operator.py for tasks to queue
[2026-05-20T08:17:27.036+0000] {logging_mixin.py:188} INFO - [2026-05-20T08:17:27.035+0000] {dagbag.py:545} INFO - Filling up the DagBag from /home/airflow/.local/lib/python3.12/site-packages/airflow/example_dags/example_python_operator.py
[2026-05-20T08:17:27.070+0000] {processor.py:840} INFO - DAG(s) 'example_python_operator' retrieved from /home/airflow/.local/lib/python3.12/site-packages/airflow/example_dags/example_python_operator.py
[2026-05-20T08:17:27.135+0000] {logging_mixin.py:188} INFO - [2026-05-20T08:17:27.134+0000] {dag.py:3089} INFO - Sync 1 DAGs
[2026-05-20T08:17:27.181+0000] {logging_mixin.py:188} INFO - [2026-05-20T08:17:27.181+0000] {dag.py:3947} INFO - Setting next_dagrun for example_python_operator to None, run_after=None
[2026-05-20T08:17:27.261+0000] {processor.py:183} INFO - Processing /home/airflow/.local/lib/python3.12/site-packages/airflow/example_dags/example_python_operator.py took 0.253 seconds
[2026-05-20T08:17:57.696+0000] {processor.py:161} INFO - Started process (PID=1274) to work on /home/airflow/.local/lib/python3.12/site-packages/airflow/example_dags/example_python_operator.py
[2026-05-20T08:17:57.697+0000] {processor.py:830} INFO - Processing file /home/airflow/.local/lib/python3.12/site-packages/airflow/example_dags/example_python_operator.py for tasks to queue
[2026-05-20T08:17:57.702+0000] {logging_mixin.py:188} INFO - [2026-05-20T08:17:57.701+0000] {dagbag.py:545} INFO - Filling up the DagBag from /home/airflow/.local/lib/python3.12/site-packages/airflow/example_dags/example_python_operator.py
[2026-05-20T08:17:57.718+0000] {processor.py:840} INFO - DAG(s) 'example_python_operator' retrieved from /home/airflow/.local/lib/python3.12/site-packages/airflow/example_dags/example_python_operator.py
[2026-05-20T08:17:57.750+0000] {logging_mixin.py:188} INFO - [2026-05-20T08:17:57.749+0000] {dag.py:3089} INFO - Sync 1 DAGs
[2026-05-20T08:17:57.768+0000] {logging_mixin.py:188} INFO - [2026-05-20T08:17:57.768+0000] {dag.py:3947} INFO - Setting next_dagrun for example_python_operator to None, run_after=None
[2026-05-20T08:17:57.795+0000] {processor.py:183} INFO - Processing /home/airflow/.local/lib/python3.12/site-packages/airflow/example_dags/example_python_operator.py took 0.109 seconds
[2026-05-20T08:18:28.770+0000] {processor.py:161} INFO - Started process (PID=1334) to work on /home/airflow/.local/lib/python3.12/site-packages/airflow/example_dags/example_python_operator.py
[2026-05-20T08:18:28.772+0000] {processor.py:830} INFO - Processing file /home/airflow/.local/lib/python3.12/site-packages/airflow/example_dags/example_python_operator.py for tasks to queue
[2026-05-20T08:18:28.776+0000] {logging_mixin.py:188} INFO - [2026-05-20T08:18:28.775+0000] {dagbag.py:545} INFO - Filling up the DagBag from /home/airflow/.local/lib/python3.12/site-packages/airflow/example_dags/example_python_operator.py
[2026-05-20T08:18:28.792+0000] {processor.py:840} INFO - DAG(s) 'example_python_operator' retrieved from /home/airflow/.local/lib/python3.12/site-packages/airflow/example_dags/example_python_operator.py
[2026-05-20T08:18:28.829+0000] {logging_mixin.py:188} INFO - [2026-05-20T08:18:28.829+0000] {dag.py:3089} INFO - Sync 1 DAGs
[2026-05-20T08:18:28.848+0000] {logging_mixin.py:188} INFO - [2026-05-20T08:18:28.848+0000] {dag.py:3947} INFO - Setting next_dagrun for example_python_operator to None, run_after=None
[2026-05-20T08:18:28.878+0000] {processor.py:183} INFO - Processing /home/airflow/.local/lib/python3.12/site-packages/airflow/example_dags/example_python_operator.py took 0.116 seconds
[2026-05-20T08:19:00.102+0000] {processor.py:161} INFO - Started process (PID=1394) to work on /home/airflow/.local/lib/python3.12/site-packages/airflow/example_dags/example_python_operator.py
[2026-05-20T08:19:00.104+0000] {processor.py:830} INFO - Processing file /home/airflow/.local/lib/python3.12/site-packages/airflow/example_dags/example_python_operator.py for tasks to queue
[2026-05-20T08:19:00.107+0000] {logging_mixin.py:188} INFO - [2026-05-20T08:19:00.106+0000] {dagbag.py:545} INFO - Filling up the DagBag from /home/airflow/.local/lib/python3.12/site-packages/airflow/example_dags/example_python_operator.py
[2026-05-20T08:19:00.122+0000] {processor.py:840} INFO - DAG(s) 'example_python_operator' retrieved from /home/airflow/.local/lib/python3.12/site-packages/airflow/example_dags/example_python_operator.py
[2026-05-20T08:19:00.156+0000] {logging_mixin.py:188} INFO - [2026-05-20T08:19:00.156+0000] {dag.py:3089} INFO - Sync 1 DAGs
[2026-05-20T08:19:00.175+0000] {logging_mixin.py:188} INFO - [2026-05-20T08:19:00.174+0000] {dag.py:3947} INFO - Setting next_dagrun for example_python_operator to None, run_after=None
[2026-05-20T08:19:00.205+0000] {processor.py:183} INFO - Processing /home/airflow/.local/lib/python3.12/site-packages/airflow/example_dags/example_python_operator.py took 0.112 seconds
[2026-05-20T08:19:31.040+0000] {processor.py:161} INFO - Started process (PID=1454) to work on /home/airflow/.local/lib/python3.12/site-packages/airflow/example_dags/example_python_operator.py
[2026-05-20T08:19:31.042+0000] {processor.py:830} INFO - Processing file /home/airflow/.local/lib/python3.12/site-packages/airflow/example_dags/example_python_operator.py for tasks to queue
[2026-05-20T08:19:31.048+0000] {logging_mixin.py:188} INFO - [2026-05-20T08:19:31.047+0000] {dagbag.py:545} INFO - Filling up the DagBag from /home/airflow/.local/lib/python3.12/site-packages/airflow/example_dags/example_python_operator.py
[2026-05-20T08:19:31.086+0000] {processor.py:840} INFO - DAG(s) 'example_python_operator' retrieved from /home/airflow/.local/lib/python3.12/site-packages/airflow/example_dags/example_python_operator.py
[2026-05-20T08:19:31.159+0000] {logging_mixin.py:188} INFO - [2026-05-20T08:19:31.158+0000] {dag.py:3089} INFO - Sync 1 DAGs
[2026-05-20T08:19:31.212+0000] {logging_mixin.py:188} INFO - [2026-05-20T08:19:31.211+0000] {dag.py:3947} INFO - Setting next_dagrun for example_python_operator to None, run_after=None
[2026-05-20T08:19:31.279+0000] {processor.py:183} INFO - Processing /home/airflow/.local/lib/python3.12/site-packages/airflow/example_dags/example_python_operator.py took 0.252 seconds
[2026-05-20T08:20:01.609+0000] {processor.py:161} INFO - Started process (PID=1513) to work on /home/airflow/.local/lib/python3.12/site-packages/airflow/example_dags/example_python_operator.py
[2026-05-20T08:20:01.611+0000] {processor.py:830} INFO - Processing file /home/airflow/.local/lib/python3.12/site-packages/airflow/example_dags/example_python_operator.py for tasks to queue
[2026-05-20T08:20:01.616+0000] {logging_mixin.py:188} INFO - [2026-05-20T08:20:01.614+0000] {dagbag.py:545} INFO - Filling up the DagBag from /home/airflow/.local/lib/python3.12/site-packages/airflow/example_dags/example_python_operator.py
[2026-05-20T08:20:01.639+0000] {processor.py:840} INFO - DAG(s) 'example_python_operator' retrieved from /home/airflow/.local/lib/python3.12/site-packages/airflow/example_dags/example_python_operator.py
[2026-05-20T08:20:01.677+0000] {logging_mixin.py:188} INFO - [2026-05-20T08:20:01.677+0000] {dag.py:3089} INFO - Sync 1 DAGs
[2026-05-20T08:20:01.703+0000] {logging_mixin.py:188} INFO - [2026-05-20T08:20:01.703+0000] {dag.py:3947} INFO - Setting next_dagrun for example_python_operator to None, run_after=None
[2026-05-20T08:20:01.742+0000] {processor.py:183} INFO - Processing /home/airflow/.local/lib/python3.12/site-packages/airflow/example_dags/example_python_operator.py took 0.145 seconds
[2026-05-20T08:20:32.122+0000] {processor.py:161} INFO - Started process (PID=1571) to work on /home/airflow/.local/lib/python3.12/site-packages/airflow/example_dags/example_python_operator.py
[2026-05-20T08:20:32.125+0000] {processor.py:830} INFO - Processing file /home/airflow/.local/lib/python3.12/site-packages/airflow/example_dags/example_python_operator.py for tasks to queue
[2026-05-20T08:20:32.137+0000] {logging_mixin.py:188} INFO - [2026-05-20T08:20:32.136+0000] {dagbag.py:545} INFO - Filling up the DagBag from /home/airflow/.local/lib/python3.12/site-packages/airflow/example_dags/example_python_operator.py
[2026-05-20T08:20:32.188+0000] {processor.py:840} INFO - DAG(s) 'example_python_operator' retrieved from /home/airflow/.local/lib/python3.12/site-packages/airflow/example_dags/example_python_operator.py
[2026-05-20T08:20:32.284+0000] {logging_mixin.py:188} INFO - [2026-05-20T08:20:32.283+0000] {dag.py:3089} INFO - Sync 1 DAGs
[2026-05-20T08:20:32.317+0000] {logging_mixin.py:188} INFO - [2026-05-20T08:20:32.316+0000] {dag.py:3947} INFO - Setting next_dagrun for example_python_operator to None, run_after=None
[2026-05-20T08:20:32.374+0000] {processor.py:183} INFO - Processing /home/airflow/.local/lib/python3.12/site-packages/airflow/example_dags/example_python_operator.py took 0.277 seconds
[2026-05-20T08:21:02.968+0000] {processor.py:161} INFO - Started process (PID=1631) to work on /home/airflow/.local/lib/python3.12/site-packages/airflow/example_dags/example_python_operator.py
[2026-05-20T08:21:02.971+0000] {processor.py:830} INFO - Processing file /home/airflow/.local/lib/python3.12/site-packages/airflow/example_dags/example_python_operator.py for tasks to queue
[2026-05-20T08:21:02.976+0000] {logging_mixin.py:188} INFO - [2026-05-20T08:21:02.975+0000] {dagbag.py:545} INFO - Filling up the DagBag from /home/airflow/.local/lib/python3.12/site-packages/airflow/example_dags/example_python_operator.py
[2026-05-20T08:21:03.023+0000] {processor.py:840} INFO - DAG(s) 'example_python_operator' retrieved from /home/airflow/.local/lib/python3.12/site-packages/airflow/example_dags/example_python_operator.py
[2026-05-20T08:21:03.111+0000] {logging_mixin.py:188} INFO - [2026-05-20T08:21:03.110+0000] {dag.py:3089} INFO - Sync 1 DAGs
[2026-05-20T08:21:03.147+0000] {logging_mixin.py:188} INFO - [2026-05-20T08:21:03.147+0000] {dag.py:3947} INFO - Setting next_dagrun for example_python_operator to None, run_after=None
[2026-05-20T08:21:03.218+0000] {processor.py:183} INFO - Processing /home/airflow/.local/lib/python3.12/site-packages/airflow/example_dags/example_python_operator.py took 0.266 seconds
[2026-05-20T08:21:33.397+0000] {processor.py:161} INFO - Started process (PID=1691) to work on /home/airflow/.local/lib/python3.12/site-packages/airflow/example_dags/example_python_operator.py
[2026-05-20T08:21:33.400+0000] {processor.py:830} INFO - Processing file /home/airflow/.local/lib/python3.12/site-packages/airflow/example_dags/example_python_operator.py for tasks to queue
[2026-05-20T08:21:33.404+0000] {logging_mixin.py:188} INFO - [2026-05-20T08:21:33.404+0000] {dagbag.py:545} INFO - Filling up the DagBag from /home/airflow/.local/lib/python3.12/site-packages/airflow/example_dags/example_python_operator.py
[2026-05-20T08:21:33.425+0000] {processor.py:840} INFO - DAG(s) 'example_python_operator' retrieved from /home/airflow/.local/lib/python3.12/site-packages/airflow/example_dags/example_python_operator.py
[2026-05-20T08:21:33.476+0000] {logging_mixin.py:188} INFO - [2026-05-20T08:21:33.476+0000] {dag.py:3089} INFO - Sync 1 DAGs
[2026-05-20T08:21:33.505+0000] {logging_mixin.py:188} INFO - [2026-05-20T08:21:33.505+0000] {dag.py:3947} INFO - Setting next_dagrun for example_python_operator to None, run_after=None
[2026-05-20T08:21:33.554+0000] {processor.py:183} INFO - Processing /home/airflow/.local/lib/python3.12/site-packages/airflow/example_dags/example_python_operator.py took 0.172 seconds
[2026-05-20T08:22:04.792+0000] {processor.py:161} INFO - Started process (PID=1751) to work on /home/airflow/.local/lib/python3.12/site-packages/airflow/example_dags/example_python_operator.py
[2026-05-20T08:22:04.795+0000] {processor.py:830} INFO - Processing file /home/airflow/.local/lib/python3.12/site-packages/airflow/example_dags/example_python_operator.py for tasks to queue
[2026-05-20T08:22:04.801+0000] {logging_mixin.py:188} INFO - [2026-05-20T08:22:04.800+0000] {dagbag.py:545} INFO - Filling up the DagBag from /home/airflow/.local/lib/python3.12/site-packages/airflow/example_dags/example_python_operator.py
[2026-05-20T08:22:04.835+0000] {processor.py:840} INFO - DAG(s) 'example_python_operator' retrieved from /home/airflow/.local/lib/python3.12/site-packages/airflow/example_dags/example_python_operator.py
[2026-05-20T08:22:04.973+0000] {logging_mixin.py:188} INFO - [2026-05-20T08:22:04.972+0000] {dag.py:3089} INFO - Sync 1 DAGs
[2026-05-20T08:22:05.043+0000] {logging_mixin.py:188} INFO - [2026-05-20T08:22:05.040+0000] {dag.py:3947} INFO - Setting next_dagrun for example_python_operator to None, run_after=None
[2026-05-20T08:22:05.171+0000] {processor.py:183} INFO - Processing /home/airflow/.local/lib/python3.12/site-packages/airflow/example_dags/example_python_operator.py took 0.398 seconds
[2026-05-20T08:22:36.293+0000] {processor.py:161} INFO - Started process (PID=1811) to work on /home/airflow/.local/lib/python3.12/site-packages/airflow/example_dags/example_python_operator.py
[2026-05-20T08:22:36.296+0000] {processor.py:830} INFO - Processing file /home/airflow/.local/lib/python3.12/site-packages/airflow/example_dags/example_python_operator.py for tasks to queue
[2026-05-20T08:22:36.303+0000] {logging_mixin.py:188} INFO - [2026-05-20T08:22:36.301+0000] {dagbag.py:545} INFO - Filling up the DagBag from /home/airflow/.local/lib/python3.12/site-packages/airflow/example_dags/example_python_operator.py
[2026-05-20T08:22:36.390+0000] {processor.py:840} INFO - DAG(s) 'example_python_operator' retrieved from /home/airflow/.local/lib/python3.12/site-packages/airflow/example_dags/example_python_operator.py
[2026-05-20T08:22:36.551+0000] {logging_mixin.py:188} INFO - [2026-05-20T08:22:36.550+0000] {dag.py:3089} INFO - Sync 1 DAGs
[2026-05-20T08:22:36.656+0000] {logging_mixin.py:188} INFO - [2026-05-20T08:22:36.655+0000] {dag.py:3947} INFO - Setting next_dagrun for example_python_operator to None, run_after=None
[2026-05-20T08:22:36.722+0000] {processor.py:183} INFO - Processing /home/airflow/.local/lib/python3.12/site-packages/airflow/example_dags/example_python_operator.py took 0.457 seconds
[2026-05-20T08:23:07.168+0000] {processor.py:161} INFO - Started process (PID=1871) to work on /home/airflow/.local/lib/python3.12/site-packages/airflow/example_dags/example_python_operator.py
[2026-05-20T08:23:07.171+0000] {processor.py:830} INFO - Processing file /home/airflow/.local/lib/python3.12/site-packages/airflow/example_dags/example_python_operator.py for tasks to queue
[2026-05-20T08:23:07.185+0000] {logging_mixin.py:188} INFO - [2026-05-20T08:23:07.184+0000] {dagbag.py:545} INFO - Filling up the DagBag from /home/airflow/.local/lib/python3.12/site-packages/airflow/example_dags/example_python_operator.py
[2026-05-20T08:23:07.239+0000] {processor.py:840} INFO - DAG(s) 'example_python_operator' retrieved from /home/airflow/.local/lib/python3.12/site-packages/airflow/example_dags/example_python_operator.py
[2026-05-20T08:23:07.309+0000] {logging_mixin.py:188} INFO - [2026-05-20T08:23:07.308+0000] {dag.py:3089} INFO - Sync 1 DAGs
[2026-05-20T08:23:07.359+0000] {logging_mixin.py:188} INFO - [2026-05-20T08:23:07.358+0000] {dag.py:3947} INFO - Setting next_dagrun for example_python_operator to None, run_after=None
[2026-05-20T08:23:07.434+0000] {processor.py:183} INFO - Processing /home/airflow/.local/lib/python3.12/site-packages/airflow/example_dags/example_python_operator.py took 0.298 seconds
[2026-05-20T08:23:38.764+0000] {processor.py:161} INFO - Started process (PID=1931) to work on /home/airflow/.local/lib/python3.12/site-packages/airflow/example_dags/example_python_operator.py
[2026-05-20T08:23:38.767+0000] {processor.py:830} INFO - Processing file /home/airflow/.local/lib/python3.12/site-packages/airflow/example_dags/example_python_operator.py for tasks to queue
[2026-05-20T08:23:38.775+0000] {logging_mixin.py:188} INFO - [2026-05-20T08:23:38.774+0000] {dagbag.py:545} INFO - Filling up the DagBag from /home/airflow/.local/lib/python3.12/site-packages/airflow/example_dags/example_python_operator.py
[2026-05-20T08:23:38.884+0000] {processor.py:840} INFO - DAG(s) 'example_python_operator' retrieved from /home/airflow/.local/lib/python3.12/site-packages/airflow/example_dags/example_python_operator.py
[2026-05-20T08:23:39.090+0000] {logging_mixin.py:188} INFO - [2026-05-20T08:23:39.089+0000] {dag.py:3089} INFO - Sync 1 DAGs
[2026-05-20T08:23:39.200+0000] {logging_mixin.py:188} INFO - [2026-05-20T08:23:39.200+0000] {dag.py:3947} INFO - Setting next_dagrun for example_python_operator to None, run_after=None
[2026-05-20T08:23:39.380+0000] {processor.py:183} INFO - Processing /home/airflow/.local/lib/python3.12/site-packages/airflow/example_dags/example_python_operator.py took 0.651 seconds
[2026-05-20T08:24:17.330+0000] {processor.py:161} INFO - Started process (PID=2002) to work on /home/airflow/.local/lib/python3.12/site-packages/airflow/example_dags/example_python_operator.py
[2026-05-20T08:24:17.333+0000] {processor.py:830} INFO - Processing file /home/airflow/.local/lib/python3.12/site-packages/airflow/example_dags/example_python_operator.py for tasks to queue
[2026-05-20T08:24:17.340+0000] {logging_mixin.py:188} INFO - [2026-05-20T08:24:17.339+0000] {dagbag.py:545} INFO - Filling up the DagBag from /home/airflow/.local/lib/python3.12/site-packages/airflow/example_dags/example_python_operator.py
[2026-05-20T08:24:17.380+0000] {processor.py:840} INFO - DAG(s) 'example_python_operator' retrieved from /home/airflow/.local/lib/python3.12/site-packages/airflow/example_dags/example_python_operator.py
[2026-05-20T08:24:17.450+0000] {logging_mixin.py:188} INFO - [2026-05-20T08:24:17.449+0000] {dag.py:3089} INFO - Sync 1 DAGs
[2026-05-20T08:24:17.485+0000] {logging_mixin.py:188} INFO - [2026-05-20T08:24:17.484+0000] {dag.py:3947} INFO - Setting next_dagrun for example_python_operator to None, run_after=None
[2026-05-20T08:24:17.540+0000] {processor.py:183} INFO - Processing /home/airflow/.local/lib/python3.12/site-packages/airflow/example_dags/example_python_operator.py took 0.231 seconds
[2026-05-20T08:24:47.717+0000] {processor.py:161} INFO - Started process (PID=2062) to work on /home/airflow/.local/lib/python3.12/site-packages/airflow/example_dags/example_python_operator.py
[2026-05-20T08:24:47.720+0000] {processor.py:830} INFO - Processing file /home/airflow/.local/lib/python3.12/site-packages/airflow/example_dags/example_python_operator.py for tasks to queue
[2026-05-20T08:24:47.725+0000] {logging_mixin.py:188} INFO - [2026-05-20T08:24:47.724+0000] {dagbag.py:545} INFO - Filling up the DagBag from /home/airflow/.local/lib/python3.12/site-packages/airflow/example_dags/example_python_operator.py
[2026-05-20T08:24:47.752+0000] {processor.py:840} INFO - DAG(s) 'example_python_operator' retrieved from /home/airflow/.local/lib/python3.12/site-packages/airflow/example_dags/example_python_operator.py
[2026-05-20T08:24:47.791+0000] {logging_mixin.py:188} INFO - [2026-05-20T08:24:47.790+0000] {dag.py:3089} INFO - Sync 1 DAGs
[2026-05-20T08:24:47.814+0000] {logging_mixin.py:188} INFO - [2026-05-20T08:24:47.813+0000] {dag.py:3947} INFO - Setting next_dagrun for example_python_operator to None, run_after=None
[2026-05-20T08:24:47.865+0000] {processor.py:183} INFO - Processing /home/airflow/.local/lib/python3.12/site-packages/airflow/example_dags/example_python_operator.py took 0.163 seconds
[2026-05-20T08:25:34.729+0000] {processor.py:161} INFO - Started process (PID=2123) to work on /home/airflow/.local/lib/python3.12/site-packages/airflow/example_dags/example_python_operator.py
[2026-05-20T08:25:34.733+0000] {processor.py:830} INFO - Processing file /home/airflow/.local/lib/python3.12/site-packages/airflow/example_dags/example_python_operator.py for tasks to queue
[2026-05-20T08:25:34.741+0000] {logging_mixin.py:188} INFO - [2026-05-20T08:25:34.739+0000] {dagbag.py:545} INFO - Filling up the DagBag from /home/airflow/.local/lib/python3.12/site-packages/airflow/example_dags/example_python_operator.py
[2026-05-20T08:25:34.823+0000] {processor.py:840} INFO - DAG(s) 'example_python_operator' retrieved from /home/airflow/.local/lib/python3.12/site-packages/airflow/example_dags/example_python_operator.py
[2026-05-20T08:25:34.969+0000] {logging_mixin.py:188} INFO - [2026-05-20T08:25:34.968+0000] {dag.py:3089} INFO - Sync 1 DAGs
[2026-05-20T08:25:35.052+0000] {logging_mixin.py:188} INFO - [2026-05-20T08:25:35.051+0000] {dag.py:3947} INFO - Setting next_dagrun for example_python_operator to None, run_after=None
[2026-05-20T08:25:35.217+0000] {processor.py:183} INFO - Processing /home/airflow/.local/lib/python3.12/site-packages/airflow/example_dags/example_python_operator.py took 0.537 seconds
[2026-05-20T08:26:05.584+0000] {processor.py:161} INFO - Started process (PID=2183) to work on /home/airflow/.local/lib/python3.12/site-packages/airflow/example_dags/example_python_operator.py
[2026-05-20T08:26:05.587+0000] {processor.py:830} INFO - Processing file /home/airflow/.local/lib/python3.12/site-packages/airflow/example_dags/example_python_operator.py for tasks to queue
[2026-05-20T08:26:05.591+0000] {logging_mixin.py:188} INFO - [2026-05-20T08:26:05.590+0000] {dagbag.py:545} INFO - Filling up the DagBag from /home/airflow/.local/lib/python3.12/site-packages/airflow/example_dags/example_python_operator.py
[2026-05-20T08:26:05.611+0000] {processor.py:840} INFO - DAG(s) 'example_python_operator' retrieved from /home/airflow/.local/lib/python3.12/site-packages/airflow/example_dags/example_python_operator.py
[2026-05-20T08:26:05.655+0000] {logging_mixin.py:188} INFO - [2026-05-20T08:26:05.655+0000] {dag.py:3089} INFO - Sync 1 DAGs
[2026-05-20T08:26:05.682+0000] {logging_mixin.py:188} INFO - [2026-05-20T08:26:05.682+0000] {dag.py:3947} INFO - Setting next_dagrun for example_python_operator to None, run_after=None
[2026-05-20T08:26:05.719+0000] {processor.py:183} INFO - Processing /home/airflow/.local/lib/python3.12/site-packages/airflow/example_dags/example_python_operator.py took 0.146 seconds
[2026-05-20T08:26:37.303+0000] {processor.py:161} INFO - Started process (PID=2243) to work on /home/airflow/.local/lib/python3.12/site-packages/airflow/example_dags/example_python_operator.py
[2026-05-20T08:26:37.305+0000] {processor.py:830} INFO - Processing file /home/airflow/.local/lib/python3.12/site-packages/airflow/example_dags/example_python_operator.py for tasks to queue
[2026-05-20T08:26:37.310+0000] {logging_mixin.py:188} INFO - [2026-05-20T08:26:37.309+0000] {dagbag.py:545} INFO - Filling up the DagBag from /home/airflow/.local/lib/python3.12/site-packages/airflow/example_dags/example_python_operator.py
[2026-05-20T08:26:37.335+0000] {processor.py:840} INFO - DAG(s) 'example_python_operator' retrieved from /home/airflow/.local/lib/python3.12/site-packages/airflow/example_dags/example_python_operator.py
[2026-05-20T08:26:37.393+0000] {logging_mixin.py:188} INFO - [2026-05-20T08:26:37.393+0000] {dag.py:3089} INFO - Sync 1 DAGs
[2026-05-20T08:26:37.419+0000] {logging_mixin.py:188} INFO - [2026-05-20T08:26:37.418+0000] {dag.py:3947} INFO - Setting next_dagrun for example_python_operator to None, run_after=None
[2026-05-20T08:26:37.792+0000] {processor.py:183} INFO - Processing /home/airflow/.local/lib/python3.12/site-packages/airflow/example_dags/example_python_operator.py took 0.503 seconds
