[2026-05-20T08:07:18.812+0000] {processor.py:161} INFO - Started process (PID=100) to work on /home/airflow/.local/lib/python3.12/site-packages/airflow/example_dags/example_sensors.py
[2026-05-20T08:07:18.814+0000] {processor.py:830} INFO - Processing file /home/airflow/.local/lib/python3.12/site-packages/airflow/example_dags/example_sensors.py for tasks to queue
[2026-05-20T08:07:18.817+0000] {logging_mixin.py:188} INFO - [2026-05-20T08:07:18.817+0000] {dagbag.py:545} INFO - Filling up the DagBag from /home/airflow/.local/lib/python3.12/site-packages/airflow/example_dags/example_sensors.py
[2026-05-20T08:07:18.852+0000] {processor.py:840} INFO - DAG(s) 'example_sensors' retrieved from /home/airflow/.local/lib/python3.12/site-packages/airflow/example_dags/example_sensors.py
[2026-05-20T08:07:19.438+0000] {logging_mixin.py:188} INFO - [2026-05-20T08:07:19.438+0000] {dag.py:3089} INFO - Sync 1 DAGs
[2026-05-20T08:07:19.509+0000] {logging_mixin.py:188} INFO - [2026-05-20T08:07:19.508+0000] {dag.py:3947} INFO - Setting next_dagrun for example_sensors to None, run_after=None
[2026-05-20T08:07:19.587+0000] {processor.py:183} INFO - Processing /home/airflow/.local/lib/python3.12/site-packages/airflow/example_dags/example_sensors.py took 0.791 seconds
[2026-05-20T08:08:09.026+0000] {processor.py:161} INFO - Started process (PID=168) to work on /home/airflow/.local/lib/python3.12/site-packages/airflow/example_dags/example_sensors.py
[2026-05-20T08:08:09.031+0000] {processor.py:830} INFO - Processing file /home/airflow/.local/lib/python3.12/site-packages/airflow/example_dags/example_sensors.py for tasks to queue
[2026-05-20T08:08:09.038+0000] {logging_mixin.py:188} INFO - [2026-05-20T08:08:09.037+0000] {dagbag.py:545} INFO - Filling up the DagBag from /home/airflow/.local/lib/python3.12/site-packages/airflow/example_dags/example_sensors.py
[2026-05-20T08:08:09.068+0000] {processor.py:840} INFO - DAG(s) 'example_sensors' retrieved from /home/airflow/.local/lib/python3.12/site-packages/airflow/example_dags/example_sensors.py
[2026-05-20T08:08:09.173+0000] {logging_mixin.py:188} INFO - [2026-05-20T08:08:09.172+0000] {dag.py:3089} INFO - Sync 1 DAGs
[2026-05-20T08:08:09.209+0000] {logging_mixin.py:188} INFO - [2026-05-20T08:08:09.208+0000] {dag.py:3947} INFO - Setting next_dagrun for example_sensors to None, run_after=None
[2026-05-20T08:08:09.281+0000] {processor.py:183} INFO - Processing /home/airflow/.local/lib/python3.12/site-packages/airflow/example_dags/example_sensors.py took 0.275 seconds
[2026-05-20T08:08:44.240+0000] {processor.py:161} INFO - Started process (PID=227) to work on /home/airflow/.local/lib/python3.12/site-packages/airflow/example_dags/example_sensors.py
[2026-05-20T08:08:44.243+0000] {processor.py:830} INFO - Processing file /home/airflow/.local/lib/python3.12/site-packages/airflow/example_dags/example_sensors.py for tasks to queue
[2026-05-20T08:08:44.250+0000] {logging_mixin.py:188} INFO - [2026-05-20T08:08:44.249+0000] {dagbag.py:545} INFO - Filling up the DagBag from /home/airflow/.local/lib/python3.12/site-packages/airflow/example_dags/example_sensors.py
[2026-05-20T08:08:44.282+0000] {processor.py:840} INFO - DAG(s) 'example_sensors' retrieved from /home/airflow/.local/lib/python3.12/site-packages/airflow/example_dags/example_sensors.py
[2026-05-20T08:08:44.398+0000] {logging_mixin.py:188} INFO - [2026-05-20T08:08:44.396+0000] {dag.py:3089} INFO - Sync 1 DAGs
[2026-05-20T08:08:44.432+0000] {logging_mixin.py:188} INFO - [2026-05-20T08:08:44.431+0000] {dag.py:3947} INFO - Setting next_dagrun for example_sensors to None, run_after=None
[2026-05-20T08:08:44.524+0000] {processor.py:183} INFO - Processing /home/airflow/.local/lib/python3.12/site-packages/airflow/example_dags/example_sensors.py took 0.305 seconds
[2026-05-20T08:09:15.385+0000] {processor.py:161} INFO - Started process (PID=286) to work on /home/airflow/.local/lib/python3.12/site-packages/airflow/example_dags/example_sensors.py
[2026-05-20T08:09:15.387+0000] {processor.py:830} INFO - Processing file /home/airflow/.local/lib/python3.12/site-packages/airflow/example_dags/example_sensors.py for tasks to queue
[2026-05-20T08:09:15.391+0000] {logging_mixin.py:188} INFO - [2026-05-20T08:09:15.390+0000] {dagbag.py:545} INFO - Filling up the DagBag from /home/airflow/.local/lib/python3.12/site-packages/airflow/example_dags/example_sensors.py
[2026-05-20T08:09:15.406+0000] {processor.py:840} INFO - DAG(s) 'example_sensors' retrieved from /home/airflow/.local/lib/python3.12/site-packages/airflow/example_dags/example_sensors.py
[2026-05-20T08:09:15.458+0000] {logging_mixin.py:188} INFO - [2026-05-20T08:09:15.457+0000] {dag.py:3089} INFO - Sync 1 DAGs
[2026-05-20T08:09:15.482+0000] {logging_mixin.py:188} INFO - [2026-05-20T08:09:15.482+0000] {dag.py:3947} INFO - Setting next_dagrun for example_sensors to None, run_after=None
[2026-05-20T08:09:15.521+0000] {processor.py:183} INFO - Processing /home/airflow/.local/lib/python3.12/site-packages/airflow/example_dags/example_sensors.py took 0.147 seconds
[2026-05-20T08:09:46.840+0000] {processor.py:161} INFO - Started process (PID=346) to work on /home/airflow/.local/lib/python3.12/site-packages/airflow/example_dags/example_sensors.py
[2026-05-20T08:09:46.842+0000] {processor.py:830} INFO - Processing file /home/airflow/.local/lib/python3.12/site-packages/airflow/example_dags/example_sensors.py for tasks to queue
[2026-05-20T08:09:46.845+0000] {logging_mixin.py:188} INFO - [2026-05-20T08:09:46.844+0000] {dagbag.py:545} INFO - Filling up the DagBag from /home/airflow/.local/lib/python3.12/site-packages/airflow/example_dags/example_sensors.py
[2026-05-20T08:09:46.857+0000] {processor.py:840} INFO - DAG(s) 'example_sensors' retrieved from /home/airflow/.local/lib/python3.12/site-packages/airflow/example_dags/example_sensors.py
[2026-05-20T08:09:46.894+0000] {logging_mixin.py:188} INFO - [2026-05-20T08:09:46.894+0000] {dag.py:3089} INFO - Sync 1 DAGs
[2026-05-20T08:09:46.913+0000] {logging_mixin.py:188} INFO - [2026-05-20T08:09:46.913+0000] {dag.py:3947} INFO - Setting next_dagrun for example_sensors to None, run_after=None
[2026-05-20T08:09:46.945+0000] {processor.py:183} INFO - Processing /home/airflow/.local/lib/python3.12/site-packages/airflow/example_dags/example_sensors.py took 0.114 seconds
[2026-05-20T08:10:21.445+0000] {processor.py:161} INFO - Started process (PID=406) to work on /home/airflow/.local/lib/python3.12/site-packages/airflow/example_dags/example_sensors.py
[2026-05-20T08:10:21.449+0000] {processor.py:830} INFO - Processing file /home/airflow/.local/lib/python3.12/site-packages/airflow/example_dags/example_sensors.py for tasks to queue
[2026-05-20T08:10:21.455+0000] {logging_mixin.py:188} INFO - [2026-05-20T08:10:21.454+0000] {dagbag.py:545} INFO - Filling up the DagBag from /home/airflow/.local/lib/python3.12/site-packages/airflow/example_dags/example_sensors.py
[2026-05-20T08:10:21.491+0000] {processor.py:840} INFO - DAG(s) 'example_sensors' retrieved from /home/airflow/.local/lib/python3.12/site-packages/airflow/example_dags/example_sensors.py
[2026-05-20T08:10:21.577+0000] {logging_mixin.py:188} INFO - [2026-05-20T08:10:21.577+0000] {dag.py:3089} INFO - Sync 1 DAGs
[2026-05-20T08:10:21.615+0000] {logging_mixin.py:188} INFO - [2026-05-20T08:10:21.614+0000] {dag.py:3947} INFO - Setting next_dagrun for example_sensors to None, run_after=None
[2026-05-20T08:10:21.680+0000] {processor.py:183} INFO - Processing /home/airflow/.local/lib/python3.12/site-packages/airflow/example_dags/example_sensors.py took 0.250 seconds
[2026-05-20T08:10:52.324+0000] {processor.py:161} INFO - Started process (PID=463) to work on /home/airflow/.local/lib/python3.12/site-packages/airflow/example_dags/example_sensors.py
[2026-05-20T08:10:52.326+0000] {processor.py:830} INFO - Processing file /home/airflow/.local/lib/python3.12/site-packages/airflow/example_dags/example_sensors.py for tasks to queue
[2026-05-20T08:10:52.330+0000] {logging_mixin.py:188} INFO - [2026-05-20T08:10:52.329+0000] {dagbag.py:545} INFO - Filling up the DagBag from /home/airflow/.local/lib/python3.12/site-packages/airflow/example_dags/example_sensors.py
[2026-05-20T08:10:52.349+0000] {processor.py:840} INFO - DAG(s) 'example_sensors' retrieved from /home/airflow/.local/lib/python3.12/site-packages/airflow/example_dags/example_sensors.py
[2026-05-20T08:10:52.415+0000] {logging_mixin.py:188} INFO - [2026-05-20T08:10:52.414+0000] {dag.py:3089} INFO - Sync 1 DAGs
[2026-05-20T08:10:52.466+0000] {logging_mixin.py:188} INFO - [2026-05-20T08:10:52.466+0000] {dag.py:3947} INFO - Setting next_dagrun for example_sensors to None, run_after=None
[2026-05-20T08:10:52.506+0000] {processor.py:183} INFO - Processing /home/airflow/.local/lib/python3.12/site-packages/airflow/example_dags/example_sensors.py took 0.193 seconds
[2026-05-20T08:11:22.950+0000] {processor.py:161} INFO - Started process (PID=524) to work on /home/airflow/.local/lib/python3.12/site-packages/airflow/example_dags/example_sensors.py
[2026-05-20T08:11:22.952+0000] {processor.py:830} INFO - Processing file /home/airflow/.local/lib/python3.12/site-packages/airflow/example_dags/example_sensors.py for tasks to queue
[2026-05-20T08:11:22.956+0000] {logging_mixin.py:188} INFO - [2026-05-20T08:11:22.955+0000] {dagbag.py:545} INFO - Filling up the DagBag from /home/airflow/.local/lib/python3.12/site-packages/airflow/example_dags/example_sensors.py
[2026-05-20T08:11:22.976+0000] {processor.py:840} INFO - DAG(s) 'example_sensors' retrieved from /home/airflow/.local/lib/python3.12/site-packages/airflow/example_dags/example_sensors.py
[2026-05-20T08:11:23.039+0000] {logging_mixin.py:188} INFO - [2026-05-20T08:11:23.038+0000] {dag.py:3089} INFO - Sync 1 DAGs
[2026-05-20T08:11:23.065+0000] {logging_mixin.py:188} INFO - [2026-05-20T08:11:23.064+0000] {dag.py:3947} INFO - Setting next_dagrun for example_sensors to None, run_after=None
[2026-05-20T08:11:23.104+0000] {processor.py:183} INFO - Processing /home/airflow/.local/lib/python3.12/site-packages/airflow/example_dags/example_sensors.py took 0.166 seconds
[2026-05-20T08:11:54.916+0000] {processor.py:161} INFO - Started process (PID=584) to work on /home/airflow/.local/lib/python3.12/site-packages/airflow/example_dags/example_sensors.py
[2026-05-20T08:11:54.920+0000] {processor.py:830} INFO - Processing file /home/airflow/.local/lib/python3.12/site-packages/airflow/example_dags/example_sensors.py for tasks to queue
[2026-05-20T08:11:54.926+0000] {logging_mixin.py:188} INFO - [2026-05-20T08:11:54.925+0000] {dagbag.py:545} INFO - Filling up the DagBag from /home/airflow/.local/lib/python3.12/site-packages/airflow/example_dags/example_sensors.py
[2026-05-20T08:11:54.953+0000] {processor.py:840} INFO - DAG(s) 'example_sensors' retrieved from /home/airflow/.local/lib/python3.12/site-packages/airflow/example_dags/example_sensors.py
[2026-05-20T08:11:55.025+0000] {logging_mixin.py:188} INFO - [2026-05-20T08:11:55.024+0000] {dag.py:3089} INFO - Sync 1 DAGs
[2026-05-20T08:11:55.061+0000] {logging_mixin.py:188} INFO - [2026-05-20T08:11:55.061+0000] {dag.py:3947} INFO - Setting next_dagrun for example_sensors to None, run_after=None
[2026-05-20T08:11:55.129+0000] {processor.py:183} INFO - Processing /home/airflow/.local/lib/python3.12/site-packages/airflow/example_dags/example_sensors.py took 0.239 seconds
[2026-05-20T08:12:25.425+0000] {processor.py:161} INFO - Started process (PID=644) to work on /home/airflow/.local/lib/python3.12/site-packages/airflow/example_dags/example_sensors.py
[2026-05-20T08:12:25.427+0000] {processor.py:830} INFO - Processing file /home/airflow/.local/lib/python3.12/site-packages/airflow/example_dags/example_sensors.py for tasks to queue
[2026-05-20T08:12:25.431+0000] {logging_mixin.py:188} INFO - [2026-05-20T08:12:25.431+0000] {dagbag.py:545} INFO - Filling up the DagBag from /home/airflow/.local/lib/python3.12/site-packages/airflow/example_dags/example_sensors.py
[2026-05-20T08:12:25.452+0000] {processor.py:840} INFO - DAG(s) 'example_sensors' retrieved from /home/airflow/.local/lib/python3.12/site-packages/airflow/example_dags/example_sensors.py
[2026-05-20T08:12:25.518+0000] {logging_mixin.py:188} INFO - [2026-05-20T08:12:25.517+0000] {dag.py:3089} INFO - Sync 1 DAGs
[2026-05-20T08:12:25.540+0000] {logging_mixin.py:188} INFO - [2026-05-20T08:12:25.540+0000] {dag.py:3947} INFO - Setting next_dagrun for example_sensors to None, run_after=None
[2026-05-20T08:12:25.573+0000] {processor.py:183} INFO - Processing /home/airflow/.local/lib/python3.12/site-packages/airflow/example_dags/example_sensors.py took 0.164 seconds
[2026-05-20T08:12:55.783+0000] {processor.py:161} INFO - Started process (PID=702) to work on /home/airflow/.local/lib/python3.12/site-packages/airflow/example_dags/example_sensors.py
[2026-05-20T08:12:55.787+0000] {processor.py:830} INFO - Processing file /home/airflow/.local/lib/python3.12/site-packages/airflow/example_dags/example_sensors.py for tasks to queue
[2026-05-20T08:12:55.795+0000] {logging_mixin.py:188} INFO - [2026-05-20T08:12:55.794+0000] {dagbag.py:545} INFO - Filling up the DagBag from /home/airflow/.local/lib/python3.12/site-packages/airflow/example_dags/example_sensors.py
[2026-05-20T08:12:55.843+0000] {processor.py:840} INFO - DAG(s) 'example_sensors' retrieved from /home/airflow/.local/lib/python3.12/site-packages/airflow/example_dags/example_sensors.py
[2026-05-20T08:12:55.940+0000] {logging_mixin.py:188} INFO - [2026-05-20T08:12:55.939+0000] {dag.py:3089} INFO - Sync 1 DAGs
[2026-05-20T08:12:55.979+0000] {logging_mixin.py:188} INFO - [2026-05-20T08:12:55.978+0000] {dag.py:3947} INFO - Setting next_dagrun for example_sensors to None, run_after=None
[2026-05-20T08:12:56.023+0000] {processor.py:183} INFO - Processing /home/airflow/.local/lib/python3.12/site-packages/airflow/example_dags/example_sensors.py took 0.276 seconds
[2026-05-20T08:13:33.393+0000] {processor.py:161} INFO - Started process (PID=764) to work on /home/airflow/.local/lib/python3.12/site-packages/airflow/example_dags/example_sensors.py
[2026-05-20T08:13:33.397+0000] {processor.py:830} INFO - Processing file /home/airflow/.local/lib/python3.12/site-packages/airflow/example_dags/example_sensors.py for tasks to queue
[2026-05-20T08:13:33.413+0000] {logging_mixin.py:188} INFO - [2026-05-20T08:13:33.410+0000] {dagbag.py:545} INFO - Filling up the DagBag from /home/airflow/.local/lib/python3.12/site-packages/airflow/example_dags/example_sensors.py
[2026-05-20T08:13:33.473+0000] {processor.py:840} INFO - DAG(s) 'example_sensors' retrieved from /home/airflow/.local/lib/python3.12/site-packages/airflow/example_dags/example_sensors.py
[2026-05-20T08:13:33.672+0000] {logging_mixin.py:188} INFO - [2026-05-20T08:13:33.669+0000] {dag.py:3089} INFO - Sync 1 DAGs
[2026-05-20T08:13:33.757+0000] {logging_mixin.py:188} INFO - [2026-05-20T08:13:33.756+0000] {dag.py:3947} INFO - Setting next_dagrun for example_sensors to None, run_after=None
[2026-05-20T08:13:33.961+0000] {processor.py:183} INFO - Processing /home/airflow/.local/lib/python3.12/site-packages/airflow/example_dags/example_sensors.py took 0.607 seconds
[2026-05-20T08:14:04.704+0000] {processor.py:161} INFO - Started process (PID=822) to work on /home/airflow/.local/lib/python3.12/site-packages/airflow/example_dags/example_sensors.py
[2026-05-20T08:14:04.720+0000] {processor.py:830} INFO - Processing file /home/airflow/.local/lib/python3.12/site-packages/airflow/example_dags/example_sensors.py for tasks to queue
[2026-05-20T08:14:05.241+0000] {logging_mixin.py:188} INFO - [2026-05-20T08:14:05.201+0000] {dagbag.py:545} INFO - Filling up the DagBag from /home/airflow/.local/lib/python3.12/site-packages/airflow/example_dags/example_sensors.py
[2026-05-20T08:14:05.606+0000] {processor.py:840} INFO - DAG(s) 'example_sensors' retrieved from /home/airflow/.local/lib/python3.12/site-packages/airflow/example_dags/example_sensors.py
[2026-05-20T08:14:06.072+0000] {logging_mixin.py:188} INFO - [2026-05-20T08:14:06.071+0000] {dag.py:3089} INFO - Sync 1 DAGs
[2026-05-20T08:14:06.270+0000] {logging_mixin.py:188} INFO - [2026-05-20T08:14:06.269+0000] {dag.py:3947} INFO - Setting next_dagrun for example_sensors to None, run_after=None
[2026-05-20T08:14:06.487+0000] {processor.py:183} INFO - Processing /home/airflow/.local/lib/python3.12/site-packages/airflow/example_dags/example_sensors.py took 1.840 seconds
[2026-05-20T08:14:36.926+0000] {processor.py:161} INFO - Started process (PID=882) to work on /home/airflow/.local/lib/python3.12/site-packages/airflow/example_dags/example_sensors.py
[2026-05-20T08:14:36.929+0000] {processor.py:830} INFO - Processing file /home/airflow/.local/lib/python3.12/site-packages/airflow/example_dags/example_sensors.py for tasks to queue
[2026-05-20T08:14:36.933+0000] {logging_mixin.py:188} INFO - [2026-05-20T08:14:36.932+0000] {dagbag.py:545} INFO - Filling up the DagBag from /home/airflow/.local/lib/python3.12/site-packages/airflow/example_dags/example_sensors.py
[2026-05-20T08:14:36.952+0000] {processor.py:840} INFO - DAG(s) 'example_sensors' retrieved from /home/airflow/.local/lib/python3.12/site-packages/airflow/example_dags/example_sensors.py
[2026-05-20T08:14:37.017+0000] {logging_mixin.py:188} INFO - [2026-05-20T08:14:37.017+0000] {dag.py:3089} INFO - Sync 1 DAGs
[2026-05-20T08:14:37.046+0000] {logging_mixin.py:188} INFO - [2026-05-20T08:14:37.046+0000] {dag.py:3947} INFO - Setting next_dagrun for example_sensors to None, run_after=None
[2026-05-20T08:14:37.096+0000] {processor.py:183} INFO - Processing /home/airflow/.local/lib/python3.12/site-packages/airflow/example_dags/example_sensors.py took 0.183 seconds
[2026-05-20T08:15:07.805+0000] {processor.py:161} INFO - Started process (PID=942) to work on /home/airflow/.local/lib/python3.12/site-packages/airflow/example_dags/example_sensors.py
[2026-05-20T08:15:07.807+0000] {processor.py:830} INFO - Processing file /home/airflow/.local/lib/python3.12/site-packages/airflow/example_dags/example_sensors.py for tasks to queue
[2026-05-20T08:15:07.810+0000] {logging_mixin.py:188} INFO - [2026-05-20T08:15:07.810+0000] {dagbag.py:545} INFO - Filling up the DagBag from /home/airflow/.local/lib/python3.12/site-packages/airflow/example_dags/example_sensors.py
[2026-05-20T08:15:07.823+0000] {processor.py:840} INFO - DAG(s) 'example_sensors' retrieved from /home/airflow/.local/lib/python3.12/site-packages/airflow/example_dags/example_sensors.py
[2026-05-20T08:15:07.862+0000] {logging_mixin.py:188} INFO - [2026-05-20T08:15:07.862+0000] {dag.py:3089} INFO - Sync 1 DAGs
[2026-05-20T08:15:07.880+0000] {logging_mixin.py:188} INFO - [2026-05-20T08:15:07.880+0000] {dag.py:3947} INFO - Setting next_dagrun for example_sensors to None, run_after=None
[2026-05-20T08:15:07.911+0000] {processor.py:183} INFO - Processing /home/airflow/.local/lib/python3.12/site-packages/airflow/example_dags/example_sensors.py took 0.116 seconds
[2026-05-20T08:15:38.395+0000] {processor.py:161} INFO - Started process (PID=1002) to work on /home/airflow/.local/lib/python3.12/site-packages/airflow/example_dags/example_sensors.py
[2026-05-20T08:15:38.397+0000] {processor.py:830} INFO - Processing file /home/airflow/.local/lib/python3.12/site-packages/airflow/example_dags/example_sensors.py for tasks to queue
[2026-05-20T08:15:38.401+0000] {logging_mixin.py:188} INFO - [2026-05-20T08:15:38.400+0000] {dagbag.py:545} INFO - Filling up the DagBag from /home/airflow/.local/lib/python3.12/site-packages/airflow/example_dags/example_sensors.py
[2026-05-20T08:15:38.418+0000] {processor.py:840} INFO - DAG(s) 'example_sensors' retrieved from /home/airflow/.local/lib/python3.12/site-packages/airflow/example_dags/example_sensors.py
[2026-05-20T08:15:38.476+0000] {logging_mixin.py:188} INFO - [2026-05-20T08:15:38.475+0000] {dag.py:3089} INFO - Sync 1 DAGs
[2026-05-20T08:15:38.498+0000] {logging_mixin.py:188} INFO - [2026-05-20T08:15:38.498+0000] {dag.py:3947} INFO - Setting next_dagrun for example_sensors to None, run_after=None
[2026-05-20T08:15:38.530+0000] {processor.py:183} INFO - Processing /home/airflow/.local/lib/python3.12/site-packages/airflow/example_dags/example_sensors.py took 0.146 seconds
[2026-05-20T08:16:08.753+0000] {processor.py:161} INFO - Started process (PID=1069) to work on /home/airflow/.local/lib/python3.12/site-packages/airflow/example_dags/example_sensors.py
[2026-05-20T08:16:08.755+0000] {processor.py:830} INFO - Processing file /home/airflow/.local/lib/python3.12/site-packages/airflow/example_dags/example_sensors.py for tasks to queue
[2026-05-20T08:16:08.759+0000] {logging_mixin.py:188} INFO - [2026-05-20T08:16:08.758+0000] {dagbag.py:545} INFO - Filling up the DagBag from /home/airflow/.local/lib/python3.12/site-packages/airflow/example_dags/example_sensors.py
[2026-05-20T08:16:08.775+0000] {processor.py:840} INFO - DAG(s) 'example_sensors' retrieved from /home/airflow/.local/lib/python3.12/site-packages/airflow/example_dags/example_sensors.py
[2026-05-20T08:16:08.817+0000] {logging_mixin.py:188} INFO - [2026-05-20T08:16:08.817+0000] {dag.py:3089} INFO - Sync 1 DAGs
[2026-05-20T08:16:08.848+0000] {logging_mixin.py:188} INFO - [2026-05-20T08:16:08.847+0000] {dag.py:3947} INFO - Setting next_dagrun for example_sensors to None, run_after=None
[2026-05-20T08:16:08.893+0000] {processor.py:183} INFO - Processing /home/airflow/.local/lib/python3.12/site-packages/airflow/example_dags/example_sensors.py took 0.150 seconds
[2026-05-20T08:16:39.792+0000] {processor.py:161} INFO - Started process (PID=1129) to work on /home/airflow/.local/lib/python3.12/site-packages/airflow/example_dags/example_sensors.py
[2026-05-20T08:16:39.795+0000] {processor.py:830} INFO - Processing file /home/airflow/.local/lib/python3.12/site-packages/airflow/example_dags/example_sensors.py for tasks to queue
[2026-05-20T08:16:39.799+0000] {logging_mixin.py:188} INFO - [2026-05-20T08:16:39.798+0000] {dagbag.py:545} INFO - Filling up the DagBag from /home/airflow/.local/lib/python3.12/site-packages/airflow/example_dags/example_sensors.py
[2026-05-20T08:16:39.815+0000] {processor.py:840} INFO - DAG(s) 'example_sensors' retrieved from /home/airflow/.local/lib/python3.12/site-packages/airflow/example_dags/example_sensors.py
[2026-05-20T08:16:39.857+0000] {logging_mixin.py:188} INFO - [2026-05-20T08:16:39.857+0000] {dag.py:3089} INFO - Sync 1 DAGs
[2026-05-20T08:16:39.877+0000] {logging_mixin.py:188} INFO - [2026-05-20T08:16:39.877+0000] {dag.py:3947} INFO - Setting next_dagrun for example_sensors to None, run_after=None
[2026-05-20T08:16:39.906+0000] {processor.py:183} INFO - Processing /home/airflow/.local/lib/python3.12/site-packages/airflow/example_dags/example_sensors.py took 0.135 seconds
[2026-05-20T08:17:10.761+0000] {processor.py:161} INFO - Started process (PID=1189) to work on /home/airflow/.local/lib/python3.12/site-packages/airflow/example_dags/example_sensors.py
[2026-05-20T08:17:10.763+0000] {processor.py:830} INFO - Processing file /home/airflow/.local/lib/python3.12/site-packages/airflow/example_dags/example_sensors.py for tasks to queue
[2026-05-20T08:17:10.768+0000] {logging_mixin.py:188} INFO - [2026-05-20T08:17:10.767+0000] {dagbag.py:545} INFO - Filling up the DagBag from /home/airflow/.local/lib/python3.12/site-packages/airflow/example_dags/example_sensors.py
[2026-05-20T08:17:10.787+0000] {processor.py:840} INFO - DAG(s) 'example_sensors' retrieved from /home/airflow/.local/lib/python3.12/site-packages/airflow/example_dags/example_sensors.py
[2026-05-20T08:17:10.839+0000] {logging_mixin.py:188} INFO - [2026-05-20T08:17:10.839+0000] {dag.py:3089} INFO - Sync 1 DAGs
[2026-05-20T08:17:10.875+0000] {logging_mixin.py:188} INFO - [2026-05-20T08:17:10.874+0000] {dag.py:3947} INFO - Setting next_dagrun for example_sensors to None, run_after=None
[2026-05-20T08:17:10.912+0000] {processor.py:183} INFO - Processing /home/airflow/.local/lib/python3.12/site-packages/airflow/example_dags/example_sensors.py took 0.161 seconds
[2026-05-20T08:17:41.674+0000] {processor.py:161} INFO - Started process (PID=1249) to work on /home/airflow/.local/lib/python3.12/site-packages/airflow/example_dags/example_sensors.py
[2026-05-20T08:17:41.676+0000] {processor.py:830} INFO - Processing file /home/airflow/.local/lib/python3.12/site-packages/airflow/example_dags/example_sensors.py for tasks to queue
[2026-05-20T08:17:41.680+0000] {logging_mixin.py:188} INFO - [2026-05-20T08:17:41.679+0000] {dagbag.py:545} INFO - Filling up the DagBag from /home/airflow/.local/lib/python3.12/site-packages/airflow/example_dags/example_sensors.py
[2026-05-20T08:17:41.692+0000] {processor.py:840} INFO - DAG(s) 'example_sensors' retrieved from /home/airflow/.local/lib/python3.12/site-packages/airflow/example_dags/example_sensors.py
[2026-05-20T08:17:41.734+0000] {logging_mixin.py:188} INFO - [2026-05-20T08:17:41.733+0000] {dag.py:3089} INFO - Sync 1 DAGs
[2026-05-20T08:17:41.753+0000] {logging_mixin.py:188} INFO - [2026-05-20T08:17:41.752+0000] {dag.py:3947} INFO - Setting next_dagrun for example_sensors to None, run_after=None
[2026-05-20T08:17:41.779+0000] {processor.py:183} INFO - Processing /home/airflow/.local/lib/python3.12/site-packages/airflow/example_dags/example_sensors.py took 0.114 seconds
[2026-05-20T08:18:12.238+0000] {processor.py:161} INFO - Started process (PID=1309) to work on /home/airflow/.local/lib/python3.12/site-packages/airflow/example_dags/example_sensors.py
[2026-05-20T08:18:12.240+0000] {processor.py:830} INFO - Processing file /home/airflow/.local/lib/python3.12/site-packages/airflow/example_dags/example_sensors.py for tasks to queue
[2026-05-20T08:18:12.244+0000] {logging_mixin.py:188} INFO - [2026-05-20T08:18:12.243+0000] {dagbag.py:545} INFO - Filling up the DagBag from /home/airflow/.local/lib/python3.12/site-packages/airflow/example_dags/example_sensors.py
[2026-05-20T08:18:12.259+0000] {processor.py:840} INFO - DAG(s) 'example_sensors' retrieved from /home/airflow/.local/lib/python3.12/site-packages/airflow/example_dags/example_sensors.py
[2026-05-20T08:18:12.300+0000] {logging_mixin.py:188} INFO - [2026-05-20T08:18:12.300+0000] {dag.py:3089} INFO - Sync 1 DAGs
[2026-05-20T08:18:12.319+0000] {logging_mixin.py:188} INFO - [2026-05-20T08:18:12.319+0000] {dag.py:3947} INFO - Setting next_dagrun for example_sensors to None, run_after=None
[2026-05-20T08:18:12.348+0000] {processor.py:183} INFO - Processing /home/airflow/.local/lib/python3.12/site-packages/airflow/example_dags/example_sensors.py took 0.118 seconds
[2026-05-20T08:18:42.571+0000] {processor.py:161} INFO - Started process (PID=1369) to work on /home/airflow/.local/lib/python3.12/site-packages/airflow/example_dags/example_sensors.py
[2026-05-20T08:18:42.573+0000] {processor.py:830} INFO - Processing file /home/airflow/.local/lib/python3.12/site-packages/airflow/example_dags/example_sensors.py for tasks to queue
[2026-05-20T08:18:42.577+0000] {logging_mixin.py:188} INFO - [2026-05-20T08:18:42.576+0000] {dagbag.py:545} INFO - Filling up the DagBag from /home/airflow/.local/lib/python3.12/site-packages/airflow/example_dags/example_sensors.py
[2026-05-20T08:18:42.589+0000] {processor.py:840} INFO - DAG(s) 'example_sensors' retrieved from /home/airflow/.local/lib/python3.12/site-packages/airflow/example_dags/example_sensors.py
[2026-05-20T08:18:42.628+0000] {logging_mixin.py:188} INFO - [2026-05-20T08:18:42.627+0000] {dag.py:3089} INFO - Sync 1 DAGs
[2026-05-20T08:18:42.647+0000] {logging_mixin.py:188} INFO - [2026-05-20T08:18:42.646+0000] {dag.py:3947} INFO - Setting next_dagrun for example_sensors to None, run_after=None
[2026-05-20T08:18:42.677+0000] {processor.py:183} INFO - Processing /home/airflow/.local/lib/python3.12/site-packages/airflow/example_dags/example_sensors.py took 0.114 seconds
[2026-05-20T08:19:13.186+0000] {processor.py:161} INFO - Started process (PID=1429) to work on /home/airflow/.local/lib/python3.12/site-packages/airflow/example_dags/example_sensors.py
[2026-05-20T08:19:13.188+0000] {processor.py:830} INFO - Processing file /home/airflow/.local/lib/python3.12/site-packages/airflow/example_dags/example_sensors.py for tasks to queue
[2026-05-20T08:19:13.191+0000] {logging_mixin.py:188} INFO - [2026-05-20T08:19:13.191+0000] {dagbag.py:545} INFO - Filling up the DagBag from /home/airflow/.local/lib/python3.12/site-packages/airflow/example_dags/example_sensors.py
[2026-05-20T08:19:13.206+0000] {processor.py:840} INFO - DAG(s) 'example_sensors' retrieved from /home/airflow/.local/lib/python3.12/site-packages/airflow/example_dags/example_sensors.py
[2026-05-20T08:19:13.282+0000] {logging_mixin.py:188} INFO - [2026-05-20T08:19:13.282+0000] {dag.py:3089} INFO - Sync 1 DAGs
[2026-05-20T08:19:13.323+0000] {logging_mixin.py:188} INFO - [2026-05-20T08:19:13.322+0000] {dag.py:3947} INFO - Setting next_dagrun for example_sensors to None, run_after=None
[2026-05-20T08:19:13.374+0000] {processor.py:183} INFO - Processing /home/airflow/.local/lib/python3.12/site-packages/airflow/example_dags/example_sensors.py took 0.197 seconds
[2026-05-20T08:19:43.564+0000] {processor.py:161} INFO - Started process (PID=1488) to work on /home/airflow/.local/lib/python3.12/site-packages/airflow/example_dags/example_sensors.py
[2026-05-20T08:19:43.566+0000] {processor.py:830} INFO - Processing file /home/airflow/.local/lib/python3.12/site-packages/airflow/example_dags/example_sensors.py for tasks to queue
[2026-05-20T08:19:43.569+0000] {logging_mixin.py:188} INFO - [2026-05-20T08:19:43.569+0000] {dagbag.py:545} INFO - Filling up the DagBag from /home/airflow/.local/lib/python3.12/site-packages/airflow/example_dags/example_sensors.py
[2026-05-20T08:19:43.583+0000] {processor.py:840} INFO - DAG(s) 'example_sensors' retrieved from /home/airflow/.local/lib/python3.12/site-packages/airflow/example_dags/example_sensors.py
[2026-05-20T08:19:43.627+0000] {logging_mixin.py:188} INFO - [2026-05-20T08:19:43.626+0000] {dag.py:3089} INFO - Sync 1 DAGs
[2026-05-20T08:19:43.646+0000] {logging_mixin.py:188} INFO - [2026-05-20T08:19:43.646+0000] {dag.py:3947} INFO - Setting next_dagrun for example_sensors to None, run_after=None
[2026-05-20T08:19:43.677+0000] {processor.py:183} INFO - Processing /home/airflow/.local/lib/python3.12/site-packages/airflow/example_dags/example_sensors.py took 0.122 seconds
[2026-05-20T08:20:13.781+0000] {processor.py:161} INFO - Started process (PID=1548) to work on /home/airflow/.local/lib/python3.12/site-packages/airflow/example_dags/example_sensors.py
[2026-05-20T08:20:13.783+0000] {processor.py:830} INFO - Processing file /home/airflow/.local/lib/python3.12/site-packages/airflow/example_dags/example_sensors.py for tasks to queue
[2026-05-20T08:20:13.786+0000] {logging_mixin.py:188} INFO - [2026-05-20T08:20:13.785+0000] {dagbag.py:545} INFO - Filling up the DagBag from /home/airflow/.local/lib/python3.12/site-packages/airflow/example_dags/example_sensors.py
[2026-05-20T08:20:13.798+0000] {processor.py:840} INFO - DAG(s) 'example_sensors' retrieved from /home/airflow/.local/lib/python3.12/site-packages/airflow/example_dags/example_sensors.py
[2026-05-20T08:20:13.837+0000] {logging_mixin.py:188} INFO - [2026-05-20T08:20:13.836+0000] {dag.py:3089} INFO - Sync 1 DAGs
[2026-05-20T08:20:13.854+0000] {logging_mixin.py:188} INFO - [2026-05-20T08:20:13.854+0000] {dag.py:3947} INFO - Setting next_dagrun for example_sensors to None, run_after=None
[2026-05-20T08:20:13.883+0000] {processor.py:183} INFO - Processing /home/airflow/.local/lib/python3.12/site-packages/airflow/example_dags/example_sensors.py took 0.110 seconds
[2026-05-20T08:20:45.518+0000] {processor.py:161} INFO - Started process (PID=1608) to work on /home/airflow/.local/lib/python3.12/site-packages/airflow/example_dags/example_sensors.py
[2026-05-20T08:20:45.521+0000] {processor.py:830} INFO - Processing file /home/airflow/.local/lib/python3.12/site-packages/airflow/example_dags/example_sensors.py for tasks to queue
[2026-05-20T08:20:45.535+0000] {logging_mixin.py:188} INFO - [2026-05-20T08:20:45.533+0000] {dagbag.py:545} INFO - Filling up the DagBag from /home/airflow/.local/lib/python3.12/site-packages/airflow/example_dags/example_sensors.py
[2026-05-20T08:20:45.569+0000] {processor.py:840} INFO - DAG(s) 'example_sensors' retrieved from /home/airflow/.local/lib/python3.12/site-packages/airflow/example_dags/example_sensors.py
[2026-05-20T08:20:45.669+0000] {logging_mixin.py:188} INFO - [2026-05-20T08:20:45.668+0000] {dag.py:3089} INFO - Sync 1 DAGs
[2026-05-20T08:20:45.719+0000] {logging_mixin.py:188} INFO - [2026-05-20T08:20:45.719+0000] {dag.py:3947} INFO - Setting next_dagrun for example_sensors to None, run_after=None
[2026-05-20T08:20:45.806+0000] {processor.py:183} INFO - Processing /home/airflow/.local/lib/python3.12/site-packages/airflow/example_dags/example_sensors.py took 0.311 seconds
[2026-05-20T08:21:16.806+0000] {processor.py:161} INFO - Started process (PID=1660) to work on /home/airflow/.local/lib/python3.12/site-packages/airflow/example_dags/example_sensors.py
[2026-05-20T08:21:16.842+0000] {processor.py:830} INFO - Processing file /home/airflow/.local/lib/python3.12/site-packages/airflow/example_dags/example_sensors.py for tasks to queue
[2026-05-20T08:21:16.857+0000] {logging_mixin.py:188} INFO - [2026-05-20T08:21:16.856+0000] {dagbag.py:545} INFO - Filling up the DagBag from /home/airflow/.local/lib/python3.12/site-packages/airflow/example_dags/example_sensors.py
[2026-05-20T08:21:16.929+0000] {processor.py:840} INFO - DAG(s) 'example_sensors' retrieved from /home/airflow/.local/lib/python3.12/site-packages/airflow/example_dags/example_sensors.py
[2026-05-20T08:21:17.109+0000] {logging_mixin.py:188} INFO - [2026-05-20T08:21:17.109+0000] {dag.py:3089} INFO - Sync 1 DAGs
[2026-05-20T08:21:17.213+0000] {logging_mixin.py:188} INFO - [2026-05-20T08:21:17.212+0000] {dag.py:3947} INFO - Setting next_dagrun for example_sensors to None, run_after=None
[2026-05-20T08:21:17.343+0000] {processor.py:183} INFO - Processing /home/airflow/.local/lib/python3.12/site-packages/airflow/example_dags/example_sensors.py took 0.583 seconds
[2026-05-20T08:21:48.185+0000] {processor.py:161} INFO - Started process (PID=1719) to work on /home/airflow/.local/lib/python3.12/site-packages/airflow/example_dags/example_sensors.py
[2026-05-20T08:21:48.187+0000] {processor.py:830} INFO - Processing file /home/airflow/.local/lib/python3.12/site-packages/airflow/example_dags/example_sensors.py for tasks to queue
[2026-05-20T08:21:48.194+0000] {logging_mixin.py:188} INFO - [2026-05-20T08:21:48.193+0000] {dagbag.py:545} INFO - Filling up the DagBag from /home/airflow/.local/lib/python3.12/site-packages/airflow/example_dags/example_sensors.py
[2026-05-20T08:21:48.254+0000] {processor.py:840} INFO - DAG(s) 'example_sensors' retrieved from /home/airflow/.local/lib/python3.12/site-packages/airflow/example_dags/example_sensors.py
[2026-05-20T08:21:48.421+0000] {logging_mixin.py:188} INFO - [2026-05-20T08:21:48.420+0000] {dag.py:3089} INFO - Sync 1 DAGs
[2026-05-20T08:21:48.512+0000] {logging_mixin.py:188} INFO - [2026-05-20T08:21:48.511+0000] {dag.py:3947} INFO - Setting next_dagrun for example_sensors to None, run_after=None
[2026-05-20T08:21:48.677+0000] {processor.py:183} INFO - Processing /home/airflow/.local/lib/python3.12/site-packages/airflow/example_dags/example_sensors.py took 0.521 seconds
[2026-05-20T08:22:19.455+0000] {processor.py:161} INFO - Started process (PID=1779) to work on /home/airflow/.local/lib/python3.12/site-packages/airflow/example_dags/example_sensors.py
[2026-05-20T08:22:19.460+0000] {processor.py:830} INFO - Processing file /home/airflow/.local/lib/python3.12/site-packages/airflow/example_dags/example_sensors.py for tasks to queue
[2026-05-20T08:22:19.465+0000] {logging_mixin.py:188} INFO - [2026-05-20T08:22:19.465+0000] {dagbag.py:545} INFO - Filling up the DagBag from /home/airflow/.local/lib/python3.12/site-packages/airflow/example_dags/example_sensors.py
[2026-05-20T08:22:19.516+0000] {processor.py:840} INFO - DAG(s) 'example_sensors' retrieved from /home/airflow/.local/lib/python3.12/site-packages/airflow/example_dags/example_sensors.py
[2026-05-20T08:22:19.715+0000] {logging_mixin.py:188} INFO - [2026-05-20T08:22:19.714+0000] {dag.py:3089} INFO - Sync 1 DAGs
[2026-05-20T08:22:19.805+0000] {logging_mixin.py:188} INFO - [2026-05-20T08:22:19.804+0000] {dag.py:3947} INFO - Setting next_dagrun for example_sensors to None, run_after=None
[2026-05-20T08:22:19.959+0000] {processor.py:183} INFO - Processing /home/airflow/.local/lib/python3.12/site-packages/airflow/example_dags/example_sensors.py took 0.540 seconds
[2026-05-20T08:22:50.858+0000] {processor.py:161} INFO - Started process (PID=1839) to work on /home/airflow/.local/lib/python3.12/site-packages/airflow/example_dags/example_sensors.py
[2026-05-20T08:22:50.861+0000] {processor.py:830} INFO - Processing file /home/airflow/.local/lib/python3.12/site-packages/airflow/example_dags/example_sensors.py for tasks to queue
[2026-05-20T08:22:50.867+0000] {logging_mixin.py:188} INFO - [2026-05-20T08:22:50.866+0000] {dagbag.py:545} INFO - Filling up the DagBag from /home/airflow/.local/lib/python3.12/site-packages/airflow/example_dags/example_sensors.py
[2026-05-20T08:22:50.896+0000] {processor.py:840} INFO - DAG(s) 'example_sensors' retrieved from /home/airflow/.local/lib/python3.12/site-packages/airflow/example_dags/example_sensors.py
[2026-05-20T08:22:50.982+0000] {logging_mixin.py:188} INFO - [2026-05-20T08:22:50.982+0000] {dag.py:3089} INFO - Sync 1 DAGs
[2026-05-20T08:22:51.038+0000] {logging_mixin.py:188} INFO - [2026-05-20T08:22:51.037+0000] {dag.py:3947} INFO - Setting next_dagrun for example_sensors to None, run_after=None
[2026-05-20T08:22:51.186+0000] {processor.py:183} INFO - Processing /home/airflow/.local/lib/python3.12/site-packages/airflow/example_dags/example_sensors.py took 0.350 seconds
[2026-05-20T08:23:21.529+0000] {processor.py:161} INFO - Started process (PID=1899) to work on /home/airflow/.local/lib/python3.12/site-packages/airflow/example_dags/example_sensors.py
[2026-05-20T08:23:21.534+0000] {processor.py:830} INFO - Processing file /home/airflow/.local/lib/python3.12/site-packages/airflow/example_dags/example_sensors.py for tasks to queue
[2026-05-20T08:23:21.541+0000] {logging_mixin.py:188} INFO - [2026-05-20T08:23:21.540+0000] {dagbag.py:545} INFO - Filling up the DagBag from /home/airflow/.local/lib/python3.12/site-packages/airflow/example_dags/example_sensors.py
[2026-05-20T08:23:21.578+0000] {processor.py:840} INFO - DAG(s) 'example_sensors' retrieved from /home/airflow/.local/lib/python3.12/site-packages/airflow/example_dags/example_sensors.py
[2026-05-20T08:23:21.662+0000] {logging_mixin.py:188} INFO - [2026-05-20T08:23:21.661+0000] {dag.py:3089} INFO - Sync 1 DAGs
[2026-05-20T08:23:21.691+0000] {logging_mixin.py:188} INFO - [2026-05-20T08:23:21.690+0000] {dag.py:3947} INFO - Setting next_dagrun for example_sensors to None, run_after=None
[2026-05-20T08:23:21.756+0000] {processor.py:183} INFO - Processing /home/airflow/.local/lib/python3.12/site-packages/airflow/example_dags/example_sensors.py took 0.251 seconds
[2026-05-20T08:23:55.529+0000] {processor.py:161} INFO - Started process (PID=1959) to work on /home/airflow/.local/lib/python3.12/site-packages/airflow/example_dags/example_sensors.py
[2026-05-20T08:23:55.534+0000] {processor.py:830} INFO - Processing file /home/airflow/.local/lib/python3.12/site-packages/airflow/example_dags/example_sensors.py for tasks to queue
[2026-05-20T08:23:55.542+0000] {logging_mixin.py:188} INFO - [2026-05-20T08:23:55.541+0000] {dagbag.py:545} INFO - Filling up the DagBag from /home/airflow/.local/lib/python3.12/site-packages/airflow/example_dags/example_sensors.py
[2026-05-20T08:23:55.594+0000] {processor.py:840} INFO - DAG(s) 'example_sensors' retrieved from /home/airflow/.local/lib/python3.12/site-packages/airflow/example_dags/example_sensors.py
[2026-05-20T08:23:55.806+0000] {logging_mixin.py:188} INFO - [2026-05-20T08:23:55.805+0000] {dag.py:3089} INFO - Sync 1 DAGs
[2026-05-20T08:23:55.863+0000] {logging_mixin.py:188} INFO - [2026-05-20T08:23:55.862+0000] {dag.py:3947} INFO - Setting next_dagrun for example_sensors to None, run_after=None
[2026-05-20T08:23:55.945+0000] {processor.py:183} INFO - Processing /home/airflow/.local/lib/python3.12/site-packages/airflow/example_dags/example_sensors.py took 0.438 seconds
[2026-05-20T08:24:26.538+0000] {processor.py:161} INFO - Started process (PID=2020) to work on /home/airflow/.local/lib/python3.12/site-packages/airflow/example_dags/example_sensors.py
[2026-05-20T08:24:26.542+0000] {processor.py:830} INFO - Processing file /home/airflow/.local/lib/python3.12/site-packages/airflow/example_dags/example_sensors.py for tasks to queue
[2026-05-20T08:24:26.554+0000] {logging_mixin.py:188} INFO - [2026-05-20T08:24:26.552+0000] {dagbag.py:545} INFO - Filling up the DagBag from /home/airflow/.local/lib/python3.12/site-packages/airflow/example_dags/example_sensors.py
[2026-05-20T08:24:26.606+0000] {processor.py:840} INFO - DAG(s) 'example_sensors' retrieved from /home/airflow/.local/lib/python3.12/site-packages/airflow/example_dags/example_sensors.py
[2026-05-20T08:24:26.757+0000] {logging_mixin.py:188} INFO - [2026-05-20T08:24:26.757+0000] {dag.py:3089} INFO - Sync 1 DAGs
[2026-05-20T08:24:26.788+0000] {logging_mixin.py:188} INFO - [2026-05-20T08:24:26.788+0000] {dag.py:3947} INFO - Setting next_dagrun for example_sensors to None, run_after=None
[2026-05-20T08:24:26.836+0000] {processor.py:183} INFO - Processing /home/airflow/.local/lib/python3.12/site-packages/airflow/example_dags/example_sensors.py took 0.322 seconds
[2026-05-20T08:24:59.853+0000] {processor.py:161} INFO - Started process (PID=2080) to work on /home/airflow/.local/lib/python3.12/site-packages/airflow/example_dags/example_sensors.py
[2026-05-20T08:24:59.860+0000] {processor.py:830} INFO - Processing file /home/airflow/.local/lib/python3.12/site-packages/airflow/example_dags/example_sensors.py for tasks to queue
[2026-05-20T08:24:59.876+0000] {logging_mixin.py:188} INFO - [2026-05-20T08:24:59.874+0000] {dagbag.py:545} INFO - Filling up the DagBag from /home/airflow/.local/lib/python3.12/site-packages/airflow/example_dags/example_sensors.py
[2026-05-20T08:24:59.957+0000] {processor.py:840} INFO - DAG(s) 'example_sensors' retrieved from /home/airflow/.local/lib/python3.12/site-packages/airflow/example_dags/example_sensors.py
[2026-05-20T08:25:00.194+0000] {logging_mixin.py:188} INFO - [2026-05-20T08:25:00.185+0000] {dag.py:3089} INFO - Sync 1 DAGs
[2026-05-20T08:25:00.374+0000] {logging_mixin.py:188} INFO - [2026-05-20T08:25:00.363+0000] {dag.py:3947} INFO - Setting next_dagrun for example_sensors to None, run_after=None
[2026-05-20T08:25:00.547+0000] {processor.py:183} INFO - Processing /home/airflow/.local/lib/python3.12/site-packages/airflow/example_dags/example_sensors.py took 0.730 seconds
[2026-05-20T08:25:45.809+0000] {processor.py:161} INFO - Started process (PID=2140) to work on /home/airflow/.local/lib/python3.12/site-packages/airflow/example_dags/example_sensors.py
[2026-05-20T08:25:45.812+0000] {processor.py:830} INFO - Processing file /home/airflow/.local/lib/python3.12/site-packages/airflow/example_dags/example_sensors.py for tasks to queue
[2026-05-20T08:25:45.816+0000] {logging_mixin.py:188} INFO - [2026-05-20T08:25:45.815+0000] {dagbag.py:545} INFO - Filling up the DagBag from /home/airflow/.local/lib/python3.12/site-packages/airflow/example_dags/example_sensors.py
[2026-05-20T08:25:45.836+0000] {processor.py:840} INFO - DAG(s) 'example_sensors' retrieved from /home/airflow/.local/lib/python3.12/site-packages/airflow/example_dags/example_sensors.py
[2026-05-20T08:25:45.939+0000] {logging_mixin.py:188} INFO - [2026-05-20T08:25:45.938+0000] {dag.py:3089} INFO - Sync 1 DAGs
[2026-05-20T08:25:45.995+0000] {logging_mixin.py:188} INFO - [2026-05-20T08:25:45.992+0000] {dag.py:3947} INFO - Setting next_dagrun for example_sensors to None, run_after=None
[2026-05-20T08:25:46.093+0000] {processor.py:183} INFO - Processing /home/airflow/.local/lib/python3.12/site-packages/airflow/example_dags/example_sensors.py took 0.294 seconds
[2026-05-20T08:26:17.149+0000] {processor.py:161} INFO - Started process (PID=2200) to work on /home/airflow/.local/lib/python3.12/site-packages/airflow/example_dags/example_sensors.py
[2026-05-20T08:26:17.152+0000] {processor.py:830} INFO - Processing file /home/airflow/.local/lib/python3.12/site-packages/airflow/example_dags/example_sensors.py for tasks to queue
[2026-05-20T08:26:17.157+0000] {logging_mixin.py:188} INFO - [2026-05-20T08:26:17.156+0000] {dagbag.py:545} INFO - Filling up the DagBag from /home/airflow/.local/lib/python3.12/site-packages/airflow/example_dags/example_sensors.py
[2026-05-20T08:26:17.179+0000] {processor.py:840} INFO - DAG(s) 'example_sensors' retrieved from /home/airflow/.local/lib/python3.12/site-packages/airflow/example_dags/example_sensors.py
[2026-05-20T08:26:17.234+0000] {logging_mixin.py:188} INFO - [2026-05-20T08:26:17.234+0000] {dag.py:3089} INFO - Sync 1 DAGs
[2026-05-20T08:26:17.262+0000] {logging_mixin.py:188} INFO - [2026-05-20T08:26:17.262+0000] {dag.py:3947} INFO - Setting next_dagrun for example_sensors to None, run_after=None
[2026-05-20T08:26:17.300+0000] {processor.py:183} INFO - Processing /home/airflow/.local/lib/python3.12/site-packages/airflow/example_dags/example_sensors.py took 0.160 seconds
[2026-05-20T08:26:48.326+0000] {processor.py:161} INFO - Started process (PID=2260) to work on /home/airflow/.local/lib/python3.12/site-packages/airflow/example_dags/example_sensors.py
[2026-05-20T08:26:48.328+0000] {processor.py:830} INFO - Processing file /home/airflow/.local/lib/python3.12/site-packages/airflow/example_dags/example_sensors.py for tasks to queue
[2026-05-20T08:26:48.332+0000] {logging_mixin.py:188} INFO - [2026-05-20T08:26:48.331+0000] {dagbag.py:545} INFO - Filling up the DagBag from /home/airflow/.local/lib/python3.12/site-packages/airflow/example_dags/example_sensors.py
[2026-05-20T08:26:48.349+0000] {processor.py:840} INFO - DAG(s) 'example_sensors' retrieved from /home/airflow/.local/lib/python3.12/site-packages/airflow/example_dags/example_sensors.py
[2026-05-20T08:26:48.388+0000] {logging_mixin.py:188} INFO - [2026-05-20T08:26:48.388+0000] {dag.py:3089} INFO - Sync 1 DAGs
[2026-05-20T08:26:48.411+0000] {logging_mixin.py:188} INFO - [2026-05-20T08:26:48.410+0000] {dag.py:3947} INFO - Setting next_dagrun for example_sensors to None, run_after=None
[2026-05-20T08:26:48.443+0000] {processor.py:183} INFO - Processing /home/airflow/.local/lib/python3.12/site-packages/airflow/example_dags/example_sensors.py took 0.127 seconds
