[2026-05-20T08:07:31.896+0000] {processor.py:161} INFO - Started process (PID=124) to work on /home/airflow/.local/lib/python3.12/site-packages/airflow/example_dags/example_latest_only.py
[2026-05-20T08:07:31.899+0000] {processor.py:830} INFO - Processing file /home/airflow/.local/lib/python3.12/site-packages/airflow/example_dags/example_latest_only.py for tasks to queue
[2026-05-20T08:07:31.908+0000] {logging_mixin.py:188} INFO - [2026-05-20T08:07:31.907+0000] {dagbag.py:545} INFO - Filling up the DagBag from /home/airflow/.local/lib/python3.12/site-packages/airflow/example_dags/example_latest_only.py
[2026-05-20T08:07:31.945+0000] {processor.py:840} INFO - DAG(s) 'latest_only' retrieved from /home/airflow/.local/lib/python3.12/site-packages/airflow/example_dags/example_latest_only.py
[2026-05-20T08:07:32.738+0000] {logging_mixin.py:188} INFO - [2026-05-20T08:07:32.738+0000] {dag.py:3089} INFO - Sync 1 DAGs
[2026-05-20T08:07:32.855+0000] {logging_mixin.py:188} INFO - [2026-05-20T08:07:32.854+0000] {dag.py:3947} INFO - Setting next_dagrun for latest_only to 2026-05-20 04:00:00+00:00, run_after=2026-05-20 08:00:00+00:00
[2026-05-20T08:07:33.131+0000] {processor.py:183} INFO - Processing /home/airflow/.local/lib/python3.12/site-packages/airflow/example_dags/example_latest_only.py took 1.290 seconds
[2026-05-20T08:08:15.498+0000] {processor.py:161} INFO - Started process (PID=185) to work on /home/airflow/.local/lib/python3.12/site-packages/airflow/example_dags/example_latest_only.py
[2026-05-20T08:08:15.503+0000] {processor.py:830} INFO - Processing file /home/airflow/.local/lib/python3.12/site-packages/airflow/example_dags/example_latest_only.py for tasks to queue
[2026-05-20T08:08:15.509+0000] {logging_mixin.py:188} INFO - [2026-05-20T08:08:15.508+0000] {dagbag.py:545} INFO - Filling up the DagBag from /home/airflow/.local/lib/python3.12/site-packages/airflow/example_dags/example_latest_only.py
[2026-05-20T08:08:15.527+0000] {processor.py:840} INFO - DAG(s) 'latest_only' retrieved from /home/airflow/.local/lib/python3.12/site-packages/airflow/example_dags/example_latest_only.py
[2026-05-20T08:08:15.577+0000] {logging_mixin.py:188} INFO - [2026-05-20T08:08:15.576+0000] {dag.py:3089} INFO - Sync 1 DAGs
[2026-05-20T08:08:15.637+0000] {logging_mixin.py:188} INFO - [2026-05-20T08:08:15.636+0000] {dag.py:3947} INFO - Setting next_dagrun for latest_only to 2026-05-20 04:00:00+00:00, run_after=2026-05-20 08:00:00+00:00
[2026-05-20T08:08:15.698+0000] {processor.py:183} INFO - Processing /home/airflow/.local/lib/python3.12/site-packages/airflow/example_dags/example_latest_only.py took 0.219 seconds
[2026-05-20T08:08:47.474+0000] {processor.py:161} INFO - Started process (PID=244) to work on /home/airflow/.local/lib/python3.12/site-packages/airflow/example_dags/example_latest_only.py
[2026-05-20T08:08:47.476+0000] {processor.py:830} INFO - Processing file /home/airflow/.local/lib/python3.12/site-packages/airflow/example_dags/example_latest_only.py for tasks to queue
[2026-05-20T08:08:47.480+0000] {logging_mixin.py:188} INFO - [2026-05-20T08:08:47.479+0000] {dagbag.py:545} INFO - Filling up the DagBag from /home/airflow/.local/lib/python3.12/site-packages/airflow/example_dags/example_latest_only.py
[2026-05-20T08:08:47.491+0000] {processor.py:840} INFO - DAG(s) 'latest_only' retrieved from /home/airflow/.local/lib/python3.12/site-packages/airflow/example_dags/example_latest_only.py
[2026-05-20T08:08:47.533+0000] {logging_mixin.py:188} INFO - [2026-05-20T08:08:47.532+0000] {dag.py:3089} INFO - Sync 1 DAGs
[2026-05-20T08:08:47.662+0000] {logging_mixin.py:188} INFO - [2026-05-20T08:08:47.661+0000] {dag.py:3947} INFO - Setting next_dagrun for latest_only to 2026-05-20 04:00:00+00:00, run_after=2026-05-20 08:00:00+00:00
[2026-05-20T08:08:47.784+0000] {processor.py:183} INFO - Processing /home/airflow/.local/lib/python3.12/site-packages/airflow/example_dags/example_latest_only.py took 0.320 seconds
[2026-05-20T08:09:18.119+0000] {processor.py:161} INFO - Started process (PID=302) to work on /home/airflow/.local/lib/python3.12/site-packages/airflow/example_dags/example_latest_only.py
[2026-05-20T08:09:18.122+0000] {processor.py:830} INFO - Processing file /home/airflow/.local/lib/python3.12/site-packages/airflow/example_dags/example_latest_only.py for tasks to queue
[2026-05-20T08:09:18.129+0000] {logging_mixin.py:188} INFO - [2026-05-20T08:09:18.128+0000] {dagbag.py:545} INFO - Filling up the DagBag from /home/airflow/.local/lib/python3.12/site-packages/airflow/example_dags/example_latest_only.py
[2026-05-20T08:09:18.151+0000] {processor.py:840} INFO - DAG(s) 'latest_only' retrieved from /home/airflow/.local/lib/python3.12/site-packages/airflow/example_dags/example_latest_only.py
[2026-05-20T08:09:18.197+0000] {logging_mixin.py:188} INFO - [2026-05-20T08:09:18.196+0000] {dag.py:3089} INFO - Sync 1 DAGs
[2026-05-20T08:09:18.233+0000] {logging_mixin.py:188} INFO - [2026-05-20T08:09:18.233+0000] {dag.py:3947} INFO - Setting next_dagrun for latest_only to 2026-05-20 04:00:00+00:00, run_after=2026-05-20 08:00:00+00:00
[2026-05-20T08:09:18.268+0000] {processor.py:183} INFO - Processing /home/airflow/.local/lib/python3.12/site-packages/airflow/example_dags/example_latest_only.py took 0.172 seconds
[2026-05-20T08:09:48.805+0000] {processor.py:161} INFO - Started process (PID=362) to work on /home/airflow/.local/lib/python3.12/site-packages/airflow/example_dags/example_latest_only.py
[2026-05-20T08:09:48.807+0000] {processor.py:830} INFO - Processing file /home/airflow/.local/lib/python3.12/site-packages/airflow/example_dags/example_latest_only.py for tasks to queue
[2026-05-20T08:09:48.810+0000] {logging_mixin.py:188} INFO - [2026-05-20T08:09:48.810+0000] {dagbag.py:545} INFO - Filling up the DagBag from /home/airflow/.local/lib/python3.12/site-packages/airflow/example_dags/example_latest_only.py
[2026-05-20T08:09:48.819+0000] {processor.py:840} INFO - DAG(s) 'latest_only' retrieved from /home/airflow/.local/lib/python3.12/site-packages/airflow/example_dags/example_latest_only.py
[2026-05-20T08:09:48.866+0000] {logging_mixin.py:188} INFO - [2026-05-20T08:09:48.866+0000] {dag.py:3089} INFO - Sync 1 DAGs
[2026-05-20T08:09:48.914+0000] {logging_mixin.py:188} INFO - [2026-05-20T08:09:48.914+0000] {dag.py:3947} INFO - Setting next_dagrun for latest_only to 2026-05-20 04:00:00+00:00, run_after=2026-05-20 08:00:00+00:00
[2026-05-20T08:09:48.971+0000] {processor.py:183} INFO - Processing /home/airflow/.local/lib/python3.12/site-packages/airflow/example_dags/example_latest_only.py took 0.175 seconds
[2026-05-20T08:10:24.182+0000] {processor.py:161} INFO - Started process (PID=422) to work on /home/airflow/.local/lib/python3.12/site-packages/airflow/example_dags/example_latest_only.py
[2026-05-20T08:10:24.184+0000] {processor.py:830} INFO - Processing file /home/airflow/.local/lib/python3.12/site-packages/airflow/example_dags/example_latest_only.py for tasks to queue
[2026-05-20T08:10:24.189+0000] {logging_mixin.py:188} INFO - [2026-05-20T08:10:24.188+0000] {dagbag.py:545} INFO - Filling up the DagBag from /home/airflow/.local/lib/python3.12/site-packages/airflow/example_dags/example_latest_only.py
[2026-05-20T08:10:24.200+0000] {processor.py:840} INFO - DAG(s) 'latest_only' retrieved from /home/airflow/.local/lib/python3.12/site-packages/airflow/example_dags/example_latest_only.py
[2026-05-20T08:10:24.251+0000] {logging_mixin.py:188} INFO - [2026-05-20T08:10:24.251+0000] {dag.py:3089} INFO - Sync 1 DAGs
[2026-05-20T08:10:24.334+0000] {logging_mixin.py:188} INFO - [2026-05-20T08:10:24.333+0000] {dag.py:3947} INFO - Setting next_dagrun for latest_only to 2026-05-20 04:00:00+00:00, run_after=2026-05-20 08:00:00+00:00
[2026-05-20T08:10:24.392+0000] {processor.py:183} INFO - Processing /home/airflow/.local/lib/python3.12/site-packages/airflow/example_dags/example_latest_only.py took 0.223 seconds
[2026-05-20T08:10:55.438+0000] {processor.py:161} INFO - Started process (PID=481) to work on /home/airflow/.local/lib/python3.12/site-packages/airflow/example_dags/example_latest_only.py
[2026-05-20T08:10:55.440+0000] {processor.py:830} INFO - Processing file /home/airflow/.local/lib/python3.12/site-packages/airflow/example_dags/example_latest_only.py for tasks to queue
[2026-05-20T08:10:55.444+0000] {logging_mixin.py:188} INFO - [2026-05-20T08:10:55.443+0000] {dagbag.py:545} INFO - Filling up the DagBag from /home/airflow/.local/lib/python3.12/site-packages/airflow/example_dags/example_latest_only.py
[2026-05-20T08:10:55.453+0000] {processor.py:840} INFO - DAG(s) 'latest_only' retrieved from /home/airflow/.local/lib/python3.12/site-packages/airflow/example_dags/example_latest_only.py
[2026-05-20T08:10:55.485+0000] {logging_mixin.py:188} INFO - [2026-05-20T08:10:55.485+0000] {dag.py:3089} INFO - Sync 1 DAGs
[2026-05-20T08:10:55.530+0000] {logging_mixin.py:188} INFO - [2026-05-20T08:10:55.529+0000] {dag.py:3947} INFO - Setting next_dagrun for latest_only to 2026-05-20 04:00:00+00:00, run_after=2026-05-20 08:00:00+00:00
[2026-05-20T08:10:55.585+0000] {processor.py:183} INFO - Processing /home/airflow/.local/lib/python3.12/site-packages/airflow/example_dags/example_latest_only.py took 0.156 seconds
[2026-05-20T08:11:26.683+0000] {processor.py:161} INFO - Started process (PID=543) to work on /home/airflow/.local/lib/python3.12/site-packages/airflow/example_dags/example_latest_only.py
[2026-05-20T08:11:26.685+0000] {processor.py:830} INFO - Processing file /home/airflow/.local/lib/python3.12/site-packages/airflow/example_dags/example_latest_only.py for tasks to queue
[2026-05-20T08:11:26.689+0000] {logging_mixin.py:188} INFO - [2026-05-20T08:11:26.688+0000] {dagbag.py:545} INFO - Filling up the DagBag from /home/airflow/.local/lib/python3.12/site-packages/airflow/example_dags/example_latest_only.py
[2026-05-20T08:11:26.698+0000] {processor.py:840} INFO - DAG(s) 'latest_only' retrieved from /home/airflow/.local/lib/python3.12/site-packages/airflow/example_dags/example_latest_only.py
[2026-05-20T08:11:26.731+0000] {logging_mixin.py:188} INFO - [2026-05-20T08:11:26.730+0000] {dag.py:3089} INFO - Sync 1 DAGs
[2026-05-20T08:11:26.776+0000] {logging_mixin.py:188} INFO - [2026-05-20T08:11:26.776+0000] {dag.py:3947} INFO - Setting next_dagrun for latest_only to 2026-05-20 04:00:00+00:00, run_after=2026-05-20 08:00:00+00:00
[2026-05-20T08:11:26.827+0000] {processor.py:183} INFO - Processing /home/airflow/.local/lib/python3.12/site-packages/airflow/example_dags/example_latest_only.py took 0.153 seconds
[2026-05-20T08:12:00.231+0000] {processor.py:161} INFO - Started process (PID=603) to work on /home/airflow/.local/lib/python3.12/site-packages/airflow/example_dags/example_latest_only.py
[2026-05-20T08:12:00.234+0000] {processor.py:830} INFO - Processing file /home/airflow/.local/lib/python3.12/site-packages/airflow/example_dags/example_latest_only.py for tasks to queue
[2026-05-20T08:12:00.240+0000] {logging_mixin.py:188} INFO - [2026-05-20T08:12:00.239+0000] {dagbag.py:545} INFO - Filling up the DagBag from /home/airflow/.local/lib/python3.12/site-packages/airflow/example_dags/example_latest_only.py
[2026-05-20T08:12:00.267+0000] {processor.py:840} INFO - DAG(s) 'latest_only' retrieved from /home/airflow/.local/lib/python3.12/site-packages/airflow/example_dags/example_latest_only.py
[2026-05-20T08:12:00.339+0000] {logging_mixin.py:188} INFO - [2026-05-20T08:12:00.338+0000] {dag.py:3089} INFO - Sync 1 DAGs
[2026-05-20T08:12:00.441+0000] {logging_mixin.py:188} INFO - [2026-05-20T08:12:00.441+0000] {dag.py:3947} INFO - Setting next_dagrun for latest_only to 2026-05-20 04:00:00+00:00, run_after=2026-05-20 08:00:00+00:00
[2026-05-20T08:12:00.529+0000] {processor.py:183} INFO - Processing /home/airflow/.local/lib/python3.12/site-packages/airflow/example_dags/example_latest_only.py took 0.320 seconds
[2026-05-20T08:12:31.251+0000] {processor.py:161} INFO - Started process (PID=663) to work on /home/airflow/.local/lib/python3.12/site-packages/airflow/example_dags/example_latest_only.py
[2026-05-20T08:12:31.254+0000] {processor.py:830} INFO - Processing file /home/airflow/.local/lib/python3.12/site-packages/airflow/example_dags/example_latest_only.py for tasks to queue
[2026-05-20T08:12:31.260+0000] {logging_mixin.py:188} INFO - [2026-05-20T08:12:31.259+0000] {dagbag.py:545} INFO - Filling up the DagBag from /home/airflow/.local/lib/python3.12/site-packages/airflow/example_dags/example_latest_only.py
[2026-05-20T08:12:31.270+0000] {processor.py:840} INFO - DAG(s) 'latest_only' retrieved from /home/airflow/.local/lib/python3.12/site-packages/airflow/example_dags/example_latest_only.py
[2026-05-20T08:12:31.317+0000] {logging_mixin.py:188} INFO - [2026-05-20T08:12:31.316+0000] {dag.py:3089} INFO - Sync 1 DAGs
[2026-05-20T08:12:31.363+0000] {logging_mixin.py:188} INFO - [2026-05-20T08:12:31.362+0000] {dag.py:3947} INFO - Setting next_dagrun for latest_only to 2026-05-20 04:00:00+00:00, run_after=2026-05-20 08:00:00+00:00
[2026-05-20T08:12:31.405+0000] {processor.py:183} INFO - Processing /home/airflow/.local/lib/python3.12/site-packages/airflow/example_dags/example_latest_only.py took 0.175 seconds
[2026-05-20T08:13:01.786+0000] {processor.py:161} INFO - Started process (PID=720) to work on /home/airflow/.local/lib/python3.12/site-packages/airflow/example_dags/example_latest_only.py
[2026-05-20T08:13:01.798+0000] {processor.py:830} INFO - Processing file /home/airflow/.local/lib/python3.12/site-packages/airflow/example_dags/example_latest_only.py for tasks to queue
[2026-05-20T08:13:01.805+0000] {logging_mixin.py:188} INFO - [2026-05-20T08:13:01.803+0000] {dagbag.py:545} INFO - Filling up the DagBag from /home/airflow/.local/lib/python3.12/site-packages/airflow/example_dags/example_latest_only.py
[2026-05-20T08:13:01.839+0000] {processor.py:840} INFO - DAG(s) 'latest_only' retrieved from /home/airflow/.local/lib/python3.12/site-packages/airflow/example_dags/example_latest_only.py
[2026-05-20T08:13:02.007+0000] {logging_mixin.py:188} INFO - [2026-05-20T08:13:02.007+0000] {dag.py:3089} INFO - Sync 1 DAGs
[2026-05-20T08:13:02.217+0000] {logging_mixin.py:188} INFO - [2026-05-20T08:13:02.216+0000] {dag.py:3947} INFO - Setting next_dagrun for latest_only to 2026-05-20 04:00:00+00:00, run_after=2026-05-20 08:00:00+00:00
[2026-05-20T08:13:02.405+0000] {processor.py:183} INFO - Processing /home/airflow/.local/lib/python3.12/site-packages/airflow/example_dags/example_latest_only.py took 0.650 seconds
[2026-05-20T08:13:41.991+0000] {processor.py:161} INFO - Started process (PID=787) to work on /home/airflow/.local/lib/python3.12/site-packages/airflow/example_dags/example_latest_only.py
[2026-05-20T08:13:41.999+0000] {processor.py:830} INFO - Processing file /home/airflow/.local/lib/python3.12/site-packages/airflow/example_dags/example_latest_only.py for tasks to queue
[2026-05-20T08:13:42.005+0000] {logging_mixin.py:188} INFO - [2026-05-20T08:13:42.004+0000] {dagbag.py:545} INFO - Filling up the DagBag from /home/airflow/.local/lib/python3.12/site-packages/airflow/example_dags/example_latest_only.py
[2026-05-20T08:13:42.040+0000] {processor.py:840} INFO - DAG(s) 'latest_only' retrieved from /home/airflow/.local/lib/python3.12/site-packages/airflow/example_dags/example_latest_only.py
[2026-05-20T08:13:42.199+0000] {logging_mixin.py:188} INFO - [2026-05-20T08:13:42.198+0000] {dag.py:3089} INFO - Sync 1 DAGs
[2026-05-20T08:13:42.314+0000] {logging_mixin.py:188} INFO - [2026-05-20T08:13:42.313+0000] {dag.py:3947} INFO - Setting next_dagrun for latest_only to 2026-05-20 04:00:00+00:00, run_after=2026-05-20 08:00:00+00:00
[2026-05-20T08:13:42.521+0000] {processor.py:183} INFO - Processing /home/airflow/.local/lib/python3.12/site-packages/airflow/example_dags/example_latest_only.py took 0.559 seconds
[2026-05-20T08:14:17.386+0000] {processor.py:161} INFO - Started process (PID=847) to work on /home/airflow/.local/lib/python3.12/site-packages/airflow/example_dags/example_latest_only.py
[2026-05-20T08:14:17.389+0000] {processor.py:830} INFO - Processing file /home/airflow/.local/lib/python3.12/site-packages/airflow/example_dags/example_latest_only.py for tasks to queue
[2026-05-20T08:14:17.393+0000] {logging_mixin.py:188} INFO - [2026-05-20T08:14:17.392+0000] {dagbag.py:545} INFO - Filling up the DagBag from /home/airflow/.local/lib/python3.12/site-packages/airflow/example_dags/example_latest_only.py
[2026-05-20T08:14:17.409+0000] {processor.py:840} INFO - DAG(s) 'latest_only' retrieved from /home/airflow/.local/lib/python3.12/site-packages/airflow/example_dags/example_latest_only.py
[2026-05-20T08:14:17.471+0000] {logging_mixin.py:188} INFO - [2026-05-20T08:14:17.471+0000] {dag.py:3089} INFO - Sync 1 DAGs
[2026-05-20T08:14:17.640+0000] {logging_mixin.py:188} INFO - [2026-05-20T08:14:17.639+0000] {dag.py:3947} INFO - Setting next_dagrun for latest_only to 2026-05-20 04:00:00+00:00, run_after=2026-05-20 08:00:00+00:00
[2026-05-20T08:14:17.705+0000] {processor.py:183} INFO - Processing /home/airflow/.local/lib/python3.12/site-packages/airflow/example_dags/example_latest_only.py took 0.331 seconds
[2026-05-20T08:14:49.557+0000] {processor.py:161} INFO - Started process (PID=907) to work on /home/airflow/.local/lib/python3.12/site-packages/airflow/example_dags/example_latest_only.py
[2026-05-20T08:14:49.561+0000] {processor.py:830} INFO - Processing file /home/airflow/.local/lib/python3.12/site-packages/airflow/example_dags/example_latest_only.py for tasks to queue
[2026-05-20T08:14:49.567+0000] {logging_mixin.py:188} INFO - [2026-05-20T08:14:49.567+0000] {dagbag.py:545} INFO - Filling up the DagBag from /home/airflow/.local/lib/python3.12/site-packages/airflow/example_dags/example_latest_only.py
[2026-05-20T08:14:49.598+0000] {processor.py:840} INFO - DAG(s) 'latest_only' retrieved from /home/airflow/.local/lib/python3.12/site-packages/airflow/example_dags/example_latest_only.py
[2026-05-20T08:14:49.759+0000] {logging_mixin.py:188} INFO - [2026-05-20T08:14:49.758+0000] {dag.py:3089} INFO - Sync 1 DAGs
[2026-05-20T08:14:49.890+0000] {logging_mixin.py:188} INFO - [2026-05-20T08:14:49.889+0000] {dag.py:3947} INFO - Setting next_dagrun for latest_only to 2026-05-20 04:00:00+00:00, run_after=2026-05-20 08:00:00+00:00
[2026-05-20T08:14:50.001+0000] {processor.py:183} INFO - Processing /home/airflow/.local/lib/python3.12/site-packages/airflow/example_dags/example_latest_only.py took 0.469 seconds
[2026-05-20T08:15:20.427+0000] {processor.py:161} INFO - Started process (PID=966) to work on /home/airflow/.local/lib/python3.12/site-packages/airflow/example_dags/example_latest_only.py
[2026-05-20T08:15:20.430+0000] {processor.py:830} INFO - Processing file /home/airflow/.local/lib/python3.12/site-packages/airflow/example_dags/example_latest_only.py for tasks to queue
[2026-05-20T08:15:20.435+0000] {logging_mixin.py:188} INFO - [2026-05-20T08:15:20.434+0000] {dagbag.py:545} INFO - Filling up the DagBag from /home/airflow/.local/lib/python3.12/site-packages/airflow/example_dags/example_latest_only.py
[2026-05-20T08:15:20.449+0000] {processor.py:840} INFO - DAG(s) 'latest_only' retrieved from /home/airflow/.local/lib/python3.12/site-packages/airflow/example_dags/example_latest_only.py
[2026-05-20T08:15:20.538+0000] {logging_mixin.py:188} INFO - [2026-05-20T08:15:20.537+0000] {dag.py:3089} INFO - Sync 1 DAGs
[2026-05-20T08:15:20.589+0000] {logging_mixin.py:188} INFO - [2026-05-20T08:15:20.589+0000] {dag.py:3947} INFO - Setting next_dagrun for latest_only to 2026-05-20 04:00:00+00:00, run_after=2026-05-20 08:00:00+00:00
[2026-05-20T08:15:20.631+0000] {processor.py:183} INFO - Processing /home/airflow/.local/lib/python3.12/site-packages/airflow/example_dags/example_latest_only.py took 0.219 seconds
[2026-05-20T08:15:51.229+0000] {processor.py:161} INFO - Started process (PID=1027) to work on /home/airflow/.local/lib/python3.12/site-packages/airflow/example_dags/example_latest_only.py
[2026-05-20T08:15:51.232+0000] {processor.py:830} INFO - Processing file /home/airflow/.local/lib/python3.12/site-packages/airflow/example_dags/example_latest_only.py for tasks to queue
[2026-05-20T08:15:51.237+0000] {logging_mixin.py:188} INFO - [2026-05-20T08:15:51.237+0000] {dagbag.py:545} INFO - Filling up the DagBag from /home/airflow/.local/lib/python3.12/site-packages/airflow/example_dags/example_latest_only.py
[2026-05-20T08:15:51.253+0000] {processor.py:840} INFO - DAG(s) 'latest_only' retrieved from /home/airflow/.local/lib/python3.12/site-packages/airflow/example_dags/example_latest_only.py
[2026-05-20T08:15:51.291+0000] {logging_mixin.py:188} INFO - [2026-05-20T08:15:51.290+0000] {dag.py:3089} INFO - Sync 1 DAGs
[2026-05-20T08:15:51.333+0000] {logging_mixin.py:188} INFO - [2026-05-20T08:15:51.333+0000] {dag.py:3947} INFO - Setting next_dagrun for latest_only to 2026-05-20 04:00:00+00:00, run_after=2026-05-20 08:00:00+00:00
[2026-05-20T08:15:51.365+0000] {processor.py:183} INFO - Processing /home/airflow/.local/lib/python3.12/site-packages/airflow/example_dags/example_latest_only.py took 0.147 seconds
[2026-05-20T08:16:23.099+0000] {processor.py:161} INFO - Started process (PID=1087) to work on /home/airflow/.local/lib/python3.12/site-packages/airflow/example_dags/example_latest_only.py
[2026-05-20T08:16:23.103+0000] {processor.py:830} INFO - Processing file /home/airflow/.local/lib/python3.12/site-packages/airflow/example_dags/example_latest_only.py for tasks to queue
[2026-05-20T08:16:23.113+0000] {logging_mixin.py:188} INFO - [2026-05-20T08:16:23.112+0000] {dagbag.py:545} INFO - Filling up the DagBag from /home/airflow/.local/lib/python3.12/site-packages/airflow/example_dags/example_latest_only.py
[2026-05-20T08:16:23.131+0000] {processor.py:840} INFO - DAG(s) 'latest_only' retrieved from /home/airflow/.local/lib/python3.12/site-packages/airflow/example_dags/example_latest_only.py
[2026-05-20T08:16:23.215+0000] {logging_mixin.py:188} INFO - [2026-05-20T08:16:23.214+0000] {dag.py:3089} INFO - Sync 1 DAGs
[2026-05-20T08:16:23.272+0000] {logging_mixin.py:188} INFO - [2026-05-20T08:16:23.272+0000] {dag.py:3947} INFO - Setting next_dagrun for latest_only to 2026-05-20 04:00:00+00:00, run_after=2026-05-20 08:00:00+00:00
[2026-05-20T08:16:23.319+0000] {processor.py:183} INFO - Processing /home/airflow/.local/lib/python3.12/site-packages/airflow/example_dags/example_latest_only.py took 0.246 seconds
[2026-05-20T08:16:54.035+0000] {processor.py:161} INFO - Started process (PID=1147) to work on /home/airflow/.local/lib/python3.12/site-packages/airflow/example_dags/example_latest_only.py
[2026-05-20T08:16:54.036+0000] {processor.py:830} INFO - Processing file /home/airflow/.local/lib/python3.12/site-packages/airflow/example_dags/example_latest_only.py for tasks to queue
[2026-05-20T08:16:54.039+0000] {logging_mixin.py:188} INFO - [2026-05-20T08:16:54.039+0000] {dagbag.py:545} INFO - Filling up the DagBag from /home/airflow/.local/lib/python3.12/site-packages/airflow/example_dags/example_latest_only.py
[2026-05-20T08:16:54.047+0000] {processor.py:840} INFO - DAG(s) 'latest_only' retrieved from /home/airflow/.local/lib/python3.12/site-packages/airflow/example_dags/example_latest_only.py
[2026-05-20T08:16:54.078+0000] {logging_mixin.py:188} INFO - [2026-05-20T08:16:54.077+0000] {dag.py:3089} INFO - Sync 1 DAGs
[2026-05-20T08:16:54.118+0000] {logging_mixin.py:188} INFO - [2026-05-20T08:16:54.118+0000] {dag.py:3947} INFO - Setting next_dagrun for latest_only to 2026-05-20 04:00:00+00:00, run_after=2026-05-20 08:00:00+00:00
[2026-05-20T08:16:54.154+0000] {processor.py:183} INFO - Processing /home/airflow/.local/lib/python3.12/site-packages/airflow/example_dags/example_latest_only.py took 0.128 seconds
[2026-05-20T08:17:25.236+0000] {processor.py:161} INFO - Started process (PID=1207) to work on /home/airflow/.local/lib/python3.12/site-packages/airflow/example_dags/example_latest_only.py
[2026-05-20T08:17:25.239+0000] {processor.py:830} INFO - Processing file /home/airflow/.local/lib/python3.12/site-packages/airflow/example_dags/example_latest_only.py for tasks to queue
[2026-05-20T08:17:25.245+0000] {logging_mixin.py:188} INFO - [2026-05-20T08:17:25.244+0000] {dagbag.py:545} INFO - Filling up the DagBag from /home/airflow/.local/lib/python3.12/site-packages/airflow/example_dags/example_latest_only.py
[2026-05-20T08:17:25.260+0000] {processor.py:840} INFO - DAG(s) 'latest_only' retrieved from /home/airflow/.local/lib/python3.12/site-packages/airflow/example_dags/example_latest_only.py
[2026-05-20T08:17:25.313+0000] {logging_mixin.py:188} INFO - [2026-05-20T08:17:25.312+0000] {dag.py:3089} INFO - Sync 1 DAGs
[2026-05-20T08:17:25.368+0000] {logging_mixin.py:188} INFO - [2026-05-20T08:17:25.367+0000] {dag.py:3947} INFO - Setting next_dagrun for latest_only to 2026-05-20 04:00:00+00:00, run_after=2026-05-20 08:00:00+00:00
[2026-05-20T08:17:25.407+0000] {processor.py:183} INFO - Processing /home/airflow/.local/lib/python3.12/site-packages/airflow/example_dags/example_latest_only.py took 0.188 seconds
[2026-05-20T08:17:55.847+0000] {processor.py:161} INFO - Started process (PID=1265) to work on /home/airflow/.local/lib/python3.12/site-packages/airflow/example_dags/example_latest_only.py
[2026-05-20T08:17:55.849+0000] {processor.py:830} INFO - Processing file /home/airflow/.local/lib/python3.12/site-packages/airflow/example_dags/example_latest_only.py for tasks to queue
[2026-05-20T08:17:55.852+0000] {logging_mixin.py:188} INFO - [2026-05-20T08:17:55.851+0000] {dagbag.py:545} INFO - Filling up the DagBag from /home/airflow/.local/lib/python3.12/site-packages/airflow/example_dags/example_latest_only.py
[2026-05-20T08:17:55.859+0000] {processor.py:840} INFO - DAG(s) 'latest_only' retrieved from /home/airflow/.local/lib/python3.12/site-packages/airflow/example_dags/example_latest_only.py
[2026-05-20T08:17:55.892+0000] {logging_mixin.py:188} INFO - [2026-05-20T08:17:55.891+0000] {dag.py:3089} INFO - Sync 1 DAGs
[2026-05-20T08:17:55.922+0000] {logging_mixin.py:188} INFO - [2026-05-20T08:17:55.922+0000] {dag.py:3947} INFO - Setting next_dagrun for latest_only to 2026-05-20 04:00:00+00:00, run_after=2026-05-20 08:00:00+00:00
[2026-05-20T08:17:55.950+0000] {processor.py:183} INFO - Processing /home/airflow/.local/lib/python3.12/site-packages/airflow/example_dags/example_latest_only.py took 0.110 seconds
[2026-05-20T08:18:26.423+0000] {processor.py:161} INFO - Started process (PID=1325) to work on /home/airflow/.local/lib/python3.12/site-packages/airflow/example_dags/example_latest_only.py
[2026-05-20T08:18:26.425+0000] {processor.py:830} INFO - Processing file /home/airflow/.local/lib/python3.12/site-packages/airflow/example_dags/example_latest_only.py for tasks to queue
[2026-05-20T08:18:26.428+0000] {logging_mixin.py:188} INFO - [2026-05-20T08:18:26.428+0000] {dagbag.py:545} INFO - Filling up the DagBag from /home/airflow/.local/lib/python3.12/site-packages/airflow/example_dags/example_latest_only.py
[2026-05-20T08:18:26.438+0000] {processor.py:840} INFO - DAG(s) 'latest_only' retrieved from /home/airflow/.local/lib/python3.12/site-packages/airflow/example_dags/example_latest_only.py
[2026-05-20T08:18:26.472+0000] {logging_mixin.py:188} INFO - [2026-05-20T08:18:26.472+0000] {dag.py:3089} INFO - Sync 1 DAGs
[2026-05-20T08:18:26.512+0000] {logging_mixin.py:188} INFO - [2026-05-20T08:18:26.512+0000] {dag.py:3947} INFO - Setting next_dagrun for latest_only to 2026-05-20 04:00:00+00:00, run_after=2026-05-20 08:00:00+00:00
[2026-05-20T08:18:26.544+0000] {processor.py:183} INFO - Processing /home/airflow/.local/lib/python3.12/site-packages/airflow/example_dags/example_latest_only.py took 0.131 seconds
[2026-05-20T08:18:56.822+0000] {processor.py:161} INFO - Started process (PID=1385) to work on /home/airflow/.local/lib/python3.12/site-packages/airflow/example_dags/example_latest_only.py
[2026-05-20T08:18:56.823+0000] {processor.py:830} INFO - Processing file /home/airflow/.local/lib/python3.12/site-packages/airflow/example_dags/example_latest_only.py for tasks to queue
[2026-05-20T08:18:56.827+0000] {logging_mixin.py:188} INFO - [2026-05-20T08:18:56.826+0000] {dagbag.py:545} INFO - Filling up the DagBag from /home/airflow/.local/lib/python3.12/site-packages/airflow/example_dags/example_latest_only.py
[2026-05-20T08:18:56.834+0000] {processor.py:840} INFO - DAG(s) 'latest_only' retrieved from /home/airflow/.local/lib/python3.12/site-packages/airflow/example_dags/example_latest_only.py
[2026-05-20T08:18:56.864+0000] {logging_mixin.py:188} INFO - [2026-05-20T08:18:56.864+0000] {dag.py:3089} INFO - Sync 1 DAGs
[2026-05-20T08:18:56.896+0000] {logging_mixin.py:188} INFO - [2026-05-20T08:18:56.895+0000] {dag.py:3947} INFO - Setting next_dagrun for latest_only to 2026-05-20 04:00:00+00:00, run_after=2026-05-20 08:00:00+00:00
[2026-05-20T08:18:56.928+0000] {processor.py:183} INFO - Processing /home/airflow/.local/lib/python3.12/site-packages/airflow/example_dags/example_latest_only.py took 0.115 seconds
[2026-05-20T08:19:27.511+0000] {processor.py:161} INFO - Started process (PID=1445) to work on /home/airflow/.local/lib/python3.12/site-packages/airflow/example_dags/example_latest_only.py
[2026-05-20T08:19:27.513+0000] {processor.py:830} INFO - Processing file /home/airflow/.local/lib/python3.12/site-packages/airflow/example_dags/example_latest_only.py for tasks to queue
[2026-05-20T08:19:27.516+0000] {logging_mixin.py:188} INFO - [2026-05-20T08:19:27.515+0000] {dagbag.py:545} INFO - Filling up the DagBag from /home/airflow/.local/lib/python3.12/site-packages/airflow/example_dags/example_latest_only.py
[2026-05-20T08:19:27.524+0000] {processor.py:840} INFO - DAG(s) 'latest_only' retrieved from /home/airflow/.local/lib/python3.12/site-packages/airflow/example_dags/example_latest_only.py
[2026-05-20T08:19:27.560+0000] {logging_mixin.py:188} INFO - [2026-05-20T08:19:27.559+0000] {dag.py:3089} INFO - Sync 1 DAGs
[2026-05-20T08:19:27.592+0000] {logging_mixin.py:188} INFO - [2026-05-20T08:19:27.592+0000] {dag.py:3947} INFO - Setting next_dagrun for latest_only to 2026-05-20 04:00:00+00:00, run_after=2026-05-20 08:00:00+00:00
[2026-05-20T08:19:27.621+0000] {processor.py:183} INFO - Processing /home/airflow/.local/lib/python3.12/site-packages/airflow/example_dags/example_latest_only.py took 0.118 seconds
[2026-05-20T08:19:57.841+0000] {processor.py:161} INFO - Started process (PID=1504) to work on /home/airflow/.local/lib/python3.12/site-packages/airflow/example_dags/example_latest_only.py
[2026-05-20T08:19:57.843+0000] {processor.py:830} INFO - Processing file /home/airflow/.local/lib/python3.12/site-packages/airflow/example_dags/example_latest_only.py for tasks to queue
[2026-05-20T08:19:57.846+0000] {logging_mixin.py:188} INFO - [2026-05-20T08:19:57.846+0000] {dagbag.py:545} INFO - Filling up the DagBag from /home/airflow/.local/lib/python3.12/site-packages/airflow/example_dags/example_latest_only.py
[2026-05-20T08:19:57.854+0000] {processor.py:840} INFO - DAG(s) 'latest_only' retrieved from /home/airflow/.local/lib/python3.12/site-packages/airflow/example_dags/example_latest_only.py
[2026-05-20T08:19:57.885+0000] {logging_mixin.py:188} INFO - [2026-05-20T08:19:57.884+0000] {dag.py:3089} INFO - Sync 1 DAGs
[2026-05-20T08:19:57.920+0000] {logging_mixin.py:188} INFO - [2026-05-20T08:19:57.920+0000] {dag.py:3947} INFO - Setting next_dagrun for latest_only to 2026-05-20 04:00:00+00:00, run_after=2026-05-20 08:00:00+00:00
[2026-05-20T08:19:57.959+0000] {processor.py:183} INFO - Processing /home/airflow/.local/lib/python3.12/site-packages/airflow/example_dags/example_latest_only.py took 0.126 seconds
[2026-05-20T08:20:28.195+0000] {processor.py:161} INFO - Started process (PID=1564) to work on /home/airflow/.local/lib/python3.12/site-packages/airflow/example_dags/example_latest_only.py
[2026-05-20T08:20:28.199+0000] {processor.py:830} INFO - Processing file /home/airflow/.local/lib/python3.12/site-packages/airflow/example_dags/example_latest_only.py for tasks to queue
[2026-05-20T08:20:28.208+0000] {logging_mixin.py:188} INFO - [2026-05-20T08:20:28.207+0000] {dagbag.py:545} INFO - Filling up the DagBag from /home/airflow/.local/lib/python3.12/site-packages/airflow/example_dags/example_latest_only.py
[2026-05-20T08:20:28.224+0000] {processor.py:840} INFO - DAG(s) 'latest_only' retrieved from /home/airflow/.local/lib/python3.12/site-packages/airflow/example_dags/example_latest_only.py
[2026-05-20T08:20:28.327+0000] {logging_mixin.py:188} INFO - [2026-05-20T08:20:28.326+0000] {dag.py:3089} INFO - Sync 1 DAGs
[2026-05-20T08:20:28.431+0000] {logging_mixin.py:188} INFO - [2026-05-20T08:20:28.430+0000] {dag.py:3947} INFO - Setting next_dagrun for latest_only to 2026-05-20 04:00:00+00:00, run_after=2026-05-20 08:00:00+00:00
[2026-05-20T08:20:28.514+0000] {processor.py:183} INFO - Processing /home/airflow/.local/lib/python3.12/site-packages/airflow/example_dags/example_latest_only.py took 0.343 seconds
[2026-05-20T08:20:58.700+0000] {processor.py:161} INFO - Started process (PID=1623) to work on /home/airflow/.local/lib/python3.12/site-packages/airflow/example_dags/example_latest_only.py
[2026-05-20T08:20:58.704+0000] {processor.py:830} INFO - Processing file /home/airflow/.local/lib/python3.12/site-packages/airflow/example_dags/example_latest_only.py for tasks to queue
[2026-05-20T08:20:58.709+0000] {logging_mixin.py:188} INFO - [2026-05-20T08:20:58.708+0000] {dagbag.py:545} INFO - Filling up the DagBag from /home/airflow/.local/lib/python3.12/site-packages/airflow/example_dags/example_latest_only.py
[2026-05-20T08:20:58.725+0000] {processor.py:840} INFO - DAG(s) 'latest_only' retrieved from /home/airflow/.local/lib/python3.12/site-packages/airflow/example_dags/example_latest_only.py
[2026-05-20T08:20:58.796+0000] {logging_mixin.py:188} INFO - [2026-05-20T08:20:58.792+0000] {dag.py:3089} INFO - Sync 1 DAGs
[2026-05-20T08:20:58.958+0000] {logging_mixin.py:188} INFO - [2026-05-20T08:20:58.957+0000] {dag.py:3947} INFO - Setting next_dagrun for latest_only to 2026-05-20 04:00:00+00:00, run_after=2026-05-20 08:00:00+00:00
[2026-05-20T08:20:59.073+0000] {processor.py:183} INFO - Processing /home/airflow/.local/lib/python3.12/site-packages/airflow/example_dags/example_latest_only.py took 0.393 seconds
[2026-05-20T08:21:30.547+0000] {processor.py:161} INFO - Started process (PID=1684) to work on /home/airflow/.local/lib/python3.12/site-packages/airflow/example_dags/example_latest_only.py
[2026-05-20T08:21:30.550+0000] {processor.py:830} INFO - Processing file /home/airflow/.local/lib/python3.12/site-packages/airflow/example_dags/example_latest_only.py for tasks to queue
[2026-05-20T08:21:30.568+0000] {logging_mixin.py:188} INFO - [2026-05-20T08:21:30.567+0000] {dagbag.py:545} INFO - Filling up the DagBag from /home/airflow/.local/lib/python3.12/site-packages/airflow/example_dags/example_latest_only.py
[2026-05-20T08:21:30.594+0000] {processor.py:840} INFO - DAG(s) 'latest_only' retrieved from /home/airflow/.local/lib/python3.12/site-packages/airflow/example_dags/example_latest_only.py
[2026-05-20T08:21:30.706+0000] {logging_mixin.py:188} INFO - [2026-05-20T08:21:30.705+0000] {dag.py:3089} INFO - Sync 1 DAGs
[2026-05-20T08:21:30.791+0000] {logging_mixin.py:188} INFO - [2026-05-20T08:21:30.791+0000] {dag.py:3947} INFO - Setting next_dagrun for latest_only to 2026-05-20 04:00:00+00:00, run_after=2026-05-20 08:00:00+00:00
[2026-05-20T08:21:30.856+0000] {processor.py:183} INFO - Processing /home/airflow/.local/lib/python3.12/site-packages/airflow/example_dags/example_latest_only.py took 0.333 seconds
[2026-05-20T08:22:02.266+0000] {processor.py:161} INFO - Started process (PID=1744) to work on /home/airflow/.local/lib/python3.12/site-packages/airflow/example_dags/example_latest_only.py
[2026-05-20T08:22:02.271+0000] {processor.py:830} INFO - Processing file /home/airflow/.local/lib/python3.12/site-packages/airflow/example_dags/example_latest_only.py for tasks to queue
[2026-05-20T08:22:02.287+0000] {logging_mixin.py:188} INFO - [2026-05-20T08:22:02.286+0000] {dagbag.py:545} INFO - Filling up the DagBag from /home/airflow/.local/lib/python3.12/site-packages/airflow/example_dags/example_latest_only.py
[2026-05-20T08:22:02.361+0000] {processor.py:840} INFO - DAG(s) 'latest_only' retrieved from /home/airflow/.local/lib/python3.12/site-packages/airflow/example_dags/example_latest_only.py
[2026-05-20T08:22:02.607+0000] {logging_mixin.py:188} INFO - [2026-05-20T08:22:02.606+0000] {dag.py:3089} INFO - Sync 1 DAGs
[2026-05-20T08:22:02.816+0000] {logging_mixin.py:188} INFO - [2026-05-20T08:22:02.815+0000] {dag.py:3947} INFO - Setting next_dagrun for latest_only to 2026-05-20 04:00:00+00:00, run_after=2026-05-20 08:00:00+00:00
[2026-05-20T08:22:02.917+0000] {processor.py:183} INFO - Processing /home/airflow/.local/lib/python3.12/site-packages/airflow/example_dags/example_latest_only.py took 0.717 seconds
[2026-05-20T08:22:33.228+0000] {processor.py:161} INFO - Started process (PID=1804) to work on /home/airflow/.local/lib/python3.12/site-packages/airflow/example_dags/example_latest_only.py
[2026-05-20T08:22:33.256+0000] {processor.py:830} INFO - Processing file /home/airflow/.local/lib/python3.12/site-packages/airflow/example_dags/example_latest_only.py for tasks to queue
[2026-05-20T08:22:33.271+0000] {logging_mixin.py:188} INFO - [2026-05-20T08:22:33.269+0000] {dagbag.py:545} INFO - Filling up the DagBag from /home/airflow/.local/lib/python3.12/site-packages/airflow/example_dags/example_latest_only.py
[2026-05-20T08:22:33.306+0000] {processor.py:840} INFO - DAG(s) 'latest_only' retrieved from /home/airflow/.local/lib/python3.12/site-packages/airflow/example_dags/example_latest_only.py
[2026-05-20T08:22:33.432+0000] {logging_mixin.py:188} INFO - [2026-05-20T08:22:33.431+0000] {dag.py:3089} INFO - Sync 1 DAGs
[2026-05-20T08:22:33.609+0000] {logging_mixin.py:188} INFO - [2026-05-20T08:22:33.608+0000] {dag.py:3947} INFO - Setting next_dagrun for latest_only to 2026-05-20 04:00:00+00:00, run_after=2026-05-20 08:00:00+00:00
[2026-05-20T08:22:33.709+0000] {processor.py:183} INFO - Processing /home/airflow/.local/lib/python3.12/site-packages/airflow/example_dags/example_latest_only.py took 0.512 seconds
[2026-05-20T08:23:04.377+0000] {processor.py:161} INFO - Started process (PID=1864) to work on /home/airflow/.local/lib/python3.12/site-packages/airflow/example_dags/example_latest_only.py
[2026-05-20T08:23:04.379+0000] {processor.py:830} INFO - Processing file /home/airflow/.local/lib/python3.12/site-packages/airflow/example_dags/example_latest_only.py for tasks to queue
[2026-05-20T08:23:04.386+0000] {logging_mixin.py:188} INFO - [2026-05-20T08:23:04.385+0000] {dagbag.py:545} INFO - Filling up the DagBag from /home/airflow/.local/lib/python3.12/site-packages/airflow/example_dags/example_latest_only.py
[2026-05-20T08:23:04.403+0000] {processor.py:840} INFO - DAG(s) 'latest_only' retrieved from /home/airflow/.local/lib/python3.12/site-packages/airflow/example_dags/example_latest_only.py
[2026-05-20T08:23:04.475+0000] {logging_mixin.py:188} INFO - [2026-05-20T08:23:04.474+0000] {dag.py:3089} INFO - Sync 1 DAGs
[2026-05-20T08:23:04.546+0000] {logging_mixin.py:188} INFO - [2026-05-20T08:23:04.546+0000] {dag.py:3947} INFO - Setting next_dagrun for latest_only to 2026-05-20 04:00:00+00:00, run_after=2026-05-20 08:00:00+00:00
[2026-05-20T08:23:04.610+0000] {processor.py:183} INFO - Processing /home/airflow/.local/lib/python3.12/site-packages/airflow/example_dags/example_latest_only.py took 0.248 seconds
[2026-05-20T08:23:34.985+0000] {processor.py:161} INFO - Started process (PID=1924) to work on /home/airflow/.local/lib/python3.12/site-packages/airflow/example_dags/example_latest_only.py
[2026-05-20T08:23:34.999+0000] {processor.py:830} INFO - Processing file /home/airflow/.local/lib/python3.12/site-packages/airflow/example_dags/example_latest_only.py for tasks to queue
[2026-05-20T08:23:35.007+0000] {logging_mixin.py:188} INFO - [2026-05-20T08:23:35.006+0000] {dagbag.py:545} INFO - Filling up the DagBag from /home/airflow/.local/lib/python3.12/site-packages/airflow/example_dags/example_latest_only.py
[2026-05-20T08:23:35.047+0000] {processor.py:840} INFO - DAG(s) 'latest_only' retrieved from /home/airflow/.local/lib/python3.12/site-packages/airflow/example_dags/example_latest_only.py
[2026-05-20T08:23:35.181+0000] {logging_mixin.py:188} INFO - [2026-05-20T08:23:35.180+0000] {dag.py:3089} INFO - Sync 1 DAGs
[2026-05-20T08:23:35.283+0000] {logging_mixin.py:188} INFO - [2026-05-20T08:23:35.282+0000] {dag.py:3947} INFO - Setting next_dagrun for latest_only to 2026-05-20 04:00:00+00:00, run_after=2026-05-20 08:00:00+00:00
[2026-05-20T08:23:35.336+0000] {processor.py:183} INFO - Processing /home/airflow/.local/lib/python3.12/site-packages/airflow/example_dags/example_latest_only.py took 0.373 seconds
[2026-05-20T08:24:12.762+0000] {processor.py:161} INFO - Started process (PID=1992) to work on /home/airflow/.local/lib/python3.12/site-packages/airflow/example_dags/example_latest_only.py
[2026-05-20T08:24:12.769+0000] {processor.py:830} INFO - Processing file /home/airflow/.local/lib/python3.12/site-packages/airflow/example_dags/example_latest_only.py for tasks to queue
[2026-05-20T08:24:12.817+0000] {logging_mixin.py:188} INFO - [2026-05-20T08:24:12.816+0000] {dagbag.py:545} INFO - Filling up the DagBag from /home/airflow/.local/lib/python3.12/site-packages/airflow/example_dags/example_latest_only.py
[2026-05-20T08:24:12.888+0000] {processor.py:840} INFO - DAG(s) 'latest_only' retrieved from /home/airflow/.local/lib/python3.12/site-packages/airflow/example_dags/example_latest_only.py
[2026-05-20T08:24:13.083+0000] {logging_mixin.py:188} INFO - [2026-05-20T08:24:13.082+0000] {dag.py:3089} INFO - Sync 1 DAGs
[2026-05-20T08:24:13.267+0000] {logging_mixin.py:188} INFO - [2026-05-20T08:24:13.266+0000] {dag.py:3947} INFO - Setting next_dagrun for latest_only to 2026-05-20 04:00:00+00:00, run_after=2026-05-20 08:00:00+00:00
[2026-05-20T08:24:13.334+0000] {processor.py:183} INFO - Processing /home/airflow/.local/lib/python3.12/site-packages/airflow/example_dags/example_latest_only.py took 0.593 seconds
[2026-05-20T08:24:43.830+0000] {processor.py:161} INFO - Started process (PID=2050) to work on /home/airflow/.local/lib/python3.12/site-packages/airflow/example_dags/example_latest_only.py
[2026-05-20T08:24:43.833+0000] {processor.py:830} INFO - Processing file /home/airflow/.local/lib/python3.12/site-packages/airflow/example_dags/example_latest_only.py for tasks to queue
[2026-05-20T08:24:43.838+0000] {logging_mixin.py:188} INFO - [2026-05-20T08:24:43.837+0000] {dagbag.py:545} INFO - Filling up the DagBag from /home/airflow/.local/lib/python3.12/site-packages/airflow/example_dags/example_latest_only.py
[2026-05-20T08:24:43.849+0000] {processor.py:840} INFO - DAG(s) 'latest_only' retrieved from /home/airflow/.local/lib/python3.12/site-packages/airflow/example_dags/example_latest_only.py
[2026-05-20T08:24:43.958+0000] {logging_mixin.py:188} INFO - [2026-05-20T08:24:43.957+0000] {dag.py:3089} INFO - Sync 1 DAGs
[2026-05-20T08:24:44.090+0000] {logging_mixin.py:188} INFO - [2026-05-20T08:24:44.086+0000] {dag.py:3947} INFO - Setting next_dagrun for latest_only to 2026-05-20 04:00:00+00:00, run_after=2026-05-20 08:00:00+00:00
[2026-05-20T08:24:44.225+0000] {processor.py:183} INFO - Processing /home/airflow/.local/lib/python3.12/site-packages/airflow/example_dags/example_latest_only.py took 0.416 seconds
[2026-05-20T08:25:32.537+0000] {processor.py:161} INFO - Started process (PID=2116) to work on /home/airflow/.local/lib/python3.12/site-packages/airflow/example_dags/example_latest_only.py
[2026-05-20T08:25:32.541+0000] {processor.py:830} INFO - Processing file /home/airflow/.local/lib/python3.12/site-packages/airflow/example_dags/example_latest_only.py for tasks to queue
[2026-05-20T08:25:32.548+0000] {logging_mixin.py:188} INFO - [2026-05-20T08:25:32.547+0000] {dagbag.py:545} INFO - Filling up the DagBag from /home/airflow/.local/lib/python3.12/site-packages/airflow/example_dags/example_latest_only.py
[2026-05-20T08:25:32.564+0000] {processor.py:840} INFO - DAG(s) 'latest_only' retrieved from /home/airflow/.local/lib/python3.12/site-packages/airflow/example_dags/example_latest_only.py
[2026-05-20T08:25:32.645+0000] {logging_mixin.py:188} INFO - [2026-05-20T08:25:32.644+0000] {dag.py:3089} INFO - Sync 1 DAGs
[2026-05-20T08:25:32.721+0000] {logging_mixin.py:188} INFO - [2026-05-20T08:25:32.721+0000] {dag.py:3947} INFO - Setting next_dagrun for latest_only to 2026-05-20 04:00:00+00:00, run_after=2026-05-20 08:00:00+00:00
[2026-05-20T08:25:32.823+0000] {processor.py:183} INFO - Processing /home/airflow/.local/lib/python3.12/site-packages/airflow/example_dags/example_latest_only.py took 0.308 seconds
[2026-05-20T08:26:03.288+0000] {processor.py:161} INFO - Started process (PID=2176) to work on /home/airflow/.local/lib/python3.12/site-packages/airflow/example_dags/example_latest_only.py
[2026-05-20T08:26:03.296+0000] {processor.py:830} INFO - Processing file /home/airflow/.local/lib/python3.12/site-packages/airflow/example_dags/example_latest_only.py for tasks to queue
[2026-05-20T08:26:03.309+0000] {logging_mixin.py:188} INFO - [2026-05-20T08:26:03.308+0000] {dagbag.py:545} INFO - Filling up the DagBag from /home/airflow/.local/lib/python3.12/site-packages/airflow/example_dags/example_latest_only.py
[2026-05-20T08:26:03.338+0000] {processor.py:840} INFO - DAG(s) 'latest_only' retrieved from /home/airflow/.local/lib/python3.12/site-packages/airflow/example_dags/example_latest_only.py
[2026-05-20T08:26:03.403+0000] {logging_mixin.py:188} INFO - [2026-05-20T08:26:03.402+0000] {dag.py:3089} INFO - Sync 1 DAGs
[2026-05-20T08:26:03.452+0000] {logging_mixin.py:188} INFO - [2026-05-20T08:26:03.452+0000] {dag.py:3947} INFO - Setting next_dagrun for latest_only to 2026-05-20 04:00:00+00:00, run_after=2026-05-20 08:00:00+00:00
[2026-05-20T08:26:03.529+0000] {processor.py:183} INFO - Processing /home/airflow/.local/lib/python3.12/site-packages/airflow/example_dags/example_latest_only.py took 0.272 seconds
[2026-05-20T08:26:35.033+0000] {processor.py:161} INFO - Started process (PID=2236) to work on /home/airflow/.local/lib/python3.12/site-packages/airflow/example_dags/example_latest_only.py
[2026-05-20T08:26:35.035+0000] {processor.py:830} INFO - Processing file /home/airflow/.local/lib/python3.12/site-packages/airflow/example_dags/example_latest_only.py for tasks to queue
[2026-05-20T08:26:35.038+0000] {logging_mixin.py:188} INFO - [2026-05-20T08:26:35.038+0000] {dagbag.py:545} INFO - Filling up the DagBag from /home/airflow/.local/lib/python3.12/site-packages/airflow/example_dags/example_latest_only.py
[2026-05-20T08:26:35.047+0000] {processor.py:840} INFO - DAG(s) 'latest_only' retrieved from /home/airflow/.local/lib/python3.12/site-packages/airflow/example_dags/example_latest_only.py
[2026-05-20T08:26:35.088+0000] {logging_mixin.py:188} INFO - [2026-05-20T08:26:35.087+0000] {dag.py:3089} INFO - Sync 1 DAGs
[2026-05-20T08:26:35.143+0000] {logging_mixin.py:188} INFO - [2026-05-20T08:26:35.143+0000] {dag.py:3947} INFO - Setting next_dagrun for latest_only to 2026-05-20 04:00:00+00:00, run_after=2026-05-20 08:00:00+00:00
[2026-05-20T08:26:35.454+0000] {processor.py:183} INFO - Processing /home/airflow/.local/lib/python3.12/site-packages/airflow/example_dags/example_latest_only.py took 0.429 seconds
