[2026-05-20T08:07:25.281+0000] {processor.py:161} INFO - Started process (PID=110) to work on /home/airflow/.local/lib/python3.12/site-packages/airflow/example_dags/example_branch_datetime_operator.py
[2026-05-20T08:07:25.291+0000] {processor.py:830} INFO - Processing file /home/airflow/.local/lib/python3.12/site-packages/airflow/example_dags/example_branch_datetime_operator.py for tasks to queue
[2026-05-20T08:07:25.304+0000] {logging_mixin.py:188} INFO - [2026-05-20T08:07:25.303+0000] {dagbag.py:545} INFO - Filling up the DagBag from /home/airflow/.local/lib/python3.12/site-packages/airflow/example_dags/example_branch_datetime_operator.py
[2026-05-20T08:07:25.413+0000] {processor.py:840} INFO - DAG(s) 'example_branch_datetime_operator_3', 'example_branch_datetime_operator_2', 'example_branch_datetime_operator' retrieved from /home/airflow/.local/lib/python3.12/site-packages/airflow/example_dags/example_branch_datetime_operator.py
[2026-05-20T08:07:26.219+0000] {logging_mixin.py:188} INFO - [2026-05-20T08:07:26.218+0000] {dag.py:3089} INFO - Sync 3 DAGs
[2026-05-20T08:07:26.309+0000] {logging_mixin.py:188} INFO - [2026-05-20T08:07:26.309+0000] {dag.py:3947} INFO - Setting next_dagrun for example_branch_datetime_operator to 2026-05-19 00:00:00+00:00, run_after=2026-05-20 00:00:00+00:00
[2026-05-20T08:07:26.415+0000] {logging_mixin.py:188} INFO - [2026-05-20T08:07:26.414+0000] {dag.py:3947} INFO - Setting next_dagrun for example_branch_datetime_operator_2 to 2026-05-19 00:00:00+00:00, run_after=2026-05-20 00:00:00+00:00
[2026-05-20T08:07:26.454+0000] {logging_mixin.py:188} INFO - [2026-05-20T08:07:26.453+0000] {dag.py:3947} INFO - Setting next_dagrun for example_branch_datetime_operator_3 to 2026-05-19 00:00:00+00:00, run_after=2026-05-20 00:00:00+00:00
[2026-05-20T08:07:26.580+0000] {processor.py:183} INFO - Processing /home/airflow/.local/lib/python3.12/site-packages/airflow/example_dags/example_branch_datetime_operator.py took 1.337 seconds
[2026-05-20T08:08:13.385+0000] {processor.py:161} INFO - Started process (PID=178) to work on /home/airflow/.local/lib/python3.12/site-packages/airflow/example_dags/example_branch_datetime_operator.py
[2026-05-20T08:08:13.394+0000] {processor.py:830} INFO - Processing file /home/airflow/.local/lib/python3.12/site-packages/airflow/example_dags/example_branch_datetime_operator.py for tasks to queue
[2026-05-20T08:08:13.400+0000] {logging_mixin.py:188} INFO - [2026-05-20T08:08:13.399+0000] {dagbag.py:545} INFO - Filling up the DagBag from /home/airflow/.local/lib/python3.12/site-packages/airflow/example_dags/example_branch_datetime_operator.py
[2026-05-20T08:08:13.426+0000] {processor.py:840} INFO - DAG(s) 'example_branch_datetime_operator_2', 'example_branch_datetime_operator_3', 'example_branch_datetime_operator' retrieved from /home/airflow/.local/lib/python3.12/site-packages/airflow/example_dags/example_branch_datetime_operator.py
[2026-05-20T08:08:13.556+0000] {logging_mixin.py:188} INFO - [2026-05-20T08:08:13.555+0000] {dag.py:3089} INFO - Sync 3 DAGs
[2026-05-20T08:08:13.750+0000] {logging_mixin.py:188} INFO - [2026-05-20T08:08:13.750+0000] {dag.py:3947} INFO - Setting next_dagrun for example_branch_datetime_operator to 2026-05-19 00:00:00+00:00, run_after=2026-05-20 00:00:00+00:00
[2026-05-20T08:08:13.768+0000] {logging_mixin.py:188} INFO - [2026-05-20T08:08:13.767+0000] {dag.py:3947} INFO - Setting next_dagrun for example_branch_datetime_operator_2 to 2026-05-19 00:00:00+00:00, run_after=2026-05-20 00:00:00+00:00
[2026-05-20T08:08:13.781+0000] {logging_mixin.py:188} INFO - [2026-05-20T08:08:13.780+0000] {dag.py:3947} INFO - Setting next_dagrun for example_branch_datetime_operator_3 to 2026-05-19 00:00:00+00:00, run_after=2026-05-20 00:00:00+00:00
[2026-05-20T08:08:13.834+0000] {processor.py:183} INFO - Processing /home/airflow/.local/lib/python3.12/site-packages/airflow/example_dags/example_branch_datetime_operator.py took 0.490 seconds
[2026-05-20T08:08:46.152+0000] {processor.py:161} INFO - Started process (PID=237) to work on /home/airflow/.local/lib/python3.12/site-packages/airflow/example_dags/example_branch_datetime_operator.py
[2026-05-20T08:08:46.154+0000] {processor.py:830} INFO - Processing file /home/airflow/.local/lib/python3.12/site-packages/airflow/example_dags/example_branch_datetime_operator.py for tasks to queue
[2026-05-20T08:08:46.159+0000] {logging_mixin.py:188} INFO - [2026-05-20T08:08:46.158+0000] {dagbag.py:545} INFO - Filling up the DagBag from /home/airflow/.local/lib/python3.12/site-packages/airflow/example_dags/example_branch_datetime_operator.py
[2026-05-20T08:08:46.189+0000] {processor.py:840} INFO - DAG(s) 'example_branch_datetime_operator_3', 'example_branch_datetime_operator_2', 'example_branch_datetime_operator' retrieved from /home/airflow/.local/lib/python3.12/site-packages/airflow/example_dags/example_branch_datetime_operator.py
[2026-05-20T08:08:46.259+0000] {logging_mixin.py:188} INFO - [2026-05-20T08:08:46.258+0000] {dag.py:3089} INFO - Sync 3 DAGs
[2026-05-20T08:08:46.318+0000] {logging_mixin.py:188} INFO - [2026-05-20T08:08:46.317+0000] {dag.py:3947} INFO - Setting next_dagrun for example_branch_datetime_operator to 2026-05-19 00:00:00+00:00, run_after=2026-05-20 00:00:00+00:00
[2026-05-20T08:08:46.329+0000] {logging_mixin.py:188} INFO - [2026-05-20T08:08:46.329+0000] {dag.py:3947} INFO - Setting next_dagrun for example_branch_datetime_operator_2 to 2026-05-19 00:00:00+00:00, run_after=2026-05-20 00:00:00+00:00
[2026-05-20T08:08:46.338+0000] {logging_mixin.py:188} INFO - [2026-05-20T08:08:46.338+0000] {dag.py:3947} INFO - Setting next_dagrun for example_branch_datetime_operator_3 to 2026-05-19 00:00:00+00:00, run_after=2026-05-20 00:00:00+00:00
[2026-05-20T08:08:46.384+0000] {processor.py:183} INFO - Processing /home/airflow/.local/lib/python3.12/site-packages/airflow/example_dags/example_branch_datetime_operator.py took 0.245 seconds
[2026-05-20T08:09:16.696+0000] {processor.py:161} INFO - Started process (PID=296) to work on /home/airflow/.local/lib/python3.12/site-packages/airflow/example_dags/example_branch_datetime_operator.py
[2026-05-20T08:09:16.698+0000] {processor.py:830} INFO - Processing file /home/airflow/.local/lib/python3.12/site-packages/airflow/example_dags/example_branch_datetime_operator.py for tasks to queue
[2026-05-20T08:09:16.703+0000] {logging_mixin.py:188} INFO - [2026-05-20T08:09:16.702+0000] {dagbag.py:545} INFO - Filling up the DagBag from /home/airflow/.local/lib/python3.12/site-packages/airflow/example_dags/example_branch_datetime_operator.py
[2026-05-20T08:09:16.727+0000] {processor.py:840} INFO - DAG(s) 'example_branch_datetime_operator_3', 'example_branch_datetime_operator', 'example_branch_datetime_operator_2' retrieved from /home/airflow/.local/lib/python3.12/site-packages/airflow/example_dags/example_branch_datetime_operator.py
[2026-05-20T08:09:16.785+0000] {logging_mixin.py:188} INFO - [2026-05-20T08:09:16.785+0000] {dag.py:3089} INFO - Sync 3 DAGs
[2026-05-20T08:09:16.823+0000] {logging_mixin.py:188} INFO - [2026-05-20T08:09:16.822+0000] {dag.py:3947} INFO - Setting next_dagrun for example_branch_datetime_operator to 2026-05-19 00:00:00+00:00, run_after=2026-05-20 00:00:00+00:00
[2026-05-20T08:09:16.831+0000] {logging_mixin.py:188} INFO - [2026-05-20T08:09:16.831+0000] {dag.py:3947} INFO - Setting next_dagrun for example_branch_datetime_operator_2 to 2026-05-19 00:00:00+00:00, run_after=2026-05-20 00:00:00+00:00
[2026-05-20T08:09:16.835+0000] {logging_mixin.py:188} INFO - [2026-05-20T08:09:16.835+0000] {dag.py:3947} INFO - Setting next_dagrun for example_branch_datetime_operator_3 to 2026-05-19 00:00:00+00:00, run_after=2026-05-20 00:00:00+00:00
[2026-05-20T08:09:16.863+0000] {processor.py:183} INFO - Processing /home/airflow/.local/lib/python3.12/site-packages/airflow/example_dags/example_branch_datetime_operator.py took 0.183 seconds
[2026-05-20T08:09:48.050+0000] {processor.py:161} INFO - Started process (PID=356) to work on /home/airflow/.local/lib/python3.12/site-packages/airflow/example_dags/example_branch_datetime_operator.py
[2026-05-20T08:09:48.052+0000] {processor.py:830} INFO - Processing file /home/airflow/.local/lib/python3.12/site-packages/airflow/example_dags/example_branch_datetime_operator.py for tasks to queue
[2026-05-20T08:09:48.058+0000] {logging_mixin.py:188} INFO - [2026-05-20T08:09:48.057+0000] {dagbag.py:545} INFO - Filling up the DagBag from /home/airflow/.local/lib/python3.12/site-packages/airflow/example_dags/example_branch_datetime_operator.py
[2026-05-20T08:09:48.082+0000] {processor.py:840} INFO - DAG(s) 'example_branch_datetime_operator', 'example_branch_datetime_operator_3', 'example_branch_datetime_operator_2' retrieved from /home/airflow/.local/lib/python3.12/site-packages/airflow/example_dags/example_branch_datetime_operator.py
[2026-05-20T08:09:48.175+0000] {logging_mixin.py:188} INFO - [2026-05-20T08:09:48.175+0000] {dag.py:3089} INFO - Sync 3 DAGs
[2026-05-20T08:09:48.255+0000] {logging_mixin.py:188} INFO - [2026-05-20T08:09:48.254+0000] {dag.py:3947} INFO - Setting next_dagrun for example_branch_datetime_operator to 2026-05-19 00:00:00+00:00, run_after=2026-05-20 00:00:00+00:00
[2026-05-20T08:09:48.276+0000] {logging_mixin.py:188} INFO - [2026-05-20T08:09:48.276+0000] {dag.py:3947} INFO - Setting next_dagrun for example_branch_datetime_operator_2 to 2026-05-19 00:00:00+00:00, run_after=2026-05-20 00:00:00+00:00
[2026-05-20T08:09:48.289+0000] {logging_mixin.py:188} INFO - [2026-05-20T08:09:48.288+0000] {dag.py:3947} INFO - Setting next_dagrun for example_branch_datetime_operator_3 to 2026-05-19 00:00:00+00:00, run_after=2026-05-20 00:00:00+00:00
[2026-05-20T08:09:48.329+0000] {processor.py:183} INFO - Processing /home/airflow/.local/lib/python3.12/site-packages/airflow/example_dags/example_branch_datetime_operator.py took 0.299 seconds
[2026-05-20T08:10:23.230+0000] {processor.py:161} INFO - Started process (PID=416) to work on /home/airflow/.local/lib/python3.12/site-packages/airflow/example_dags/example_branch_datetime_operator.py
[2026-05-20T08:10:23.233+0000] {processor.py:830} INFO - Processing file /home/airflow/.local/lib/python3.12/site-packages/airflow/example_dags/example_branch_datetime_operator.py for tasks to queue
[2026-05-20T08:10:23.237+0000] {logging_mixin.py:188} INFO - [2026-05-20T08:10:23.236+0000] {dagbag.py:545} INFO - Filling up the DagBag from /home/airflow/.local/lib/python3.12/site-packages/airflow/example_dags/example_branch_datetime_operator.py
[2026-05-20T08:10:23.270+0000] {processor.py:840} INFO - DAG(s) 'example_branch_datetime_operator', 'example_branch_datetime_operator_3', 'example_branch_datetime_operator_2' retrieved from /home/airflow/.local/lib/python3.12/site-packages/airflow/example_dags/example_branch_datetime_operator.py
[2026-05-20T08:10:23.358+0000] {logging_mixin.py:188} INFO - [2026-05-20T08:10:23.357+0000] {dag.py:3089} INFO - Sync 3 DAGs
[2026-05-20T08:10:23.430+0000] {logging_mixin.py:188} INFO - [2026-05-20T08:10:23.427+0000] {dag.py:3947} INFO - Setting next_dagrun for example_branch_datetime_operator to 2026-05-19 00:00:00+00:00, run_after=2026-05-20 00:00:00+00:00
[2026-05-20T08:10:23.455+0000] {logging_mixin.py:188} INFO - [2026-05-20T08:10:23.454+0000] {dag.py:3947} INFO - Setting next_dagrun for example_branch_datetime_operator_2 to 2026-05-19 00:00:00+00:00, run_after=2026-05-20 00:00:00+00:00
[2026-05-20T08:10:23.466+0000] {logging_mixin.py:188} INFO - [2026-05-20T08:10:23.465+0000] {dag.py:3947} INFO - Setting next_dagrun for example_branch_datetime_operator_3 to 2026-05-19 00:00:00+00:00, run_after=2026-05-20 00:00:00+00:00
[2026-05-20T08:10:23.529+0000] {processor.py:183} INFO - Processing /home/airflow/.local/lib/python3.12/site-packages/airflow/example_dags/example_branch_datetime_operator.py took 0.314 seconds
[2026-05-20T08:10:54.511+0000] {processor.py:161} INFO - Started process (PID=475) to work on /home/airflow/.local/lib/python3.12/site-packages/airflow/example_dags/example_branch_datetime_operator.py
[2026-05-20T08:10:54.513+0000] {processor.py:830} INFO - Processing file /home/airflow/.local/lib/python3.12/site-packages/airflow/example_dags/example_branch_datetime_operator.py for tasks to queue
[2026-05-20T08:10:54.518+0000] {logging_mixin.py:188} INFO - [2026-05-20T08:10:54.516+0000] {dagbag.py:545} INFO - Filling up the DagBag from /home/airflow/.local/lib/python3.12/site-packages/airflow/example_dags/example_branch_datetime_operator.py
[2026-05-20T08:10:54.543+0000] {processor.py:840} INFO - DAG(s) 'example_branch_datetime_operator_3', 'example_branch_datetime_operator', 'example_branch_datetime_operator_2' retrieved from /home/airflow/.local/lib/python3.12/site-packages/airflow/example_dags/example_branch_datetime_operator.py
[2026-05-20T08:10:54.594+0000] {logging_mixin.py:188} INFO - [2026-05-20T08:10:54.594+0000] {dag.py:3089} INFO - Sync 3 DAGs
[2026-05-20T08:10:54.647+0000] {logging_mixin.py:188} INFO - [2026-05-20T08:10:54.646+0000] {dag.py:3947} INFO - Setting next_dagrun for example_branch_datetime_operator to 2026-05-19 00:00:00+00:00, run_after=2026-05-20 00:00:00+00:00
[2026-05-20T08:10:54.666+0000] {logging_mixin.py:188} INFO - [2026-05-20T08:10:54.665+0000] {dag.py:3947} INFO - Setting next_dagrun for example_branch_datetime_operator_2 to 2026-05-19 00:00:00+00:00, run_after=2026-05-20 00:00:00+00:00
[2026-05-20T08:10:54.675+0000] {logging_mixin.py:188} INFO - [2026-05-20T08:10:54.674+0000] {dag.py:3947} INFO - Setting next_dagrun for example_branch_datetime_operator_3 to 2026-05-19 00:00:00+00:00, run_after=2026-05-20 00:00:00+00:00
[2026-05-20T08:10:54.718+0000] {processor.py:183} INFO - Processing /home/airflow/.local/lib/python3.12/site-packages/airflow/example_dags/example_branch_datetime_operator.py took 0.218 seconds
[2026-05-20T08:11:25.600+0000] {processor.py:161} INFO - Started process (PID=536) to work on /home/airflow/.local/lib/python3.12/site-packages/airflow/example_dags/example_branch_datetime_operator.py
[2026-05-20T08:11:25.603+0000] {processor.py:830} INFO - Processing file /home/airflow/.local/lib/python3.12/site-packages/airflow/example_dags/example_branch_datetime_operator.py for tasks to queue
[2026-05-20T08:11:25.607+0000] {logging_mixin.py:188} INFO - [2026-05-20T08:11:25.606+0000] {dagbag.py:545} INFO - Filling up the DagBag from /home/airflow/.local/lib/python3.12/site-packages/airflow/example_dags/example_branch_datetime_operator.py
[2026-05-20T08:11:25.623+0000] {processor.py:840} INFO - DAG(s) 'example_branch_datetime_operator_2', 'example_branch_datetime_operator_3', 'example_branch_datetime_operator' retrieved from /home/airflow/.local/lib/python3.12/site-packages/airflow/example_dags/example_branch_datetime_operator.py
[2026-05-20T08:11:25.668+0000] {logging_mixin.py:188} INFO - [2026-05-20T08:11:25.668+0000] {dag.py:3089} INFO - Sync 3 DAGs
[2026-05-20T08:11:25.714+0000] {logging_mixin.py:188} INFO - [2026-05-20T08:11:25.713+0000] {dag.py:3947} INFO - Setting next_dagrun for example_branch_datetime_operator to 2026-05-19 00:00:00+00:00, run_after=2026-05-20 00:00:00+00:00
[2026-05-20T08:11:25.733+0000] {logging_mixin.py:188} INFO - [2026-05-20T08:11:25.732+0000] {dag.py:3947} INFO - Setting next_dagrun for example_branch_datetime_operator_2 to 2026-05-19 00:00:00+00:00, run_after=2026-05-20 00:00:00+00:00
[2026-05-20T08:11:25.742+0000] {logging_mixin.py:188} INFO - [2026-05-20T08:11:25.741+0000] {dag.py:3947} INFO - Setting next_dagrun for example_branch_datetime_operator_3 to 2026-05-19 00:00:00+00:00, run_after=2026-05-20 00:00:00+00:00
[2026-05-20T08:11:25.812+0000] {processor.py:183} INFO - Processing /home/airflow/.local/lib/python3.12/site-packages/airflow/example_dags/example_branch_datetime_operator.py took 0.224 seconds
[2026-05-20T08:11:56.710+0000] {processor.py:161} INFO - Started process (PID=594) to work on /home/airflow/.local/lib/python3.12/site-packages/airflow/example_dags/example_branch_datetime_operator.py
[2026-05-20T08:11:56.713+0000] {processor.py:830} INFO - Processing file /home/airflow/.local/lib/python3.12/site-packages/airflow/example_dags/example_branch_datetime_operator.py for tasks to queue
[2026-05-20T08:11:56.722+0000] {logging_mixin.py:188} INFO - [2026-05-20T08:11:56.718+0000] {dagbag.py:545} INFO - Filling up the DagBag from /home/airflow/.local/lib/python3.12/site-packages/airflow/example_dags/example_branch_datetime_operator.py
[2026-05-20T08:11:56.766+0000] {processor.py:840} INFO - DAG(s) 'example_branch_datetime_operator_2', 'example_branch_datetime_operator_3', 'example_branch_datetime_operator' retrieved from /home/airflow/.local/lib/python3.12/site-packages/airflow/example_dags/example_branch_datetime_operator.py
[2026-05-20T08:11:56.824+0000] {logging_mixin.py:188} INFO - [2026-05-20T08:11:56.824+0000] {dag.py:3089} INFO - Sync 3 DAGs
[2026-05-20T08:11:56.876+0000] {logging_mixin.py:188} INFO - [2026-05-20T08:11:56.875+0000] {dag.py:3947} INFO - Setting next_dagrun for example_branch_datetime_operator to 2026-05-19 00:00:00+00:00, run_after=2026-05-20 00:00:00+00:00
[2026-05-20T08:11:56.887+0000] {logging_mixin.py:188} INFO - [2026-05-20T08:11:56.887+0000] {dag.py:3947} INFO - Setting next_dagrun for example_branch_datetime_operator_2 to 2026-05-19 00:00:00+00:00, run_after=2026-05-20 00:00:00+00:00
[2026-05-20T08:11:56.893+0000] {logging_mixin.py:188} INFO - [2026-05-20T08:11:56.893+0000] {dag.py:3947} INFO - Setting next_dagrun for example_branch_datetime_operator_3 to 2026-05-19 00:00:00+00:00, run_after=2026-05-20 00:00:00+00:00
[2026-05-20T08:11:56.927+0000] {processor.py:183} INFO - Processing /home/airflow/.local/lib/python3.12/site-packages/airflow/example_dags/example_branch_datetime_operator.py took 0.240 seconds
[2026-05-20T08:12:27.817+0000] {processor.py:161} INFO - Started process (PID=654) to work on /home/airflow/.local/lib/python3.12/site-packages/airflow/example_dags/example_branch_datetime_operator.py
[2026-05-20T08:12:27.821+0000] {processor.py:830} INFO - Processing file /home/airflow/.local/lib/python3.12/site-packages/airflow/example_dags/example_branch_datetime_operator.py for tasks to queue
[2026-05-20T08:12:27.828+0000] {logging_mixin.py:188} INFO - [2026-05-20T08:12:27.827+0000] {dagbag.py:545} INFO - Filling up the DagBag from /home/airflow/.local/lib/python3.12/site-packages/airflow/example_dags/example_branch_datetime_operator.py
[2026-05-20T08:12:27.876+0000] {processor.py:840} INFO - DAG(s) 'example_branch_datetime_operator_2', 'example_branch_datetime_operator', 'example_branch_datetime_operator_3' retrieved from /home/airflow/.local/lib/python3.12/site-packages/airflow/example_dags/example_branch_datetime_operator.py
[2026-05-20T08:12:27.967+0000] {logging_mixin.py:188} INFO - [2026-05-20T08:12:27.967+0000] {dag.py:3089} INFO - Sync 3 DAGs
[2026-05-20T08:12:28.037+0000] {logging_mixin.py:188} INFO - [2026-05-20T08:12:28.036+0000] {dag.py:3947} INFO - Setting next_dagrun for example_branch_datetime_operator to 2026-05-19 00:00:00+00:00, run_after=2026-05-20 00:00:00+00:00
[2026-05-20T08:12:28.065+0000] {logging_mixin.py:188} INFO - [2026-05-20T08:12:28.064+0000] {dag.py:3947} INFO - Setting next_dagrun for example_branch_datetime_operator_2 to 2026-05-19 00:00:00+00:00, run_after=2026-05-20 00:00:00+00:00
[2026-05-20T08:12:28.080+0000] {logging_mixin.py:188} INFO - [2026-05-20T08:12:28.078+0000] {dag.py:3947} INFO - Setting next_dagrun for example_branch_datetime_operator_3 to 2026-05-19 00:00:00+00:00, run_after=2026-05-20 00:00:00+00:00
[2026-05-20T08:12:28.170+0000] {processor.py:183} INFO - Processing /home/airflow/.local/lib/python3.12/site-packages/airflow/example_dags/example_branch_datetime_operator.py took 0.369 seconds
[2026-05-20T08:12:58.949+0000] {processor.py:161} INFO - Started process (PID=714) to work on /home/airflow/.local/lib/python3.12/site-packages/airflow/example_dags/example_branch_datetime_operator.py
[2026-05-20T08:12:58.952+0000] {processor.py:830} INFO - Processing file /home/airflow/.local/lib/python3.12/site-packages/airflow/example_dags/example_branch_datetime_operator.py for tasks to queue
[2026-05-20T08:12:58.957+0000] {logging_mixin.py:188} INFO - [2026-05-20T08:12:58.956+0000] {dagbag.py:545} INFO - Filling up the DagBag from /home/airflow/.local/lib/python3.12/site-packages/airflow/example_dags/example_branch_datetime_operator.py
[2026-05-20T08:12:58.985+0000] {processor.py:840} INFO - DAG(s) 'example_branch_datetime_operator_2', 'example_branch_datetime_operator_3', 'example_branch_datetime_operator' retrieved from /home/airflow/.local/lib/python3.12/site-packages/airflow/example_dags/example_branch_datetime_operator.py
[2026-05-20T08:12:59.060+0000] {logging_mixin.py:188} INFO - [2026-05-20T08:12:59.059+0000] {dag.py:3089} INFO - Sync 3 DAGs
[2026-05-20T08:12:59.193+0000] {logging_mixin.py:188} INFO - [2026-05-20T08:12:59.192+0000] {dag.py:3947} INFO - Setting next_dagrun for example_branch_datetime_operator to 2026-05-19 00:00:00+00:00, run_after=2026-05-20 00:00:00+00:00
[2026-05-20T08:12:59.229+0000] {logging_mixin.py:188} INFO - [2026-05-20T08:12:59.228+0000] {dag.py:3947} INFO - Setting next_dagrun for example_branch_datetime_operator_2 to 2026-05-19 00:00:00+00:00, run_after=2026-05-20 00:00:00+00:00
[2026-05-20T08:12:59.246+0000] {logging_mixin.py:188} INFO - [2026-05-20T08:12:59.246+0000] {dag.py:3947} INFO - Setting next_dagrun for example_branch_datetime_operator_3 to 2026-05-19 00:00:00+00:00, run_after=2026-05-20 00:00:00+00:00
[2026-05-20T08:12:59.390+0000] {processor.py:183} INFO - Processing /home/airflow/.local/lib/python3.12/site-packages/airflow/example_dags/example_branch_datetime_operator.py took 0.456 seconds
[2026-05-20T08:13:38.389+0000] {processor.py:161} INFO - Started process (PID=780) to work on /home/airflow/.local/lib/python3.12/site-packages/airflow/example_dags/example_branch_datetime_operator.py
[2026-05-20T08:13:38.396+0000] {processor.py:830} INFO - Processing file /home/airflow/.local/lib/python3.12/site-packages/airflow/example_dags/example_branch_datetime_operator.py for tasks to queue
[2026-05-20T08:13:38.414+0000] {logging_mixin.py:188} INFO - [2026-05-20T08:13:38.411+0000] {dagbag.py:545} INFO - Filling up the DagBag from /home/airflow/.local/lib/python3.12/site-packages/airflow/example_dags/example_branch_datetime_operator.py
[2026-05-20T08:13:38.503+0000] {processor.py:840} INFO - DAG(s) 'example_branch_datetime_operator_2', 'example_branch_datetime_operator_3', 'example_branch_datetime_operator' retrieved from /home/airflow/.local/lib/python3.12/site-packages/airflow/example_dags/example_branch_datetime_operator.py
[2026-05-20T08:13:38.796+0000] {logging_mixin.py:188} INFO - [2026-05-20T08:13:38.795+0000] {dag.py:3089} INFO - Sync 3 DAGs
[2026-05-20T08:13:39.188+0000] {logging_mixin.py:188} INFO - [2026-05-20T08:13:39.187+0000] {dag.py:3947} INFO - Setting next_dagrun for example_branch_datetime_operator to 2026-05-19 00:00:00+00:00, run_after=2026-05-20 00:00:00+00:00
[2026-05-20T08:13:39.268+0000] {logging_mixin.py:188} INFO - [2026-05-20T08:13:39.256+0000] {dag.py:3947} INFO - Setting next_dagrun for example_branch_datetime_operator_2 to 2026-05-19 00:00:00+00:00, run_after=2026-05-20 00:00:00+00:00
[2026-05-20T08:13:39.340+0000] {logging_mixin.py:188} INFO - [2026-05-20T08:13:39.339+0000] {dag.py:3947} INFO - Setting next_dagrun for example_branch_datetime_operator_3 to 2026-05-19 00:00:00+00:00, run_after=2026-05-20 00:00:00+00:00
[2026-05-20T08:13:39.561+0000] {processor.py:183} INFO - Processing /home/airflow/.local/lib/python3.12/site-packages/airflow/example_dags/example_branch_datetime_operator.py took 1.192 seconds
[2026-05-20T08:14:15.142+0000] {processor.py:161} INFO - Started process (PID=840) to work on /home/airflow/.local/lib/python3.12/site-packages/airflow/example_dags/example_branch_datetime_operator.py
[2026-05-20T08:14:15.146+0000] {processor.py:830} INFO - Processing file /home/airflow/.local/lib/python3.12/site-packages/airflow/example_dags/example_branch_datetime_operator.py for tasks to queue
[2026-05-20T08:14:15.153+0000] {logging_mixin.py:188} INFO - [2026-05-20T08:14:15.152+0000] {dagbag.py:545} INFO - Filling up the DagBag from /home/airflow/.local/lib/python3.12/site-packages/airflow/example_dags/example_branch_datetime_operator.py
[2026-05-20T08:14:15.182+0000] {processor.py:840} INFO - DAG(s) 'example_branch_datetime_operator_3', 'example_branch_datetime_operator', 'example_branch_datetime_operator_2' retrieved from /home/airflow/.local/lib/python3.12/site-packages/airflow/example_dags/example_branch_datetime_operator.py
[2026-05-20T08:14:15.272+0000] {logging_mixin.py:188} INFO - [2026-05-20T08:14:15.271+0000] {dag.py:3089} INFO - Sync 3 DAGs
[2026-05-20T08:14:15.373+0000] {logging_mixin.py:188} INFO - [2026-05-20T08:14:15.372+0000] {dag.py:3947} INFO - Setting next_dagrun for example_branch_datetime_operator to 2026-05-19 00:00:00+00:00, run_after=2026-05-20 00:00:00+00:00
[2026-05-20T08:14:15.389+0000] {logging_mixin.py:188} INFO - [2026-05-20T08:14:15.389+0000] {dag.py:3947} INFO - Setting next_dagrun for example_branch_datetime_operator_2 to 2026-05-19 00:00:00+00:00, run_after=2026-05-20 00:00:00+00:00
[2026-05-20T08:14:15.399+0000] {logging_mixin.py:188} INFO - [2026-05-20T08:14:15.398+0000] {dag.py:3947} INFO - Setting next_dagrun for example_branch_datetime_operator_3 to 2026-05-19 00:00:00+00:00, run_after=2026-05-20 00:00:00+00:00
[2026-05-20T08:14:15.471+0000] {processor.py:183} INFO - Processing /home/airflow/.local/lib/python3.12/site-packages/airflow/example_dags/example_branch_datetime_operator.py took 0.351 seconds
[2026-05-20T08:14:47.189+0000] {processor.py:161} INFO - Started process (PID=900) to work on /home/airflow/.local/lib/python3.12/site-packages/airflow/example_dags/example_branch_datetime_operator.py
[2026-05-20T08:14:47.194+0000] {processor.py:830} INFO - Processing file /home/airflow/.local/lib/python3.12/site-packages/airflow/example_dags/example_branch_datetime_operator.py for tasks to queue
[2026-05-20T08:14:47.202+0000] {logging_mixin.py:188} INFO - [2026-05-20T08:14:47.201+0000] {dagbag.py:545} INFO - Filling up the DagBag from /home/airflow/.local/lib/python3.12/site-packages/airflow/example_dags/example_branch_datetime_operator.py
[2026-05-20T08:14:47.259+0000] {processor.py:840} INFO - DAG(s) 'example_branch_datetime_operator', 'example_branch_datetime_operator_2', 'example_branch_datetime_operator_3' retrieved from /home/airflow/.local/lib/python3.12/site-packages/airflow/example_dags/example_branch_datetime_operator.py
[2026-05-20T08:14:47.365+0000] {logging_mixin.py:188} INFO - [2026-05-20T08:14:47.362+0000] {dag.py:3089} INFO - Sync 3 DAGs
[2026-05-20T08:14:47.557+0000] {logging_mixin.py:188} INFO - [2026-05-20T08:14:47.555+0000] {dag.py:3947} INFO - Setting next_dagrun for example_branch_datetime_operator to 2026-05-19 00:00:00+00:00, run_after=2026-05-20 00:00:00+00:00
[2026-05-20T08:14:47.580+0000] {logging_mixin.py:188} INFO - [2026-05-20T08:14:47.578+0000] {dag.py:3947} INFO - Setting next_dagrun for example_branch_datetime_operator_2 to 2026-05-19 00:00:00+00:00, run_after=2026-05-20 00:00:00+00:00
[2026-05-20T08:14:47.602+0000] {logging_mixin.py:188} INFO - [2026-05-20T08:14:47.601+0000] {dag.py:3947} INFO - Setting next_dagrun for example_branch_datetime_operator_3 to 2026-05-19 00:00:00+00:00, run_after=2026-05-20 00:00:00+00:00
[2026-05-20T08:14:47.674+0000] {processor.py:183} INFO - Processing /home/airflow/.local/lib/python3.12/site-packages/airflow/example_dags/example_branch_datetime_operator.py took 0.511 seconds
[2026-05-20T08:15:18.071+0000] {processor.py:161} INFO - Started process (PID=960) to work on /home/airflow/.local/lib/python3.12/site-packages/airflow/example_dags/example_branch_datetime_operator.py
[2026-05-20T08:15:18.074+0000] {processor.py:830} INFO - Processing file /home/airflow/.local/lib/python3.12/site-packages/airflow/example_dags/example_branch_datetime_operator.py for tasks to queue
[2026-05-20T08:15:18.079+0000] {logging_mixin.py:188} INFO - [2026-05-20T08:15:18.078+0000] {dagbag.py:545} INFO - Filling up the DagBag from /home/airflow/.local/lib/python3.12/site-packages/airflow/example_dags/example_branch_datetime_operator.py
[2026-05-20T08:15:18.120+0000] {processor.py:840} INFO - DAG(s) 'example_branch_datetime_operator_3', 'example_branch_datetime_operator', 'example_branch_datetime_operator_2' retrieved from /home/airflow/.local/lib/python3.12/site-packages/airflow/example_dags/example_branch_datetime_operator.py
[2026-05-20T08:15:18.179+0000] {logging_mixin.py:188} INFO - [2026-05-20T08:15:18.178+0000] {dag.py:3089} INFO - Sync 3 DAGs
[2026-05-20T08:15:18.246+0000] {logging_mixin.py:188} INFO - [2026-05-20T08:15:18.245+0000] {dag.py:3947} INFO - Setting next_dagrun for example_branch_datetime_operator to 2026-05-19 00:00:00+00:00, run_after=2026-05-20 00:00:00+00:00
[2026-05-20T08:15:18.295+0000] {logging_mixin.py:188} INFO - [2026-05-20T08:15:18.281+0000] {dag.py:3947} INFO - Setting next_dagrun for example_branch_datetime_operator_2 to 2026-05-19 00:00:00+00:00, run_after=2026-05-20 00:00:00+00:00
[2026-05-20T08:15:18.308+0000] {logging_mixin.py:188} INFO - [2026-05-20T08:15:18.307+0000] {dag.py:3947} INFO - Setting next_dagrun for example_branch_datetime_operator_3 to 2026-05-19 00:00:00+00:00, run_after=2026-05-20 00:00:00+00:00
[2026-05-20T08:15:18.364+0000] {processor.py:183} INFO - Processing /home/airflow/.local/lib/python3.12/site-packages/airflow/example_dags/example_branch_datetime_operator.py took 0.313 seconds
[2026-05-20T08:15:49.019+0000] {processor.py:161} INFO - Started process (PID=1021) to work on /home/airflow/.local/lib/python3.12/site-packages/airflow/example_dags/example_branch_datetime_operator.py
[2026-05-20T08:15:49.022+0000] {processor.py:830} INFO - Processing file /home/airflow/.local/lib/python3.12/site-packages/airflow/example_dags/example_branch_datetime_operator.py for tasks to queue
[2026-05-20T08:15:49.026+0000] {logging_mixin.py:188} INFO - [2026-05-20T08:15:49.025+0000] {dagbag.py:545} INFO - Filling up the DagBag from /home/airflow/.local/lib/python3.12/site-packages/airflow/example_dags/example_branch_datetime_operator.py
[2026-05-20T08:15:49.048+0000] {processor.py:840} INFO - DAG(s) 'example_branch_datetime_operator_2', 'example_branch_datetime_operator_3', 'example_branch_datetime_operator' retrieved from /home/airflow/.local/lib/python3.12/site-packages/airflow/example_dags/example_branch_datetime_operator.py
[2026-05-20T08:15:49.127+0000] {logging_mixin.py:188} INFO - [2026-05-20T08:15:49.127+0000] {dag.py:3089} INFO - Sync 3 DAGs
[2026-05-20T08:15:49.200+0000] {logging_mixin.py:188} INFO - [2026-05-20T08:15:49.200+0000] {dag.py:3947} INFO - Setting next_dagrun for example_branch_datetime_operator to 2026-05-19 00:00:00+00:00, run_after=2026-05-20 00:00:00+00:00
[2026-05-20T08:15:49.212+0000] {logging_mixin.py:188} INFO - [2026-05-20T08:15:49.211+0000] {dag.py:3947} INFO - Setting next_dagrun for example_branch_datetime_operator_2 to 2026-05-19 00:00:00+00:00, run_after=2026-05-20 00:00:00+00:00
[2026-05-20T08:15:49.219+0000] {logging_mixin.py:188} INFO - [2026-05-20T08:15:49.218+0000] {dag.py:3947} INFO - Setting next_dagrun for example_branch_datetime_operator_3 to 2026-05-19 00:00:00+00:00, run_after=2026-05-20 00:00:00+00:00
[2026-05-20T08:15:49.252+0000] {processor.py:183} INFO - Processing /home/airflow/.local/lib/python3.12/site-packages/airflow/example_dags/example_branch_datetime_operator.py took 0.243 seconds
[2026-05-20T08:16:19.557+0000] {processor.py:161} INFO - Started process (PID=1079) to work on /home/airflow/.local/lib/python3.12/site-packages/airflow/example_dags/example_branch_datetime_operator.py
[2026-05-20T08:16:19.581+0000] {processor.py:830} INFO - Processing file /home/airflow/.local/lib/python3.12/site-packages/airflow/example_dags/example_branch_datetime_operator.py for tasks to queue
[2026-05-20T08:16:19.589+0000] {logging_mixin.py:188} INFO - [2026-05-20T08:16:19.588+0000] {dagbag.py:545} INFO - Filling up the DagBag from /home/airflow/.local/lib/python3.12/site-packages/airflow/example_dags/example_branch_datetime_operator.py
[2026-05-20T08:16:19.641+0000] {processor.py:840} INFO - DAG(s) 'example_branch_datetime_operator_3', 'example_branch_datetime_operator', 'example_branch_datetime_operator_2' retrieved from /home/airflow/.local/lib/python3.12/site-packages/airflow/example_dags/example_branch_datetime_operator.py
[2026-05-20T08:16:19.755+0000] {logging_mixin.py:188} INFO - [2026-05-20T08:16:19.755+0000] {dag.py:3089} INFO - Sync 3 DAGs
[2026-05-20T08:16:19.866+0000] {logging_mixin.py:188} INFO - [2026-05-20T08:16:19.863+0000] {dag.py:3947} INFO - Setting next_dagrun for example_branch_datetime_operator to 2026-05-19 00:00:00+00:00, run_after=2026-05-20 00:00:00+00:00
[2026-05-20T08:16:19.898+0000] {logging_mixin.py:188} INFO - [2026-05-20T08:16:19.898+0000] {dag.py:3947} INFO - Setting next_dagrun for example_branch_datetime_operator_2 to 2026-05-19 00:00:00+00:00, run_after=2026-05-20 00:00:00+00:00
[2026-05-20T08:16:19.911+0000] {logging_mixin.py:188} INFO - [2026-05-20T08:16:19.910+0000] {dag.py:3947} INFO - Setting next_dagrun for example_branch_datetime_operator_3 to 2026-05-19 00:00:00+00:00, run_after=2026-05-20 00:00:00+00:00
[2026-05-20T08:16:19.984+0000] {processor.py:183} INFO - Processing /home/airflow/.local/lib/python3.12/site-packages/airflow/example_dags/example_branch_datetime_operator.py took 0.463 seconds
[2026-05-20T08:16:50.640+0000] {processor.py:161} INFO - Started process (PID=1139) to work on /home/airflow/.local/lib/python3.12/site-packages/airflow/example_dags/example_branch_datetime_operator.py
[2026-05-20T08:16:50.642+0000] {processor.py:830} INFO - Processing file /home/airflow/.local/lib/python3.12/site-packages/airflow/example_dags/example_branch_datetime_operator.py for tasks to queue
[2026-05-20T08:16:50.645+0000] {logging_mixin.py:188} INFO - [2026-05-20T08:16:50.644+0000] {dagbag.py:545} INFO - Filling up the DagBag from /home/airflow/.local/lib/python3.12/site-packages/airflow/example_dags/example_branch_datetime_operator.py
[2026-05-20T08:16:50.661+0000] {processor.py:840} INFO - DAG(s) 'example_branch_datetime_operator_3', 'example_branch_datetime_operator', 'example_branch_datetime_operator_2' retrieved from /home/airflow/.local/lib/python3.12/site-packages/airflow/example_dags/example_branch_datetime_operator.py
[2026-05-20T08:16:50.710+0000] {logging_mixin.py:188} INFO - [2026-05-20T08:16:50.709+0000] {dag.py:3089} INFO - Sync 3 DAGs
[2026-05-20T08:16:50.754+0000] {logging_mixin.py:188} INFO - [2026-05-20T08:16:50.753+0000] {dag.py:3947} INFO - Setting next_dagrun for example_branch_datetime_operator to 2026-05-19 00:00:00+00:00, run_after=2026-05-20 00:00:00+00:00
[2026-05-20T08:16:50.763+0000] {logging_mixin.py:188} INFO - [2026-05-20T08:16:50.763+0000] {dag.py:3947} INFO - Setting next_dagrun for example_branch_datetime_operator_2 to 2026-05-19 00:00:00+00:00, run_after=2026-05-20 00:00:00+00:00
[2026-05-20T08:16:50.768+0000] {logging_mixin.py:188} INFO - [2026-05-20T08:16:50.768+0000] {dag.py:3947} INFO - Setting next_dagrun for example_branch_datetime_operator_3 to 2026-05-19 00:00:00+00:00, run_after=2026-05-20 00:00:00+00:00
[2026-05-20T08:16:50.801+0000] {processor.py:183} INFO - Processing /home/airflow/.local/lib/python3.12/site-packages/airflow/example_dags/example_branch_datetime_operator.py took 0.170 seconds
[2026-05-20T08:17:21.742+0000] {processor.py:161} INFO - Started process (PID=1199) to work on /home/airflow/.local/lib/python3.12/site-packages/airflow/example_dags/example_branch_datetime_operator.py
[2026-05-20T08:17:21.744+0000] {processor.py:830} INFO - Processing file /home/airflow/.local/lib/python3.12/site-packages/airflow/example_dags/example_branch_datetime_operator.py for tasks to queue
[2026-05-20T08:17:21.748+0000] {logging_mixin.py:188} INFO - [2026-05-20T08:17:21.748+0000] {dagbag.py:545} INFO - Filling up the DagBag from /home/airflow/.local/lib/python3.12/site-packages/airflow/example_dags/example_branch_datetime_operator.py
[2026-05-20T08:17:21.770+0000] {processor.py:840} INFO - DAG(s) 'example_branch_datetime_operator_3', 'example_branch_datetime_operator', 'example_branch_datetime_operator_2' retrieved from /home/airflow/.local/lib/python3.12/site-packages/airflow/example_dags/example_branch_datetime_operator.py
[2026-05-20T08:17:21.825+0000] {logging_mixin.py:188} INFO - [2026-05-20T08:17:21.825+0000] {dag.py:3089} INFO - Sync 3 DAGs
[2026-05-20T08:17:21.866+0000] {logging_mixin.py:188} INFO - [2026-05-20T08:17:21.866+0000] {dag.py:3947} INFO - Setting next_dagrun for example_branch_datetime_operator to 2026-05-19 00:00:00+00:00, run_after=2026-05-20 00:00:00+00:00
[2026-05-20T08:17:21.875+0000] {logging_mixin.py:188} INFO - [2026-05-20T08:17:21.875+0000] {dag.py:3947} INFO - Setting next_dagrun for example_branch_datetime_operator_2 to 2026-05-19 00:00:00+00:00, run_after=2026-05-20 00:00:00+00:00
[2026-05-20T08:17:21.881+0000] {logging_mixin.py:188} INFO - [2026-05-20T08:17:21.880+0000] {dag.py:3947} INFO - Setting next_dagrun for example_branch_datetime_operator_3 to 2026-05-19 00:00:00+00:00, run_after=2026-05-20 00:00:00+00:00
[2026-05-20T08:17:21.911+0000] {processor.py:183} INFO - Processing /home/airflow/.local/lib/python3.12/site-packages/airflow/example_dags/example_branch_datetime_operator.py took 0.179 seconds
[2026-05-20T08:17:52.599+0000] {processor.py:161} INFO - Started process (PID=1259) to work on /home/airflow/.local/lib/python3.12/site-packages/airflow/example_dags/example_branch_datetime_operator.py
[2026-05-20T08:17:52.601+0000] {processor.py:830} INFO - Processing file /home/airflow/.local/lib/python3.12/site-packages/airflow/example_dags/example_branch_datetime_operator.py for tasks to queue
[2026-05-20T08:17:52.604+0000] {logging_mixin.py:188} INFO - [2026-05-20T08:17:52.604+0000] {dagbag.py:545} INFO - Filling up the DagBag from /home/airflow/.local/lib/python3.12/site-packages/airflow/example_dags/example_branch_datetime_operator.py
[2026-05-20T08:17:52.622+0000] {processor.py:840} INFO - DAG(s) 'example_branch_datetime_operator', 'example_branch_datetime_operator_2', 'example_branch_datetime_operator_3' retrieved from /home/airflow/.local/lib/python3.12/site-packages/airflow/example_dags/example_branch_datetime_operator.py
[2026-05-20T08:17:52.662+0000] {logging_mixin.py:188} INFO - [2026-05-20T08:17:52.662+0000] {dag.py:3089} INFO - Sync 3 DAGs
[2026-05-20T08:17:52.696+0000] {logging_mixin.py:188} INFO - [2026-05-20T08:17:52.696+0000] {dag.py:3947} INFO - Setting next_dagrun for example_branch_datetime_operator to 2026-05-19 00:00:00+00:00, run_after=2026-05-20 00:00:00+00:00
[2026-05-20T08:17:52.703+0000] {logging_mixin.py:188} INFO - [2026-05-20T08:17:52.703+0000] {dag.py:3947} INFO - Setting next_dagrun for example_branch_datetime_operator_2 to 2026-05-19 00:00:00+00:00, run_after=2026-05-20 00:00:00+00:00
[2026-05-20T08:17:52.708+0000] {logging_mixin.py:188} INFO - [2026-05-20T08:17:52.708+0000] {dag.py:3947} INFO - Setting next_dagrun for example_branch_datetime_operator_3 to 2026-05-19 00:00:00+00:00, run_after=2026-05-20 00:00:00+00:00
[2026-05-20T08:17:52.733+0000] {processor.py:183} INFO - Processing /home/airflow/.local/lib/python3.12/site-packages/airflow/example_dags/example_branch_datetime_operator.py took 0.142 seconds
[2026-05-20T08:18:23.003+0000] {processor.py:161} INFO - Started process (PID=1319) to work on /home/airflow/.local/lib/python3.12/site-packages/airflow/example_dags/example_branch_datetime_operator.py
[2026-05-20T08:18:23.005+0000] {processor.py:830} INFO - Processing file /home/airflow/.local/lib/python3.12/site-packages/airflow/example_dags/example_branch_datetime_operator.py for tasks to queue
[2026-05-20T08:18:23.009+0000] {logging_mixin.py:188} INFO - [2026-05-20T08:18:23.008+0000] {dagbag.py:545} INFO - Filling up the DagBag from /home/airflow/.local/lib/python3.12/site-packages/airflow/example_dags/example_branch_datetime_operator.py
[2026-05-20T08:18:23.024+0000] {processor.py:840} INFO - DAG(s) 'example_branch_datetime_operator', 'example_branch_datetime_operator_3', 'example_branch_datetime_operator_2' retrieved from /home/airflow/.local/lib/python3.12/site-packages/airflow/example_dags/example_branch_datetime_operator.py
[2026-05-20T08:18:23.069+0000] {logging_mixin.py:188} INFO - [2026-05-20T08:18:23.068+0000] {dag.py:3089} INFO - Sync 3 DAGs
[2026-05-20T08:18:23.102+0000] {logging_mixin.py:188} INFO - [2026-05-20T08:18:23.102+0000] {dag.py:3947} INFO - Setting next_dagrun for example_branch_datetime_operator to 2026-05-19 00:00:00+00:00, run_after=2026-05-20 00:00:00+00:00
[2026-05-20T08:18:23.111+0000] {logging_mixin.py:188} INFO - [2026-05-20T08:18:23.111+0000] {dag.py:3947} INFO - Setting next_dagrun for example_branch_datetime_operator_2 to 2026-05-19 00:00:00+00:00, run_after=2026-05-20 00:00:00+00:00
[2026-05-20T08:18:23.115+0000] {logging_mixin.py:188} INFO - [2026-05-20T08:18:23.115+0000] {dag.py:3947} INFO - Setting next_dagrun for example_branch_datetime_operator_3 to 2026-05-19 00:00:00+00:00, run_after=2026-05-20 00:00:00+00:00
[2026-05-20T08:18:23.140+0000] {processor.py:183} INFO - Processing /home/airflow/.local/lib/python3.12/site-packages/airflow/example_dags/example_branch_datetime_operator.py took 0.146 seconds
[2026-05-20T08:18:53.362+0000] {processor.py:161} INFO - Started process (PID=1379) to work on /home/airflow/.local/lib/python3.12/site-packages/airflow/example_dags/example_branch_datetime_operator.py
[2026-05-20T08:18:53.364+0000] {processor.py:830} INFO - Processing file /home/airflow/.local/lib/python3.12/site-packages/airflow/example_dags/example_branch_datetime_operator.py for tasks to queue
[2026-05-20T08:18:53.367+0000] {logging_mixin.py:188} INFO - [2026-05-20T08:18:53.367+0000] {dagbag.py:545} INFO - Filling up the DagBag from /home/airflow/.local/lib/python3.12/site-packages/airflow/example_dags/example_branch_datetime_operator.py
[2026-05-20T08:18:53.381+0000] {processor.py:840} INFO - DAG(s) 'example_branch_datetime_operator_2', 'example_branch_datetime_operator_3', 'example_branch_datetime_operator' retrieved from /home/airflow/.local/lib/python3.12/site-packages/airflow/example_dags/example_branch_datetime_operator.py
[2026-05-20T08:18:53.422+0000] {logging_mixin.py:188} INFO - [2026-05-20T08:18:53.421+0000] {dag.py:3089} INFO - Sync 3 DAGs
[2026-05-20T08:18:53.455+0000] {logging_mixin.py:188} INFO - [2026-05-20T08:18:53.455+0000] {dag.py:3947} INFO - Setting next_dagrun for example_branch_datetime_operator to 2026-05-19 00:00:00+00:00, run_after=2026-05-20 00:00:00+00:00
[2026-05-20T08:18:53.464+0000] {logging_mixin.py:188} INFO - [2026-05-20T08:18:53.463+0000] {dag.py:3947} INFO - Setting next_dagrun for example_branch_datetime_operator_2 to 2026-05-19 00:00:00+00:00, run_after=2026-05-20 00:00:00+00:00
[2026-05-20T08:18:53.468+0000] {logging_mixin.py:188} INFO - [2026-05-20T08:18:53.468+0000] {dag.py:3947} INFO - Setting next_dagrun for example_branch_datetime_operator_3 to 2026-05-19 00:00:00+00:00, run_after=2026-05-20 00:00:00+00:00
[2026-05-20T08:18:53.493+0000] {processor.py:183} INFO - Processing /home/airflow/.local/lib/python3.12/site-packages/airflow/example_dags/example_branch_datetime_operator.py took 0.141 seconds
[2026-05-20T08:19:24.090+0000] {processor.py:161} INFO - Started process (PID=1439) to work on /home/airflow/.local/lib/python3.12/site-packages/airflow/example_dags/example_branch_datetime_operator.py
[2026-05-20T08:19:24.092+0000] {processor.py:830} INFO - Processing file /home/airflow/.local/lib/python3.12/site-packages/airflow/example_dags/example_branch_datetime_operator.py for tasks to queue
[2026-05-20T08:19:24.095+0000] {logging_mixin.py:188} INFO - [2026-05-20T08:19:24.094+0000] {dagbag.py:545} INFO - Filling up the DagBag from /home/airflow/.local/lib/python3.12/site-packages/airflow/example_dags/example_branch_datetime_operator.py
[2026-05-20T08:19:24.109+0000] {processor.py:840} INFO - DAG(s) 'example_branch_datetime_operator_3', 'example_branch_datetime_operator_2', 'example_branch_datetime_operator' retrieved from /home/airflow/.local/lib/python3.12/site-packages/airflow/example_dags/example_branch_datetime_operator.py
[2026-05-20T08:19:24.151+0000] {logging_mixin.py:188} INFO - [2026-05-20T08:19:24.150+0000] {dag.py:3089} INFO - Sync 3 DAGs
[2026-05-20T08:19:24.186+0000] {logging_mixin.py:188} INFO - [2026-05-20T08:19:24.185+0000] {dag.py:3947} INFO - Setting next_dagrun for example_branch_datetime_operator to 2026-05-19 00:00:00+00:00, run_after=2026-05-20 00:00:00+00:00
[2026-05-20T08:19:24.193+0000] {logging_mixin.py:188} INFO - [2026-05-20T08:19:24.193+0000] {dag.py:3947} INFO - Setting next_dagrun for example_branch_datetime_operator_2 to 2026-05-19 00:00:00+00:00, run_after=2026-05-20 00:00:00+00:00
[2026-05-20T08:19:24.197+0000] {logging_mixin.py:188} INFO - [2026-05-20T08:19:24.197+0000] {dag.py:3947} INFO - Setting next_dagrun for example_branch_datetime_operator_3 to 2026-05-19 00:00:00+00:00, run_after=2026-05-20 00:00:00+00:00
[2026-05-20T08:19:24.222+0000] {processor.py:183} INFO - Processing /home/airflow/.local/lib/python3.12/site-packages/airflow/example_dags/example_branch_datetime_operator.py took 0.142 seconds
[2026-05-20T08:19:54.416+0000] {processor.py:161} INFO - Started process (PID=1498) to work on /home/airflow/.local/lib/python3.12/site-packages/airflow/example_dags/example_branch_datetime_operator.py
[2026-05-20T08:19:54.419+0000] {processor.py:830} INFO - Processing file /home/airflow/.local/lib/python3.12/site-packages/airflow/example_dags/example_branch_datetime_operator.py for tasks to queue
[2026-05-20T08:19:54.424+0000] {logging_mixin.py:188} INFO - [2026-05-20T08:19:54.423+0000] {dagbag.py:545} INFO - Filling up the DagBag from /home/airflow/.local/lib/python3.12/site-packages/airflow/example_dags/example_branch_datetime_operator.py
[2026-05-20T08:19:54.444+0000] {processor.py:840} INFO - DAG(s) 'example_branch_datetime_operator_2', 'example_branch_datetime_operator', 'example_branch_datetime_operator_3' retrieved from /home/airflow/.local/lib/python3.12/site-packages/airflow/example_dags/example_branch_datetime_operator.py
[2026-05-20T08:19:54.507+0000] {logging_mixin.py:188} INFO - [2026-05-20T08:19:54.506+0000] {dag.py:3089} INFO - Sync 3 DAGs
[2026-05-20T08:19:54.541+0000] {logging_mixin.py:188} INFO - [2026-05-20T08:19:54.540+0000] {dag.py:3947} INFO - Setting next_dagrun for example_branch_datetime_operator to 2026-05-19 00:00:00+00:00, run_after=2026-05-20 00:00:00+00:00
[2026-05-20T08:19:54.549+0000] {logging_mixin.py:188} INFO - [2026-05-20T08:19:54.549+0000] {dag.py:3947} INFO - Setting next_dagrun for example_branch_datetime_operator_2 to 2026-05-19 00:00:00+00:00, run_after=2026-05-20 00:00:00+00:00
[2026-05-20T08:19:54.553+0000] {logging_mixin.py:188} INFO - [2026-05-20T08:19:54.553+0000] {dag.py:3947} INFO - Setting next_dagrun for example_branch_datetime_operator_3 to 2026-05-19 00:00:00+00:00, run_after=2026-05-20 00:00:00+00:00
[2026-05-20T08:19:54.578+0000] {processor.py:183} INFO - Processing /home/airflow/.local/lib/python3.12/site-packages/airflow/example_dags/example_branch_datetime_operator.py took 0.175 seconds
[2026-05-20T08:20:25.216+0000] {processor.py:161} INFO - Started process (PID=1558) to work on /home/airflow/.local/lib/python3.12/site-packages/airflow/example_dags/example_branch_datetime_operator.py
[2026-05-20T08:20:25.221+0000] {processor.py:830} INFO - Processing file /home/airflow/.local/lib/python3.12/site-packages/airflow/example_dags/example_branch_datetime_operator.py for tasks to queue
[2026-05-20T08:20:25.236+0000] {logging_mixin.py:188} INFO - [2026-05-20T08:20:25.235+0000] {dagbag.py:545} INFO - Filling up the DagBag from /home/airflow/.local/lib/python3.12/site-packages/airflow/example_dags/example_branch_datetime_operator.py
[2026-05-20T08:20:25.310+0000] {processor.py:840} INFO - DAG(s) 'example_branch_datetime_operator', 'example_branch_datetime_operator_2', 'example_branch_datetime_operator_3' retrieved from /home/airflow/.local/lib/python3.12/site-packages/airflow/example_dags/example_branch_datetime_operator.py
[2026-05-20T08:20:25.494+0000] {logging_mixin.py:188} INFO - [2026-05-20T08:20:25.485+0000] {dag.py:3089} INFO - Sync 3 DAGs
[2026-05-20T08:20:25.719+0000] {logging_mixin.py:188} INFO - [2026-05-20T08:20:25.718+0000] {dag.py:3947} INFO - Setting next_dagrun for example_branch_datetime_operator to 2026-05-19 00:00:00+00:00, run_after=2026-05-20 00:00:00+00:00
[2026-05-20T08:20:25.766+0000] {logging_mixin.py:188} INFO - [2026-05-20T08:20:25.754+0000] {dag.py:3947} INFO - Setting next_dagrun for example_branch_datetime_operator_2 to 2026-05-19 00:00:00+00:00, run_after=2026-05-20 00:00:00+00:00
[2026-05-20T08:20:25.777+0000] {logging_mixin.py:188} INFO - [2026-05-20T08:20:25.776+0000] {dag.py:3947} INFO - Setting next_dagrun for example_branch_datetime_operator_3 to 2026-05-19 00:00:00+00:00, run_after=2026-05-20 00:00:00+00:00
[2026-05-20T08:20:25.881+0000] {processor.py:183} INFO - Processing /home/airflow/.local/lib/python3.12/site-packages/airflow/example_dags/example_branch_datetime_operator.py took 0.707 seconds
[2026-05-20T08:20:56.140+0000] {processor.py:161} INFO - Started process (PID=1618) to work on /home/airflow/.local/lib/python3.12/site-packages/airflow/example_dags/example_branch_datetime_operator.py
[2026-05-20T08:20:56.142+0000] {processor.py:830} INFO - Processing file /home/airflow/.local/lib/python3.12/site-packages/airflow/example_dags/example_branch_datetime_operator.py for tasks to queue
[2026-05-20T08:20:56.148+0000] {logging_mixin.py:188} INFO - [2026-05-20T08:20:56.147+0000] {dagbag.py:545} INFO - Filling up the DagBag from /home/airflow/.local/lib/python3.12/site-packages/airflow/example_dags/example_branch_datetime_operator.py
[2026-05-20T08:20:56.183+0000] {processor.py:840} INFO - DAG(s) 'example_branch_datetime_operator_3', 'example_branch_datetime_operator_2', 'example_branch_datetime_operator' retrieved from /home/airflow/.local/lib/python3.12/site-packages/airflow/example_dags/example_branch_datetime_operator.py
[2026-05-20T08:20:56.315+0000] {logging_mixin.py:188} INFO - [2026-05-20T08:20:56.314+0000] {dag.py:3089} INFO - Sync 3 DAGs
[2026-05-20T08:20:56.419+0000] {logging_mixin.py:188} INFO - [2026-05-20T08:20:56.419+0000] {dag.py:3947} INFO - Setting next_dagrun for example_branch_datetime_operator to 2026-05-19 00:00:00+00:00, run_after=2026-05-20 00:00:00+00:00
[2026-05-20T08:20:56.432+0000] {logging_mixin.py:188} INFO - [2026-05-20T08:20:56.431+0000] {dag.py:3947} INFO - Setting next_dagrun for example_branch_datetime_operator_2 to 2026-05-19 00:00:00+00:00, run_after=2026-05-20 00:00:00+00:00
[2026-05-20T08:20:56.447+0000] {logging_mixin.py:188} INFO - [2026-05-20T08:20:56.445+0000] {dag.py:3947} INFO - Setting next_dagrun for example_branch_datetime_operator_3 to 2026-05-19 00:00:00+00:00, run_after=2026-05-20 00:00:00+00:00
[2026-05-20T08:20:56.514+0000] {processor.py:183} INFO - Processing /home/airflow/.local/lib/python3.12/site-packages/airflow/example_dags/example_branch_datetime_operator.py took 0.389 seconds
[2026-05-20T08:21:27.472+0000] {processor.py:161} INFO - Started process (PID=1678) to work on /home/airflow/.local/lib/python3.12/site-packages/airflow/example_dags/example_branch_datetime_operator.py
[2026-05-20T08:21:27.478+0000] {processor.py:830} INFO - Processing file /home/airflow/.local/lib/python3.12/site-packages/airflow/example_dags/example_branch_datetime_operator.py for tasks to queue
[2026-05-20T08:21:27.483+0000] {logging_mixin.py:188} INFO - [2026-05-20T08:21:27.483+0000] {dagbag.py:545} INFO - Filling up the DagBag from /home/airflow/.local/lib/python3.12/site-packages/airflow/example_dags/example_branch_datetime_operator.py
[2026-05-20T08:21:27.545+0000] {processor.py:840} INFO - DAG(s) 'example_branch_datetime_operator', 'example_branch_datetime_operator_3', 'example_branch_datetime_operator_2' retrieved from /home/airflow/.local/lib/python3.12/site-packages/airflow/example_dags/example_branch_datetime_operator.py
[2026-05-20T08:21:27.672+0000] {logging_mixin.py:188} INFO - [2026-05-20T08:21:27.671+0000] {dag.py:3089} INFO - Sync 3 DAGs
[2026-05-20T08:21:27.764+0000] {logging_mixin.py:188} INFO - [2026-05-20T08:21:27.763+0000] {dag.py:3947} INFO - Setting next_dagrun for example_branch_datetime_operator to 2026-05-19 00:00:00+00:00, run_after=2026-05-20 00:00:00+00:00
[2026-05-20T08:21:27.783+0000] {logging_mixin.py:188} INFO - [2026-05-20T08:21:27.782+0000] {dag.py:3947} INFO - Setting next_dagrun for example_branch_datetime_operator_2 to 2026-05-19 00:00:00+00:00, run_after=2026-05-20 00:00:00+00:00
[2026-05-20T08:21:27.794+0000] {logging_mixin.py:188} INFO - [2026-05-20T08:21:27.793+0000] {dag.py:3947} INFO - Setting next_dagrun for example_branch_datetime_operator_3 to 2026-05-19 00:00:00+00:00, run_after=2026-05-20 00:00:00+00:00
[2026-05-20T08:21:27.847+0000] {processor.py:183} INFO - Processing /home/airflow/.local/lib/python3.12/site-packages/airflow/example_dags/example_branch_datetime_operator.py took 0.395 seconds
[2026-05-20T08:21:58.373+0000] {processor.py:161} INFO - Started process (PID=1738) to work on /home/airflow/.local/lib/python3.12/site-packages/airflow/example_dags/example_branch_datetime_operator.py
[2026-05-20T08:21:58.381+0000] {processor.py:830} INFO - Processing file /home/airflow/.local/lib/python3.12/site-packages/airflow/example_dags/example_branch_datetime_operator.py for tasks to queue
[2026-05-20T08:21:58.437+0000] {logging_mixin.py:188} INFO - [2026-05-20T08:21:58.424+0000] {dagbag.py:545} INFO - Filling up the DagBag from /home/airflow/.local/lib/python3.12/site-packages/airflow/example_dags/example_branch_datetime_operator.py
[2026-05-20T08:21:58.575+0000] {processor.py:840} INFO - DAG(s) 'example_branch_datetime_operator_3', 'example_branch_datetime_operator_2', 'example_branch_datetime_operator' retrieved from /home/airflow/.local/lib/python3.12/site-packages/airflow/example_dags/example_branch_datetime_operator.py
[2026-05-20T08:21:58.937+0000] {logging_mixin.py:188} INFO - [2026-05-20T08:21:58.918+0000] {dag.py:3089} INFO - Sync 3 DAGs
[2026-05-20T08:21:59.269+0000] {logging_mixin.py:188} INFO - [2026-05-20T08:21:59.261+0000] {dag.py:3947} INFO - Setting next_dagrun for example_branch_datetime_operator to 2026-05-19 00:00:00+00:00, run_after=2026-05-20 00:00:00+00:00
[2026-05-20T08:21:59.333+0000] {logging_mixin.py:188} INFO - [2026-05-20T08:21:59.332+0000] {dag.py:3947} INFO - Setting next_dagrun for example_branch_datetime_operator_2 to 2026-05-19 00:00:00+00:00, run_after=2026-05-20 00:00:00+00:00
[2026-05-20T08:21:59.386+0000] {logging_mixin.py:188} INFO - [2026-05-20T08:21:59.386+0000] {dag.py:3947} INFO - Setting next_dagrun for example_branch_datetime_operator_3 to 2026-05-19 00:00:00+00:00, run_after=2026-05-20 00:00:00+00:00
[2026-05-20T08:21:59.714+0000] {processor.py:183} INFO - Processing /home/airflow/.local/lib/python3.12/site-packages/airflow/example_dags/example_branch_datetime_operator.py took 1.378 seconds
[2026-05-20T08:22:30.459+0000] {processor.py:161} INFO - Started process (PID=1798) to work on /home/airflow/.local/lib/python3.12/site-packages/airflow/example_dags/example_branch_datetime_operator.py
[2026-05-20T08:22:30.464+0000] {processor.py:830} INFO - Processing file /home/airflow/.local/lib/python3.12/site-packages/airflow/example_dags/example_branch_datetime_operator.py for tasks to queue
[2026-05-20T08:22:30.470+0000] {logging_mixin.py:188} INFO - [2026-05-20T08:22:30.469+0000] {dagbag.py:545} INFO - Filling up the DagBag from /home/airflow/.local/lib/python3.12/site-packages/airflow/example_dags/example_branch_datetime_operator.py
[2026-05-20T08:22:30.559+0000] {processor.py:840} INFO - DAG(s) 'example_branch_datetime_operator_2', 'example_branch_datetime_operator_3', 'example_branch_datetime_operator' retrieved from /home/airflow/.local/lib/python3.12/site-packages/airflow/example_dags/example_branch_datetime_operator.py
[2026-05-20T08:22:30.778+0000] {logging_mixin.py:188} INFO - [2026-05-20T08:22:30.778+0000] {dag.py:3089} INFO - Sync 3 DAGs
[2026-05-20T08:22:30.949+0000] {logging_mixin.py:188} INFO - [2026-05-20T08:22:30.948+0000] {dag.py:3947} INFO - Setting next_dagrun for example_branch_datetime_operator to 2026-05-19 00:00:00+00:00, run_after=2026-05-20 00:00:00+00:00
[2026-05-20T08:22:30.983+0000] {logging_mixin.py:188} INFO - [2026-05-20T08:22:30.982+0000] {dag.py:3947} INFO - Setting next_dagrun for example_branch_datetime_operator_2 to 2026-05-19 00:00:00+00:00, run_after=2026-05-20 00:00:00+00:00
[2026-05-20T08:22:31.001+0000] {logging_mixin.py:188} INFO - [2026-05-20T08:22:31.000+0000] {dag.py:3947} INFO - Setting next_dagrun for example_branch_datetime_operator_3 to 2026-05-19 00:00:00+00:00, run_after=2026-05-20 00:00:00+00:00
[2026-05-20T08:22:31.240+0000] {processor.py:183} INFO - Processing /home/airflow/.local/lib/python3.12/site-packages/airflow/example_dags/example_branch_datetime_operator.py took 0.820 seconds
[2026-05-20T08:23:01.578+0000] {processor.py:161} INFO - Started process (PID=1858) to work on /home/airflow/.local/lib/python3.12/site-packages/airflow/example_dags/example_branch_datetime_operator.py
[2026-05-20T08:23:01.581+0000] {processor.py:830} INFO - Processing file /home/airflow/.local/lib/python3.12/site-packages/airflow/example_dags/example_branch_datetime_operator.py for tasks to queue
[2026-05-20T08:23:01.587+0000] {logging_mixin.py:188} INFO - [2026-05-20T08:23:01.586+0000] {dagbag.py:545} INFO - Filling up the DagBag from /home/airflow/.local/lib/python3.12/site-packages/airflow/example_dags/example_branch_datetime_operator.py
[2026-05-20T08:23:01.624+0000] {processor.py:840} INFO - DAG(s) 'example_branch_datetime_operator', 'example_branch_datetime_operator_3', 'example_branch_datetime_operator_2' retrieved from /home/airflow/.local/lib/python3.12/site-packages/airflow/example_dags/example_branch_datetime_operator.py
[2026-05-20T08:23:01.796+0000] {logging_mixin.py:188} INFO - [2026-05-20T08:23:01.792+0000] {dag.py:3089} INFO - Sync 3 DAGs
[2026-05-20T08:23:01.931+0000] {logging_mixin.py:188} INFO - [2026-05-20T08:23:01.930+0000] {dag.py:3947} INFO - Setting next_dagrun for example_branch_datetime_operator to 2026-05-19 00:00:00+00:00, run_after=2026-05-20 00:00:00+00:00
[2026-05-20T08:23:01.959+0000] {logging_mixin.py:188} INFO - [2026-05-20T08:23:01.959+0000] {dag.py:3947} INFO - Setting next_dagrun for example_branch_datetime_operator_2 to 2026-05-19 00:00:00+00:00, run_after=2026-05-20 00:00:00+00:00
[2026-05-20T08:23:01.978+0000] {logging_mixin.py:188} INFO - [2026-05-20T08:23:01.978+0000] {dag.py:3947} INFO - Setting next_dagrun for example_branch_datetime_operator_3 to 2026-05-19 00:00:00+00:00, run_after=2026-05-20 00:00:00+00:00
[2026-05-20T08:23:02.080+0000] {processor.py:183} INFO - Processing /home/airflow/.local/lib/python3.12/site-packages/airflow/example_dags/example_branch_datetime_operator.py took 0.522 seconds
[2026-05-20T08:23:32.224+0000] {processor.py:161} INFO - Started process (PID=1918) to work on /home/airflow/.local/lib/python3.12/site-packages/airflow/example_dags/example_branch_datetime_operator.py
[2026-05-20T08:23:32.226+0000] {processor.py:830} INFO - Processing file /home/airflow/.local/lib/python3.12/site-packages/airflow/example_dags/example_branch_datetime_operator.py for tasks to queue
[2026-05-20T08:23:32.232+0000] {logging_mixin.py:188} INFO - [2026-05-20T08:23:32.230+0000] {dagbag.py:545} INFO - Filling up the DagBag from /home/airflow/.local/lib/python3.12/site-packages/airflow/example_dags/example_branch_datetime_operator.py
[2026-05-20T08:23:32.261+0000] {processor.py:840} INFO - DAG(s) 'example_branch_datetime_operator', 'example_branch_datetime_operator_3', 'example_branch_datetime_operator_2' retrieved from /home/airflow/.local/lib/python3.12/site-packages/airflow/example_dags/example_branch_datetime_operator.py
[2026-05-20T08:23:32.342+0000] {logging_mixin.py:188} INFO - [2026-05-20T08:23:32.342+0000] {dag.py:3089} INFO - Sync 3 DAGs
[2026-05-20T08:23:32.412+0000] {logging_mixin.py:188} INFO - [2026-05-20T08:23:32.411+0000] {dag.py:3947} INFO - Setting next_dagrun for example_branch_datetime_operator to 2026-05-19 00:00:00+00:00, run_after=2026-05-20 00:00:00+00:00
[2026-05-20T08:23:32.424+0000] {logging_mixin.py:188} INFO - [2026-05-20T08:23:32.423+0000] {dag.py:3947} INFO - Setting next_dagrun for example_branch_datetime_operator_2 to 2026-05-19 00:00:00+00:00, run_after=2026-05-20 00:00:00+00:00
[2026-05-20T08:23:32.430+0000] {logging_mixin.py:188} INFO - [2026-05-20T08:23:32.429+0000] {dag.py:3947} INFO - Setting next_dagrun for example_branch_datetime_operator_3 to 2026-05-19 00:00:00+00:00, run_after=2026-05-20 00:00:00+00:00
[2026-05-20T08:23:32.491+0000] {processor.py:183} INFO - Processing /home/airflow/.local/lib/python3.12/site-packages/airflow/example_dags/example_branch_datetime_operator.py took 0.287 seconds
[2026-05-20T08:24:03.861+0000] {processor.py:161} INFO - Started process (PID=1977) to work on /home/airflow/.local/lib/python3.12/site-packages/airflow/example_dags/example_branch_datetime_operator.py
[2026-05-20T08:24:03.872+0000] {processor.py:830} INFO - Processing file /home/airflow/.local/lib/python3.12/site-packages/airflow/example_dags/example_branch_datetime_operator.py for tasks to queue
[2026-05-20T08:24:03.878+0000] {logging_mixin.py:188} INFO - [2026-05-20T08:24:03.877+0000] {dagbag.py:545} INFO - Filling up the DagBag from /home/airflow/.local/lib/python3.12/site-packages/airflow/example_dags/example_branch_datetime_operator.py
[2026-05-20T08:24:03.978+0000] {processor.py:840} INFO - DAG(s) 'example_branch_datetime_operator_3', 'example_branch_datetime_operator', 'example_branch_datetime_operator_2' retrieved from /home/airflow/.local/lib/python3.12/site-packages/airflow/example_dags/example_branch_datetime_operator.py
[2026-05-20T08:24:04.368+0000] {logging_mixin.py:188} INFO - [2026-05-20T08:24:04.365+0000] {dag.py:3089} INFO - Sync 3 DAGs
[2026-05-20T08:24:04.563+0000] {logging_mixin.py:188} INFO - [2026-05-20T08:24:04.562+0000] {dag.py:3947} INFO - Setting next_dagrun for example_branch_datetime_operator to 2026-05-19 00:00:00+00:00, run_after=2026-05-20 00:00:00+00:00
[2026-05-20T08:24:04.605+0000] {logging_mixin.py:188} INFO - [2026-05-20T08:24:04.604+0000] {dag.py:3947} INFO - Setting next_dagrun for example_branch_datetime_operator_2 to 2026-05-19 00:00:00+00:00, run_after=2026-05-20 00:00:00+00:00
[2026-05-20T08:24:04.667+0000] {logging_mixin.py:188} INFO - [2026-05-20T08:24:04.654+0000] {dag.py:3947} INFO - Setting next_dagrun for example_branch_datetime_operator_3 to 2026-05-19 00:00:00+00:00, run_after=2026-05-20 00:00:00+00:00
[2026-05-20T08:24:04.905+0000] {processor.py:183} INFO - Processing /home/airflow/.local/lib/python3.12/site-packages/airflow/example_dags/example_branch_datetime_operator.py took 1.085 seconds
[2026-05-20T08:24:35.389+0000] {processor.py:161} INFO - Started process (PID=2038) to work on /home/airflow/.local/lib/python3.12/site-packages/airflow/example_dags/example_branch_datetime_operator.py
[2026-05-20T08:24:35.394+0000] {processor.py:830} INFO - Processing file /home/airflow/.local/lib/python3.12/site-packages/airflow/example_dags/example_branch_datetime_operator.py for tasks to queue
[2026-05-20T08:24:35.401+0000] {logging_mixin.py:188} INFO - [2026-05-20T08:24:35.399+0000] {dagbag.py:545} INFO - Filling up the DagBag from /home/airflow/.local/lib/python3.12/site-packages/airflow/example_dags/example_branch_datetime_operator.py
[2026-05-20T08:24:35.454+0000] {processor.py:840} INFO - DAG(s) 'example_branch_datetime_operator_2', 'example_branch_datetime_operator', 'example_branch_datetime_operator_3' retrieved from /home/airflow/.local/lib/python3.12/site-packages/airflow/example_dags/example_branch_datetime_operator.py
[2026-05-20T08:24:35.531+0000] {logging_mixin.py:188} INFO - [2026-05-20T08:24:35.530+0000] {dag.py:3089} INFO - Sync 3 DAGs
[2026-05-20T08:24:35.589+0000] {logging_mixin.py:188} INFO - [2026-05-20T08:24:35.589+0000] {dag.py:3947} INFO - Setting next_dagrun for example_branch_datetime_operator to 2026-05-19 00:00:00+00:00, run_after=2026-05-20 00:00:00+00:00
[2026-05-20T08:24:35.600+0000] {logging_mixin.py:188} INFO - [2026-05-20T08:24:35.600+0000] {dag.py:3947} INFO - Setting next_dagrun for example_branch_datetime_operator_2 to 2026-05-19 00:00:00+00:00, run_after=2026-05-20 00:00:00+00:00
[2026-05-20T08:24:35.611+0000] {logging_mixin.py:188} INFO - [2026-05-20T08:24:35.610+0000] {dag.py:3947} INFO - Setting next_dagrun for example_branch_datetime_operator_3 to 2026-05-19 00:00:00+00:00, run_after=2026-05-20 00:00:00+00:00
[2026-05-20T08:24:35.659+0000] {processor.py:183} INFO - Processing /home/airflow/.local/lib/python3.12/site-packages/airflow/example_dags/example_branch_datetime_operator.py took 0.286 seconds
[2026-05-20T08:25:29.651+0000] {processor.py:161} INFO - Started process (PID=2110) to work on /home/airflow/.local/lib/python3.12/site-packages/airflow/example_dags/example_branch_datetime_operator.py
[2026-05-20T08:25:29.654+0000] {processor.py:830} INFO - Processing file /home/airflow/.local/lib/python3.12/site-packages/airflow/example_dags/example_branch_datetime_operator.py for tasks to queue
[2026-05-20T08:25:29.672+0000] {logging_mixin.py:188} INFO - [2026-05-20T08:25:29.669+0000] {dagbag.py:545} INFO - Filling up the DagBag from /home/airflow/.local/lib/python3.12/site-packages/airflow/example_dags/example_branch_datetime_operator.py
[2026-05-20T08:25:29.735+0000] {processor.py:840} INFO - DAG(s) 'example_branch_datetime_operator_3', 'example_branch_datetime_operator_2', 'example_branch_datetime_operator' retrieved from /home/airflow/.local/lib/python3.12/site-packages/airflow/example_dags/example_branch_datetime_operator.py
[2026-05-20T08:25:29.935+0000] {logging_mixin.py:188} INFO - [2026-05-20T08:25:29.934+0000] {dag.py:3089} INFO - Sync 3 DAGs
[2026-05-20T08:25:30.536+0000] {logging_mixin.py:188} INFO - [2026-05-20T08:25:30.535+0000] {dag.py:3947} INFO - Setting next_dagrun for example_branch_datetime_operator to 2026-05-19 00:00:00+00:00, run_after=2026-05-20 00:00:00+00:00
[2026-05-20T08:25:30.583+0000] {logging_mixin.py:188} INFO - [2026-05-20T08:25:30.583+0000] {dag.py:3947} INFO - Setting next_dagrun for example_branch_datetime_operator_2 to 2026-05-19 00:00:00+00:00, run_after=2026-05-20 00:00:00+00:00
[2026-05-20T08:25:30.633+0000] {logging_mixin.py:188} INFO - [2026-05-20T08:25:30.632+0000] {dag.py:3947} INFO - Setting next_dagrun for example_branch_datetime_operator_3 to 2026-05-19 00:00:00+00:00, run_after=2026-05-20 00:00:00+00:00
[2026-05-20T08:25:30.798+0000] {processor.py:183} INFO - Processing /home/airflow/.local/lib/python3.12/site-packages/airflow/example_dags/example_branch_datetime_operator.py took 1.190 seconds
[2026-05-20T08:26:01.742+0000] {processor.py:161} INFO - Started process (PID=2171) to work on /home/airflow/.local/lib/python3.12/site-packages/airflow/example_dags/example_branch_datetime_operator.py
[2026-05-20T08:26:01.747+0000] {processor.py:830} INFO - Processing file /home/airflow/.local/lib/python3.12/site-packages/airflow/example_dags/example_branch_datetime_operator.py for tasks to queue
[2026-05-20T08:26:01.768+0000] {logging_mixin.py:188} INFO - [2026-05-20T08:26:01.767+0000] {dagbag.py:545} INFO - Filling up the DagBag from /home/airflow/.local/lib/python3.12/site-packages/airflow/example_dags/example_branch_datetime_operator.py
[2026-05-20T08:26:01.829+0000] {processor.py:840} INFO - DAG(s) 'example_branch_datetime_operator', 'example_branch_datetime_operator_3', 'example_branch_datetime_operator_2' retrieved from /home/airflow/.local/lib/python3.12/site-packages/airflow/example_dags/example_branch_datetime_operator.py
[2026-05-20T08:26:01.983+0000] {logging_mixin.py:188} INFO - [2026-05-20T08:26:01.982+0000] {dag.py:3089} INFO - Sync 3 DAGs
[2026-05-20T08:26:02.121+0000] {logging_mixin.py:188} INFO - [2026-05-20T08:26:02.120+0000] {dag.py:3947} INFO - Setting next_dagrun for example_branch_datetime_operator to 2026-05-19 00:00:00+00:00, run_after=2026-05-20 00:00:00+00:00
[2026-05-20T08:26:02.148+0000] {logging_mixin.py:188} INFO - [2026-05-20T08:26:02.146+0000] {dag.py:3947} INFO - Setting next_dagrun for example_branch_datetime_operator_2 to 2026-05-19 00:00:00+00:00, run_after=2026-05-20 00:00:00+00:00
[2026-05-20T08:26:02.158+0000] {logging_mixin.py:188} INFO - [2026-05-20T08:26:02.157+0000] {dag.py:3947} INFO - Setting next_dagrun for example_branch_datetime_operator_3 to 2026-05-19 00:00:00+00:00, run_after=2026-05-20 00:00:00+00:00
[2026-05-20T08:26:02.239+0000] {processor.py:183} INFO - Processing /home/airflow/.local/lib/python3.12/site-packages/airflow/example_dags/example_branch_datetime_operator.py took 0.527 seconds
[2026-05-20T08:26:32.949+0000] {processor.py:161} INFO - Started process (PID=2231) to work on /home/airflow/.local/lib/python3.12/site-packages/airflow/example_dags/example_branch_datetime_operator.py
[2026-05-20T08:26:32.954+0000] {processor.py:830} INFO - Processing file /home/airflow/.local/lib/python3.12/site-packages/airflow/example_dags/example_branch_datetime_operator.py for tasks to queue
[2026-05-20T08:26:32.958+0000] {logging_mixin.py:188} INFO - [2026-05-20T08:26:32.958+0000] {dagbag.py:545} INFO - Filling up the DagBag from /home/airflow/.local/lib/python3.12/site-packages/airflow/example_dags/example_branch_datetime_operator.py
[2026-05-20T08:26:32.983+0000] {processor.py:840} INFO - DAG(s) 'example_branch_datetime_operator_3', 'example_branch_datetime_operator_2', 'example_branch_datetime_operator' retrieved from /home/airflow/.local/lib/python3.12/site-packages/airflow/example_dags/example_branch_datetime_operator.py
[2026-05-20T08:26:33.044+0000] {logging_mixin.py:188} INFO - [2026-05-20T08:26:33.044+0000] {dag.py:3089} INFO - Sync 3 DAGs
[2026-05-20T08:26:33.115+0000] {logging_mixin.py:188} INFO - [2026-05-20T08:26:33.115+0000] {dag.py:3947} INFO - Setting next_dagrun for example_branch_datetime_operator to 2026-05-19 00:00:00+00:00, run_after=2026-05-20 00:00:00+00:00
[2026-05-20T08:26:33.126+0000] {logging_mixin.py:188} INFO - [2026-05-20T08:26:33.126+0000] {dag.py:3947} INFO - Setting next_dagrun for example_branch_datetime_operator_2 to 2026-05-19 00:00:00+00:00, run_after=2026-05-20 00:00:00+00:00
[2026-05-20T08:26:33.136+0000] {logging_mixin.py:188} INFO - [2026-05-20T08:26:33.136+0000] {dag.py:3947} INFO - Setting next_dagrun for example_branch_datetime_operator_3 to 2026-05-19 00:00:00+00:00, run_after=2026-05-20 00:00:00+00:00
[2026-05-20T08:26:33.187+0000] {processor.py:183} INFO - Processing /home/airflow/.local/lib/python3.12/site-packages/airflow/example_dags/example_branch_datetime_operator.py took 0.250 seconds
