[2026-05-20T08:07:46.489+0000] {processor.py:161} INFO - Started process (PID=142) to work on /home/airflow/.local/lib/python3.12/site-packages/airflow/example_dags/example_complex.py
[2026-05-20T08:07:46.497+0000] {processor.py:830} INFO - Processing file /home/airflow/.local/lib/python3.12/site-packages/airflow/example_dags/example_complex.py for tasks to queue
[2026-05-20T08:07:46.507+0000] {logging_mixin.py:188} INFO - [2026-05-20T08:07:46.506+0000] {dagbag.py:545} INFO - Filling up the DagBag from /home/airflow/.local/lib/python3.12/site-packages/airflow/example_dags/example_complex.py
[2026-05-20T08:07:46.570+0000] {processor.py:840} INFO - DAG(s) 'example_complex' retrieved from /home/airflow/.local/lib/python3.12/site-packages/airflow/example_dags/example_complex.py
[2026-05-20T08:07:47.166+0000] {logging_mixin.py:188} INFO - [2026-05-20T08:07:47.164+0000] {dag.py:3089} INFO - Sync 1 DAGs
[2026-05-20T08:07:47.274+0000] {logging_mixin.py:188} INFO - [2026-05-20T08:07:47.272+0000] {dag.py:3947} INFO - Setting next_dagrun for example_complex to None, run_after=None
[2026-05-20T08:07:47.501+0000] {processor.py:183} INFO - Processing /home/airflow/.local/lib/python3.12/site-packages/airflow/example_dags/example_complex.py took 1.048 seconds
[2026-05-20T08:08:19.471+0000] {processor.py:161} INFO - Started process (PID=203) to work on /home/airflow/.local/lib/python3.12/site-packages/airflow/example_dags/example_complex.py
[2026-05-20T08:08:19.479+0000] {processor.py:830} INFO - Processing file /home/airflow/.local/lib/python3.12/site-packages/airflow/example_dags/example_complex.py for tasks to queue
[2026-05-20T08:08:19.486+0000] {logging_mixin.py:188} INFO - [2026-05-20T08:08:19.485+0000] {dagbag.py:545} INFO - Filling up the DagBag from /home/airflow/.local/lib/python3.12/site-packages/airflow/example_dags/example_complex.py
[2026-05-20T08:08:19.557+0000] {processor.py:840} INFO - DAG(s) 'example_complex' retrieved from /home/airflow/.local/lib/python3.12/site-packages/airflow/example_dags/example_complex.py
[2026-05-20T08:08:19.710+0000] {logging_mixin.py:188} INFO - [2026-05-20T08:08:19.709+0000] {dag.py:3089} INFO - Sync 1 DAGs
[2026-05-20T08:08:19.764+0000] {logging_mixin.py:188} INFO - [2026-05-20T08:08:19.762+0000] {dag.py:3947} INFO - Setting next_dagrun for example_complex to None, run_after=None
[2026-05-20T08:08:19.864+0000] {processor.py:183} INFO - Processing /home/airflow/.local/lib/python3.12/site-packages/airflow/example_dags/example_complex.py took 0.423 seconds
[2026-05-20T08:08:52.962+0000] {processor.py:161} INFO - Started process (PID=262) to work on /home/airflow/.local/lib/python3.12/site-packages/airflow/example_dags/example_complex.py
[2026-05-20T08:08:52.965+0000] {processor.py:830} INFO - Processing file /home/airflow/.local/lib/python3.12/site-packages/airflow/example_dags/example_complex.py for tasks to queue
[2026-05-20T08:08:52.969+0000] {logging_mixin.py:188} INFO - [2026-05-20T08:08:52.969+0000] {dagbag.py:545} INFO - Filling up the DagBag from /home/airflow/.local/lib/python3.12/site-packages/airflow/example_dags/example_complex.py
[2026-05-20T08:08:52.994+0000] {processor.py:840} INFO - DAG(s) 'example_complex' retrieved from /home/airflow/.local/lib/python3.12/site-packages/airflow/example_dags/example_complex.py
[2026-05-20T08:08:53.092+0000] {logging_mixin.py:188} INFO - [2026-05-20T08:08:53.091+0000] {dag.py:3089} INFO - Sync 1 DAGs
[2026-05-20T08:08:53.115+0000] {logging_mixin.py:188} INFO - [2026-05-20T08:08:53.115+0000] {dag.py:3947} INFO - Setting next_dagrun for example_complex to None, run_after=None
[2026-05-20T08:08:53.170+0000] {processor.py:183} INFO - Processing /home/airflow/.local/lib/python3.12/site-packages/airflow/example_dags/example_complex.py took 0.222 seconds
[2026-05-20T08:09:23.491+0000] {processor.py:161} INFO - Started process (PID=321) to work on /home/airflow/.local/lib/python3.12/site-packages/airflow/example_dags/example_complex.py
[2026-05-20T08:09:23.494+0000] {processor.py:830} INFO - Processing file /home/airflow/.local/lib/python3.12/site-packages/airflow/example_dags/example_complex.py for tasks to queue
[2026-05-20T08:09:23.498+0000] {logging_mixin.py:188} INFO - [2026-05-20T08:09:23.497+0000] {dagbag.py:545} INFO - Filling up the DagBag from /home/airflow/.local/lib/python3.12/site-packages/airflow/example_dags/example_complex.py
[2026-05-20T08:09:23.522+0000] {processor.py:840} INFO - DAG(s) 'example_complex' retrieved from /home/airflow/.local/lib/python3.12/site-packages/airflow/example_dags/example_complex.py
[2026-05-20T08:09:23.572+0000] {logging_mixin.py:188} INFO - [2026-05-20T08:09:23.572+0000] {dag.py:3089} INFO - Sync 1 DAGs
[2026-05-20T08:09:23.595+0000] {logging_mixin.py:188} INFO - [2026-05-20T08:09:23.594+0000] {dag.py:3947} INFO - Setting next_dagrun for example_complex to None, run_after=None
[2026-05-20T08:09:23.645+0000] {processor.py:183} INFO - Processing /home/airflow/.local/lib/python3.12/site-packages/airflow/example_dags/example_complex.py took 0.167 seconds
[2026-05-20T08:09:54.040+0000] {processor.py:161} INFO - Started process (PID=381) to work on /home/airflow/.local/lib/python3.12/site-packages/airflow/example_dags/example_complex.py
[2026-05-20T08:09:54.042+0000] {processor.py:830} INFO - Processing file /home/airflow/.local/lib/python3.12/site-packages/airflow/example_dags/example_complex.py for tasks to queue
[2026-05-20T08:09:54.048+0000] {logging_mixin.py:188} INFO - [2026-05-20T08:09:54.046+0000] {dagbag.py:545} INFO - Filling up the DagBag from /home/airflow/.local/lib/python3.12/site-packages/airflow/example_dags/example_complex.py
[2026-05-20T08:09:54.069+0000] {processor.py:840} INFO - DAG(s) 'example_complex' retrieved from /home/airflow/.local/lib/python3.12/site-packages/airflow/example_dags/example_complex.py
[2026-05-20T08:09:54.127+0000] {logging_mixin.py:188} INFO - [2026-05-20T08:09:54.126+0000] {dag.py:3089} INFO - Sync 1 DAGs
[2026-05-20T08:09:54.149+0000] {logging_mixin.py:188} INFO - [2026-05-20T08:09:54.148+0000] {dag.py:3947} INFO - Setting next_dagrun for example_complex to None, run_after=None
[2026-05-20T08:09:54.185+0000] {processor.py:183} INFO - Processing /home/airflow/.local/lib/python3.12/site-packages/airflow/example_dags/example_complex.py took 0.156 seconds
[2026-05-20T08:10:28.960+0000] {processor.py:161} INFO - Started process (PID=441) to work on /home/airflow/.local/lib/python3.12/site-packages/airflow/example_dags/example_complex.py
[2026-05-20T08:10:28.963+0000] {processor.py:830} INFO - Processing file /home/airflow/.local/lib/python3.12/site-packages/airflow/example_dags/example_complex.py for tasks to queue
[2026-05-20T08:10:28.966+0000] {logging_mixin.py:188} INFO - [2026-05-20T08:10:28.965+0000] {dagbag.py:545} INFO - Filling up the DagBag from /home/airflow/.local/lib/python3.12/site-packages/airflow/example_dags/example_complex.py
[2026-05-20T08:10:28.991+0000] {processor.py:840} INFO - DAG(s) 'example_complex' retrieved from /home/airflow/.local/lib/python3.12/site-packages/airflow/example_dags/example_complex.py
[2026-05-20T08:10:29.135+0000] {logging_mixin.py:188} INFO - [2026-05-20T08:10:29.135+0000] {dag.py:3089} INFO - Sync 1 DAGs
[2026-05-20T08:10:29.190+0000] {logging_mixin.py:188} INFO - [2026-05-20T08:10:29.189+0000] {dag.py:3947} INFO - Setting next_dagrun for example_complex to None, run_after=None
[2026-05-20T08:10:29.244+0000] {processor.py:183} INFO - Processing /home/airflow/.local/lib/python3.12/site-packages/airflow/example_dags/example_complex.py took 0.295 seconds
[2026-05-20T08:10:59.427+0000] {processor.py:161} INFO - Started process (PID=500) to work on /home/airflow/.local/lib/python3.12/site-packages/airflow/example_dags/example_complex.py
[2026-05-20T08:10:59.429+0000] {processor.py:830} INFO - Processing file /home/airflow/.local/lib/python3.12/site-packages/airflow/example_dags/example_complex.py for tasks to queue
[2026-05-20T08:10:59.432+0000] {logging_mixin.py:188} INFO - [2026-05-20T08:10:59.432+0000] {dagbag.py:545} INFO - Filling up the DagBag from /home/airflow/.local/lib/python3.12/site-packages/airflow/example_dags/example_complex.py
[2026-05-20T08:10:59.450+0000] {processor.py:840} INFO - DAG(s) 'example_complex' retrieved from /home/airflow/.local/lib/python3.12/site-packages/airflow/example_dags/example_complex.py
[2026-05-20T08:10:59.516+0000] {logging_mixin.py:188} INFO - [2026-05-20T08:10:59.516+0000] {dag.py:3089} INFO - Sync 1 DAGs
[2026-05-20T08:10:59.541+0000] {logging_mixin.py:188} INFO - [2026-05-20T08:10:59.541+0000] {dag.py:3947} INFO - Setting next_dagrun for example_complex to None, run_after=None
[2026-05-20T08:10:59.581+0000] {processor.py:183} INFO - Processing /home/airflow/.local/lib/python3.12/site-packages/airflow/example_dags/example_complex.py took 0.163 seconds
[2026-05-20T08:11:30.170+0000] {processor.py:161} INFO - Started process (PID=561) to work on /home/airflow/.local/lib/python3.12/site-packages/airflow/example_dags/example_complex.py
[2026-05-20T08:11:30.173+0000] {processor.py:830} INFO - Processing file /home/airflow/.local/lib/python3.12/site-packages/airflow/example_dags/example_complex.py for tasks to queue
[2026-05-20T08:11:30.177+0000] {logging_mixin.py:188} INFO - [2026-05-20T08:11:30.176+0000] {dagbag.py:545} INFO - Filling up the DagBag from /home/airflow/.local/lib/python3.12/site-packages/airflow/example_dags/example_complex.py
[2026-05-20T08:11:30.203+0000] {processor.py:840} INFO - DAG(s) 'example_complex' retrieved from /home/airflow/.local/lib/python3.12/site-packages/airflow/example_dags/example_complex.py
[2026-05-20T08:11:30.340+0000] {logging_mixin.py:188} INFO - [2026-05-20T08:11:30.340+0000] {dag.py:3089} INFO - Sync 1 DAGs
[2026-05-20T08:11:30.396+0000] {logging_mixin.py:188} INFO - [2026-05-20T08:11:30.396+0000] {dag.py:3947} INFO - Setting next_dagrun for example_complex to None, run_after=None
[2026-05-20T08:11:30.490+0000] {processor.py:183} INFO - Processing /home/airflow/.local/lib/python3.12/site-packages/airflow/example_dags/example_complex.py took 0.335 seconds
[2026-05-20T08:12:03.435+0000] {processor.py:161} INFO - Started process (PID=621) to work on /home/airflow/.local/lib/python3.12/site-packages/airflow/example_dags/example_complex.py
[2026-05-20T08:12:03.438+0000] {processor.py:830} INFO - Processing file /home/airflow/.local/lib/python3.12/site-packages/airflow/example_dags/example_complex.py for tasks to queue
[2026-05-20T08:12:03.444+0000] {logging_mixin.py:188} INFO - [2026-05-20T08:12:03.443+0000] {dagbag.py:545} INFO - Filling up the DagBag from /home/airflow/.local/lib/python3.12/site-packages/airflow/example_dags/example_complex.py
[2026-05-20T08:12:03.466+0000] {processor.py:840} INFO - DAG(s) 'example_complex' retrieved from /home/airflow/.local/lib/python3.12/site-packages/airflow/example_dags/example_complex.py
[2026-05-20T08:12:03.562+0000] {logging_mixin.py:188} INFO - [2026-05-20T08:12:03.561+0000] {dag.py:3089} INFO - Sync 1 DAGs
[2026-05-20T08:12:03.599+0000] {logging_mixin.py:188} INFO - [2026-05-20T08:12:03.598+0000] {dag.py:3947} INFO - Setting next_dagrun for example_complex to None, run_after=None
[2026-05-20T08:12:03.644+0000] {processor.py:183} INFO - Processing /home/airflow/.local/lib/python3.12/site-packages/airflow/example_dags/example_complex.py took 0.226 seconds
[2026-05-20T08:12:34.561+0000] {processor.py:161} INFO - Started process (PID=681) to work on /home/airflow/.local/lib/python3.12/site-packages/airflow/example_dags/example_complex.py
[2026-05-20T08:12:34.564+0000] {processor.py:830} INFO - Processing file /home/airflow/.local/lib/python3.12/site-packages/airflow/example_dags/example_complex.py for tasks to queue
[2026-05-20T08:12:34.568+0000] {logging_mixin.py:188} INFO - [2026-05-20T08:12:34.567+0000] {dagbag.py:545} INFO - Filling up the DagBag from /home/airflow/.local/lib/python3.12/site-packages/airflow/example_dags/example_complex.py
[2026-05-20T08:12:34.590+0000] {processor.py:840} INFO - DAG(s) 'example_complex' retrieved from /home/airflow/.local/lib/python3.12/site-packages/airflow/example_dags/example_complex.py
[2026-05-20T08:12:34.672+0000] {logging_mixin.py:188} INFO - [2026-05-20T08:12:34.672+0000] {dag.py:3089} INFO - Sync 1 DAGs
[2026-05-20T08:12:34.722+0000] {logging_mixin.py:188} INFO - [2026-05-20T08:12:34.721+0000] {dag.py:3947} INFO - Setting next_dagrun for example_complex to None, run_after=None
[2026-05-20T08:12:34.817+0000] {processor.py:183} INFO - Processing /home/airflow/.local/lib/python3.12/site-packages/airflow/example_dags/example_complex.py took 0.269 seconds
[2026-05-20T08:13:11.785+0000] {processor.py:161} INFO - Started process (PID=747) to work on /home/airflow/.local/lib/python3.12/site-packages/airflow/example_dags/example_complex.py
[2026-05-20T08:13:11.797+0000] {processor.py:830} INFO - Processing file /home/airflow/.local/lib/python3.12/site-packages/airflow/example_dags/example_complex.py for tasks to queue
[2026-05-20T08:13:11.815+0000] {logging_mixin.py:188} INFO - [2026-05-20T08:13:11.814+0000] {dagbag.py:545} INFO - Filling up the DagBag from /home/airflow/.local/lib/python3.12/site-packages/airflow/example_dags/example_complex.py
[2026-05-20T08:13:11.875+0000] {processor.py:840} INFO - DAG(s) 'example_complex' retrieved from /home/airflow/.local/lib/python3.12/site-packages/airflow/example_dags/example_complex.py
[2026-05-20T08:13:12.076+0000] {logging_mixin.py:188} INFO - [2026-05-20T08:13:12.076+0000] {dag.py:3089} INFO - Sync 1 DAGs
[2026-05-20T08:13:12.151+0000] {logging_mixin.py:188} INFO - [2026-05-20T08:13:12.150+0000] {dag.py:3947} INFO - Setting next_dagrun for example_complex to None, run_after=None
[2026-05-20T08:13:12.273+0000] {processor.py:183} INFO - Processing /home/airflow/.local/lib/python3.12/site-packages/airflow/example_dags/example_complex.py took 0.525 seconds
[2026-05-20T08:13:51.770+0000] {processor.py:161} INFO - Started process (PID=807) to work on /home/airflow/.local/lib/python3.12/site-packages/airflow/example_dags/example_complex.py
[2026-05-20T08:13:51.777+0000] {processor.py:830} INFO - Processing file /home/airflow/.local/lib/python3.12/site-packages/airflow/example_dags/example_complex.py for tasks to queue
[2026-05-20T08:13:51.793+0000] {logging_mixin.py:188} INFO - [2026-05-20T08:13:51.783+0000] {dagbag.py:545} INFO - Filling up the DagBag from /home/airflow/.local/lib/python3.12/site-packages/airflow/example_dags/example_complex.py
[2026-05-20T08:13:51.863+0000] {processor.py:840} INFO - DAG(s) 'example_complex' retrieved from /home/airflow/.local/lib/python3.12/site-packages/airflow/example_dags/example_complex.py
[2026-05-20T08:13:52.043+0000] {logging_mixin.py:188} INFO - [2026-05-20T08:13:52.043+0000] {dag.py:3089} INFO - Sync 1 DAGs
[2026-05-20T08:13:52.123+0000] {logging_mixin.py:188} INFO - [2026-05-20T08:13:52.113+0000] {dag.py:3947} INFO - Setting next_dagrun for example_complex to None, run_after=None
[2026-05-20T08:13:52.252+0000] {processor.py:183} INFO - Processing /home/airflow/.local/lib/python3.12/site-packages/airflow/example_dags/example_complex.py took 0.509 seconds
[2026-05-20T08:14:24.510+0000] {processor.py:161} INFO - Started process (PID=869) to work on /home/airflow/.local/lib/python3.12/site-packages/airflow/example_dags/example_complex.py
[2026-05-20T08:14:24.514+0000] {processor.py:830} INFO - Processing file /home/airflow/.local/lib/python3.12/site-packages/airflow/example_dags/example_complex.py for tasks to queue
[2026-05-20T08:14:24.525+0000] {logging_mixin.py:188} INFO - [2026-05-20T08:14:24.523+0000] {dagbag.py:545} INFO - Filling up the DagBag from /home/airflow/.local/lib/python3.12/site-packages/airflow/example_dags/example_complex.py
[2026-05-20T08:14:24.563+0000] {processor.py:840} INFO - DAG(s) 'example_complex' retrieved from /home/airflow/.local/lib/python3.12/site-packages/airflow/example_dags/example_complex.py
[2026-05-20T08:14:24.666+0000] {logging_mixin.py:188} INFO - [2026-05-20T08:14:24.665+0000] {dag.py:3089} INFO - Sync 1 DAGs
[2026-05-20T08:14:24.709+0000] {logging_mixin.py:188} INFO - [2026-05-20T08:14:24.708+0000] {dag.py:3947} INFO - Setting next_dagrun for example_complex to None, run_after=None
[2026-05-20T08:14:24.783+0000] {processor.py:183} INFO - Processing /home/airflow/.local/lib/python3.12/site-packages/airflow/example_dags/example_complex.py took 0.295 seconds
[2026-05-20T08:14:55.419+0000] {processor.py:161} INFO - Started process (PID=929) to work on /home/airflow/.local/lib/python3.12/site-packages/airflow/example_dags/example_complex.py
[2026-05-20T08:14:55.421+0000] {processor.py:830} INFO - Processing file /home/airflow/.local/lib/python3.12/site-packages/airflow/example_dags/example_complex.py for tasks to queue
[2026-05-20T08:14:55.424+0000] {logging_mixin.py:188} INFO - [2026-05-20T08:14:55.423+0000] {dagbag.py:545} INFO - Filling up the DagBag from /home/airflow/.local/lib/python3.12/site-packages/airflow/example_dags/example_complex.py
[2026-05-20T08:14:55.439+0000] {processor.py:840} INFO - DAG(s) 'example_complex' retrieved from /home/airflow/.local/lib/python3.12/site-packages/airflow/example_dags/example_complex.py
[2026-05-20T08:14:55.488+0000] {logging_mixin.py:188} INFO - [2026-05-20T08:14:55.487+0000] {dag.py:3089} INFO - Sync 1 DAGs
[2026-05-20T08:14:55.507+0000] {logging_mixin.py:188} INFO - [2026-05-20T08:14:55.507+0000] {dag.py:3947} INFO - Setting next_dagrun for example_complex to None, run_after=None
[2026-05-20T08:14:55.545+0000] {processor.py:183} INFO - Processing /home/airflow/.local/lib/python3.12/site-packages/airflow/example_dags/example_complex.py took 0.134 seconds
[2026-05-20T08:15:26.616+0000] {processor.py:161} INFO - Started process (PID=987) to work on /home/airflow/.local/lib/python3.12/site-packages/airflow/example_dags/example_complex.py
[2026-05-20T08:15:26.619+0000] {processor.py:830} INFO - Processing file /home/airflow/.local/lib/python3.12/site-packages/airflow/example_dags/example_complex.py for tasks to queue
[2026-05-20T08:15:26.625+0000] {logging_mixin.py:188} INFO - [2026-05-20T08:15:26.623+0000] {dagbag.py:545} INFO - Filling up the DagBag from /home/airflow/.local/lib/python3.12/site-packages/airflow/example_dags/example_complex.py
[2026-05-20T08:15:26.650+0000] {processor.py:840} INFO - DAG(s) 'example_complex' retrieved from /home/airflow/.local/lib/python3.12/site-packages/airflow/example_dags/example_complex.py
[2026-05-20T08:15:26.727+0000] {logging_mixin.py:188} INFO - [2026-05-20T08:15:26.726+0000] {dag.py:3089} INFO - Sync 1 DAGs
[2026-05-20T08:15:26.766+0000] {logging_mixin.py:188} INFO - [2026-05-20T08:15:26.765+0000] {dag.py:3947} INFO - Setting next_dagrun for example_complex to None, run_after=None
[2026-05-20T08:15:26.845+0000] {processor.py:183} INFO - Processing /home/airflow/.local/lib/python3.12/site-packages/airflow/example_dags/example_complex.py took 0.246 seconds
[2026-05-20T08:15:57.602+0000] {processor.py:161} INFO - Started process (PID=1049) to work on /home/airflow/.local/lib/python3.12/site-packages/airflow/example_dags/example_complex.py
[2026-05-20T08:15:57.604+0000] {processor.py:830} INFO - Processing file /home/airflow/.local/lib/python3.12/site-packages/airflow/example_dags/example_complex.py for tasks to queue
[2026-05-20T08:15:57.608+0000] {logging_mixin.py:188} INFO - [2026-05-20T08:15:57.607+0000] {dagbag.py:545} INFO - Filling up the DagBag from /home/airflow/.local/lib/python3.12/site-packages/airflow/example_dags/example_complex.py
[2026-05-20T08:15:57.640+0000] {processor.py:840} INFO - DAG(s) 'example_complex' retrieved from /home/airflow/.local/lib/python3.12/site-packages/airflow/example_dags/example_complex.py
[2026-05-20T08:15:57.724+0000] {logging_mixin.py:188} INFO - [2026-05-20T08:15:57.723+0000] {dag.py:3089} INFO - Sync 1 DAGs
[2026-05-20T08:15:57.749+0000] {logging_mixin.py:188} INFO - [2026-05-20T08:15:57.749+0000] {dag.py:3947} INFO - Setting next_dagrun for example_complex to None, run_after=None
[2026-05-20T08:15:57.786+0000] {processor.py:183} INFO - Processing /home/airflow/.local/lib/python3.12/site-packages/airflow/example_dags/example_complex.py took 0.199 seconds
[2026-05-20T08:16:29.728+0000] {processor.py:161} INFO - Started process (PID=1109) to work on /home/airflow/.local/lib/python3.12/site-packages/airflow/example_dags/example_complex.py
[2026-05-20T08:16:29.730+0000] {processor.py:830} INFO - Processing file /home/airflow/.local/lib/python3.12/site-packages/airflow/example_dags/example_complex.py for tasks to queue
[2026-05-20T08:16:29.734+0000] {logging_mixin.py:188} INFO - [2026-05-20T08:16:29.734+0000] {dagbag.py:545} INFO - Filling up the DagBag from /home/airflow/.local/lib/python3.12/site-packages/airflow/example_dags/example_complex.py
[2026-05-20T08:16:29.792+0000] {processor.py:840} INFO - DAG(s) 'example_complex' retrieved from /home/airflow/.local/lib/python3.12/site-packages/airflow/example_dags/example_complex.py
[2026-05-20T08:16:29.935+0000] {logging_mixin.py:188} INFO - [2026-05-20T08:16:29.934+0000] {dag.py:3089} INFO - Sync 1 DAGs
[2026-05-20T08:16:29.977+0000] {logging_mixin.py:188} INFO - [2026-05-20T08:16:29.977+0000] {dag.py:3947} INFO - Setting next_dagrun for example_complex to None, run_after=None
[2026-05-20T08:16:30.033+0000] {processor.py:183} INFO - Processing /home/airflow/.local/lib/python3.12/site-packages/airflow/example_dags/example_complex.py took 0.322 seconds
[2026-05-20T08:17:00.414+0000] {processor.py:161} INFO - Started process (PID=1169) to work on /home/airflow/.local/lib/python3.12/site-packages/airflow/example_dags/example_complex.py
[2026-05-20T08:17:00.417+0000] {processor.py:830} INFO - Processing file /home/airflow/.local/lib/python3.12/site-packages/airflow/example_dags/example_complex.py for tasks to queue
[2026-05-20T08:17:00.422+0000] {logging_mixin.py:188} INFO - [2026-05-20T08:17:00.421+0000] {dagbag.py:545} INFO - Filling up the DagBag from /home/airflow/.local/lib/python3.12/site-packages/airflow/example_dags/example_complex.py
[2026-05-20T08:17:00.462+0000] {processor.py:840} INFO - DAG(s) 'example_complex' retrieved from /home/airflow/.local/lib/python3.12/site-packages/airflow/example_dags/example_complex.py
[2026-05-20T08:17:00.637+0000] {logging_mixin.py:188} INFO - [2026-05-20T08:17:00.637+0000] {dag.py:3089} INFO - Sync 1 DAGs
[2026-05-20T08:17:00.680+0000] {logging_mixin.py:188} INFO - [2026-05-20T08:17:00.680+0000] {dag.py:3947} INFO - Setting next_dagrun for example_complex to None, run_after=None
[2026-05-20T08:17:00.751+0000] {processor.py:183} INFO - Processing /home/airflow/.local/lib/python3.12/site-packages/airflow/example_dags/example_complex.py took 0.350 seconds
[2026-05-20T08:17:31.013+0000] {processor.py:161} INFO - Started process (PID=1229) to work on /home/airflow/.local/lib/python3.12/site-packages/airflow/example_dags/example_complex.py
[2026-05-20T08:17:31.016+0000] {processor.py:830} INFO - Processing file /home/airflow/.local/lib/python3.12/site-packages/airflow/example_dags/example_complex.py for tasks to queue
[2026-05-20T08:17:31.022+0000] {logging_mixin.py:188} INFO - [2026-05-20T08:17:31.021+0000] {dagbag.py:545} INFO - Filling up the DagBag from /home/airflow/.local/lib/python3.12/site-packages/airflow/example_dags/example_complex.py
[2026-05-20T08:17:31.036+0000] {processor.py:840} INFO - DAG(s) 'example_complex' retrieved from /home/airflow/.local/lib/python3.12/site-packages/airflow/example_dags/example_complex.py
[2026-05-20T08:17:31.093+0000] {logging_mixin.py:188} INFO - [2026-05-20T08:17:31.092+0000] {dag.py:3089} INFO - Sync 1 DAGs
[2026-05-20T08:17:31.116+0000] {logging_mixin.py:188} INFO - [2026-05-20T08:17:31.115+0000] {dag.py:3947} INFO - Setting next_dagrun for example_complex to None, run_after=None
[2026-05-20T08:17:31.148+0000] {processor.py:183} INFO - Processing /home/airflow/.local/lib/python3.12/site-packages/airflow/example_dags/example_complex.py took 0.144 seconds
[2026-05-20T08:18:01.740+0000] {processor.py:161} INFO - Started process (PID=1290) to work on /home/airflow/.local/lib/python3.12/site-packages/airflow/example_dags/example_complex.py
[2026-05-20T08:18:01.741+0000] {processor.py:830} INFO - Processing file /home/airflow/.local/lib/python3.12/site-packages/airflow/example_dags/example_complex.py for tasks to queue
[2026-05-20T08:18:01.745+0000] {logging_mixin.py:188} INFO - [2026-05-20T08:18:01.744+0000] {dagbag.py:545} INFO - Filling up the DagBag from /home/airflow/.local/lib/python3.12/site-packages/airflow/example_dags/example_complex.py
[2026-05-20T08:18:01.760+0000] {processor.py:840} INFO - DAG(s) 'example_complex' retrieved from /home/airflow/.local/lib/python3.12/site-packages/airflow/example_dags/example_complex.py
[2026-05-20T08:18:01.815+0000] {logging_mixin.py:188} INFO - [2026-05-20T08:18:01.815+0000] {dag.py:3089} INFO - Sync 1 DAGs
[2026-05-20T08:18:01.841+0000] {logging_mixin.py:188} INFO - [2026-05-20T08:18:01.841+0000] {dag.py:3947} INFO - Setting next_dagrun for example_complex to None, run_after=None
[2026-05-20T08:18:01.879+0000] {processor.py:183} INFO - Processing /home/airflow/.local/lib/python3.12/site-packages/airflow/example_dags/example_complex.py took 0.148 seconds
[2026-05-20T08:18:32.473+0000] {processor.py:161} INFO - Started process (PID=1350) to work on /home/airflow/.local/lib/python3.12/site-packages/airflow/example_dags/example_complex.py
[2026-05-20T08:18:32.474+0000] {processor.py:830} INFO - Processing file /home/airflow/.local/lib/python3.12/site-packages/airflow/example_dags/example_complex.py for tasks to queue
[2026-05-20T08:18:32.478+0000] {logging_mixin.py:188} INFO - [2026-05-20T08:18:32.477+0000] {dagbag.py:545} INFO - Filling up the DagBag from /home/airflow/.local/lib/python3.12/site-packages/airflow/example_dags/example_complex.py
[2026-05-20T08:18:32.494+0000] {processor.py:840} INFO - DAG(s) 'example_complex' retrieved from /home/airflow/.local/lib/python3.12/site-packages/airflow/example_dags/example_complex.py
[2026-05-20T08:18:32.542+0000] {logging_mixin.py:188} INFO - [2026-05-20T08:18:32.542+0000] {dag.py:3089} INFO - Sync 1 DAGs
[2026-05-20T08:18:32.563+0000] {logging_mixin.py:188} INFO - [2026-05-20T08:18:32.562+0000] {dag.py:3947} INFO - Setting next_dagrun for example_complex to None, run_after=None
[2026-05-20T08:18:32.599+0000] {processor.py:183} INFO - Processing /home/airflow/.local/lib/python3.12/site-packages/airflow/example_dags/example_complex.py took 0.136 seconds
[2026-05-20T08:19:03.142+0000] {processor.py:161} INFO - Started process (PID=1410) to work on /home/airflow/.local/lib/python3.12/site-packages/airflow/example_dags/example_complex.py
[2026-05-20T08:19:03.144+0000] {processor.py:830} INFO - Processing file /home/airflow/.local/lib/python3.12/site-packages/airflow/example_dags/example_complex.py for tasks to queue
[2026-05-20T08:19:03.147+0000] {logging_mixin.py:188} INFO - [2026-05-20T08:19:03.146+0000] {dagbag.py:545} INFO - Filling up the DagBag from /home/airflow/.local/lib/python3.12/site-packages/airflow/example_dags/example_complex.py
[2026-05-20T08:19:03.163+0000] {processor.py:840} INFO - DAG(s) 'example_complex' retrieved from /home/airflow/.local/lib/python3.12/site-packages/airflow/example_dags/example_complex.py
[2026-05-20T08:19:03.212+0000] {logging_mixin.py:188} INFO - [2026-05-20T08:19:03.211+0000] {dag.py:3089} INFO - Sync 1 DAGs
[2026-05-20T08:19:03.235+0000] {logging_mixin.py:188} INFO - [2026-05-20T08:19:03.234+0000] {dag.py:3947} INFO - Setting next_dagrun for example_complex to None, run_after=None
[2026-05-20T08:19:03.264+0000] {processor.py:183} INFO - Processing /home/airflow/.local/lib/python3.12/site-packages/airflow/example_dags/example_complex.py took 0.131 seconds
[2026-05-20T08:19:33.700+0000] {processor.py:161} INFO - Started process (PID=1470) to work on /home/airflow/.local/lib/python3.12/site-packages/airflow/example_dags/example_complex.py
[2026-05-20T08:19:33.702+0000] {processor.py:830} INFO - Processing file /home/airflow/.local/lib/python3.12/site-packages/airflow/example_dags/example_complex.py for tasks to queue
[2026-05-20T08:19:33.705+0000] {logging_mixin.py:188} INFO - [2026-05-20T08:19:33.705+0000] {dagbag.py:545} INFO - Filling up the DagBag from /home/airflow/.local/lib/python3.12/site-packages/airflow/example_dags/example_complex.py
[2026-05-20T08:19:33.721+0000] {processor.py:840} INFO - DAG(s) 'example_complex' retrieved from /home/airflow/.local/lib/python3.12/site-packages/airflow/example_dags/example_complex.py
[2026-05-20T08:19:33.766+0000] {logging_mixin.py:188} INFO - [2026-05-20T08:19:33.765+0000] {dag.py:3089} INFO - Sync 1 DAGs
[2026-05-20T08:19:33.784+0000] {logging_mixin.py:188} INFO - [2026-05-20T08:19:33.784+0000] {dag.py:3947} INFO - Setting next_dagrun for example_complex to None, run_after=None
[2026-05-20T08:19:33.819+0000] {processor.py:183} INFO - Processing /home/airflow/.local/lib/python3.12/site-packages/airflow/example_dags/example_complex.py took 0.128 seconds
[2026-05-20T08:20:04.995+0000] {processor.py:161} INFO - Started process (PID=1529) to work on /home/airflow/.local/lib/python3.12/site-packages/airflow/example_dags/example_complex.py
[2026-05-20T08:20:04.996+0000] {processor.py:830} INFO - Processing file /home/airflow/.local/lib/python3.12/site-packages/airflow/example_dags/example_complex.py for tasks to queue
[2026-05-20T08:20:05.000+0000] {logging_mixin.py:188} INFO - [2026-05-20T08:20:04.999+0000] {dagbag.py:545} INFO - Filling up the DagBag from /home/airflow/.local/lib/python3.12/site-packages/airflow/example_dags/example_complex.py
[2026-05-20T08:20:05.018+0000] {processor.py:840} INFO - DAG(s) 'example_complex' retrieved from /home/airflow/.local/lib/python3.12/site-packages/airflow/example_dags/example_complex.py
[2026-05-20T08:20:05.083+0000] {logging_mixin.py:188} INFO - [2026-05-20T08:20:05.082+0000] {dag.py:3089} INFO - Sync 1 DAGs
[2026-05-20T08:20:05.109+0000] {logging_mixin.py:188} INFO - [2026-05-20T08:20:05.108+0000] {dag.py:3947} INFO - Setting next_dagrun for example_complex to None, run_after=None
[2026-05-20T08:20:05.142+0000] {processor.py:183} INFO - Processing /home/airflow/.local/lib/python3.12/site-packages/airflow/example_dags/example_complex.py took 0.157 seconds
[2026-05-20T08:20:44.024+0000] {processor.py:161} INFO - Started process (PID=1601) to work on /home/airflow/.local/lib/python3.12/site-packages/airflow/example_dags/example_complex.py
[2026-05-20T08:20:44.031+0000] {processor.py:830} INFO - Processing file /home/airflow/.local/lib/python3.12/site-packages/airflow/example_dags/example_complex.py for tasks to queue
[2026-05-20T08:20:44.036+0000] {logging_mixin.py:188} INFO - [2026-05-20T08:20:44.035+0000] {dagbag.py:545} INFO - Filling up the DagBag from /home/airflow/.local/lib/python3.12/site-packages/airflow/example_dags/example_complex.py
[2026-05-20T08:20:44.064+0000] {processor.py:840} INFO - DAG(s) 'example_complex' retrieved from /home/airflow/.local/lib/python3.12/site-packages/airflow/example_dags/example_complex.py
[2026-05-20T08:20:44.254+0000] {logging_mixin.py:188} INFO - [2026-05-20T08:20:44.244+0000] {dag.py:3089} INFO - Sync 1 DAGs
[2026-05-20T08:20:44.328+0000] {logging_mixin.py:188} INFO - [2026-05-20T08:20:44.327+0000] {dag.py:3947} INFO - Setting next_dagrun for example_complex to None, run_after=None
[2026-05-20T08:20:44.430+0000] {processor.py:183} INFO - Processing /home/airflow/.local/lib/python3.12/site-packages/airflow/example_dags/example_complex.py took 0.424 seconds
[2026-05-20T08:21:17.551+0000] {processor.py:161} INFO - Started process (PID=1662) to work on /home/airflow/.local/lib/python3.12/site-packages/airflow/example_dags/example_complex.py
[2026-05-20T08:21:17.558+0000] {processor.py:830} INFO - Processing file /home/airflow/.local/lib/python3.12/site-packages/airflow/example_dags/example_complex.py for tasks to queue
[2026-05-20T08:21:17.566+0000] {logging_mixin.py:188} INFO - [2026-05-20T08:21:17.565+0000] {dagbag.py:545} INFO - Filling up the DagBag from /home/airflow/.local/lib/python3.12/site-packages/airflow/example_dags/example_complex.py
[2026-05-20T08:21:17.623+0000] {processor.py:840} INFO - DAG(s) 'example_complex' retrieved from /home/airflow/.local/lib/python3.12/site-packages/airflow/example_dags/example_complex.py
[2026-05-20T08:21:17.828+0000] {logging_mixin.py:188} INFO - [2026-05-20T08:21:17.824+0000] {dag.py:3089} INFO - Sync 1 DAGs
[2026-05-20T08:21:17.895+0000] {logging_mixin.py:188} INFO - [2026-05-20T08:21:17.895+0000] {dag.py:3947} INFO - Setting next_dagrun for example_complex to None, run_after=None
[2026-05-20T08:21:17.965+0000] {processor.py:183} INFO - Processing /home/airflow/.local/lib/python3.12/site-packages/airflow/example_dags/example_complex.py took 0.434 seconds
[2026-05-20T08:21:49.914+0000] {processor.py:161} INFO - Started process (PID=1722) to work on /home/airflow/.local/lib/python3.12/site-packages/airflow/example_dags/example_complex.py
[2026-05-20T08:21:49.917+0000] {processor.py:830} INFO - Processing file /home/airflow/.local/lib/python3.12/site-packages/airflow/example_dags/example_complex.py for tasks to queue
[2026-05-20T08:21:49.927+0000] {logging_mixin.py:188} INFO - [2026-05-20T08:21:49.926+0000] {dagbag.py:545} INFO - Filling up the DagBag from /home/airflow/.local/lib/python3.12/site-packages/airflow/example_dags/example_complex.py
[2026-05-20T08:21:50.033+0000] {processor.py:840} INFO - DAG(s) 'example_complex' retrieved from /home/airflow/.local/lib/python3.12/site-packages/airflow/example_dags/example_complex.py
[2026-05-20T08:21:50.324+0000] {logging_mixin.py:188} INFO - [2026-05-20T08:21:50.323+0000] {dag.py:3089} INFO - Sync 1 DAGs
[2026-05-20T08:21:50.452+0000] {logging_mixin.py:188} INFO - [2026-05-20T08:21:50.451+0000] {dag.py:3947} INFO - Setting next_dagrun for example_complex to None, run_after=None
[2026-05-20T08:21:50.748+0000] {processor.py:183} INFO - Processing /home/airflow/.local/lib/python3.12/site-packages/airflow/example_dags/example_complex.py took 0.881 seconds
[2026-05-20T08:22:21.266+0000] {processor.py:161} INFO - Started process (PID=1782) to work on /home/airflow/.local/lib/python3.12/site-packages/airflow/example_dags/example_complex.py
[2026-05-20T08:22:21.272+0000] {processor.py:830} INFO - Processing file /home/airflow/.local/lib/python3.12/site-packages/airflow/example_dags/example_complex.py for tasks to queue
[2026-05-20T08:22:21.283+0000] {logging_mixin.py:188} INFO - [2026-05-20T08:22:21.282+0000] {dagbag.py:545} INFO - Filling up the DagBag from /home/airflow/.local/lib/python3.12/site-packages/airflow/example_dags/example_complex.py
[2026-05-20T08:22:21.355+0000] {processor.py:840} INFO - DAG(s) 'example_complex' retrieved from /home/airflow/.local/lib/python3.12/site-packages/airflow/example_dags/example_complex.py
[2026-05-20T08:22:21.555+0000] {logging_mixin.py:188} INFO - [2026-05-20T08:22:21.554+0000] {dag.py:3089} INFO - Sync 1 DAGs
[2026-05-20T08:22:21.630+0000] {logging_mixin.py:188} INFO - [2026-05-20T08:22:21.629+0000] {dag.py:3947} INFO - Setting next_dagrun for example_complex to None, run_after=None
[2026-05-20T08:22:21.723+0000] {processor.py:183} INFO - Processing /home/airflow/.local/lib/python3.12/site-packages/airflow/example_dags/example_complex.py took 0.475 seconds
[2026-05-20T08:22:51.903+0000] {processor.py:161} INFO - Started process (PID=1842) to work on /home/airflow/.local/lib/python3.12/site-packages/airflow/example_dags/example_complex.py
[2026-05-20T08:22:51.906+0000] {processor.py:830} INFO - Processing file /home/airflow/.local/lib/python3.12/site-packages/airflow/example_dags/example_complex.py for tasks to queue
[2026-05-20T08:22:51.912+0000] {logging_mixin.py:188} INFO - [2026-05-20T08:22:51.911+0000] {dagbag.py:545} INFO - Filling up the DagBag from /home/airflow/.local/lib/python3.12/site-packages/airflow/example_dags/example_complex.py
[2026-05-20T08:22:51.955+0000] {processor.py:840} INFO - DAG(s) 'example_complex' retrieved from /home/airflow/.local/lib/python3.12/site-packages/airflow/example_dags/example_complex.py
[2026-05-20T08:22:52.053+0000] {logging_mixin.py:188} INFO - [2026-05-20T08:22:52.052+0000] {dag.py:3089} INFO - Sync 1 DAGs
[2026-05-20T08:22:52.092+0000] {logging_mixin.py:188} INFO - [2026-05-20T08:22:52.091+0000] {dag.py:3947} INFO - Setting next_dagrun for example_complex to None, run_after=None
[2026-05-20T08:22:52.139+0000] {processor.py:183} INFO - Processing /home/airflow/.local/lib/python3.12/site-packages/airflow/example_dags/example_complex.py took 0.252 seconds
[2026-05-20T08:23:22.429+0000] {processor.py:161} INFO - Started process (PID=1903) to work on /home/airflow/.local/lib/python3.12/site-packages/airflow/example_dags/example_complex.py
[2026-05-20T08:23:22.431+0000] {processor.py:830} INFO - Processing file /home/airflow/.local/lib/python3.12/site-packages/airflow/example_dags/example_complex.py for tasks to queue
[2026-05-20T08:23:22.437+0000] {logging_mixin.py:188} INFO - [2026-05-20T08:23:22.436+0000] {dagbag.py:545} INFO - Filling up the DagBag from /home/airflow/.local/lib/python3.12/site-packages/airflow/example_dags/example_complex.py
[2026-05-20T08:23:22.474+0000] {processor.py:840} INFO - DAG(s) 'example_complex' retrieved from /home/airflow/.local/lib/python3.12/site-packages/airflow/example_dags/example_complex.py
[2026-05-20T08:23:22.595+0000] {logging_mixin.py:188} INFO - [2026-05-20T08:23:22.595+0000] {dag.py:3089} INFO - Sync 1 DAGs
[2026-05-20T08:23:22.630+0000] {logging_mixin.py:188} INFO - [2026-05-20T08:23:22.630+0000] {dag.py:3947} INFO - Setting next_dagrun for example_complex to None, run_after=None
[2026-05-20T08:23:22.694+0000] {processor.py:183} INFO - Processing /home/airflow/.local/lib/python3.12/site-packages/airflow/example_dags/example_complex.py took 0.282 seconds
[2026-05-20T08:23:58.077+0000] {processor.py:161} INFO - Started process (PID=1964) to work on /home/airflow/.local/lib/python3.12/site-packages/airflow/example_dags/example_complex.py
[2026-05-20T08:23:58.089+0000] {processor.py:830} INFO - Processing file /home/airflow/.local/lib/python3.12/site-packages/airflow/example_dags/example_complex.py for tasks to queue
[2026-05-20T08:23:58.094+0000] {logging_mixin.py:188} INFO - [2026-05-20T08:23:58.093+0000] {dagbag.py:545} INFO - Filling up the DagBag from /home/airflow/.local/lib/python3.12/site-packages/airflow/example_dags/example_complex.py
[2026-05-20T08:23:58.143+0000] {processor.py:840} INFO - DAG(s) 'example_complex' retrieved from /home/airflow/.local/lib/python3.12/site-packages/airflow/example_dags/example_complex.py
[2026-05-20T08:23:58.358+0000] {logging_mixin.py:188} INFO - [2026-05-20T08:23:58.357+0000] {dag.py:3089} INFO - Sync 1 DAGs
[2026-05-20T08:23:58.413+0000] {logging_mixin.py:188} INFO - [2026-05-20T08:23:58.413+0000] {dag.py:3947} INFO - Setting next_dagrun for example_complex to None, run_after=None
[2026-05-20T08:23:58.501+0000] {processor.py:183} INFO - Processing /home/airflow/.local/lib/python3.12/site-packages/airflow/example_dags/example_complex.py took 0.453 seconds
[2026-05-20T08:24:28.740+0000] {processor.py:161} INFO - Started process (PID=2026) to work on /home/airflow/.local/lib/python3.12/site-packages/airflow/example_dags/example_complex.py
[2026-05-20T08:24:28.745+0000] {processor.py:830} INFO - Processing file /home/airflow/.local/lib/python3.12/site-packages/airflow/example_dags/example_complex.py for tasks to queue
[2026-05-20T08:24:28.751+0000] {logging_mixin.py:188} INFO - [2026-05-20T08:24:28.749+0000] {dagbag.py:545} INFO - Filling up the DagBag from /home/airflow/.local/lib/python3.12/site-packages/airflow/example_dags/example_complex.py
[2026-05-20T08:24:28.781+0000] {processor.py:840} INFO - DAG(s) 'example_complex' retrieved from /home/airflow/.local/lib/python3.12/site-packages/airflow/example_dags/example_complex.py
[2026-05-20T08:24:28.868+0000] {logging_mixin.py:188} INFO - [2026-05-20T08:24:28.867+0000] {dag.py:3089} INFO - Sync 1 DAGs
[2026-05-20T08:24:28.914+0000] {logging_mixin.py:188} INFO - [2026-05-20T08:24:28.914+0000] {dag.py:3947} INFO - Setting next_dagrun for example_complex to None, run_after=None
[2026-05-20T08:24:28.999+0000] {processor.py:183} INFO - Processing /home/airflow/.local/lib/python3.12/site-packages/airflow/example_dags/example_complex.py took 0.277 seconds
[2026-05-20T08:25:20.322+0000] {processor.py:161} INFO - Started process (PID=2100) to work on /home/airflow/.local/lib/python3.12/site-packages/airflow/example_dags/example_complex.py
[2026-05-20T08:25:20.355+0000] {processor.py:830} INFO - Processing file /home/airflow/.local/lib/python3.12/site-packages/airflow/example_dags/example_complex.py for tasks to queue
[2026-05-20T08:25:20.427+0000] {logging_mixin.py:188} INFO - [2026-05-20T08:25:20.426+0000] {dagbag.py:545} INFO - Filling up the DagBag from /home/airflow/.local/lib/python3.12/site-packages/airflow/example_dags/example_complex.py
[2026-05-20T08:25:20.864+0000] {processor.py:840} INFO - DAG(s) 'example_complex' retrieved from /home/airflow/.local/lib/python3.12/site-packages/airflow/example_dags/example_complex.py
[2026-05-20T08:25:21.828+0000] {logging_mixin.py:188} INFO - [2026-05-20T08:25:21.810+0000] {dag.py:3089} INFO - Sync 1 DAGs
[2026-05-20T08:25:22.208+0000] {logging_mixin.py:188} INFO - [2026-05-20T08:25:22.207+0000] {dag.py:3947} INFO - Setting next_dagrun for example_complex to None, run_after=None
[2026-05-20T08:25:22.563+0000] {processor.py:183} INFO - Processing /home/airflow/.local/lib/python3.12/site-packages/airflow/example_dags/example_complex.py took 2.328 seconds
[2026-05-20T08:25:53.579+0000] {processor.py:161} INFO - Started process (PID=2160) to work on /home/airflow/.local/lib/python3.12/site-packages/airflow/example_dags/example_complex.py
[2026-05-20T08:25:53.584+0000] {processor.py:830} INFO - Processing file /home/airflow/.local/lib/python3.12/site-packages/airflow/example_dags/example_complex.py for tasks to queue
[2026-05-20T08:25:53.597+0000] {logging_mixin.py:188} INFO - [2026-05-20T08:25:53.596+0000] {dagbag.py:545} INFO - Filling up the DagBag from /home/airflow/.local/lib/python3.12/site-packages/airflow/example_dags/example_complex.py
[2026-05-20T08:25:53.714+0000] {processor.py:840} INFO - DAG(s) 'example_complex' retrieved from /home/airflow/.local/lib/python3.12/site-packages/airflow/example_dags/example_complex.py
[2026-05-20T08:25:53.900+0000] {logging_mixin.py:188} INFO - [2026-05-20T08:25:53.899+0000] {dag.py:3089} INFO - Sync 1 DAGs
[2026-05-20T08:25:54.011+0000] {logging_mixin.py:188} INFO - [2026-05-20T08:25:54.010+0000] {dag.py:3947} INFO - Setting next_dagrun for example_complex to None, run_after=None
[2026-05-20T08:25:54.175+0000] {processor.py:183} INFO - Processing /home/airflow/.local/lib/python3.12/site-packages/airflow/example_dags/example_complex.py took 0.642 seconds
[2026-05-20T08:26:24.484+0000] {processor.py:161} INFO - Started process (PID=2220) to work on /home/airflow/.local/lib/python3.12/site-packages/airflow/example_dags/example_complex.py
[2026-05-20T08:26:24.486+0000] {processor.py:830} INFO - Processing file /home/airflow/.local/lib/python3.12/site-packages/airflow/example_dags/example_complex.py for tasks to queue
[2026-05-20T08:26:24.490+0000] {logging_mixin.py:188} INFO - [2026-05-20T08:26:24.489+0000] {dagbag.py:545} INFO - Filling up the DagBag from /home/airflow/.local/lib/python3.12/site-packages/airflow/example_dags/example_complex.py
[2026-05-20T08:26:24.513+0000] {processor.py:840} INFO - DAG(s) 'example_complex' retrieved from /home/airflow/.local/lib/python3.12/site-packages/airflow/example_dags/example_complex.py
[2026-05-20T08:26:24.584+0000] {logging_mixin.py:188} INFO - [2026-05-20T08:26:24.584+0000] {dag.py:3089} INFO - Sync 1 DAGs
[2026-05-20T08:26:24.607+0000] {logging_mixin.py:188} INFO - [2026-05-20T08:26:24.607+0000] {dag.py:3947} INFO - Setting next_dagrun for example_complex to None, run_after=None
[2026-05-20T08:26:24.636+0000] {processor.py:183} INFO - Processing /home/airflow/.local/lib/python3.12/site-packages/airflow/example_dags/example_complex.py took 0.165 seconds
