[2026-05-20T08:07:26.694+0000] {processor.py:161} INFO - Started process (PID=112) to work on /home/airflow/.local/lib/python3.12/site-packages/airflow/example_dags/example_latest_only_with_trigger.py
[2026-05-20T08:07:26.697+0000] {processor.py:830} INFO - Processing file /home/airflow/.local/lib/python3.12/site-packages/airflow/example_dags/example_latest_only_with_trigger.py for tasks to queue
[2026-05-20T08:07:26.701+0000] {logging_mixin.py:188} INFO - [2026-05-20T08:07:26.700+0000] {dagbag.py:545} INFO - Filling up the DagBag from /home/airflow/.local/lib/python3.12/site-packages/airflow/example_dags/example_latest_only_with_trigger.py
[2026-05-20T08:07:26.747+0000] {processor.py:840} INFO - DAG(s) 'latest_only_with_trigger' retrieved from /home/airflow/.local/lib/python3.12/site-packages/airflow/example_dags/example_latest_only_with_trigger.py
[2026-05-20T08:07:27.336+0000] {logging_mixin.py:188} INFO - [2026-05-20T08:07:27.335+0000] {dag.py:3089} INFO - Sync 1 DAGs
[2026-05-20T08:07:27.398+0000] {logging_mixin.py:188} INFO - [2026-05-20T08:07:27.398+0000] {dag.py:3947} INFO - Setting next_dagrun for latest_only_with_trigger to 2026-05-20 04:00:00+00:00, run_after=2026-05-20 08:00:00+00:00
[2026-05-20T08:07:27.486+0000] {processor.py:183} INFO - Processing /home/airflow/.local/lib/python3.12/site-packages/airflow/example_dags/example_latest_only_with_trigger.py took 0.808 seconds
[2026-05-20T08:08:13.998+0000] {processor.py:161} INFO - Started process (PID=180) to work on /home/airflow/.local/lib/python3.12/site-packages/airflow/example_dags/example_latest_only_with_trigger.py
[2026-05-20T08:08:14.012+0000] {processor.py:830} INFO - Processing file /home/airflow/.local/lib/python3.12/site-packages/airflow/example_dags/example_latest_only_with_trigger.py for tasks to queue
[2026-05-20T08:08:14.018+0000] {logging_mixin.py:188} INFO - [2026-05-20T08:08:14.017+0000] {dagbag.py:545} INFO - Filling up the DagBag from /home/airflow/.local/lib/python3.12/site-packages/airflow/example_dags/example_latest_only_with_trigger.py
[2026-05-20T08:08:14.061+0000] {processor.py:840} INFO - DAG(s) 'latest_only_with_trigger' retrieved from /home/airflow/.local/lib/python3.12/site-packages/airflow/example_dags/example_latest_only_with_trigger.py
[2026-05-20T08:08:14.131+0000] {logging_mixin.py:188} INFO - [2026-05-20T08:08:14.130+0000] {dag.py:3089} INFO - Sync 1 DAGs
[2026-05-20T08:08:14.269+0000] {logging_mixin.py:188} INFO - [2026-05-20T08:08:14.266+0000] {dag.py:3947} INFO - Setting next_dagrun for latest_only_with_trigger to 2026-05-20 04:00:00+00:00, run_after=2026-05-20 08:00:00+00:00
[2026-05-20T08:08:14.381+0000] {processor.py:183} INFO - Processing /home/airflow/.local/lib/python3.12/site-packages/airflow/example_dags/example_latest_only_with_trigger.py took 0.413 seconds
[2026-05-20T08:08:46.496+0000] {processor.py:161} INFO - Started process (PID=239) to work on /home/airflow/.local/lib/python3.12/site-packages/airflow/example_dags/example_latest_only_with_trigger.py
[2026-05-20T08:08:46.498+0000] {processor.py:830} INFO - Processing file /home/airflow/.local/lib/python3.12/site-packages/airflow/example_dags/example_latest_only_with_trigger.py for tasks to queue
[2026-05-20T08:08:46.505+0000] {logging_mixin.py:188} INFO - [2026-05-20T08:08:46.504+0000] {dagbag.py:545} INFO - Filling up the DagBag from /home/airflow/.local/lib/python3.12/site-packages/airflow/example_dags/example_latest_only_with_trigger.py
[2026-05-20T08:08:46.525+0000] {processor.py:840} INFO - DAG(s) 'latest_only_with_trigger' retrieved from /home/airflow/.local/lib/python3.12/site-packages/airflow/example_dags/example_latest_only_with_trigger.py
[2026-05-20T08:08:46.621+0000] {logging_mixin.py:188} INFO - [2026-05-20T08:08:46.620+0000] {dag.py:3089} INFO - Sync 1 DAGs
[2026-05-20T08:08:46.684+0000] {logging_mixin.py:188} INFO - [2026-05-20T08:08:46.683+0000] {dag.py:3947} INFO - Setting next_dagrun for latest_only_with_trigger to 2026-05-20 04:00:00+00:00, run_after=2026-05-20 08:00:00+00:00
[2026-05-20T08:08:46.742+0000] {processor.py:183} INFO - Processing /home/airflow/.local/lib/python3.12/site-packages/airflow/example_dags/example_latest_only_with_trigger.py took 0.264 seconds
[2026-05-20T08:09:16.949+0000] {processor.py:161} INFO - Started process (PID=298) to work on /home/airflow/.local/lib/python3.12/site-packages/airflow/example_dags/example_latest_only_with_trigger.py
[2026-05-20T08:09:16.952+0000] {processor.py:830} INFO - Processing file /home/airflow/.local/lib/python3.12/site-packages/airflow/example_dags/example_latest_only_with_trigger.py for tasks to queue
[2026-05-20T08:09:16.958+0000] {logging_mixin.py:188} INFO - [2026-05-20T08:09:16.957+0000] {dagbag.py:545} INFO - Filling up the DagBag from /home/airflow/.local/lib/python3.12/site-packages/airflow/example_dags/example_latest_only_with_trigger.py
[2026-05-20T08:09:16.972+0000] {processor.py:840} INFO - DAG(s) 'latest_only_with_trigger' retrieved from /home/airflow/.local/lib/python3.12/site-packages/airflow/example_dags/example_latest_only_with_trigger.py
[2026-05-20T08:09:17.016+0000] {logging_mixin.py:188} INFO - [2026-05-20T08:09:17.016+0000] {dag.py:3089} INFO - Sync 1 DAGs
[2026-05-20T08:09:17.052+0000] {logging_mixin.py:188} INFO - [2026-05-20T08:09:17.052+0000] {dag.py:3947} INFO - Setting next_dagrun for latest_only_with_trigger to 2026-05-20 04:00:00+00:00, run_after=2026-05-20 08:00:00+00:00
[2026-05-20T08:09:17.084+0000] {processor.py:183} INFO - Processing /home/airflow/.local/lib/python3.12/site-packages/airflow/example_dags/example_latest_only_with_trigger.py took 0.148 seconds
[2026-05-20T08:09:48.404+0000] {processor.py:161} INFO - Started process (PID=358) to work on /home/airflow/.local/lib/python3.12/site-packages/airflow/example_dags/example_latest_only_with_trigger.py
[2026-05-20T08:09:48.407+0000] {processor.py:830} INFO - Processing file /home/airflow/.local/lib/python3.12/site-packages/airflow/example_dags/example_latest_only_with_trigger.py for tasks to queue
[2026-05-20T08:09:48.412+0000] {logging_mixin.py:188} INFO - [2026-05-20T08:09:48.411+0000] {dagbag.py:545} INFO - Filling up the DagBag from /home/airflow/.local/lib/python3.12/site-packages/airflow/example_dags/example_latest_only_with_trigger.py
[2026-05-20T08:09:48.421+0000] {processor.py:840} INFO - DAG(s) 'latest_only_with_trigger' retrieved from /home/airflow/.local/lib/python3.12/site-packages/airflow/example_dags/example_latest_only_with_trigger.py
[2026-05-20T08:09:48.461+0000] {logging_mixin.py:188} INFO - [2026-05-20T08:09:48.461+0000] {dag.py:3089} INFO - Sync 1 DAGs
[2026-05-20T08:09:48.503+0000] {logging_mixin.py:188} INFO - [2026-05-20T08:09:48.503+0000] {dag.py:3947} INFO - Setting next_dagrun for latest_only_with_trigger to 2026-05-20 04:00:00+00:00, run_after=2026-05-20 08:00:00+00:00
[2026-05-20T08:09:48.538+0000] {processor.py:183} INFO - Processing /home/airflow/.local/lib/python3.12/site-packages/airflow/example_dags/example_latest_only_with_trigger.py took 0.147 seconds
[2026-05-20T08:10:23.620+0000] {processor.py:161} INFO - Started process (PID=418) to work on /home/airflow/.local/lib/python3.12/site-packages/airflow/example_dags/example_latest_only_with_trigger.py
[2026-05-20T08:10:23.622+0000] {processor.py:830} INFO - Processing file /home/airflow/.local/lib/python3.12/site-packages/airflow/example_dags/example_latest_only_with_trigger.py for tasks to queue
[2026-05-20T08:10:23.628+0000] {logging_mixin.py:188} INFO - [2026-05-20T08:10:23.627+0000] {dagbag.py:545} INFO - Filling up the DagBag from /home/airflow/.local/lib/python3.12/site-packages/airflow/example_dags/example_latest_only_with_trigger.py
[2026-05-20T08:10:23.640+0000] {processor.py:840} INFO - DAG(s) 'latest_only_with_trigger' retrieved from /home/airflow/.local/lib/python3.12/site-packages/airflow/example_dags/example_latest_only_with_trigger.py
[2026-05-20T08:10:23.683+0000] {logging_mixin.py:188} INFO - [2026-05-20T08:10:23.682+0000] {dag.py:3089} INFO - Sync 1 DAGs
[2026-05-20T08:10:23.751+0000] {logging_mixin.py:188} INFO - [2026-05-20T08:10:23.750+0000] {dag.py:3947} INFO - Setting next_dagrun for latest_only_with_trigger to 2026-05-20 04:00:00+00:00, run_after=2026-05-20 08:00:00+00:00
[2026-05-20T08:10:23.796+0000] {processor.py:183} INFO - Processing /home/airflow/.local/lib/python3.12/site-packages/airflow/example_dags/example_latest_only_with_trigger.py took 0.188 seconds
[2026-05-20T08:10:54.833+0000] {processor.py:161} INFO - Started process (PID=477) to work on /home/airflow/.local/lib/python3.12/site-packages/airflow/example_dags/example_latest_only_with_trigger.py
[2026-05-20T08:10:54.837+0000] {processor.py:830} INFO - Processing file /home/airflow/.local/lib/python3.12/site-packages/airflow/example_dags/example_latest_only_with_trigger.py for tasks to queue
[2026-05-20T08:10:54.843+0000] {logging_mixin.py:188} INFO - [2026-05-20T08:10:54.843+0000] {dagbag.py:545} INFO - Filling up the DagBag from /home/airflow/.local/lib/python3.12/site-packages/airflow/example_dags/example_latest_only_with_trigger.py
[2026-05-20T08:10:54.866+0000] {processor.py:840} INFO - DAG(s) 'latest_only_with_trigger' retrieved from /home/airflow/.local/lib/python3.12/site-packages/airflow/example_dags/example_latest_only_with_trigger.py
[2026-05-20T08:10:54.951+0000] {logging_mixin.py:188} INFO - [2026-05-20T08:10:54.950+0000] {dag.py:3089} INFO - Sync 1 DAGs
[2026-05-20T08:10:55.038+0000] {logging_mixin.py:188} INFO - [2026-05-20T08:10:55.037+0000] {dag.py:3947} INFO - Setting next_dagrun for latest_only_with_trigger to 2026-05-20 04:00:00+00:00, run_after=2026-05-20 08:00:00+00:00
[2026-05-20T08:10:55.073+0000] {processor.py:183} INFO - Processing /home/airflow/.local/lib/python3.12/site-packages/airflow/example_dags/example_latest_only_with_trigger.py took 0.257 seconds
[2026-05-20T08:11:25.916+0000] {processor.py:161} INFO - Started process (PID=538) to work on /home/airflow/.local/lib/python3.12/site-packages/airflow/example_dags/example_latest_only_with_trigger.py
[2026-05-20T08:11:25.919+0000] {processor.py:830} INFO - Processing file /home/airflow/.local/lib/python3.12/site-packages/airflow/example_dags/example_latest_only_with_trigger.py for tasks to queue
[2026-05-20T08:11:25.923+0000] {logging_mixin.py:188} INFO - [2026-05-20T08:11:25.922+0000] {dagbag.py:545} INFO - Filling up the DagBag from /home/airflow/.local/lib/python3.12/site-packages/airflow/example_dags/example_latest_only_with_trigger.py
[2026-05-20T08:11:25.933+0000] {processor.py:840} INFO - DAG(s) 'latest_only_with_trigger' retrieved from /home/airflow/.local/lib/python3.12/site-packages/airflow/example_dags/example_latest_only_with_trigger.py
[2026-05-20T08:11:25.976+0000] {logging_mixin.py:188} INFO - [2026-05-20T08:11:25.975+0000] {dag.py:3089} INFO - Sync 1 DAGs
[2026-05-20T08:11:26.082+0000] {logging_mixin.py:188} INFO - [2026-05-20T08:11:26.079+0000] {dag.py:3947} INFO - Setting next_dagrun for latest_only_with_trigger to 2026-05-20 04:00:00+00:00, run_after=2026-05-20 08:00:00+00:00
[2026-05-20T08:11:26.159+0000] {processor.py:183} INFO - Processing /home/airflow/.local/lib/python3.12/site-packages/airflow/example_dags/example_latest_only_with_trigger.py took 0.255 seconds
[2026-05-20T08:11:56.989+0000] {processor.py:161} INFO - Started process (PID=596) to work on /home/airflow/.local/lib/python3.12/site-packages/airflow/example_dags/example_latest_only_with_trigger.py
[2026-05-20T08:11:56.991+0000] {processor.py:830} INFO - Processing file /home/airflow/.local/lib/python3.12/site-packages/airflow/example_dags/example_latest_only_with_trigger.py for tasks to queue
[2026-05-20T08:11:56.996+0000] {logging_mixin.py:188} INFO - [2026-05-20T08:11:56.995+0000] {dagbag.py:545} INFO - Filling up the DagBag from /home/airflow/.local/lib/python3.12/site-packages/airflow/example_dags/example_latest_only_with_trigger.py
[2026-05-20T08:11:57.010+0000] {processor.py:840} INFO - DAG(s) 'latest_only_with_trigger' retrieved from /home/airflow/.local/lib/python3.12/site-packages/airflow/example_dags/example_latest_only_with_trigger.py
[2026-05-20T08:11:57.055+0000] {logging_mixin.py:188} INFO - [2026-05-20T08:11:57.054+0000] {dag.py:3089} INFO - Sync 1 DAGs
[2026-05-20T08:11:57.109+0000] {logging_mixin.py:188} INFO - [2026-05-20T08:11:57.109+0000] {dag.py:3947} INFO - Setting next_dagrun for latest_only_with_trigger to 2026-05-20 04:00:00+00:00, run_after=2026-05-20 08:00:00+00:00
[2026-05-20T08:11:57.159+0000] {processor.py:183} INFO - Processing /home/airflow/.local/lib/python3.12/site-packages/airflow/example_dags/example_latest_only_with_trigger.py took 0.180 seconds
[2026-05-20T08:12:28.645+0000] {processor.py:161} INFO - Started process (PID=656) to work on /home/airflow/.local/lib/python3.12/site-packages/airflow/example_dags/example_latest_only_with_trigger.py
[2026-05-20T08:12:28.648+0000] {processor.py:830} INFO - Processing file /home/airflow/.local/lib/python3.12/site-packages/airflow/example_dags/example_latest_only_with_trigger.py for tasks to queue
[2026-05-20T08:12:28.652+0000] {logging_mixin.py:188} INFO - [2026-05-20T08:12:28.652+0000] {dagbag.py:545} INFO - Filling up the DagBag from /home/airflow/.local/lib/python3.12/site-packages/airflow/example_dags/example_latest_only_with_trigger.py
[2026-05-20T08:12:28.662+0000] {processor.py:840} INFO - DAG(s) 'latest_only_with_trigger' retrieved from /home/airflow/.local/lib/python3.12/site-packages/airflow/example_dags/example_latest_only_with_trigger.py
[2026-05-20T08:12:28.706+0000] {logging_mixin.py:188} INFO - [2026-05-20T08:12:28.706+0000] {dag.py:3089} INFO - Sync 1 DAGs
[2026-05-20T08:12:28.750+0000] {logging_mixin.py:188} INFO - [2026-05-20T08:12:28.749+0000] {dag.py:3947} INFO - Setting next_dagrun for latest_only_with_trigger to 2026-05-20 04:00:00+00:00, run_after=2026-05-20 08:00:00+00:00
[2026-05-20T08:12:28.807+0000] {processor.py:183} INFO - Processing /home/airflow/.local/lib/python3.12/site-packages/airflow/example_dags/example_latest_only_with_trigger.py took 0.171 seconds
[2026-05-20T08:12:59.591+0000] {processor.py:161} INFO - Started process (PID=716) to work on /home/airflow/.local/lib/python3.12/site-packages/airflow/example_dags/example_latest_only_with_trigger.py
[2026-05-20T08:12:59.597+0000] {processor.py:830} INFO - Processing file /home/airflow/.local/lib/python3.12/site-packages/airflow/example_dags/example_latest_only_with_trigger.py for tasks to queue
[2026-05-20T08:12:59.614+0000] {logging_mixin.py:188} INFO - [2026-05-20T08:12:59.612+0000] {dagbag.py:545} INFO - Filling up the DagBag from /home/airflow/.local/lib/python3.12/site-packages/airflow/example_dags/example_latest_only_with_trigger.py
[2026-05-20T08:12:59.643+0000] {processor.py:840} INFO - DAG(s) 'latest_only_with_trigger' retrieved from /home/airflow/.local/lib/python3.12/site-packages/airflow/example_dags/example_latest_only_with_trigger.py
[2026-05-20T08:12:59.777+0000] {logging_mixin.py:188} INFO - [2026-05-20T08:12:59.777+0000] {dag.py:3089} INFO - Sync 1 DAGs
[2026-05-20T08:12:59.934+0000] {logging_mixin.py:188} INFO - [2026-05-20T08:12:59.933+0000] {dag.py:3947} INFO - Setting next_dagrun for latest_only_with_trigger to 2026-05-20 04:00:00+00:00, run_after=2026-05-20 08:00:00+00:00
[2026-05-20T08:13:00.115+0000] {processor.py:183} INFO - Processing /home/airflow/.local/lib/python3.12/site-packages/airflow/example_dags/example_latest_only_with_trigger.py took 0.553 seconds
[2026-05-20T08:13:39.855+0000] {processor.py:161} INFO - Started process (PID=782) to work on /home/airflow/.local/lib/python3.12/site-packages/airflow/example_dags/example_latest_only_with_trigger.py
[2026-05-20T08:13:39.865+0000] {processor.py:830} INFO - Processing file /home/airflow/.local/lib/python3.12/site-packages/airflow/example_dags/example_latest_only_with_trigger.py for tasks to queue
[2026-05-20T08:13:39.876+0000] {logging_mixin.py:188} INFO - [2026-05-20T08:13:39.874+0000] {dagbag.py:545} INFO - Filling up the DagBag from /home/airflow/.local/lib/python3.12/site-packages/airflow/example_dags/example_latest_only_with_trigger.py
[2026-05-20T08:13:39.912+0000] {processor.py:840} INFO - DAG(s) 'latest_only_with_trigger' retrieved from /home/airflow/.local/lib/python3.12/site-packages/airflow/example_dags/example_latest_only_with_trigger.py
[2026-05-20T08:13:40.047+0000] {logging_mixin.py:188} INFO - [2026-05-20T08:13:40.046+0000] {dag.py:3089} INFO - Sync 1 DAGs
[2026-05-20T08:13:40.235+0000] {logging_mixin.py:188} INFO - [2026-05-20T08:13:40.235+0000] {dag.py:3947} INFO - Setting next_dagrun for latest_only_with_trigger to 2026-05-20 04:00:00+00:00, run_after=2026-05-20 08:00:00+00:00
[2026-05-20T08:13:40.393+0000] {processor.py:183} INFO - Processing /home/airflow/.local/lib/python3.12/site-packages/airflow/example_dags/example_latest_only_with_trigger.py took 0.575 seconds
[2026-05-20T08:14:15.742+0000] {processor.py:161} INFO - Started process (PID=842) to work on /home/airflow/.local/lib/python3.12/site-packages/airflow/example_dags/example_latest_only_with_trigger.py
[2026-05-20T08:14:15.749+0000] {processor.py:830} INFO - Processing file /home/airflow/.local/lib/python3.12/site-packages/airflow/example_dags/example_latest_only_with_trigger.py for tasks to queue
[2026-05-20T08:14:15.757+0000] {logging_mixin.py:188} INFO - [2026-05-20T08:14:15.756+0000] {dagbag.py:545} INFO - Filling up the DagBag from /home/airflow/.local/lib/python3.12/site-packages/airflow/example_dags/example_latest_only_with_trigger.py
[2026-05-20T08:14:15.816+0000] {processor.py:840} INFO - DAG(s) 'latest_only_with_trigger' retrieved from /home/airflow/.local/lib/python3.12/site-packages/airflow/example_dags/example_latest_only_with_trigger.py
[2026-05-20T08:14:15.881+0000] {logging_mixin.py:188} INFO - [2026-05-20T08:14:15.881+0000] {dag.py:3089} INFO - Sync 1 DAGs
[2026-05-20T08:14:15.976+0000] {logging_mixin.py:188} INFO - [2026-05-20T08:14:15.976+0000] {dag.py:3947} INFO - Setting next_dagrun for latest_only_with_trigger to 2026-05-20 04:00:00+00:00, run_after=2026-05-20 08:00:00+00:00
[2026-05-20T08:14:16.100+0000] {processor.py:183} INFO - Processing /home/airflow/.local/lib/python3.12/site-packages/airflow/example_dags/example_latest_only_with_trigger.py took 0.422 seconds
[2026-05-20T08:14:47.903+0000] {processor.py:161} INFO - Started process (PID=902) to work on /home/airflow/.local/lib/python3.12/site-packages/airflow/example_dags/example_latest_only_with_trigger.py
[2026-05-20T08:14:47.907+0000] {processor.py:830} INFO - Processing file /home/airflow/.local/lib/python3.12/site-packages/airflow/example_dags/example_latest_only_with_trigger.py for tasks to queue
[2026-05-20T08:14:47.912+0000] {logging_mixin.py:188} INFO - [2026-05-20T08:14:47.911+0000] {dagbag.py:545} INFO - Filling up the DagBag from /home/airflow/.local/lib/python3.12/site-packages/airflow/example_dags/example_latest_only_with_trigger.py
[2026-05-20T08:14:47.928+0000] {processor.py:840} INFO - DAG(s) 'latest_only_with_trigger' retrieved from /home/airflow/.local/lib/python3.12/site-packages/airflow/example_dags/example_latest_only_with_trigger.py
[2026-05-20T08:14:48.050+0000] {logging_mixin.py:188} INFO - [2026-05-20T08:14:48.049+0000] {dag.py:3089} INFO - Sync 1 DAGs
[2026-05-20T08:14:48.212+0000] {logging_mixin.py:188} INFO - [2026-05-20T08:14:48.212+0000] {dag.py:3947} INFO - Setting next_dagrun for latest_only_with_trigger to 2026-05-20 04:00:00+00:00, run_after=2026-05-20 08:00:00+00:00
[2026-05-20T08:14:48.347+0000] {processor.py:183} INFO - Processing /home/airflow/.local/lib/python3.12/site-packages/airflow/example_dags/example_latest_only_with_trigger.py took 0.462 seconds
[2026-05-20T08:15:18.519+0000] {processor.py:161} INFO - Started process (PID=962) to work on /home/airflow/.local/lib/python3.12/site-packages/airflow/example_dags/example_latest_only_with_trigger.py
[2026-05-20T08:15:18.522+0000] {processor.py:830} INFO - Processing file /home/airflow/.local/lib/python3.12/site-packages/airflow/example_dags/example_latest_only_with_trigger.py for tasks to queue
[2026-05-20T08:15:18.527+0000] {logging_mixin.py:188} INFO - [2026-05-20T08:15:18.526+0000] {dagbag.py:545} INFO - Filling up the DagBag from /home/airflow/.local/lib/python3.12/site-packages/airflow/example_dags/example_latest_only_with_trigger.py
[2026-05-20T08:15:18.538+0000] {processor.py:840} INFO - DAG(s) 'latest_only_with_trigger' retrieved from /home/airflow/.local/lib/python3.12/site-packages/airflow/example_dags/example_latest_only_with_trigger.py
[2026-05-20T08:15:18.579+0000] {logging_mixin.py:188} INFO - [2026-05-20T08:15:18.578+0000] {dag.py:3089} INFO - Sync 1 DAGs
[2026-05-20T08:15:18.614+0000] {logging_mixin.py:188} INFO - [2026-05-20T08:15:18.614+0000] {dag.py:3947} INFO - Setting next_dagrun for latest_only_with_trigger to 2026-05-20 04:00:00+00:00, run_after=2026-05-20 08:00:00+00:00
[2026-05-20T08:15:18.648+0000] {processor.py:183} INFO - Processing /home/airflow/.local/lib/python3.12/site-packages/airflow/example_dags/example_latest_only_with_trigger.py took 0.146 seconds
[2026-05-20T08:15:49.599+0000] {processor.py:161} INFO - Started process (PID=1023) to work on /home/airflow/.local/lib/python3.12/site-packages/airflow/example_dags/example_latest_only_with_trigger.py
[2026-05-20T08:15:49.602+0000] {processor.py:830} INFO - Processing file /home/airflow/.local/lib/python3.12/site-packages/airflow/example_dags/example_latest_only_with_trigger.py for tasks to queue
[2026-05-20T08:15:49.615+0000] {logging_mixin.py:188} INFO - [2026-05-20T08:15:49.613+0000] {dagbag.py:545} INFO - Filling up the DagBag from /home/airflow/.local/lib/python3.12/site-packages/airflow/example_dags/example_latest_only_with_trigger.py
[2026-05-20T08:15:49.640+0000] {processor.py:840} INFO - DAG(s) 'latest_only_with_trigger' retrieved from /home/airflow/.local/lib/python3.12/site-packages/airflow/example_dags/example_latest_only_with_trigger.py
[2026-05-20T08:15:49.708+0000] {logging_mixin.py:188} INFO - [2026-05-20T08:15:49.707+0000] {dag.py:3089} INFO - Sync 1 DAGs
[2026-05-20T08:15:49.773+0000] {logging_mixin.py:188} INFO - [2026-05-20T08:15:49.772+0000] {dag.py:3947} INFO - Setting next_dagrun for latest_only_with_trigger to 2026-05-20 04:00:00+00:00, run_after=2026-05-20 08:00:00+00:00
[2026-05-20T08:15:49.822+0000] {processor.py:183} INFO - Processing /home/airflow/.local/lib/python3.12/site-packages/airflow/example_dags/example_latest_only_with_trigger.py took 0.241 seconds
[2026-05-20T08:16:21.334+0000] {processor.py:161} INFO - Started process (PID=1083) to work on /home/airflow/.local/lib/python3.12/site-packages/airflow/example_dags/example_latest_only_with_trigger.py
[2026-05-20T08:16:21.367+0000] {processor.py:830} INFO - Processing file /home/airflow/.local/lib/python3.12/site-packages/airflow/example_dags/example_latest_only_with_trigger.py for tasks to queue
[2026-05-20T08:16:21.381+0000] {logging_mixin.py:188} INFO - [2026-05-20T08:16:21.380+0000] {dagbag.py:545} INFO - Filling up the DagBag from /home/airflow/.local/lib/python3.12/site-packages/airflow/example_dags/example_latest_only_with_trigger.py
[2026-05-20T08:16:21.406+0000] {processor.py:840} INFO - DAG(s) 'latest_only_with_trigger' retrieved from /home/airflow/.local/lib/python3.12/site-packages/airflow/example_dags/example_latest_only_with_trigger.py
[2026-05-20T08:16:21.617+0000] {logging_mixin.py:188} INFO - [2026-05-20T08:16:21.616+0000] {dag.py:3089} INFO - Sync 1 DAGs
[2026-05-20T08:16:21.706+0000] {logging_mixin.py:188} INFO - [2026-05-20T08:16:21.705+0000] {dag.py:3947} INFO - Setting next_dagrun for latest_only_with_trigger to 2026-05-20 04:00:00+00:00, run_after=2026-05-20 08:00:00+00:00
[2026-05-20T08:16:21.784+0000] {processor.py:183} INFO - Processing /home/airflow/.local/lib/python3.12/site-packages/airflow/example_dags/example_latest_only_with_trigger.py took 0.510 seconds
[2026-05-20T08:16:51.885+0000] {processor.py:161} INFO - Started process (PID=1141) to work on /home/airflow/.local/lib/python3.12/site-packages/airflow/example_dags/example_latest_only_with_trigger.py
[2026-05-20T08:16:51.888+0000] {processor.py:830} INFO - Processing file /home/airflow/.local/lib/python3.12/site-packages/airflow/example_dags/example_latest_only_with_trigger.py for tasks to queue
[2026-05-20T08:16:51.893+0000] {logging_mixin.py:188} INFO - [2026-05-20T08:16:51.892+0000] {dagbag.py:545} INFO - Filling up the DagBag from /home/airflow/.local/lib/python3.12/site-packages/airflow/example_dags/example_latest_only_with_trigger.py
[2026-05-20T08:16:51.905+0000] {processor.py:840} INFO - DAG(s) 'latest_only_with_trigger' retrieved from /home/airflow/.local/lib/python3.12/site-packages/airflow/example_dags/example_latest_only_with_trigger.py
[2026-05-20T08:16:51.953+0000] {logging_mixin.py:188} INFO - [2026-05-20T08:16:51.952+0000] {dag.py:3089} INFO - Sync 1 DAGs
[2026-05-20T08:16:52.002+0000] {logging_mixin.py:188} INFO - [2026-05-20T08:16:52.002+0000] {dag.py:3947} INFO - Setting next_dagrun for latest_only_with_trigger to 2026-05-20 04:00:00+00:00, run_after=2026-05-20 08:00:00+00:00
[2026-05-20T08:16:52.036+0000] {processor.py:183} INFO - Processing /home/airflow/.local/lib/python3.12/site-packages/airflow/example_dags/example_latest_only_with_trigger.py took 0.162 seconds
[2026-05-20T08:17:22.765+0000] {processor.py:161} INFO - Started process (PID=1201) to work on /home/airflow/.local/lib/python3.12/site-packages/airflow/example_dags/example_latest_only_with_trigger.py
[2026-05-20T08:17:22.767+0000] {processor.py:830} INFO - Processing file /home/airflow/.local/lib/python3.12/site-packages/airflow/example_dags/example_latest_only_with_trigger.py for tasks to queue
[2026-05-20T08:17:22.770+0000] {logging_mixin.py:188} INFO - [2026-05-20T08:17:22.769+0000] {dagbag.py:545} INFO - Filling up the DagBag from /home/airflow/.local/lib/python3.12/site-packages/airflow/example_dags/example_latest_only_with_trigger.py
[2026-05-20T08:17:22.778+0000] {processor.py:840} INFO - DAG(s) 'latest_only_with_trigger' retrieved from /home/airflow/.local/lib/python3.12/site-packages/airflow/example_dags/example_latest_only_with_trigger.py
[2026-05-20T08:17:22.810+0000] {logging_mixin.py:188} INFO - [2026-05-20T08:17:22.810+0000] {dag.py:3089} INFO - Sync 1 DAGs
[2026-05-20T08:17:22.843+0000] {logging_mixin.py:188} INFO - [2026-05-20T08:17:22.843+0000] {dag.py:3947} INFO - Setting next_dagrun for latest_only_with_trigger to 2026-05-20 04:00:00+00:00, run_after=2026-05-20 08:00:00+00:00
[2026-05-20T08:17:22.878+0000] {processor.py:183} INFO - Processing /home/airflow/.local/lib/python3.12/site-packages/airflow/example_dags/example_latest_only_with_trigger.py took 0.122 seconds
[2026-05-20T08:17:53.629+0000] {processor.py:161} INFO - Started process (PID=1261) to work on /home/airflow/.local/lib/python3.12/site-packages/airflow/example_dags/example_latest_only_with_trigger.py
[2026-05-20T08:17:53.631+0000] {processor.py:830} INFO - Processing file /home/airflow/.local/lib/python3.12/site-packages/airflow/example_dags/example_latest_only_with_trigger.py for tasks to queue
[2026-05-20T08:17:53.634+0000] {logging_mixin.py:188} INFO - [2026-05-20T08:17:53.634+0000] {dagbag.py:545} INFO - Filling up the DagBag from /home/airflow/.local/lib/python3.12/site-packages/airflow/example_dags/example_latest_only_with_trigger.py
[2026-05-20T08:17:53.642+0000] {processor.py:840} INFO - DAG(s) 'latest_only_with_trigger' retrieved from /home/airflow/.local/lib/python3.12/site-packages/airflow/example_dags/example_latest_only_with_trigger.py
[2026-05-20T08:17:53.673+0000] {logging_mixin.py:188} INFO - [2026-05-20T08:17:53.672+0000] {dag.py:3089} INFO - Sync 1 DAGs
[2026-05-20T08:17:53.702+0000] {logging_mixin.py:188} INFO - [2026-05-20T08:17:53.702+0000] {dag.py:3947} INFO - Setting next_dagrun for latest_only_with_trigger to 2026-05-20 04:00:00+00:00, run_after=2026-05-20 08:00:00+00:00
[2026-05-20T08:17:53.729+0000] {processor.py:183} INFO - Processing /home/airflow/.local/lib/python3.12/site-packages/airflow/example_dags/example_latest_only_with_trigger.py took 0.108 seconds
[2026-05-20T08:18:24.164+0000] {processor.py:161} INFO - Started process (PID=1321) to work on /home/airflow/.local/lib/python3.12/site-packages/airflow/example_dags/example_latest_only_with_trigger.py
[2026-05-20T08:18:24.165+0000] {processor.py:830} INFO - Processing file /home/airflow/.local/lib/python3.12/site-packages/airflow/example_dags/example_latest_only_with_trigger.py for tasks to queue
[2026-05-20T08:18:24.169+0000] {logging_mixin.py:188} INFO - [2026-05-20T08:18:24.168+0000] {dagbag.py:545} INFO - Filling up the DagBag from /home/airflow/.local/lib/python3.12/site-packages/airflow/example_dags/example_latest_only_with_trigger.py
[2026-05-20T08:18:24.177+0000] {processor.py:840} INFO - DAG(s) 'latest_only_with_trigger' retrieved from /home/airflow/.local/lib/python3.12/site-packages/airflow/example_dags/example_latest_only_with_trigger.py
[2026-05-20T08:18:24.214+0000] {logging_mixin.py:188} INFO - [2026-05-20T08:18:24.213+0000] {dag.py:3089} INFO - Sync 1 DAGs
[2026-05-20T08:18:24.245+0000] {logging_mixin.py:188} INFO - [2026-05-20T08:18:24.245+0000] {dag.py:3947} INFO - Setting next_dagrun for latest_only_with_trigger to 2026-05-20 04:00:00+00:00, run_after=2026-05-20 08:00:00+00:00
[2026-05-20T08:18:24.272+0000] {processor.py:183} INFO - Processing /home/airflow/.local/lib/python3.12/site-packages/airflow/example_dags/example_latest_only_with_trigger.py took 0.117 seconds
[2026-05-20T08:18:54.434+0000] {processor.py:161} INFO - Started process (PID=1381) to work on /home/airflow/.local/lib/python3.12/site-packages/airflow/example_dags/example_latest_only_with_trigger.py
[2026-05-20T08:18:54.435+0000] {processor.py:830} INFO - Processing file /home/airflow/.local/lib/python3.12/site-packages/airflow/example_dags/example_latest_only_with_trigger.py for tasks to queue
[2026-05-20T08:18:54.439+0000] {logging_mixin.py:188} INFO - [2026-05-20T08:18:54.439+0000] {dagbag.py:545} INFO - Filling up the DagBag from /home/airflow/.local/lib/python3.12/site-packages/airflow/example_dags/example_latest_only_with_trigger.py
[2026-05-20T08:18:54.452+0000] {processor.py:840} INFO - DAG(s) 'latest_only_with_trigger' retrieved from /home/airflow/.local/lib/python3.12/site-packages/airflow/example_dags/example_latest_only_with_trigger.py
[2026-05-20T08:18:54.498+0000] {logging_mixin.py:188} INFO - [2026-05-20T08:18:54.497+0000] {dag.py:3089} INFO - Sync 1 DAGs
[2026-05-20T08:18:54.536+0000] {logging_mixin.py:188} INFO - [2026-05-20T08:18:54.536+0000] {dag.py:3947} INFO - Setting next_dagrun for latest_only_with_trigger to 2026-05-20 04:00:00+00:00, run_after=2026-05-20 08:00:00+00:00
[2026-05-20T08:18:54.580+0000] {processor.py:183} INFO - Processing /home/airflow/.local/lib/python3.12/site-packages/airflow/example_dags/example_latest_only_with_trigger.py took 0.159 seconds
[2026-05-20T08:19:25.280+0000] {processor.py:161} INFO - Started process (PID=1441) to work on /home/airflow/.local/lib/python3.12/site-packages/airflow/example_dags/example_latest_only_with_trigger.py
[2026-05-20T08:19:25.282+0000] {processor.py:830} INFO - Processing file /home/airflow/.local/lib/python3.12/site-packages/airflow/example_dags/example_latest_only_with_trigger.py for tasks to queue
[2026-05-20T08:19:25.286+0000] {logging_mixin.py:188} INFO - [2026-05-20T08:19:25.285+0000] {dagbag.py:545} INFO - Filling up the DagBag from /home/airflow/.local/lib/python3.12/site-packages/airflow/example_dags/example_latest_only_with_trigger.py
[2026-05-20T08:19:25.295+0000] {processor.py:840} INFO - DAG(s) 'latest_only_with_trigger' retrieved from /home/airflow/.local/lib/python3.12/site-packages/airflow/example_dags/example_latest_only_with_trigger.py
[2026-05-20T08:19:25.330+0000] {logging_mixin.py:188} INFO - [2026-05-20T08:19:25.330+0000] {dag.py:3089} INFO - Sync 1 DAGs
[2026-05-20T08:19:25.363+0000] {logging_mixin.py:188} INFO - [2026-05-20T08:19:25.362+0000] {dag.py:3947} INFO - Setting next_dagrun for latest_only_with_trigger to 2026-05-20 04:00:00+00:00, run_after=2026-05-20 08:00:00+00:00
[2026-05-20T08:19:25.393+0000] {processor.py:183} INFO - Processing /home/airflow/.local/lib/python3.12/site-packages/airflow/example_dags/example_latest_only_with_trigger.py took 0.122 seconds
[2026-05-20T08:19:55.583+0000] {processor.py:161} INFO - Started process (PID=1500) to work on /home/airflow/.local/lib/python3.12/site-packages/airflow/example_dags/example_latest_only_with_trigger.py
[2026-05-20T08:19:55.586+0000] {processor.py:830} INFO - Processing file /home/airflow/.local/lib/python3.12/site-packages/airflow/example_dags/example_latest_only_with_trigger.py for tasks to queue
[2026-05-20T08:19:55.590+0000] {logging_mixin.py:188} INFO - [2026-05-20T08:19:55.589+0000] {dagbag.py:545} INFO - Filling up the DagBag from /home/airflow/.local/lib/python3.12/site-packages/airflow/example_dags/example_latest_only_with_trigger.py
[2026-05-20T08:19:55.600+0000] {processor.py:840} INFO - DAG(s) 'latest_only_with_trigger' retrieved from /home/airflow/.local/lib/python3.12/site-packages/airflow/example_dags/example_latest_only_with_trigger.py
[2026-05-20T08:19:55.636+0000] {logging_mixin.py:188} INFO - [2026-05-20T08:19:55.635+0000] {dag.py:3089} INFO - Sync 1 DAGs
[2026-05-20T08:19:55.699+0000] {logging_mixin.py:188} INFO - [2026-05-20T08:19:55.698+0000] {dag.py:3947} INFO - Setting next_dagrun for latest_only_with_trigger to 2026-05-20 04:00:00+00:00, run_after=2026-05-20 08:00:00+00:00
[2026-05-20T08:19:55.729+0000] {processor.py:183} INFO - Processing /home/airflow/.local/lib/python3.12/site-packages/airflow/example_dags/example_latest_only_with_trigger.py took 0.157 seconds
[2026-05-20T08:20:26.154+0000] {processor.py:161} INFO - Started process (PID=1560) to work on /home/airflow/.local/lib/python3.12/site-packages/airflow/example_dags/example_latest_only_with_trigger.py
[2026-05-20T08:20:26.158+0000] {processor.py:830} INFO - Processing file /home/airflow/.local/lib/python3.12/site-packages/airflow/example_dags/example_latest_only_with_trigger.py for tasks to queue
[2026-05-20T08:20:26.171+0000] {logging_mixin.py:188} INFO - [2026-05-20T08:20:26.170+0000] {dagbag.py:545} INFO - Filling up the DagBag from /home/airflow/.local/lib/python3.12/site-packages/airflow/example_dags/example_latest_only_with_trigger.py
[2026-05-20T08:20:26.223+0000] {processor.py:840} INFO - DAG(s) 'latest_only_with_trigger' retrieved from /home/airflow/.local/lib/python3.12/site-packages/airflow/example_dags/example_latest_only_with_trigger.py
[2026-05-20T08:20:26.338+0000] {logging_mixin.py:188} INFO - [2026-05-20T08:20:26.337+0000] {dag.py:3089} INFO - Sync 1 DAGs
[2026-05-20T08:20:26.475+0000] {logging_mixin.py:188} INFO - [2026-05-20T08:20:26.475+0000] {dag.py:3947} INFO - Setting next_dagrun for latest_only_with_trigger to 2026-05-20 04:00:00+00:00, run_after=2026-05-20 08:00:00+00:00
[2026-05-20T08:20:26.640+0000] {processor.py:183} INFO - Processing /home/airflow/.local/lib/python3.12/site-packages/airflow/example_dags/example_latest_only_with_trigger.py took 0.525 seconds
[2026-05-20T08:20:57.638+0000] {processor.py:161} INFO - Started process (PID=1620) to work on /home/airflow/.local/lib/python3.12/site-packages/airflow/example_dags/example_latest_only_with_trigger.py
[2026-05-20T08:20:57.641+0000] {processor.py:830} INFO - Processing file /home/airflow/.local/lib/python3.12/site-packages/airflow/example_dags/example_latest_only_with_trigger.py for tasks to queue
[2026-05-20T08:20:57.651+0000] {logging_mixin.py:188} INFO - [2026-05-20T08:20:57.648+0000] {dagbag.py:545} INFO - Filling up the DagBag from /home/airflow/.local/lib/python3.12/site-packages/airflow/example_dags/example_latest_only_with_trigger.py
[2026-05-20T08:20:57.666+0000] {processor.py:840} INFO - DAG(s) 'latest_only_with_trigger' retrieved from /home/airflow/.local/lib/python3.12/site-packages/airflow/example_dags/example_latest_only_with_trigger.py
[2026-05-20T08:20:57.724+0000] {logging_mixin.py:188} INFO - [2026-05-20T08:20:57.723+0000] {dag.py:3089} INFO - Sync 1 DAGs
[2026-05-20T08:20:57.854+0000] {logging_mixin.py:188} INFO - [2026-05-20T08:20:57.851+0000] {dag.py:3947} INFO - Setting next_dagrun for latest_only_with_trigger to 2026-05-20 04:00:00+00:00, run_after=2026-05-20 08:00:00+00:00
[2026-05-20T08:20:57.974+0000] {processor.py:183} INFO - Processing /home/airflow/.local/lib/python3.12/site-packages/airflow/example_dags/example_latest_only_with_trigger.py took 0.355 seconds
[2026-05-20T08:21:28.587+0000] {processor.py:161} INFO - Started process (PID=1680) to work on /home/airflow/.local/lib/python3.12/site-packages/airflow/example_dags/example_latest_only_with_trigger.py
[2026-05-20T08:21:28.594+0000] {processor.py:830} INFO - Processing file /home/airflow/.local/lib/python3.12/site-packages/airflow/example_dags/example_latest_only_with_trigger.py for tasks to queue
[2026-05-20T08:21:28.611+0000] {logging_mixin.py:188} INFO - [2026-05-20T08:21:28.602+0000] {dagbag.py:545} INFO - Filling up the DagBag from /home/airflow/.local/lib/python3.12/site-packages/airflow/example_dags/example_latest_only_with_trigger.py
[2026-05-20T08:21:28.650+0000] {processor.py:840} INFO - DAG(s) 'latest_only_with_trigger' retrieved from /home/airflow/.local/lib/python3.12/site-packages/airflow/example_dags/example_latest_only_with_trigger.py
[2026-05-20T08:21:28.804+0000] {logging_mixin.py:188} INFO - [2026-05-20T08:21:28.799+0000] {dag.py:3089} INFO - Sync 1 DAGs
[2026-05-20T08:21:29.004+0000] {logging_mixin.py:188} INFO - [2026-05-20T08:21:29.004+0000] {dag.py:3947} INFO - Setting next_dagrun for latest_only_with_trigger to 2026-05-20 04:00:00+00:00, run_after=2026-05-20 08:00:00+00:00
[2026-05-20T08:21:29.146+0000] {processor.py:183} INFO - Processing /home/airflow/.local/lib/python3.12/site-packages/airflow/example_dags/example_latest_only_with_trigger.py took 0.590 seconds
[2026-05-20T08:22:00.553+0000] {processor.py:161} INFO - Started process (PID=1740) to work on /home/airflow/.local/lib/python3.12/site-packages/airflow/example_dags/example_latest_only_with_trigger.py
[2026-05-20T08:22:00.563+0000] {processor.py:830} INFO - Processing file /home/airflow/.local/lib/python3.12/site-packages/airflow/example_dags/example_latest_only_with_trigger.py for tasks to queue
[2026-05-20T08:22:00.569+0000] {logging_mixin.py:188} INFO - [2026-05-20T08:22:00.568+0000] {dagbag.py:545} INFO - Filling up the DagBag from /home/airflow/.local/lib/python3.12/site-packages/airflow/example_dags/example_latest_only_with_trigger.py
[2026-05-20T08:22:00.608+0000] {processor.py:840} INFO - DAG(s) 'latest_only_with_trigger' retrieved from /home/airflow/.local/lib/python3.12/site-packages/airflow/example_dags/example_latest_only_with_trigger.py
[2026-05-20T08:22:00.750+0000] {logging_mixin.py:188} INFO - [2026-05-20T08:22:00.749+0000] {dag.py:3089} INFO - Sync 1 DAGs
[2026-05-20T08:22:00.915+0000] {logging_mixin.py:188} INFO - [2026-05-20T08:22:00.914+0000] {dag.py:3947} INFO - Setting next_dagrun for latest_only_with_trigger to 2026-05-20 04:00:00+00:00, run_after=2026-05-20 08:00:00+00:00
[2026-05-20T08:22:01.061+0000] {processor.py:183} INFO - Processing /home/airflow/.local/lib/python3.12/site-packages/airflow/example_dags/example_latest_only_with_trigger.py took 0.544 seconds
[2026-05-20T08:22:31.533+0000] {processor.py:161} INFO - Started process (PID=1800) to work on /home/airflow/.local/lib/python3.12/site-packages/airflow/example_dags/example_latest_only_with_trigger.py
[2026-05-20T08:22:31.544+0000] {processor.py:830} INFO - Processing file /home/airflow/.local/lib/python3.12/site-packages/airflow/example_dags/example_latest_only_with_trigger.py for tasks to queue
[2026-05-20T08:22:31.555+0000] {logging_mixin.py:188} INFO - [2026-05-20T08:22:31.550+0000] {dagbag.py:545} INFO - Filling up the DagBag from /home/airflow/.local/lib/python3.12/site-packages/airflow/example_dags/example_latest_only_with_trigger.py
[2026-05-20T08:22:31.603+0000] {processor.py:840} INFO - DAG(s) 'latest_only_with_trigger' retrieved from /home/airflow/.local/lib/python3.12/site-packages/airflow/example_dags/example_latest_only_with_trigger.py
[2026-05-20T08:22:31.761+0000] {logging_mixin.py:188} INFO - [2026-05-20T08:22:31.760+0000] {dag.py:3089} INFO - Sync 1 DAGs
[2026-05-20T08:22:31.955+0000] {logging_mixin.py:188} INFO - [2026-05-20T08:22:31.954+0000] {dag.py:3947} INFO - Setting next_dagrun for latest_only_with_trigger to 2026-05-20 04:00:00+00:00, run_after=2026-05-20 08:00:00+00:00
[2026-05-20T08:22:32.099+0000] {processor.py:183} INFO - Processing /home/airflow/.local/lib/python3.12/site-packages/airflow/example_dags/example_latest_only_with_trigger.py took 0.607 seconds
[2026-05-20T08:23:02.628+0000] {processor.py:161} INFO - Started process (PID=1860) to work on /home/airflow/.local/lib/python3.12/site-packages/airflow/example_dags/example_latest_only_with_trigger.py
[2026-05-20T08:23:02.637+0000] {processor.py:830} INFO - Processing file /home/airflow/.local/lib/python3.12/site-packages/airflow/example_dags/example_latest_only_with_trigger.py for tasks to queue
[2026-05-20T08:23:02.643+0000] {logging_mixin.py:188} INFO - [2026-05-20T08:23:02.642+0000] {dagbag.py:545} INFO - Filling up the DagBag from /home/airflow/.local/lib/python3.12/site-packages/airflow/example_dags/example_latest_only_with_trigger.py
[2026-05-20T08:23:02.670+0000] {processor.py:840} INFO - DAG(s) 'latest_only_with_trigger' retrieved from /home/airflow/.local/lib/python3.12/site-packages/airflow/example_dags/example_latest_only_with_trigger.py
[2026-05-20T08:23:02.753+0000] {logging_mixin.py:188} INFO - [2026-05-20T08:23:02.753+0000] {dag.py:3089} INFO - Sync 1 DAGs
[2026-05-20T08:23:02.819+0000] {logging_mixin.py:188} INFO - [2026-05-20T08:23:02.819+0000] {dag.py:3947} INFO - Setting next_dagrun for latest_only_with_trigger to 2026-05-20 04:00:00+00:00, run_after=2026-05-20 08:00:00+00:00
[2026-05-20T08:23:02.867+0000] {processor.py:183} INFO - Processing /home/airflow/.local/lib/python3.12/site-packages/airflow/example_dags/example_latest_only_with_trigger.py took 0.263 seconds
[2026-05-20T08:23:33.258+0000] {processor.py:161} INFO - Started process (PID=1920) to work on /home/airflow/.local/lib/python3.12/site-packages/airflow/example_dags/example_latest_only_with_trigger.py
[2026-05-20T08:23:33.262+0000] {processor.py:830} INFO - Processing file /home/airflow/.local/lib/python3.12/site-packages/airflow/example_dags/example_latest_only_with_trigger.py for tasks to queue
[2026-05-20T08:23:33.267+0000] {logging_mixin.py:188} INFO - [2026-05-20T08:23:33.266+0000] {dagbag.py:545} INFO - Filling up the DagBag from /home/airflow/.local/lib/python3.12/site-packages/airflow/example_dags/example_latest_only_with_trigger.py
[2026-05-20T08:23:33.282+0000] {processor.py:840} INFO - DAG(s) 'latest_only_with_trigger' retrieved from /home/airflow/.local/lib/python3.12/site-packages/airflow/example_dags/example_latest_only_with_trigger.py
[2026-05-20T08:23:33.375+0000] {logging_mixin.py:188} INFO - [2026-05-20T08:23:33.375+0000] {dag.py:3089} INFO - Sync 1 DAGs
[2026-05-20T08:23:33.438+0000] {logging_mixin.py:188} INFO - [2026-05-20T08:23:33.438+0000] {dag.py:3947} INFO - Setting next_dagrun for latest_only_with_trigger to 2026-05-20 04:00:00+00:00, run_after=2026-05-20 08:00:00+00:00
[2026-05-20T08:23:33.492+0000] {processor.py:183} INFO - Processing /home/airflow/.local/lib/python3.12/site-packages/airflow/example_dags/example_latest_only_with_trigger.py took 0.253 seconds
[2026-05-20T08:24:05.431+0000] {processor.py:161} INFO - Started process (PID=1979) to work on /home/airflow/.local/lib/python3.12/site-packages/airflow/example_dags/example_latest_only_with_trigger.py
[2026-05-20T08:24:05.459+0000] {processor.py:830} INFO - Processing file /home/airflow/.local/lib/python3.12/site-packages/airflow/example_dags/example_latest_only_with_trigger.py for tasks to queue
[2026-05-20T08:24:05.500+0000] {logging_mixin.py:188} INFO - [2026-05-20T08:24:05.499+0000] {dagbag.py:545} INFO - Filling up the DagBag from /home/airflow/.local/lib/python3.12/site-packages/airflow/example_dags/example_latest_only_with_trigger.py
[2026-05-20T08:24:05.562+0000] {processor.py:840} INFO - DAG(s) 'latest_only_with_trigger' retrieved from /home/airflow/.local/lib/python3.12/site-packages/airflow/example_dags/example_latest_only_with_trigger.py
[2026-05-20T08:24:06.026+0000] {logging_mixin.py:188} INFO - [2026-05-20T08:24:06.014+0000] {dag.py:3089} INFO - Sync 1 DAGs
[2026-05-20T08:24:06.227+0000] {logging_mixin.py:188} INFO - [2026-05-20T08:24:06.226+0000] {dag.py:3947} INFO - Setting next_dagrun for latest_only_with_trigger to 2026-05-20 04:00:00+00:00, run_after=2026-05-20 08:00:00+00:00
[2026-05-20T08:24:06.459+0000] {processor.py:183} INFO - Processing /home/airflow/.local/lib/python3.12/site-packages/airflow/example_dags/example_latest_only_with_trigger.py took 1.142 seconds
[2026-05-20T08:24:36.838+0000] {processor.py:161} INFO - Started process (PID=2040) to work on /home/airflow/.local/lib/python3.12/site-packages/airflow/example_dags/example_latest_only_with_trigger.py
[2026-05-20T08:24:36.841+0000] {processor.py:830} INFO - Processing file /home/airflow/.local/lib/python3.12/site-packages/airflow/example_dags/example_latest_only_with_trigger.py for tasks to queue
[2026-05-20T08:24:36.849+0000] {logging_mixin.py:188} INFO - [2026-05-20T08:24:36.847+0000] {dagbag.py:545} INFO - Filling up the DagBag from /home/airflow/.local/lib/python3.12/site-packages/airflow/example_dags/example_latest_only_with_trigger.py
[2026-05-20T08:24:36.869+0000] {processor.py:840} INFO - DAG(s) 'latest_only_with_trigger' retrieved from /home/airflow/.local/lib/python3.12/site-packages/airflow/example_dags/example_latest_only_with_trigger.py
[2026-05-20T08:24:36.944+0000] {logging_mixin.py:188} INFO - [2026-05-20T08:24:36.942+0000] {dag.py:3089} INFO - Sync 1 DAGs
[2026-05-20T08:24:37.018+0000] {logging_mixin.py:188} INFO - [2026-05-20T08:24:37.017+0000] {dag.py:3947} INFO - Setting next_dagrun for latest_only_with_trigger to 2026-05-20 04:00:00+00:00, run_after=2026-05-20 08:00:00+00:00
[2026-05-20T08:24:37.064+0000] {processor.py:183} INFO - Processing /home/airflow/.local/lib/python3.12/site-packages/airflow/example_dags/example_latest_only_with_trigger.py took 0.256 seconds
[2026-05-20T08:25:31.113+0000] {processor.py:161} INFO - Started process (PID=2112) to work on /home/airflow/.local/lib/python3.12/site-packages/airflow/example_dags/example_latest_only_with_trigger.py
[2026-05-20T08:25:31.123+0000] {processor.py:830} INFO - Processing file /home/airflow/.local/lib/python3.12/site-packages/airflow/example_dags/example_latest_only_with_trigger.py for tasks to queue
[2026-05-20T08:25:31.141+0000] {logging_mixin.py:188} INFO - [2026-05-20T08:25:31.140+0000] {dagbag.py:545} INFO - Filling up the DagBag from /home/airflow/.local/lib/python3.12/site-packages/airflow/example_dags/example_latest_only_with_trigger.py
[2026-05-20T08:25:31.180+0000] {processor.py:840} INFO - DAG(s) 'latest_only_with_trigger' retrieved from /home/airflow/.local/lib/python3.12/site-packages/airflow/example_dags/example_latest_only_with_trigger.py
[2026-05-20T08:25:31.313+0000] {logging_mixin.py:188} INFO - [2026-05-20T08:25:31.306+0000] {dag.py:3089} INFO - Sync 1 DAGs
[2026-05-20T08:25:31.427+0000] {logging_mixin.py:188} INFO - [2026-05-20T08:25:31.427+0000] {dag.py:3947} INFO - Setting next_dagrun for latest_only_with_trigger to 2026-05-20 04:00:00+00:00, run_after=2026-05-20 08:00:00+00:00
[2026-05-20T08:25:31.547+0000] {processor.py:183} INFO - Processing /home/airflow/.local/lib/python3.12/site-packages/airflow/example_dags/example_latest_only_with_trigger.py took 0.509 seconds
[2026-05-20T08:26:02.156+0000] {processor.py:161} INFO - Started process (PID=2172) to work on /home/airflow/.local/lib/python3.12/site-packages/airflow/example_dags/example_latest_only_with_trigger.py
[2026-05-20T08:26:02.159+0000] {processor.py:830} INFO - Processing file /home/airflow/.local/lib/python3.12/site-packages/airflow/example_dags/example_latest_only_with_trigger.py for tasks to queue
[2026-05-20T08:26:02.164+0000] {logging_mixin.py:188} INFO - [2026-05-20T08:26:02.163+0000] {dagbag.py:545} INFO - Filling up the DagBag from /home/airflow/.local/lib/python3.12/site-packages/airflow/example_dags/example_latest_only_with_trigger.py
[2026-05-20T08:26:02.177+0000] {processor.py:840} INFO - DAG(s) 'latest_only_with_trigger' retrieved from /home/airflow/.local/lib/python3.12/site-packages/airflow/example_dags/example_latest_only_with_trigger.py
[2026-05-20T08:26:02.235+0000] {logging_mixin.py:188} INFO - [2026-05-20T08:26:02.234+0000] {dag.py:3089} INFO - Sync 1 DAGs
[2026-05-20T08:26:02.301+0000] {logging_mixin.py:188} INFO - [2026-05-20T08:26:02.301+0000] {dag.py:3947} INFO - Setting next_dagrun for latest_only_with_trigger to 2026-05-20 04:00:00+00:00, run_after=2026-05-20 08:00:00+00:00
[2026-05-20T08:26:02.366+0000] {processor.py:183} INFO - Processing /home/airflow/.local/lib/python3.12/site-packages/airflow/example_dags/example_latest_only_with_trigger.py took 0.234 seconds
[2026-05-20T08:26:32.953+0000] {processor.py:161} INFO - Started process (PID=2232) to work on /home/airflow/.local/lib/python3.12/site-packages/airflow/example_dags/example_latest_only_with_trigger.py
[2026-05-20T08:26:32.955+0000] {processor.py:830} INFO - Processing file /home/airflow/.local/lib/python3.12/site-packages/airflow/example_dags/example_latest_only_with_trigger.py for tasks to queue
[2026-05-20T08:26:32.958+0000] {logging_mixin.py:188} INFO - [2026-05-20T08:26:32.958+0000] {dagbag.py:545} INFO - Filling up the DagBag from /home/airflow/.local/lib/python3.12/site-packages/airflow/example_dags/example_latest_only_with_trigger.py
[2026-05-20T08:26:32.969+0000] {processor.py:840} INFO - DAG(s) 'latest_only_with_trigger' retrieved from /home/airflow/.local/lib/python3.12/site-packages/airflow/example_dags/example_latest_only_with_trigger.py
[2026-05-20T08:26:33.017+0000] {logging_mixin.py:188} INFO - [2026-05-20T08:26:33.016+0000] {dag.py:3089} INFO - Sync 1 DAGs
[2026-05-20T08:26:33.059+0000] {logging_mixin.py:188} INFO - [2026-05-20T08:26:33.058+0000] {dag.py:3947} INFO - Setting next_dagrun for latest_only_with_trigger to 2026-05-20 04:00:00+00:00, run_after=2026-05-20 08:00:00+00:00
[2026-05-20T08:26:33.672+0000] {processor.py:183} INFO - Processing /home/airflow/.local/lib/python3.12/site-packages/airflow/example_dags/example_latest_only_with_trigger.py took 0.731 seconds
