[2026-05-20T08:07:38.680+0000] {processor.py:161} INFO - Started process (PID=134) to work on /home/airflow/.local/lib/python3.12/site-packages/airflow/example_dags/example_branch_day_of_week_operator.py
[2026-05-20T08:07:38.688+0000] {processor.py:830} INFO - Processing file /home/airflow/.local/lib/python3.12/site-packages/airflow/example_dags/example_branch_day_of_week_operator.py for tasks to queue
[2026-05-20T08:07:38.697+0000] {logging_mixin.py:188} INFO - [2026-05-20T08:07:38.696+0000] {dagbag.py:545} INFO - Filling up the DagBag from /home/airflow/.local/lib/python3.12/site-packages/airflow/example_dags/example_branch_day_of_week_operator.py
[2026-05-20T08:07:38.788+0000] {processor.py:840} INFO - DAG(s) 'example_weekday_branch_operator' retrieved from /home/airflow/.local/lib/python3.12/site-packages/airflow/example_dags/example_branch_day_of_week_operator.py
[2026-05-20T08:07:39.410+0000] {logging_mixin.py:188} INFO - [2026-05-20T08:07:39.410+0000] {dag.py:3089} INFO - Sync 1 DAGs
[2026-05-20T08:07:39.590+0000] {logging_mixin.py:188} INFO - [2026-05-20T08:07:39.589+0000] {dag.py:3947} INFO - Setting next_dagrun for example_weekday_branch_operator to 2026-05-19 00:00:00+00:00, run_after=2026-05-20 00:00:00+00:00
[2026-05-20T08:07:39.733+0000] {processor.py:183} INFO - Processing /home/airflow/.local/lib/python3.12/site-packages/airflow/example_dags/example_branch_day_of_week_operator.py took 1.092 seconds
[2026-05-20T08:08:17.326+0000] {processor.py:161} INFO - Started process (PID=195) to work on /home/airflow/.local/lib/python3.12/site-packages/airflow/example_dags/example_branch_day_of_week_operator.py
[2026-05-20T08:08:17.329+0000] {processor.py:830} INFO - Processing file /home/airflow/.local/lib/python3.12/site-packages/airflow/example_dags/example_branch_day_of_week_operator.py for tasks to queue
[2026-05-20T08:08:17.334+0000] {logging_mixin.py:188} INFO - [2026-05-20T08:08:17.333+0000] {dagbag.py:545} INFO - Filling up the DagBag from /home/airflow/.local/lib/python3.12/site-packages/airflow/example_dags/example_branch_day_of_week_operator.py
[2026-05-20T08:08:17.347+0000] {processor.py:840} INFO - DAG(s) 'example_weekday_branch_operator' retrieved from /home/airflow/.local/lib/python3.12/site-packages/airflow/example_dags/example_branch_day_of_week_operator.py
[2026-05-20T08:08:17.390+0000] {logging_mixin.py:188} INFO - [2026-05-20T08:08:17.390+0000] {dag.py:3089} INFO - Sync 1 DAGs
[2026-05-20T08:08:17.450+0000] {logging_mixin.py:188} INFO - [2026-05-20T08:08:17.449+0000] {dag.py:3947} INFO - Setting next_dagrun for example_weekday_branch_operator to 2026-05-19 00:00:00+00:00, run_after=2026-05-20 00:00:00+00:00
[2026-05-20T08:08:17.497+0000] {processor.py:183} INFO - Processing /home/airflow/.local/lib/python3.12/site-packages/airflow/example_dags/example_branch_day_of_week_operator.py took 0.182 seconds
[2026-05-20T08:08:51.193+0000] {processor.py:161} INFO - Started process (PID=254) to work on /home/airflow/.local/lib/python3.12/site-packages/airflow/example_dags/example_branch_day_of_week_operator.py
[2026-05-20T08:08:51.196+0000] {processor.py:830} INFO - Processing file /home/airflow/.local/lib/python3.12/site-packages/airflow/example_dags/example_branch_day_of_week_operator.py for tasks to queue
[2026-05-20T08:08:51.203+0000] {logging_mixin.py:188} INFO - [2026-05-20T08:08:51.202+0000] {dagbag.py:545} INFO - Filling up the DagBag from /home/airflow/.local/lib/python3.12/site-packages/airflow/example_dags/example_branch_day_of_week_operator.py
[2026-05-20T08:08:51.233+0000] {processor.py:840} INFO - DAG(s) 'example_weekday_branch_operator' retrieved from /home/airflow/.local/lib/python3.12/site-packages/airflow/example_dags/example_branch_day_of_week_operator.py
[2026-05-20T08:08:51.315+0000] {logging_mixin.py:188} INFO - [2026-05-20T08:08:51.314+0000] {dag.py:3089} INFO - Sync 1 DAGs
[2026-05-20T08:08:51.364+0000] {logging_mixin.py:188} INFO - [2026-05-20T08:08:51.364+0000] {dag.py:3947} INFO - Setting next_dagrun for example_weekday_branch_operator to 2026-05-19 00:00:00+00:00, run_after=2026-05-20 00:00:00+00:00
[2026-05-20T08:08:51.475+0000] {processor.py:183} INFO - Processing /home/airflow/.local/lib/python3.12/site-packages/airflow/example_dags/example_branch_day_of_week_operator.py took 0.308 seconds
[2026-05-20T08:09:21.909+0000] {processor.py:161} INFO - Started process (PID=313) to work on /home/airflow/.local/lib/python3.12/site-packages/airflow/example_dags/example_branch_day_of_week_operator.py
[2026-05-20T08:09:21.912+0000] {processor.py:830} INFO - Processing file /home/airflow/.local/lib/python3.12/site-packages/airflow/example_dags/example_branch_day_of_week_operator.py for tasks to queue
[2026-05-20T08:09:21.917+0000] {logging_mixin.py:188} INFO - [2026-05-20T08:09:21.916+0000] {dagbag.py:545} INFO - Filling up the DagBag from /home/airflow/.local/lib/python3.12/site-packages/airflow/example_dags/example_branch_day_of_week_operator.py
[2026-05-20T08:09:21.937+0000] {processor.py:840} INFO - DAG(s) 'example_weekday_branch_operator' retrieved from /home/airflow/.local/lib/python3.12/site-packages/airflow/example_dags/example_branch_day_of_week_operator.py
[2026-05-20T08:09:22.001+0000] {logging_mixin.py:188} INFO - [2026-05-20T08:09:22.000+0000] {dag.py:3089} INFO - Sync 1 DAGs
[2026-05-20T08:09:22.053+0000] {logging_mixin.py:188} INFO - [2026-05-20T08:09:22.052+0000] {dag.py:3947} INFO - Setting next_dagrun for example_weekday_branch_operator to 2026-05-19 00:00:00+00:00, run_after=2026-05-20 00:00:00+00:00
[2026-05-20T08:09:22.100+0000] {processor.py:183} INFO - Processing /home/airflow/.local/lib/python3.12/site-packages/airflow/example_dags/example_branch_day_of_week_operator.py took 0.205 seconds
[2026-05-20T08:09:52.288+0000] {processor.py:161} INFO - Started process (PID=373) to work on /home/airflow/.local/lib/python3.12/site-packages/airflow/example_dags/example_branch_day_of_week_operator.py
[2026-05-20T08:09:52.290+0000] {processor.py:830} INFO - Processing file /home/airflow/.local/lib/python3.12/site-packages/airflow/example_dags/example_branch_day_of_week_operator.py for tasks to queue
[2026-05-20T08:09:52.294+0000] {logging_mixin.py:188} INFO - [2026-05-20T08:09:52.293+0000] {dagbag.py:545} INFO - Filling up the DagBag from /home/airflow/.local/lib/python3.12/site-packages/airflow/example_dags/example_branch_day_of_week_operator.py
[2026-05-20T08:09:52.305+0000] {processor.py:840} INFO - DAG(s) 'example_weekday_branch_operator' retrieved from /home/airflow/.local/lib/python3.12/site-packages/airflow/example_dags/example_branch_day_of_week_operator.py
[2026-05-20T08:09:52.340+0000] {logging_mixin.py:188} INFO - [2026-05-20T08:09:52.339+0000] {dag.py:3089} INFO - Sync 1 DAGs
[2026-05-20T08:09:52.377+0000] {logging_mixin.py:188} INFO - [2026-05-20T08:09:52.377+0000] {dag.py:3947} INFO - Setting next_dagrun for example_weekday_branch_operator to 2026-05-19 00:00:00+00:00, run_after=2026-05-20 00:00:00+00:00
[2026-05-20T08:09:52.414+0000] {processor.py:183} INFO - Processing /home/airflow/.local/lib/python3.12/site-packages/airflow/example_dags/example_branch_day_of_week_operator.py took 0.137 seconds
[2026-05-20T08:10:26.861+0000] {processor.py:161} INFO - Started process (PID=433) to work on /home/airflow/.local/lib/python3.12/site-packages/airflow/example_dags/example_branch_day_of_week_operator.py
[2026-05-20T08:10:26.865+0000] {processor.py:830} INFO - Processing file /home/airflow/.local/lib/python3.12/site-packages/airflow/example_dags/example_branch_day_of_week_operator.py for tasks to queue
[2026-05-20T08:10:26.872+0000] {logging_mixin.py:188} INFO - [2026-05-20T08:10:26.871+0000] {dagbag.py:545} INFO - Filling up the DagBag from /home/airflow/.local/lib/python3.12/site-packages/airflow/example_dags/example_branch_day_of_week_operator.py
[2026-05-20T08:10:26.902+0000] {processor.py:840} INFO - DAG(s) 'example_weekday_branch_operator' retrieved from /home/airflow/.local/lib/python3.12/site-packages/airflow/example_dags/example_branch_day_of_week_operator.py
[2026-05-20T08:10:27.019+0000] {logging_mixin.py:188} INFO - [2026-05-20T08:10:27.018+0000] {dag.py:3089} INFO - Sync 1 DAGs
[2026-05-20T08:10:27.094+0000] {logging_mixin.py:188} INFO - [2026-05-20T08:10:27.093+0000] {dag.py:3947} INFO - Setting next_dagrun for example_weekday_branch_operator to 2026-05-19 00:00:00+00:00, run_after=2026-05-20 00:00:00+00:00
[2026-05-20T08:10:27.171+0000] {processor.py:183} INFO - Processing /home/airflow/.local/lib/python3.12/site-packages/airflow/example_dags/example_branch_day_of_week_operator.py took 0.326 seconds
[2026-05-20T08:10:57.431+0000] {processor.py:161} INFO - Started process (PID=492) to work on /home/airflow/.local/lib/python3.12/site-packages/airflow/example_dags/example_branch_day_of_week_operator.py
[2026-05-20T08:10:57.433+0000] {processor.py:830} INFO - Processing file /home/airflow/.local/lib/python3.12/site-packages/airflow/example_dags/example_branch_day_of_week_operator.py for tasks to queue
[2026-05-20T08:10:57.437+0000] {logging_mixin.py:188} INFO - [2026-05-20T08:10:57.436+0000] {dagbag.py:545} INFO - Filling up the DagBag from /home/airflow/.local/lib/python3.12/site-packages/airflow/example_dags/example_branch_day_of_week_operator.py
[2026-05-20T08:10:57.450+0000] {processor.py:840} INFO - DAG(s) 'example_weekday_branch_operator' retrieved from /home/airflow/.local/lib/python3.12/site-packages/airflow/example_dags/example_branch_day_of_week_operator.py
[2026-05-20T08:10:57.491+0000] {logging_mixin.py:188} INFO - [2026-05-20T08:10:57.491+0000] {dag.py:3089} INFO - Sync 1 DAGs
[2026-05-20T08:10:57.542+0000] {logging_mixin.py:188} INFO - [2026-05-20T08:10:57.541+0000] {dag.py:3947} INFO - Setting next_dagrun for example_weekday_branch_operator to 2026-05-19 00:00:00+00:00, run_after=2026-05-20 00:00:00+00:00
[2026-05-20T08:10:57.577+0000] {processor.py:183} INFO - Processing /home/airflow/.local/lib/python3.12/site-packages/airflow/example_dags/example_branch_day_of_week_operator.py took 0.155 seconds
[2026-05-20T08:11:28.402+0000] {processor.py:161} INFO - Started process (PID=553) to work on /home/airflow/.local/lib/python3.12/site-packages/airflow/example_dags/example_branch_day_of_week_operator.py
[2026-05-20T08:11:28.408+0000] {processor.py:830} INFO - Processing file /home/airflow/.local/lib/python3.12/site-packages/airflow/example_dags/example_branch_day_of_week_operator.py for tasks to queue
[2026-05-20T08:11:28.426+0000] {logging_mixin.py:188} INFO - [2026-05-20T08:11:28.422+0000] {dagbag.py:545} INFO - Filling up the DagBag from /home/airflow/.local/lib/python3.12/site-packages/airflow/example_dags/example_branch_day_of_week_operator.py
[2026-05-20T08:11:28.444+0000] {processor.py:840} INFO - DAG(s) 'example_weekday_branch_operator' retrieved from /home/airflow/.local/lib/python3.12/site-packages/airflow/example_dags/example_branch_day_of_week_operator.py
[2026-05-20T08:11:28.492+0000] {logging_mixin.py:188} INFO - [2026-05-20T08:11:28.492+0000] {dag.py:3089} INFO - Sync 1 DAGs
[2026-05-20T08:11:28.548+0000] {logging_mixin.py:188} INFO - [2026-05-20T08:11:28.547+0000] {dag.py:3947} INFO - Setting next_dagrun for example_weekday_branch_operator to 2026-05-19 00:00:00+00:00, run_after=2026-05-20 00:00:00+00:00
[2026-05-20T08:11:28.602+0000] {processor.py:183} INFO - Processing /home/airflow/.local/lib/python3.12/site-packages/airflow/example_dags/example_branch_day_of_week_operator.py took 0.221 seconds
[2026-05-20T08:12:01.999+0000] {processor.py:161} INFO - Started process (PID=613) to work on /home/airflow/.local/lib/python3.12/site-packages/airflow/example_dags/example_branch_day_of_week_operator.py
[2026-05-20T08:12:02.002+0000] {processor.py:830} INFO - Processing file /home/airflow/.local/lib/python3.12/site-packages/airflow/example_dags/example_branch_day_of_week_operator.py for tasks to queue
[2026-05-20T08:12:02.010+0000] {logging_mixin.py:188} INFO - [2026-05-20T08:12:02.009+0000] {dagbag.py:545} INFO - Filling up the DagBag from /home/airflow/.local/lib/python3.12/site-packages/airflow/example_dags/example_branch_day_of_week_operator.py
[2026-05-20T08:12:02.036+0000] {processor.py:840} INFO - DAG(s) 'example_weekday_branch_operator' retrieved from /home/airflow/.local/lib/python3.12/site-packages/airflow/example_dags/example_branch_day_of_week_operator.py
[2026-05-20T08:12:02.079+0000] {logging_mixin.py:188} INFO - [2026-05-20T08:12:02.078+0000] {dag.py:3089} INFO - Sync 1 DAGs
[2026-05-20T08:12:02.124+0000] {logging_mixin.py:188} INFO - [2026-05-20T08:12:02.124+0000] {dag.py:3947} INFO - Setting next_dagrun for example_weekday_branch_operator to 2026-05-19 00:00:00+00:00, run_after=2026-05-20 00:00:00+00:00
[2026-05-20T08:12:02.171+0000] {processor.py:183} INFO - Processing /home/airflow/.local/lib/python3.12/site-packages/airflow/example_dags/example_branch_day_of_week_operator.py took 0.190 seconds
[2026-05-20T08:12:33.127+0000] {processor.py:161} INFO - Started process (PID=673) to work on /home/airflow/.local/lib/python3.12/site-packages/airflow/example_dags/example_branch_day_of_week_operator.py
[2026-05-20T08:12:33.130+0000] {processor.py:830} INFO - Processing file /home/airflow/.local/lib/python3.12/site-packages/airflow/example_dags/example_branch_day_of_week_operator.py for tasks to queue
[2026-05-20T08:12:33.147+0000] {logging_mixin.py:188} INFO - [2026-05-20T08:12:33.146+0000] {dagbag.py:545} INFO - Filling up the DagBag from /home/airflow/.local/lib/python3.12/site-packages/airflow/example_dags/example_branch_day_of_week_operator.py
[2026-05-20T08:12:33.190+0000] {processor.py:840} INFO - DAG(s) 'example_weekday_branch_operator' retrieved from /home/airflow/.local/lib/python3.12/site-packages/airflow/example_dags/example_branch_day_of_week_operator.py
[2026-05-20T08:12:33.251+0000] {logging_mixin.py:188} INFO - [2026-05-20T08:12:33.250+0000] {dag.py:3089} INFO - Sync 1 DAGs
[2026-05-20T08:12:33.324+0000] {logging_mixin.py:188} INFO - [2026-05-20T08:12:33.323+0000] {dag.py:3947} INFO - Setting next_dagrun for example_weekday_branch_operator to 2026-05-19 00:00:00+00:00, run_after=2026-05-20 00:00:00+00:00
[2026-05-20T08:12:33.394+0000] {processor.py:183} INFO - Processing /home/airflow/.local/lib/python3.12/site-packages/airflow/example_dags/example_branch_day_of_week_operator.py took 0.289 seconds
[2026-05-20T08:13:09.546+0000] {processor.py:161} INFO - Started process (PID=739) to work on /home/airflow/.local/lib/python3.12/site-packages/airflow/example_dags/example_branch_day_of_week_operator.py
[2026-05-20T08:13:09.565+0000] {processor.py:830} INFO - Processing file /home/airflow/.local/lib/python3.12/site-packages/airflow/example_dags/example_branch_day_of_week_operator.py for tasks to queue
[2026-05-20T08:13:09.586+0000] {logging_mixin.py:188} INFO - [2026-05-20T08:13:09.584+0000] {dagbag.py:545} INFO - Filling up the DagBag from /home/airflow/.local/lib/python3.12/site-packages/airflow/example_dags/example_branch_day_of_week_operator.py
[2026-05-20T08:13:09.713+0000] {processor.py:840} INFO - DAG(s) 'example_weekday_branch_operator' retrieved from /home/airflow/.local/lib/python3.12/site-packages/airflow/example_dags/example_branch_day_of_week_operator.py
[2026-05-20T08:13:09.898+0000] {logging_mixin.py:188} INFO - [2026-05-20T08:13:09.897+0000] {dag.py:3089} INFO - Sync 1 DAGs
[2026-05-20T08:13:10.031+0000] {logging_mixin.py:188} INFO - [2026-05-20T08:13:10.030+0000] {dag.py:3947} INFO - Setting next_dagrun for example_weekday_branch_operator to 2026-05-19 00:00:00+00:00, run_after=2026-05-20 00:00:00+00:00
[2026-05-20T08:13:10.112+0000] {processor.py:183} INFO - Processing /home/airflow/.local/lib/python3.12/site-packages/airflow/example_dags/example_branch_day_of_week_operator.py took 0.623 seconds
[2026-05-20T08:13:48.688+0000] {processor.py:161} INFO - Started process (PID=799) to work on /home/airflow/.local/lib/python3.12/site-packages/airflow/example_dags/example_branch_day_of_week_operator.py
[2026-05-20T08:13:48.696+0000] {processor.py:830} INFO - Processing file /home/airflow/.local/lib/python3.12/site-packages/airflow/example_dags/example_branch_day_of_week_operator.py for tasks to queue
[2026-05-20T08:13:48.705+0000] {logging_mixin.py:188} INFO - [2026-05-20T08:13:48.704+0000] {dagbag.py:545} INFO - Filling up the DagBag from /home/airflow/.local/lib/python3.12/site-packages/airflow/example_dags/example_branch_day_of_week_operator.py
[2026-05-20T08:13:48.816+0000] {processor.py:840} INFO - DAG(s) 'example_weekday_branch_operator' retrieved from /home/airflow/.local/lib/python3.12/site-packages/airflow/example_dags/example_branch_day_of_week_operator.py
[2026-05-20T08:13:49.029+0000] {logging_mixin.py:188} INFO - [2026-05-20T08:13:49.028+0000] {dag.py:3089} INFO - Sync 1 DAGs
[2026-05-20T08:13:49.485+0000] {logging_mixin.py:188} INFO - [2026-05-20T08:13:49.485+0000] {dag.py:3947} INFO - Setting next_dagrun for example_weekday_branch_operator to 2026-05-19 00:00:00+00:00, run_after=2026-05-20 00:00:00+00:00
[2026-05-20T08:13:49.582+0000] {processor.py:183} INFO - Processing /home/airflow/.local/lib/python3.12/site-packages/airflow/example_dags/example_branch_day_of_week_operator.py took 0.951 seconds
[2026-05-20T08:14:21.578+0000] {processor.py:161} INFO - Started process (PID=857) to work on /home/airflow/.local/lib/python3.12/site-packages/airflow/example_dags/example_branch_day_of_week_operator.py
[2026-05-20T08:14:21.582+0000] {processor.py:830} INFO - Processing file /home/airflow/.local/lib/python3.12/site-packages/airflow/example_dags/example_branch_day_of_week_operator.py for tasks to queue
[2026-05-20T08:14:21.588+0000] {logging_mixin.py:188} INFO - [2026-05-20T08:14:21.586+0000] {dagbag.py:545} INFO - Filling up the DagBag from /home/airflow/.local/lib/python3.12/site-packages/airflow/example_dags/example_branch_day_of_week_operator.py
[2026-05-20T08:14:21.607+0000] {processor.py:840} INFO - DAG(s) 'example_weekday_branch_operator' retrieved from /home/airflow/.local/lib/python3.12/site-packages/airflow/example_dags/example_branch_day_of_week_operator.py
[2026-05-20T08:14:21.665+0000] {logging_mixin.py:188} INFO - [2026-05-20T08:14:21.664+0000] {dag.py:3089} INFO - Sync 1 DAGs
[2026-05-20T08:14:21.735+0000] {logging_mixin.py:188} INFO - [2026-05-20T08:14:21.734+0000] {dag.py:3947} INFO - Setting next_dagrun for example_weekday_branch_operator to 2026-05-19 00:00:00+00:00, run_after=2026-05-20 00:00:00+00:00
[2026-05-20T08:14:21.792+0000] {processor.py:183} INFO - Processing /home/airflow/.local/lib/python3.12/site-packages/airflow/example_dags/example_branch_day_of_week_operator.py took 0.230 seconds
[2026-05-20T08:14:52.362+0000] {processor.py:161} INFO - Started process (PID=917) to work on /home/airflow/.local/lib/python3.12/site-packages/airflow/example_dags/example_branch_day_of_week_operator.py
[2026-05-20T08:14:52.364+0000] {processor.py:830} INFO - Processing file /home/airflow/.local/lib/python3.12/site-packages/airflow/example_dags/example_branch_day_of_week_operator.py for tasks to queue
[2026-05-20T08:14:52.374+0000] {logging_mixin.py:188} INFO - [2026-05-20T08:14:52.373+0000] {dagbag.py:545} INFO - Filling up the DagBag from /home/airflow/.local/lib/python3.12/site-packages/airflow/example_dags/example_branch_day_of_week_operator.py
[2026-05-20T08:14:52.401+0000] {processor.py:840} INFO - DAG(s) 'example_weekday_branch_operator' retrieved from /home/airflow/.local/lib/python3.12/site-packages/airflow/example_dags/example_branch_day_of_week_operator.py
[2026-05-20T08:14:52.448+0000] {logging_mixin.py:188} INFO - [2026-05-20T08:14:52.448+0000] {dag.py:3089} INFO - Sync 1 DAGs
[2026-05-20T08:14:52.497+0000] {logging_mixin.py:188} INFO - [2026-05-20T08:14:52.497+0000] {dag.py:3947} INFO - Setting next_dagrun for example_weekday_branch_operator to 2026-05-19 00:00:00+00:00, run_after=2026-05-20 00:00:00+00:00
[2026-05-20T08:14:52.529+0000] {processor.py:183} INFO - Processing /home/airflow/.local/lib/python3.12/site-packages/airflow/example_dags/example_branch_day_of_week_operator.py took 0.182 seconds
[2026-05-20T08:15:22.896+0000] {processor.py:161} INFO - Started process (PID=977) to work on /home/airflow/.local/lib/python3.12/site-packages/airflow/example_dags/example_branch_day_of_week_operator.py
[2026-05-20T08:15:22.905+0000] {processor.py:830} INFO - Processing file /home/airflow/.local/lib/python3.12/site-packages/airflow/example_dags/example_branch_day_of_week_operator.py for tasks to queue
[2026-05-20T08:15:22.910+0000] {logging_mixin.py:188} INFO - [2026-05-20T08:15:22.909+0000] {dagbag.py:545} INFO - Filling up the DagBag from /home/airflow/.local/lib/python3.12/site-packages/airflow/example_dags/example_branch_day_of_week_operator.py
[2026-05-20T08:15:22.943+0000] {processor.py:840} INFO - DAG(s) 'example_weekday_branch_operator' retrieved from /home/airflow/.local/lib/python3.12/site-packages/airflow/example_dags/example_branch_day_of_week_operator.py
[2026-05-20T08:15:22.993+0000] {logging_mixin.py:188} INFO - [2026-05-20T08:15:22.993+0000] {dag.py:3089} INFO - Sync 1 DAGs
[2026-05-20T08:15:23.039+0000] {logging_mixin.py:188} INFO - [2026-05-20T08:15:23.038+0000] {dag.py:3947} INFO - Setting next_dagrun for example_weekday_branch_operator to 2026-05-19 00:00:00+00:00, run_after=2026-05-20 00:00:00+00:00
[2026-05-20T08:15:23.075+0000] {processor.py:183} INFO - Processing /home/airflow/.local/lib/python3.12/site-packages/airflow/example_dags/example_branch_day_of_week_operator.py took 0.192 seconds
[2026-05-20T08:15:53.965+0000] {processor.py:161} INFO - Started process (PID=1038) to work on /home/airflow/.local/lib/python3.12/site-packages/airflow/example_dags/example_branch_day_of_week_operator.py
[2026-05-20T08:15:53.967+0000] {processor.py:830} INFO - Processing file /home/airflow/.local/lib/python3.12/site-packages/airflow/example_dags/example_branch_day_of_week_operator.py for tasks to queue
[2026-05-20T08:15:53.972+0000] {logging_mixin.py:188} INFO - [2026-05-20T08:15:53.971+0000] {dagbag.py:545} INFO - Filling up the DagBag from /home/airflow/.local/lib/python3.12/site-packages/airflow/example_dags/example_branch_day_of_week_operator.py
[2026-05-20T08:15:53.992+0000] {processor.py:840} INFO - DAG(s) 'example_weekday_branch_operator' retrieved from /home/airflow/.local/lib/python3.12/site-packages/airflow/example_dags/example_branch_day_of_week_operator.py
[2026-05-20T08:15:54.061+0000] {logging_mixin.py:188} INFO - [2026-05-20T08:15:54.060+0000] {dag.py:3089} INFO - Sync 1 DAGs
[2026-05-20T08:15:54.154+0000] {logging_mixin.py:188} INFO - [2026-05-20T08:15:54.154+0000] {dag.py:3947} INFO - Setting next_dagrun for example_weekday_branch_operator to 2026-05-19 00:00:00+00:00, run_after=2026-05-20 00:00:00+00:00
[2026-05-20T08:15:54.211+0000] {processor.py:183} INFO - Processing /home/airflow/.local/lib/python3.12/site-packages/airflow/example_dags/example_branch_day_of_week_operator.py took 0.256 seconds
[2026-05-20T08:16:26.196+0000] {processor.py:161} INFO - Started process (PID=1098) to work on /home/airflow/.local/lib/python3.12/site-packages/airflow/example_dags/example_branch_day_of_week_operator.py
[2026-05-20T08:16:26.199+0000] {processor.py:830} INFO - Processing file /home/airflow/.local/lib/python3.12/site-packages/airflow/example_dags/example_branch_day_of_week_operator.py for tasks to queue
[2026-05-20T08:16:26.213+0000] {logging_mixin.py:188} INFO - [2026-05-20T08:16:26.203+0000] {dagbag.py:545} INFO - Filling up the DagBag from /home/airflow/.local/lib/python3.12/site-packages/airflow/example_dags/example_branch_day_of_week_operator.py
[2026-05-20T08:16:26.266+0000] {processor.py:840} INFO - DAG(s) 'example_weekday_branch_operator' retrieved from /home/airflow/.local/lib/python3.12/site-packages/airflow/example_dags/example_branch_day_of_week_operator.py
[2026-05-20T08:16:26.398+0000] {logging_mixin.py:188} INFO - [2026-05-20T08:16:26.397+0000] {dag.py:3089} INFO - Sync 1 DAGs
[2026-05-20T08:16:26.489+0000] {logging_mixin.py:188} INFO - [2026-05-20T08:16:26.488+0000] {dag.py:3947} INFO - Setting next_dagrun for example_weekday_branch_operator to 2026-05-19 00:00:00+00:00, run_after=2026-05-20 00:00:00+00:00
[2026-05-20T08:16:26.824+0000] {processor.py:183} INFO - Processing /home/airflow/.local/lib/python3.12/site-packages/airflow/example_dags/example_branch_day_of_week_operator.py took 0.652 seconds
[2026-05-20T08:16:57.551+0000] {processor.py:161} INFO - Started process (PID=1158) to work on /home/airflow/.local/lib/python3.12/site-packages/airflow/example_dags/example_branch_day_of_week_operator.py
[2026-05-20T08:16:57.554+0000] {processor.py:830} INFO - Processing file /home/airflow/.local/lib/python3.12/site-packages/airflow/example_dags/example_branch_day_of_week_operator.py for tasks to queue
[2026-05-20T08:16:57.559+0000] {logging_mixin.py:188} INFO - [2026-05-20T08:16:57.558+0000] {dagbag.py:545} INFO - Filling up the DagBag from /home/airflow/.local/lib/python3.12/site-packages/airflow/example_dags/example_branch_day_of_week_operator.py
[2026-05-20T08:16:57.580+0000] {processor.py:840} INFO - DAG(s) 'example_weekday_branch_operator' retrieved from /home/airflow/.local/lib/python3.12/site-packages/airflow/example_dags/example_branch_day_of_week_operator.py
[2026-05-20T08:16:57.631+0000] {logging_mixin.py:188} INFO - [2026-05-20T08:16:57.631+0000] {dag.py:3089} INFO - Sync 1 DAGs
[2026-05-20T08:16:57.665+0000] {logging_mixin.py:188} INFO - [2026-05-20T08:16:57.665+0000] {dag.py:3947} INFO - Setting next_dagrun for example_weekday_branch_operator to 2026-05-19 00:00:00+00:00, run_after=2026-05-20 00:00:00+00:00
[2026-05-20T08:16:57.709+0000] {processor.py:183} INFO - Processing /home/airflow/.local/lib/python3.12/site-packages/airflow/example_dags/example_branch_day_of_week_operator.py took 0.170 seconds
[2026-05-20T08:17:28.129+0000] {processor.py:161} INFO - Started process (PID=1218) to work on /home/airflow/.local/lib/python3.12/site-packages/airflow/example_dags/example_branch_day_of_week_operator.py
[2026-05-20T08:17:28.136+0000] {processor.py:830} INFO - Processing file /home/airflow/.local/lib/python3.12/site-packages/airflow/example_dags/example_branch_day_of_week_operator.py for tasks to queue
[2026-05-20T08:17:28.192+0000] {logging_mixin.py:188} INFO - [2026-05-20T08:17:28.191+0000] {dagbag.py:545} INFO - Filling up the DagBag from /home/airflow/.local/lib/python3.12/site-packages/airflow/example_dags/example_branch_day_of_week_operator.py
[2026-05-20T08:17:28.243+0000] {processor.py:840} INFO - DAG(s) 'example_weekday_branch_operator' retrieved from /home/airflow/.local/lib/python3.12/site-packages/airflow/example_dags/example_branch_day_of_week_operator.py
[2026-05-20T08:17:28.350+0000] {logging_mixin.py:188} INFO - [2026-05-20T08:17:28.350+0000] {dag.py:3089} INFO - Sync 1 DAGs
[2026-05-20T08:17:28.459+0000] {logging_mixin.py:188} INFO - [2026-05-20T08:17:28.458+0000] {dag.py:3947} INFO - Setting next_dagrun for example_weekday_branch_operator to 2026-05-19 00:00:00+00:00, run_after=2026-05-20 00:00:00+00:00
[2026-05-20T08:17:28.539+0000] {processor.py:183} INFO - Processing /home/airflow/.local/lib/python3.12/site-packages/airflow/example_dags/example_branch_day_of_week_operator.py took 0.442 seconds
[2026-05-20T08:17:59.050+0000] {processor.py:161} INFO - Started process (PID=1278) to work on /home/airflow/.local/lib/python3.12/site-packages/airflow/example_dags/example_branch_day_of_week_operator.py
[2026-05-20T08:17:59.052+0000] {processor.py:830} INFO - Processing file /home/airflow/.local/lib/python3.12/site-packages/airflow/example_dags/example_branch_day_of_week_operator.py for tasks to queue
[2026-05-20T08:17:59.055+0000] {logging_mixin.py:188} INFO - [2026-05-20T08:17:59.054+0000] {dagbag.py:545} INFO - Filling up the DagBag from /home/airflow/.local/lib/python3.12/site-packages/airflow/example_dags/example_branch_day_of_week_operator.py
[2026-05-20T08:17:59.067+0000] {processor.py:840} INFO - DAG(s) 'example_weekday_branch_operator' retrieved from /home/airflow/.local/lib/python3.12/site-packages/airflow/example_dags/example_branch_day_of_week_operator.py
[2026-05-20T08:17:59.103+0000] {logging_mixin.py:188} INFO - [2026-05-20T08:17:59.103+0000] {dag.py:3089} INFO - Sync 1 DAGs
[2026-05-20T08:17:59.142+0000] {logging_mixin.py:188} INFO - [2026-05-20T08:17:59.141+0000] {dag.py:3947} INFO - Setting next_dagrun for example_weekday_branch_operator to 2026-05-19 00:00:00+00:00, run_after=2026-05-20 00:00:00+00:00
[2026-05-20T08:17:59.173+0000] {processor.py:183} INFO - Processing /home/airflow/.local/lib/python3.12/site-packages/airflow/example_dags/example_branch_day_of_week_operator.py took 0.132 seconds
[2026-05-20T08:18:30.136+0000] {processor.py:161} INFO - Started process (PID=1338) to work on /home/airflow/.local/lib/python3.12/site-packages/airflow/example_dags/example_branch_day_of_week_operator.py
[2026-05-20T08:18:30.138+0000] {processor.py:830} INFO - Processing file /home/airflow/.local/lib/python3.12/site-packages/airflow/example_dags/example_branch_day_of_week_operator.py for tasks to queue
[2026-05-20T08:18:30.141+0000] {logging_mixin.py:188} INFO - [2026-05-20T08:18:30.141+0000] {dagbag.py:545} INFO - Filling up the DagBag from /home/airflow/.local/lib/python3.12/site-packages/airflow/example_dags/example_branch_day_of_week_operator.py
[2026-05-20T08:18:30.153+0000] {processor.py:840} INFO - DAG(s) 'example_weekday_branch_operator' retrieved from /home/airflow/.local/lib/python3.12/site-packages/airflow/example_dags/example_branch_day_of_week_operator.py
[2026-05-20T08:18:30.189+0000] {logging_mixin.py:188} INFO - [2026-05-20T08:18:30.188+0000] {dag.py:3089} INFO - Sync 1 DAGs
[2026-05-20T08:18:30.229+0000] {logging_mixin.py:188} INFO - [2026-05-20T08:18:30.228+0000] {dag.py:3947} INFO - Setting next_dagrun for example_weekday_branch_operator to 2026-05-19 00:00:00+00:00, run_after=2026-05-20 00:00:00+00:00
[2026-05-20T08:18:30.259+0000] {processor.py:183} INFO - Processing /home/airflow/.local/lib/python3.12/site-packages/airflow/example_dags/example_branch_day_of_week_operator.py took 0.132 seconds
[2026-05-20T08:19:00.437+0000] {processor.py:161} INFO - Started process (PID=1397) to work on /home/airflow/.local/lib/python3.12/site-packages/airflow/example_dags/example_branch_day_of_week_operator.py
[2026-05-20T08:19:00.439+0000] {processor.py:830} INFO - Processing file /home/airflow/.local/lib/python3.12/site-packages/airflow/example_dags/example_branch_day_of_week_operator.py for tasks to queue
[2026-05-20T08:19:00.442+0000] {logging_mixin.py:188} INFO - [2026-05-20T08:19:00.441+0000] {dagbag.py:545} INFO - Filling up the DagBag from /home/airflow/.local/lib/python3.12/site-packages/airflow/example_dags/example_branch_day_of_week_operator.py
[2026-05-20T08:19:00.453+0000] {processor.py:840} INFO - DAG(s) 'example_weekday_branch_operator' retrieved from /home/airflow/.local/lib/python3.12/site-packages/airflow/example_dags/example_branch_day_of_week_operator.py
[2026-05-20T08:19:00.484+0000] {logging_mixin.py:188} INFO - [2026-05-20T08:19:00.484+0000] {dag.py:3089} INFO - Sync 1 DAGs
[2026-05-20T08:19:00.519+0000] {logging_mixin.py:188} INFO - [2026-05-20T08:19:00.519+0000] {dag.py:3947} INFO - Setting next_dagrun for example_weekday_branch_operator to 2026-05-19 00:00:00+00:00, run_after=2026-05-20 00:00:00+00:00
[2026-05-20T08:19:00.557+0000] {processor.py:183} INFO - Processing /home/airflow/.local/lib/python3.12/site-packages/airflow/example_dags/example_branch_day_of_week_operator.py took 0.128 seconds
[2026-05-20T08:19:31.593+0000] {processor.py:161} INFO - Started process (PID=1457) to work on /home/airflow/.local/lib/python3.12/site-packages/airflow/example_dags/example_branch_day_of_week_operator.py
[2026-05-20T08:19:31.601+0000] {processor.py:830} INFO - Processing file /home/airflow/.local/lib/python3.12/site-packages/airflow/example_dags/example_branch_day_of_week_operator.py for tasks to queue
[2026-05-20T08:19:31.612+0000] {logging_mixin.py:188} INFO - [2026-05-20T08:19:31.611+0000] {dagbag.py:545} INFO - Filling up the DagBag from /home/airflow/.local/lib/python3.12/site-packages/airflow/example_dags/example_branch_day_of_week_operator.py
[2026-05-20T08:19:31.659+0000] {processor.py:840} INFO - DAG(s) 'example_weekday_branch_operator' retrieved from /home/airflow/.local/lib/python3.12/site-packages/airflow/example_dags/example_branch_day_of_week_operator.py
[2026-05-20T08:19:31.730+0000] {logging_mixin.py:188} INFO - [2026-05-20T08:19:31.730+0000] {dag.py:3089} INFO - Sync 1 DAGs
[2026-05-20T08:19:31.807+0000] {logging_mixin.py:188} INFO - [2026-05-20T08:19:31.806+0000] {dag.py:3947} INFO - Setting next_dagrun for example_weekday_branch_operator to 2026-05-19 00:00:00+00:00, run_after=2026-05-20 00:00:00+00:00
[2026-05-20T08:19:31.864+0000] {processor.py:183} INFO - Processing /home/airflow/.local/lib/python3.12/site-packages/airflow/example_dags/example_branch_day_of_week_operator.py took 0.298 seconds
[2026-05-20T08:20:02.167+0000] {processor.py:161} INFO - Started process (PID=1516) to work on /home/airflow/.local/lib/python3.12/site-packages/airflow/example_dags/example_branch_day_of_week_operator.py
[2026-05-20T08:20:02.169+0000] {processor.py:830} INFO - Processing file /home/airflow/.local/lib/python3.12/site-packages/airflow/example_dags/example_branch_day_of_week_operator.py for tasks to queue
[2026-05-20T08:20:02.172+0000] {logging_mixin.py:188} INFO - [2026-05-20T08:20:02.172+0000] {dagbag.py:545} INFO - Filling up the DagBag from /home/airflow/.local/lib/python3.12/site-packages/airflow/example_dags/example_branch_day_of_week_operator.py
[2026-05-20T08:20:02.184+0000] {processor.py:840} INFO - DAG(s) 'example_weekday_branch_operator' retrieved from /home/airflow/.local/lib/python3.12/site-packages/airflow/example_dags/example_branch_day_of_week_operator.py
[2026-05-20T08:20:02.220+0000] {logging_mixin.py:188} INFO - [2026-05-20T08:20:02.220+0000] {dag.py:3089} INFO - Sync 1 DAGs
[2026-05-20T08:20:02.254+0000] {logging_mixin.py:188} INFO - [2026-05-20T08:20:02.254+0000] {dag.py:3947} INFO - Setting next_dagrun for example_weekday_branch_operator to 2026-05-19 00:00:00+00:00, run_after=2026-05-20 00:00:00+00:00
[2026-05-20T08:20:02.282+0000] {processor.py:183} INFO - Processing /home/airflow/.local/lib/python3.12/site-packages/airflow/example_dags/example_branch_day_of_week_operator.py took 0.126 seconds
[2026-05-20T08:20:33.559+0000] {processor.py:161} INFO - Started process (PID=1576) to work on /home/airflow/.local/lib/python3.12/site-packages/airflow/example_dags/example_branch_day_of_week_operator.py
[2026-05-20T08:20:33.566+0000] {processor.py:830} INFO - Processing file /home/airflow/.local/lib/python3.12/site-packages/airflow/example_dags/example_branch_day_of_week_operator.py for tasks to queue
[2026-05-20T08:20:33.574+0000] {logging_mixin.py:188} INFO - [2026-05-20T08:20:33.573+0000] {dagbag.py:545} INFO - Filling up the DagBag from /home/airflow/.local/lib/python3.12/site-packages/airflow/example_dags/example_branch_day_of_week_operator.py
[2026-05-20T08:20:33.624+0000] {processor.py:840} INFO - DAG(s) 'example_weekday_branch_operator' retrieved from /home/airflow/.local/lib/python3.12/site-packages/airflow/example_dags/example_branch_day_of_week_operator.py
[2026-05-20T08:20:33.785+0000] {logging_mixin.py:188} INFO - [2026-05-20T08:20:33.784+0000] {dag.py:3089} INFO - Sync 1 DAGs
[2026-05-20T08:20:33.924+0000] {logging_mixin.py:188} INFO - [2026-05-20T08:20:33.924+0000] {dag.py:3947} INFO - Setting next_dagrun for example_weekday_branch_operator to 2026-05-19 00:00:00+00:00, run_after=2026-05-20 00:00:00+00:00
[2026-05-20T08:20:34.038+0000] {processor.py:183} INFO - Processing /home/airflow/.local/lib/python3.12/site-packages/airflow/example_dags/example_branch_day_of_week_operator.py took 0.509 seconds
[2026-05-20T08:21:04.345+0000] {processor.py:161} INFO - Started process (PID=1634) to work on /home/airflow/.local/lib/python3.12/site-packages/airflow/example_dags/example_branch_day_of_week_operator.py
[2026-05-20T08:21:04.356+0000] {processor.py:830} INFO - Processing file /home/airflow/.local/lib/python3.12/site-packages/airflow/example_dags/example_branch_day_of_week_operator.py for tasks to queue
[2026-05-20T08:21:04.376+0000] {logging_mixin.py:188} INFO - [2026-05-20T08:21:04.368+0000] {dagbag.py:545} INFO - Filling up the DagBag from /home/airflow/.local/lib/python3.12/site-packages/airflow/example_dags/example_branch_day_of_week_operator.py
[2026-05-20T08:21:04.444+0000] {processor.py:840} INFO - DAG(s) 'example_weekday_branch_operator' retrieved from /home/airflow/.local/lib/python3.12/site-packages/airflow/example_dags/example_branch_day_of_week_operator.py
[2026-05-20T08:21:04.593+0000] {logging_mixin.py:188} INFO - [2026-05-20T08:21:04.592+0000] {dag.py:3089} INFO - Sync 1 DAGs
[2026-05-20T08:21:04.714+0000] {logging_mixin.py:188} INFO - [2026-05-20T08:21:04.713+0000] {dag.py:3947} INFO - Setting next_dagrun for example_weekday_branch_operator to 2026-05-19 00:00:00+00:00, run_after=2026-05-20 00:00:00+00:00
[2026-05-20T08:21:04.837+0000] {processor.py:183} INFO - Processing /home/airflow/.local/lib/python3.12/site-packages/airflow/example_dags/example_branch_day_of_week_operator.py took 0.525 seconds
[2026-05-20T08:21:34.996+0000] {processor.py:161} INFO - Started process (PID=1694) to work on /home/airflow/.local/lib/python3.12/site-packages/airflow/example_dags/example_branch_day_of_week_operator.py
[2026-05-20T08:21:35.000+0000] {processor.py:830} INFO - Processing file /home/airflow/.local/lib/python3.12/site-packages/airflow/example_dags/example_branch_day_of_week_operator.py for tasks to queue
[2026-05-20T08:21:35.006+0000] {logging_mixin.py:188} INFO - [2026-05-20T08:21:35.005+0000] {dagbag.py:545} INFO - Filling up the DagBag from /home/airflow/.local/lib/python3.12/site-packages/airflow/example_dags/example_branch_day_of_week_operator.py
[2026-05-20T08:21:35.023+0000] {processor.py:840} INFO - DAG(s) 'example_weekday_branch_operator' retrieved from /home/airflow/.local/lib/python3.12/site-packages/airflow/example_dags/example_branch_day_of_week_operator.py
[2026-05-20T08:21:35.071+0000] {logging_mixin.py:188} INFO - [2026-05-20T08:21:35.071+0000] {dag.py:3089} INFO - Sync 1 DAGs
[2026-05-20T08:21:35.127+0000] {logging_mixin.py:188} INFO - [2026-05-20T08:21:35.127+0000] {dag.py:3947} INFO - Setting next_dagrun for example_weekday_branch_operator to 2026-05-19 00:00:00+00:00, run_after=2026-05-20 00:00:00+00:00
[2026-05-20T08:21:35.203+0000] {processor.py:183} INFO - Processing /home/airflow/.local/lib/python3.12/site-packages/airflow/example_dags/example_branch_day_of_week_operator.py took 0.226 seconds
[2026-05-20T08:22:05.806+0000] {processor.py:161} INFO - Started process (PID=1754) to work on /home/airflow/.local/lib/python3.12/site-packages/airflow/example_dags/example_branch_day_of_week_operator.py
[2026-05-20T08:22:05.815+0000] {processor.py:830} INFO - Processing file /home/airflow/.local/lib/python3.12/site-packages/airflow/example_dags/example_branch_day_of_week_operator.py for tasks to queue
[2026-05-20T08:22:05.826+0000] {logging_mixin.py:188} INFO - [2026-05-20T08:22:05.824+0000] {dagbag.py:545} INFO - Filling up the DagBag from /home/airflow/.local/lib/python3.12/site-packages/airflow/example_dags/example_branch_day_of_week_operator.py
[2026-05-20T08:22:05.887+0000] {processor.py:840} INFO - DAG(s) 'example_weekday_branch_operator' retrieved from /home/airflow/.local/lib/python3.12/site-packages/airflow/example_dags/example_branch_day_of_week_operator.py
[2026-05-20T08:22:06.010+0000] {logging_mixin.py:188} INFO - [2026-05-20T08:22:06.009+0000] {dag.py:3089} INFO - Sync 1 DAGs
[2026-05-20T08:22:06.179+0000] {logging_mixin.py:188} INFO - [2026-05-20T08:22:06.178+0000] {dag.py:3947} INFO - Setting next_dagrun for example_weekday_branch_operator to 2026-05-19 00:00:00+00:00, run_after=2026-05-20 00:00:00+00:00
[2026-05-20T08:22:06.302+0000] {processor.py:183} INFO - Processing /home/airflow/.local/lib/python3.12/site-packages/airflow/example_dags/example_branch_day_of_week_operator.py took 0.528 seconds
[2026-05-20T08:22:37.084+0000] {processor.py:161} INFO - Started process (PID=1814) to work on /home/airflow/.local/lib/python3.12/site-packages/airflow/example_dags/example_branch_day_of_week_operator.py
[2026-05-20T08:22:37.098+0000] {processor.py:830} INFO - Processing file /home/airflow/.local/lib/python3.12/site-packages/airflow/example_dags/example_branch_day_of_week_operator.py for tasks to queue
[2026-05-20T08:22:37.107+0000] {logging_mixin.py:188} INFO - [2026-05-20T08:22:37.103+0000] {dagbag.py:545} INFO - Filling up the DagBag from /home/airflow/.local/lib/python3.12/site-packages/airflow/example_dags/example_branch_day_of_week_operator.py
[2026-05-20T08:22:37.159+0000] {processor.py:840} INFO - DAG(s) 'example_weekday_branch_operator' retrieved from /home/airflow/.local/lib/python3.12/site-packages/airflow/example_dags/example_branch_day_of_week_operator.py
[2026-05-20T08:22:37.289+0000] {logging_mixin.py:188} INFO - [2026-05-20T08:22:37.289+0000] {dag.py:3089} INFO - Sync 1 DAGs
[2026-05-20T08:22:37.435+0000] {logging_mixin.py:188} INFO - [2026-05-20T08:22:37.434+0000] {dag.py:3947} INFO - Setting next_dagrun for example_weekday_branch_operator to 2026-05-19 00:00:00+00:00, run_after=2026-05-20 00:00:00+00:00
[2026-05-20T08:22:37.590+0000] {processor.py:183} INFO - Processing /home/airflow/.local/lib/python3.12/site-packages/airflow/example_dags/example_branch_day_of_week_operator.py took 0.552 seconds
[2026-05-20T08:23:08.053+0000] {processor.py:161} INFO - Started process (PID=1874) to work on /home/airflow/.local/lib/python3.12/site-packages/airflow/example_dags/example_branch_day_of_week_operator.py
[2026-05-20T08:23:08.056+0000] {processor.py:830} INFO - Processing file /home/airflow/.local/lib/python3.12/site-packages/airflow/example_dags/example_branch_day_of_week_operator.py for tasks to queue
[2026-05-20T08:23:08.063+0000] {logging_mixin.py:188} INFO - [2026-05-20T08:23:08.062+0000] {dagbag.py:545} INFO - Filling up the DagBag from /home/airflow/.local/lib/python3.12/site-packages/airflow/example_dags/example_branch_day_of_week_operator.py
[2026-05-20T08:23:08.092+0000] {processor.py:840} INFO - DAG(s) 'example_weekday_branch_operator' retrieved from /home/airflow/.local/lib/python3.12/site-packages/airflow/example_dags/example_branch_day_of_week_operator.py
[2026-05-20T08:23:08.164+0000] {logging_mixin.py:188} INFO - [2026-05-20T08:23:08.164+0000] {dag.py:3089} INFO - Sync 1 DAGs
[2026-05-20T08:23:08.270+0000] {logging_mixin.py:188} INFO - [2026-05-20T08:23:08.269+0000] {dag.py:3947} INFO - Setting next_dagrun for example_weekday_branch_operator to 2026-05-19 00:00:00+00:00, run_after=2026-05-20 00:00:00+00:00
[2026-05-20T08:23:08.340+0000] {processor.py:183} INFO - Processing /home/airflow/.local/lib/python3.12/site-packages/airflow/example_dags/example_branch_day_of_week_operator.py took 0.308 seconds
[2026-05-20T08:23:40.002+0000] {processor.py:161} INFO - Started process (PID=1934) to work on /home/airflow/.local/lib/python3.12/site-packages/airflow/example_dags/example_branch_day_of_week_operator.py
[2026-05-20T08:23:40.006+0000] {processor.py:830} INFO - Processing file /home/airflow/.local/lib/python3.12/site-packages/airflow/example_dags/example_branch_day_of_week_operator.py for tasks to queue
[2026-05-20T08:23:40.025+0000] {logging_mixin.py:188} INFO - [2026-05-20T08:23:40.024+0000] {dagbag.py:545} INFO - Filling up the DagBag from /home/airflow/.local/lib/python3.12/site-packages/airflow/example_dags/example_branch_day_of_week_operator.py
[2026-05-20T08:23:40.099+0000] {processor.py:840} INFO - DAG(s) 'example_weekday_branch_operator' retrieved from /home/airflow/.local/lib/python3.12/site-packages/airflow/example_dags/example_branch_day_of_week_operator.py
[2026-05-20T08:23:40.305+0000] {logging_mixin.py:188} INFO - [2026-05-20T08:23:40.304+0000] {dag.py:3089} INFO - Sync 1 DAGs
[2026-05-20T08:23:40.448+0000] {logging_mixin.py:188} INFO - [2026-05-20T08:23:40.447+0000] {dag.py:3947} INFO - Setting next_dagrun for example_weekday_branch_operator to 2026-05-19 00:00:00+00:00, run_after=2026-05-20 00:00:00+00:00
[2026-05-20T08:23:40.568+0000] {processor.py:183} INFO - Processing /home/airflow/.local/lib/python3.12/site-packages/airflow/example_dags/example_branch_day_of_week_operator.py took 0.604 seconds
[2026-05-20T08:24:17.833+0000] {processor.py:161} INFO - Started process (PID=2005) to work on /home/airflow/.local/lib/python3.12/site-packages/airflow/example_dags/example_branch_day_of_week_operator.py
[2026-05-20T08:24:17.839+0000] {processor.py:830} INFO - Processing file /home/airflow/.local/lib/python3.12/site-packages/airflow/example_dags/example_branch_day_of_week_operator.py for tasks to queue
[2026-05-20T08:24:17.848+0000] {logging_mixin.py:188} INFO - [2026-05-20T08:24:17.847+0000] {dagbag.py:545} INFO - Filling up the DagBag from /home/airflow/.local/lib/python3.12/site-packages/airflow/example_dags/example_branch_day_of_week_operator.py
[2026-05-20T08:24:17.886+0000] {processor.py:840} INFO - DAG(s) 'example_weekday_branch_operator' retrieved from /home/airflow/.local/lib/python3.12/site-packages/airflow/example_dags/example_branch_day_of_week_operator.py
[2026-05-20T08:24:17.943+0000] {logging_mixin.py:188} INFO - [2026-05-20T08:24:17.942+0000] {dag.py:3089} INFO - Sync 1 DAGs
[2026-05-20T08:24:17.994+0000] {logging_mixin.py:188} INFO - [2026-05-20T08:24:17.993+0000] {dag.py:3947} INFO - Setting next_dagrun for example_weekday_branch_operator to 2026-05-19 00:00:00+00:00, run_after=2026-05-20 00:00:00+00:00
[2026-05-20T08:24:18.351+0000] {processor.py:183} INFO - Processing /home/airflow/.local/lib/python3.12/site-packages/airflow/example_dags/example_branch_day_of_week_operator.py took 0.549 seconds
[2026-05-20T08:24:48.982+0000] {processor.py:161} INFO - Started process (PID=2065) to work on /home/airflow/.local/lib/python3.12/site-packages/airflow/example_dags/example_branch_day_of_week_operator.py
[2026-05-20T08:24:48.984+0000] {processor.py:830} INFO - Processing file /home/airflow/.local/lib/python3.12/site-packages/airflow/example_dags/example_branch_day_of_week_operator.py for tasks to queue
[2026-05-20T08:24:48.987+0000] {logging_mixin.py:188} INFO - [2026-05-20T08:24:48.987+0000] {dagbag.py:545} INFO - Filling up the DagBag from /home/airflow/.local/lib/python3.12/site-packages/airflow/example_dags/example_branch_day_of_week_operator.py
[2026-05-20T08:24:49.002+0000] {processor.py:840} INFO - DAG(s) 'example_weekday_branch_operator' retrieved from /home/airflow/.local/lib/python3.12/site-packages/airflow/example_dags/example_branch_day_of_week_operator.py
[2026-05-20T08:24:49.048+0000] {logging_mixin.py:188} INFO - [2026-05-20T08:24:49.047+0000] {dag.py:3089} INFO - Sync 1 DAGs
[2026-05-20T08:24:49.094+0000] {logging_mixin.py:188} INFO - [2026-05-20T08:24:49.094+0000] {dag.py:3947} INFO - Setting next_dagrun for example_weekday_branch_operator to 2026-05-19 00:00:00+00:00, run_after=2026-05-20 00:00:00+00:00
[2026-05-20T08:24:49.133+0000] {processor.py:183} INFO - Processing /home/airflow/.local/lib/python3.12/site-packages/airflow/example_dags/example_branch_day_of_week_operator.py took 0.161 seconds
[2026-05-20T08:25:36.025+0000] {processor.py:161} INFO - Started process (PID=2126) to work on /home/airflow/.local/lib/python3.12/site-packages/airflow/example_dags/example_branch_day_of_week_operator.py
[2026-05-20T08:25:36.033+0000] {processor.py:830} INFO - Processing file /home/airflow/.local/lib/python3.12/site-packages/airflow/example_dags/example_branch_day_of_week_operator.py for tasks to queue
[2026-05-20T08:25:36.044+0000] {logging_mixin.py:188} INFO - [2026-05-20T08:25:36.043+0000] {dagbag.py:545} INFO - Filling up the DagBag from /home/airflow/.local/lib/python3.12/site-packages/airflow/example_dags/example_branch_day_of_week_operator.py
[2026-05-20T08:25:36.115+0000] {processor.py:840} INFO - DAG(s) 'example_weekday_branch_operator' retrieved from /home/airflow/.local/lib/python3.12/site-packages/airflow/example_dags/example_branch_day_of_week_operator.py
[2026-05-20T08:25:36.302+0000] {logging_mixin.py:188} INFO - [2026-05-20T08:25:36.300+0000] {dag.py:3089} INFO - Sync 1 DAGs
[2026-05-20T08:25:36.473+0000] {logging_mixin.py:188} INFO - [2026-05-20T08:25:36.465+0000] {dag.py:3947} INFO - Setting next_dagrun for example_weekday_branch_operator to 2026-05-19 00:00:00+00:00, run_after=2026-05-20 00:00:00+00:00
[2026-05-20T08:25:36.697+0000] {processor.py:183} INFO - Processing /home/airflow/.local/lib/python3.12/site-packages/airflow/example_dags/example_branch_day_of_week_operator.py took 0.701 seconds
[2026-05-20T08:26:06.999+0000] {processor.py:161} INFO - Started process (PID=2186) to work on /home/airflow/.local/lib/python3.12/site-packages/airflow/example_dags/example_branch_day_of_week_operator.py
[2026-05-20T08:26:07.000+0000] {processor.py:830} INFO - Processing file /home/airflow/.local/lib/python3.12/site-packages/airflow/example_dags/example_branch_day_of_week_operator.py for tasks to queue
[2026-05-20T08:26:07.003+0000] {logging_mixin.py:188} INFO - [2026-05-20T08:26:07.003+0000] {dagbag.py:545} INFO - Filling up the DagBag from /home/airflow/.local/lib/python3.12/site-packages/airflow/example_dags/example_branch_day_of_week_operator.py
[2026-05-20T08:26:07.015+0000] {processor.py:840} INFO - DAG(s) 'example_weekday_branch_operator' retrieved from /home/airflow/.local/lib/python3.12/site-packages/airflow/example_dags/example_branch_day_of_week_operator.py
[2026-05-20T08:26:07.054+0000] {logging_mixin.py:188} INFO - [2026-05-20T08:26:07.054+0000] {dag.py:3089} INFO - Sync 1 DAGs
[2026-05-20T08:26:07.104+0000] {logging_mixin.py:188} INFO - [2026-05-20T08:26:07.104+0000] {dag.py:3947} INFO - Setting next_dagrun for example_weekday_branch_operator to 2026-05-19 00:00:00+00:00, run_after=2026-05-20 00:00:00+00:00
[2026-05-20T08:26:07.144+0000] {processor.py:183} INFO - Processing /home/airflow/.local/lib/python3.12/site-packages/airflow/example_dags/example_branch_day_of_week_operator.py took 0.154 seconds
[2026-05-20T08:26:37.907+0000] {processor.py:161} INFO - Started process (PID=2246) to work on /home/airflow/.local/lib/python3.12/site-packages/airflow/example_dags/example_branch_day_of_week_operator.py
[2026-05-20T08:26:37.910+0000] {processor.py:830} INFO - Processing file /home/airflow/.local/lib/python3.12/site-packages/airflow/example_dags/example_branch_day_of_week_operator.py for tasks to queue
[2026-05-20T08:26:37.914+0000] {logging_mixin.py:188} INFO - [2026-05-20T08:26:37.914+0000] {dagbag.py:545} INFO - Filling up the DagBag from /home/airflow/.local/lib/python3.12/site-packages/airflow/example_dags/example_branch_day_of_week_operator.py
[2026-05-20T08:26:37.945+0000] {processor.py:840} INFO - DAG(s) 'example_weekday_branch_operator' retrieved from /home/airflow/.local/lib/python3.12/site-packages/airflow/example_dags/example_branch_day_of_week_operator.py
[2026-05-20T08:26:38.001+0000] {logging_mixin.py:188} INFO - [2026-05-20T08:26:38.000+0000] {dag.py:3089} INFO - Sync 1 DAGs
[2026-05-20T08:26:38.069+0000] {logging_mixin.py:188} INFO - [2026-05-20T08:26:38.069+0000] {dag.py:3947} INFO - Setting next_dagrun for example_weekday_branch_operator to 2026-05-19 00:00:00+00:00, run_after=2026-05-20 00:00:00+00:00
[2026-05-20T08:26:38.452+0000] {processor.py:183} INFO - Processing /home/airflow/.local/lib/python3.12/site-packages/airflow/example_dags/example_branch_day_of_week_operator.py took 0.562 seconds
