[2026-05-20T08:07:24.710+0000] {processor.py:161} INFO - Started process (PID=109) to work on /home/airflow/.local/lib/python3.12/site-packages/airflow/example_dags/example_short_circuit_decorator.py
[2026-05-20T08:07:24.717+0000] {processor.py:830} INFO - Processing file /home/airflow/.local/lib/python3.12/site-packages/airflow/example_dags/example_short_circuit_decorator.py for tasks to queue
[2026-05-20T08:07:24.730+0000] {logging_mixin.py:188} INFO - [2026-05-20T08:07:24.728+0000] {dagbag.py:545} INFO - Filling up the DagBag from /home/airflow/.local/lib/python3.12/site-packages/airflow/example_dags/example_short_circuit_decorator.py
[2026-05-20T08:07:24.849+0000] {processor.py:840} INFO - DAG(s) 'example_short_circuit_decorator' retrieved from /home/airflow/.local/lib/python3.12/site-packages/airflow/example_dags/example_short_circuit_decorator.py
[2026-05-20T08:07:25.622+0000] {logging_mixin.py:188} INFO - [2026-05-20T08:07:25.622+0000] {dag.py:3089} INFO - Sync 1 DAGs
[2026-05-20T08:07:25.769+0000] {logging_mixin.py:188} INFO - [2026-05-20T08:07:25.768+0000] {dag.py:3947} INFO - Setting next_dagrun for example_short_circuit_decorator to 2026-05-19 00:00:00+00:00, run_after=2026-05-20 00:00:00+00:00
[2026-05-20T08:07:25.869+0000] {processor.py:183} INFO - Processing /home/airflow/.local/lib/python3.12/site-packages/airflow/example_dags/example_short_circuit_decorator.py took 1.194 seconds
[2026-05-20T08:08:13.020+0000] {processor.py:161} INFO - Started process (PID=177) to work on /home/airflow/.local/lib/python3.12/site-packages/airflow/example_dags/example_short_circuit_decorator.py
[2026-05-20T08:08:13.023+0000] {processor.py:830} INFO - Processing file /home/airflow/.local/lib/python3.12/site-packages/airflow/example_dags/example_short_circuit_decorator.py for tasks to queue
[2026-05-20T08:08:13.030+0000] {logging_mixin.py:188} INFO - [2026-05-20T08:08:13.029+0000] {dagbag.py:545} INFO - Filling up the DagBag from /home/airflow/.local/lib/python3.12/site-packages/airflow/example_dags/example_short_circuit_decorator.py
[2026-05-20T08:08:13.068+0000] {processor.py:840} INFO - DAG(s) 'example_short_circuit_decorator' retrieved from /home/airflow/.local/lib/python3.12/site-packages/airflow/example_dags/example_short_circuit_decorator.py
[2026-05-20T08:08:13.242+0000] {logging_mixin.py:188} INFO - [2026-05-20T08:08:13.240+0000] {dag.py:3089} INFO - Sync 1 DAGs
[2026-05-20T08:08:13.366+0000] {logging_mixin.py:188} INFO - [2026-05-20T08:08:13.366+0000] {dag.py:3947} INFO - Setting next_dagrun for example_short_circuit_decorator to 2026-05-19 00:00:00+00:00, run_after=2026-05-20 00:00:00+00:00
[2026-05-20T08:08:13.427+0000] {processor.py:183} INFO - Processing /home/airflow/.local/lib/python3.12/site-packages/airflow/example_dags/example_short_circuit_decorator.py took 0.425 seconds
[2026-05-20T08:08:45.988+0000] {processor.py:161} INFO - Started process (PID=236) to work on /home/airflow/.local/lib/python3.12/site-packages/airflow/example_dags/example_short_circuit_decorator.py
[2026-05-20T08:08:45.991+0000] {processor.py:830} INFO - Processing file /home/airflow/.local/lib/python3.12/site-packages/airflow/example_dags/example_short_circuit_decorator.py for tasks to queue
[2026-05-20T08:08:45.996+0000] {logging_mixin.py:188} INFO - [2026-05-20T08:08:45.995+0000] {dagbag.py:545} INFO - Filling up the DagBag from /home/airflow/.local/lib/python3.12/site-packages/airflow/example_dags/example_short_circuit_decorator.py
[2026-05-20T08:08:46.031+0000] {processor.py:840} INFO - DAG(s) 'example_short_circuit_decorator' retrieved from /home/airflow/.local/lib/python3.12/site-packages/airflow/example_dags/example_short_circuit_decorator.py
[2026-05-20T08:08:46.128+0000] {logging_mixin.py:188} INFO - [2026-05-20T08:08:46.128+0000] {dag.py:3089} INFO - Sync 1 DAGs
[2026-05-20T08:08:46.190+0000] {logging_mixin.py:188} INFO - [2026-05-20T08:08:46.189+0000] {dag.py:3947} INFO - Setting next_dagrun for example_short_circuit_decorator to 2026-05-19 00:00:00+00:00, run_after=2026-05-20 00:00:00+00:00
[2026-05-20T08:08:46.240+0000] {processor.py:183} INFO - Processing /home/airflow/.local/lib/python3.12/site-packages/airflow/example_dags/example_short_circuit_decorator.py took 0.270 seconds
[2026-05-20T08:09:16.400+0000] {processor.py:161} INFO - Started process (PID=295) to work on /home/airflow/.local/lib/python3.12/site-packages/airflow/example_dags/example_short_circuit_decorator.py
[2026-05-20T08:09:16.402+0000] {processor.py:830} INFO - Processing file /home/airflow/.local/lib/python3.12/site-packages/airflow/example_dags/example_short_circuit_decorator.py for tasks to queue
[2026-05-20T08:09:16.405+0000] {logging_mixin.py:188} INFO - [2026-05-20T08:09:16.404+0000] {dagbag.py:545} INFO - Filling up the DagBag from /home/airflow/.local/lib/python3.12/site-packages/airflow/example_dags/example_short_circuit_decorator.py
[2026-05-20T08:09:16.425+0000] {processor.py:840} INFO - DAG(s) 'example_short_circuit_decorator' retrieved from /home/airflow/.local/lib/python3.12/site-packages/airflow/example_dags/example_short_circuit_decorator.py
[2026-05-20T08:09:16.577+0000] {logging_mixin.py:188} INFO - [2026-05-20T08:09:16.566+0000] {dag.py:3089} INFO - Sync 1 DAGs
[2026-05-20T08:09:16.655+0000] {logging_mixin.py:188} INFO - [2026-05-20T08:09:16.655+0000] {dag.py:3947} INFO - Setting next_dagrun for example_short_circuit_decorator to 2026-05-19 00:00:00+00:00, run_after=2026-05-20 00:00:00+00:00
[2026-05-20T08:09:16.702+0000] {processor.py:183} INFO - Processing /home/airflow/.local/lib/python3.12/site-packages/airflow/example_dags/example_short_circuit_decorator.py took 0.312 seconds
[2026-05-20T08:09:47.947+0000] {processor.py:161} INFO - Started process (PID=355) to work on /home/airflow/.local/lib/python3.12/site-packages/airflow/example_dags/example_short_circuit_decorator.py
[2026-05-20T08:09:47.950+0000] {processor.py:830} INFO - Processing file /home/airflow/.local/lib/python3.12/site-packages/airflow/example_dags/example_short_circuit_decorator.py for tasks to queue
[2026-05-20T08:09:47.955+0000] {logging_mixin.py:188} INFO - [2026-05-20T08:09:47.954+0000] {dagbag.py:545} INFO - Filling up the DagBag from /home/airflow/.local/lib/python3.12/site-packages/airflow/example_dags/example_short_circuit_decorator.py
[2026-05-20T08:09:47.994+0000] {processor.py:840} INFO - DAG(s) 'example_short_circuit_decorator' retrieved from /home/airflow/.local/lib/python3.12/site-packages/airflow/example_dags/example_short_circuit_decorator.py
[2026-05-20T08:09:48.066+0000] {logging_mixin.py:188} INFO - [2026-05-20T08:09:48.065+0000] {dag.py:3089} INFO - Sync 1 DAGs
[2026-05-20T08:09:48.131+0000] {logging_mixin.py:188} INFO - [2026-05-20T08:09:48.131+0000] {dag.py:3947} INFO - Setting next_dagrun for example_short_circuit_decorator to 2026-05-19 00:00:00+00:00, run_after=2026-05-20 00:00:00+00:00
[2026-05-20T08:09:48.219+0000] {processor.py:183} INFO - Processing /home/airflow/.local/lib/python3.12/site-packages/airflow/example_dags/example_short_circuit_decorator.py took 0.294 seconds
[2026-05-20T08:10:23.016+0000] {processor.py:161} INFO - Started process (PID=415) to work on /home/airflow/.local/lib/python3.12/site-packages/airflow/example_dags/example_short_circuit_decorator.py
[2026-05-20T08:10:23.019+0000] {processor.py:830} INFO - Processing file /home/airflow/.local/lib/python3.12/site-packages/airflow/example_dags/example_short_circuit_decorator.py for tasks to queue
[2026-05-20T08:10:23.026+0000] {logging_mixin.py:188} INFO - [2026-05-20T08:10:23.025+0000] {dagbag.py:545} INFO - Filling up the DagBag from /home/airflow/.local/lib/python3.12/site-packages/airflow/example_dags/example_short_circuit_decorator.py
[2026-05-20T08:10:23.046+0000] {processor.py:840} INFO - DAG(s) 'example_short_circuit_decorator' retrieved from /home/airflow/.local/lib/python3.12/site-packages/airflow/example_dags/example_short_circuit_decorator.py
[2026-05-20T08:10:23.115+0000] {logging_mixin.py:188} INFO - [2026-05-20T08:10:23.115+0000] {dag.py:3089} INFO - Sync 1 DAGs
[2026-05-20T08:10:23.170+0000] {logging_mixin.py:188} INFO - [2026-05-20T08:10:23.169+0000] {dag.py:3947} INFO - Setting next_dagrun for example_short_circuit_decorator to 2026-05-19 00:00:00+00:00, run_after=2026-05-20 00:00:00+00:00
[2026-05-20T08:10:23.235+0000] {processor.py:183} INFO - Processing /home/airflow/.local/lib/python3.12/site-packages/airflow/example_dags/example_short_circuit_decorator.py took 0.238 seconds
[2026-05-20T08:10:54.420+0000] {processor.py:161} INFO - Started process (PID=474) to work on /home/airflow/.local/lib/python3.12/site-packages/airflow/example_dags/example_short_circuit_decorator.py
[2026-05-20T08:10:54.422+0000] {processor.py:830} INFO - Processing file /home/airflow/.local/lib/python3.12/site-packages/airflow/example_dags/example_short_circuit_decorator.py for tasks to queue
[2026-05-20T08:10:54.432+0000] {logging_mixin.py:188} INFO - [2026-05-20T08:10:54.432+0000] {dagbag.py:545} INFO - Filling up the DagBag from /home/airflow/.local/lib/python3.12/site-packages/airflow/example_dags/example_short_circuit_decorator.py
[2026-05-20T08:10:54.455+0000] {processor.py:840} INFO - DAG(s) 'example_short_circuit_decorator' retrieved from /home/airflow/.local/lib/python3.12/site-packages/airflow/example_dags/example_short_circuit_decorator.py
[2026-05-20T08:10:54.527+0000] {logging_mixin.py:188} INFO - [2026-05-20T08:10:54.527+0000] {dag.py:3089} INFO - Sync 1 DAGs
[2026-05-20T08:10:54.571+0000] {logging_mixin.py:188} INFO - [2026-05-20T08:10:54.570+0000] {dag.py:3947} INFO - Setting next_dagrun for example_short_circuit_decorator to 2026-05-19 00:00:00+00:00, run_after=2026-05-20 00:00:00+00:00
[2026-05-20T08:10:54.607+0000] {processor.py:183} INFO - Processing /home/airflow/.local/lib/python3.12/site-packages/airflow/example_dags/example_short_circuit_decorator.py took 0.197 seconds
[2026-05-20T08:11:25.563+0000] {processor.py:161} INFO - Started process (PID=535) to work on /home/airflow/.local/lib/python3.12/site-packages/airflow/example_dags/example_short_circuit_decorator.py
[2026-05-20T08:11:25.565+0000] {processor.py:830} INFO - Processing file /home/airflow/.local/lib/python3.12/site-packages/airflow/example_dags/example_short_circuit_decorator.py for tasks to queue
[2026-05-20T08:11:25.569+0000] {logging_mixin.py:188} INFO - [2026-05-20T08:11:25.568+0000] {dagbag.py:545} INFO - Filling up the DagBag from /home/airflow/.local/lib/python3.12/site-packages/airflow/example_dags/example_short_circuit_decorator.py
[2026-05-20T08:11:25.588+0000] {processor.py:840} INFO - DAG(s) 'example_short_circuit_decorator' retrieved from /home/airflow/.local/lib/python3.12/site-packages/airflow/example_dags/example_short_circuit_decorator.py
[2026-05-20T08:11:25.632+0000] {logging_mixin.py:188} INFO - [2026-05-20T08:11:25.632+0000] {dag.py:3089} INFO - Sync 1 DAGs
[2026-05-20T08:11:25.663+0000] {logging_mixin.py:188} INFO - [2026-05-20T08:11:25.663+0000] {dag.py:3947} INFO - Setting next_dagrun for example_short_circuit_decorator to 2026-05-19 00:00:00+00:00, run_after=2026-05-20 00:00:00+00:00
[2026-05-20T08:11:25.697+0000] {processor.py:183} INFO - Processing /home/airflow/.local/lib/python3.12/site-packages/airflow/example_dags/example_short_circuit_decorator.py took 0.145 seconds
[2026-05-20T08:11:56.593+0000] {processor.py:161} INFO - Started process (PID=593) to work on /home/airflow/.local/lib/python3.12/site-packages/airflow/example_dags/example_short_circuit_decorator.py
[2026-05-20T08:11:56.596+0000] {processor.py:830} INFO - Processing file /home/airflow/.local/lib/python3.12/site-packages/airflow/example_dags/example_short_circuit_decorator.py for tasks to queue
[2026-05-20T08:11:56.601+0000] {logging_mixin.py:188} INFO - [2026-05-20T08:11:56.600+0000] {dagbag.py:545} INFO - Filling up the DagBag from /home/airflow/.local/lib/python3.12/site-packages/airflow/example_dags/example_short_circuit_decorator.py
[2026-05-20T08:11:56.649+0000] {processor.py:840} INFO - DAG(s) 'example_short_circuit_decorator' retrieved from /home/airflow/.local/lib/python3.12/site-packages/airflow/example_dags/example_short_circuit_decorator.py
[2026-05-20T08:11:56.730+0000] {logging_mixin.py:188} INFO - [2026-05-20T08:11:56.729+0000] {dag.py:3089} INFO - Sync 1 DAGs
[2026-05-20T08:11:56.799+0000] {logging_mixin.py:188} INFO - [2026-05-20T08:11:56.799+0000] {dag.py:3947} INFO - Setting next_dagrun for example_short_circuit_decorator to 2026-05-19 00:00:00+00:00, run_after=2026-05-20 00:00:00+00:00
[2026-05-20T08:11:56.834+0000] {processor.py:183} INFO - Processing /home/airflow/.local/lib/python3.12/site-packages/airflow/example_dags/example_short_circuit_decorator.py took 0.277 seconds
[2026-05-20T08:12:27.813+0000] {processor.py:161} INFO - Started process (PID=653) to work on /home/airflow/.local/lib/python3.12/site-packages/airflow/example_dags/example_short_circuit_decorator.py
[2026-05-20T08:12:27.816+0000] {processor.py:830} INFO - Processing file /home/airflow/.local/lib/python3.12/site-packages/airflow/example_dags/example_short_circuit_decorator.py for tasks to queue
[2026-05-20T08:12:27.822+0000] {logging_mixin.py:188} INFO - [2026-05-20T08:12:27.821+0000] {dagbag.py:545} INFO - Filling up the DagBag from /home/airflow/.local/lib/python3.12/site-packages/airflow/example_dags/example_short_circuit_decorator.py
[2026-05-20T08:12:27.866+0000] {processor.py:840} INFO - DAG(s) 'example_short_circuit_decorator' retrieved from /home/airflow/.local/lib/python3.12/site-packages/airflow/example_dags/example_short_circuit_decorator.py
[2026-05-20T08:12:27.952+0000] {logging_mixin.py:188} INFO - [2026-05-20T08:12:27.952+0000] {dag.py:3089} INFO - Sync 1 DAGs
[2026-05-20T08:12:28.056+0000] {logging_mixin.py:188} INFO - [2026-05-20T08:12:28.054+0000] {dag.py:3947} INFO - Setting next_dagrun for example_short_circuit_decorator to 2026-05-19 00:00:00+00:00, run_after=2026-05-20 00:00:00+00:00
[2026-05-20T08:12:28.176+0000] {processor.py:183} INFO - Processing /home/airflow/.local/lib/python3.12/site-packages/airflow/example_dags/example_short_circuit_decorator.py took 0.379 seconds
[2026-05-20T08:12:58.807+0000] {processor.py:161} INFO - Started process (PID=713) to work on /home/airflow/.local/lib/python3.12/site-packages/airflow/example_dags/example_short_circuit_decorator.py
[2026-05-20T08:12:58.810+0000] {processor.py:830} INFO - Processing file /home/airflow/.local/lib/python3.12/site-packages/airflow/example_dags/example_short_circuit_decorator.py for tasks to queue
[2026-05-20T08:12:58.824+0000] {logging_mixin.py:188} INFO - [2026-05-20T08:12:58.823+0000] {dagbag.py:545} INFO - Filling up the DagBag from /home/airflow/.local/lib/python3.12/site-packages/airflow/example_dags/example_short_circuit_decorator.py
[2026-05-20T08:12:58.882+0000] {processor.py:840} INFO - DAG(s) 'example_short_circuit_decorator' retrieved from /home/airflow/.local/lib/python3.12/site-packages/airflow/example_dags/example_short_circuit_decorator.py
[2026-05-20T08:12:58.970+0000] {logging_mixin.py:188} INFO - [2026-05-20T08:12:58.969+0000] {dag.py:3089} INFO - Sync 1 DAGs
[2026-05-20T08:12:59.031+0000] {logging_mixin.py:188} INFO - [2026-05-20T08:12:59.030+0000] {dag.py:3947} INFO - Setting next_dagrun for example_short_circuit_decorator to 2026-05-19 00:00:00+00:00, run_after=2026-05-20 00:00:00+00:00
[2026-05-20T08:12:59.106+0000] {processor.py:183} INFO - Processing /home/airflow/.local/lib/python3.12/site-packages/airflow/example_dags/example_short_circuit_decorator.py took 0.348 seconds
[2026-05-20T08:13:38.000+0000] {processor.py:161} INFO - Started process (PID=779) to work on /home/airflow/.local/lib/python3.12/site-packages/airflow/example_dags/example_short_circuit_decorator.py
[2026-05-20T08:13:38.005+0000] {processor.py:830} INFO - Processing file /home/airflow/.local/lib/python3.12/site-packages/airflow/example_dags/example_short_circuit_decorator.py for tasks to queue
[2026-05-20T08:13:38.017+0000] {logging_mixin.py:188} INFO - [2026-05-20T08:13:38.016+0000] {dagbag.py:545} INFO - Filling up the DagBag from /home/airflow/.local/lib/python3.12/site-packages/airflow/example_dags/example_short_circuit_decorator.py
[2026-05-20T08:13:38.098+0000] {processor.py:840} INFO - DAG(s) 'example_short_circuit_decorator' retrieved from /home/airflow/.local/lib/python3.12/site-packages/airflow/example_dags/example_short_circuit_decorator.py
[2026-05-20T08:13:38.315+0000] {logging_mixin.py:188} INFO - [2026-05-20T08:13:38.314+0000] {dag.py:3089} INFO - Sync 1 DAGs
[2026-05-20T08:13:38.514+0000] {logging_mixin.py:188} INFO - [2026-05-20T08:13:38.514+0000] {dag.py:3947} INFO - Setting next_dagrun for example_short_circuit_decorator to 2026-05-19 00:00:00+00:00, run_after=2026-05-20 00:00:00+00:00
[2026-05-20T08:13:38.745+0000] {processor.py:183} INFO - Processing /home/airflow/.local/lib/python3.12/site-packages/airflow/example_dags/example_short_circuit_decorator.py took 0.783 seconds
[2026-05-20T08:14:15.017+0000] {processor.py:161} INFO - Started process (PID=839) to work on /home/airflow/.local/lib/python3.12/site-packages/airflow/example_dags/example_short_circuit_decorator.py
[2026-05-20T08:14:15.031+0000] {processor.py:830} INFO - Processing file /home/airflow/.local/lib/python3.12/site-packages/airflow/example_dags/example_short_circuit_decorator.py for tasks to queue
[2026-05-20T08:14:15.039+0000] {logging_mixin.py:188} INFO - [2026-05-20T08:14:15.037+0000] {dagbag.py:545} INFO - Filling up the DagBag from /home/airflow/.local/lib/python3.12/site-packages/airflow/example_dags/example_short_circuit_decorator.py
[2026-05-20T08:14:15.090+0000] {processor.py:840} INFO - DAG(s) 'example_short_circuit_decorator' retrieved from /home/airflow/.local/lib/python3.12/site-packages/airflow/example_dags/example_short_circuit_decorator.py
[2026-05-20T08:14:15.171+0000] {logging_mixin.py:188} INFO - [2026-05-20T08:14:15.170+0000] {dag.py:3089} INFO - Sync 1 DAGs
[2026-05-20T08:14:15.238+0000] {logging_mixin.py:188} INFO - [2026-05-20T08:14:15.238+0000] {dag.py:3947} INFO - Setting next_dagrun for example_short_circuit_decorator to 2026-05-19 00:00:00+00:00, run_after=2026-05-20 00:00:00+00:00
[2026-05-20T08:14:15.315+0000] {processor.py:183} INFO - Processing /home/airflow/.local/lib/python3.12/site-packages/airflow/example_dags/example_short_circuit_decorator.py took 0.323 seconds
[2026-05-20T08:14:46.946+0000] {processor.py:161} INFO - Started process (PID=899) to work on /home/airflow/.local/lib/python3.12/site-packages/airflow/example_dags/example_short_circuit_decorator.py
[2026-05-20T08:14:46.949+0000] {processor.py:830} INFO - Processing file /home/airflow/.local/lib/python3.12/site-packages/airflow/example_dags/example_short_circuit_decorator.py for tasks to queue
[2026-05-20T08:14:46.954+0000] {logging_mixin.py:188} INFO - [2026-05-20T08:14:46.953+0000] {dagbag.py:545} INFO - Filling up the DagBag from /home/airflow/.local/lib/python3.12/site-packages/airflow/example_dags/example_short_circuit_decorator.py
[2026-05-20T08:14:46.996+0000] {processor.py:840} INFO - DAG(s) 'example_short_circuit_decorator' retrieved from /home/airflow/.local/lib/python3.12/site-packages/airflow/example_dags/example_short_circuit_decorator.py
[2026-05-20T08:14:47.098+0000] {logging_mixin.py:188} INFO - [2026-05-20T08:14:47.098+0000] {dag.py:3089} INFO - Sync 1 DAGs
[2026-05-20T08:14:47.221+0000] {logging_mixin.py:188} INFO - [2026-05-20T08:14:47.221+0000] {dag.py:3947} INFO - Setting next_dagrun for example_short_circuit_decorator to 2026-05-19 00:00:00+00:00, run_after=2026-05-20 00:00:00+00:00
[2026-05-20T08:14:47.303+0000] {processor.py:183} INFO - Processing /home/airflow/.local/lib/python3.12/site-packages/airflow/example_dags/example_short_circuit_decorator.py took 0.384 seconds
[2026-05-20T08:15:17.896+0000] {processor.py:161} INFO - Started process (PID=959) to work on /home/airflow/.local/lib/python3.12/site-packages/airflow/example_dags/example_short_circuit_decorator.py
[2026-05-20T08:15:17.897+0000] {processor.py:830} INFO - Processing file /home/airflow/.local/lib/python3.12/site-packages/airflow/example_dags/example_short_circuit_decorator.py for tasks to queue
[2026-05-20T08:15:17.900+0000] {logging_mixin.py:188} INFO - [2026-05-20T08:15:17.900+0000] {dagbag.py:545} INFO - Filling up the DagBag from /home/airflow/.local/lib/python3.12/site-packages/airflow/example_dags/example_short_circuit_decorator.py
[2026-05-20T08:15:17.914+0000] {processor.py:840} INFO - DAG(s) 'example_short_circuit_decorator' retrieved from /home/airflow/.local/lib/python3.12/site-packages/airflow/example_dags/example_short_circuit_decorator.py
[2026-05-20T08:15:17.952+0000] {logging_mixin.py:188} INFO - [2026-05-20T08:15:17.952+0000] {dag.py:3089} INFO - Sync 1 DAGs
[2026-05-20T08:15:18.012+0000] {logging_mixin.py:188} INFO - [2026-05-20T08:15:18.012+0000] {dag.py:3947} INFO - Setting next_dagrun for example_short_circuit_decorator to 2026-05-19 00:00:00+00:00, run_after=2026-05-20 00:00:00+00:00
[2026-05-20T08:15:18.069+0000] {processor.py:183} INFO - Processing /home/airflow/.local/lib/python3.12/site-packages/airflow/example_dags/example_short_circuit_decorator.py took 0.182 seconds
[2026-05-20T08:15:48.767+0000] {processor.py:161} INFO - Started process (PID=1020) to work on /home/airflow/.local/lib/python3.12/site-packages/airflow/example_dags/example_short_circuit_decorator.py
[2026-05-20T08:15:48.769+0000] {processor.py:830} INFO - Processing file /home/airflow/.local/lib/python3.12/site-packages/airflow/example_dags/example_short_circuit_decorator.py for tasks to queue
[2026-05-20T08:15:48.772+0000] {logging_mixin.py:188} INFO - [2026-05-20T08:15:48.771+0000] {dagbag.py:545} INFO - Filling up the DagBag from /home/airflow/.local/lib/python3.12/site-packages/airflow/example_dags/example_short_circuit_decorator.py
[2026-05-20T08:15:48.790+0000] {processor.py:840} INFO - DAG(s) 'example_short_circuit_decorator' retrieved from /home/airflow/.local/lib/python3.12/site-packages/airflow/example_dags/example_short_circuit_decorator.py
[2026-05-20T08:15:48.845+0000] {logging_mixin.py:188} INFO - [2026-05-20T08:15:48.845+0000] {dag.py:3089} INFO - Sync 1 DAGs
[2026-05-20T08:15:48.902+0000] {logging_mixin.py:188} INFO - [2026-05-20T08:15:48.902+0000] {dag.py:3947} INFO - Setting next_dagrun for example_short_circuit_decorator to 2026-05-19 00:00:00+00:00, run_after=2026-05-20 00:00:00+00:00
[2026-05-20T08:15:48.941+0000] {processor.py:183} INFO - Processing /home/airflow/.local/lib/python3.12/site-packages/airflow/example_dags/example_short_circuit_decorator.py took 0.185 seconds
[2026-05-20T08:16:19.289+0000] {processor.py:161} INFO - Started process (PID=1078) to work on /home/airflow/.local/lib/python3.12/site-packages/airflow/example_dags/example_short_circuit_decorator.py
[2026-05-20T08:16:19.291+0000] {processor.py:830} INFO - Processing file /home/airflow/.local/lib/python3.12/site-packages/airflow/example_dags/example_short_circuit_decorator.py for tasks to queue
[2026-05-20T08:16:19.294+0000] {logging_mixin.py:188} INFO - [2026-05-20T08:16:19.294+0000] {dagbag.py:545} INFO - Filling up the DagBag from /home/airflow/.local/lib/python3.12/site-packages/airflow/example_dags/example_short_circuit_decorator.py
[2026-05-20T08:16:19.310+0000] {processor.py:840} INFO - DAG(s) 'example_short_circuit_decorator' retrieved from /home/airflow/.local/lib/python3.12/site-packages/airflow/example_dags/example_short_circuit_decorator.py
[2026-05-20T08:16:19.356+0000] {logging_mixin.py:188} INFO - [2026-05-20T08:16:19.355+0000] {dag.py:3089} INFO - Sync 1 DAGs
[2026-05-20T08:16:19.394+0000] {logging_mixin.py:188} INFO - [2026-05-20T08:16:19.393+0000] {dag.py:3947} INFO - Setting next_dagrun for example_short_circuit_decorator to 2026-05-19 00:00:00+00:00, run_after=2026-05-20 00:00:00+00:00
[2026-05-20T08:16:19.432+0000] {processor.py:183} INFO - Processing /home/airflow/.local/lib/python3.12/site-packages/airflow/example_dags/example_short_circuit_decorator.py took 0.156 seconds
[2026-05-20T08:16:49.605+0000] {processor.py:161} INFO - Started process (PID=1138) to work on /home/airflow/.local/lib/python3.12/site-packages/airflow/example_dags/example_short_circuit_decorator.py
[2026-05-20T08:16:49.607+0000] {processor.py:830} INFO - Processing file /home/airflow/.local/lib/python3.12/site-packages/airflow/example_dags/example_short_circuit_decorator.py for tasks to queue
[2026-05-20T08:16:49.610+0000] {logging_mixin.py:188} INFO - [2026-05-20T08:16:49.610+0000] {dagbag.py:545} INFO - Filling up the DagBag from /home/airflow/.local/lib/python3.12/site-packages/airflow/example_dags/example_short_circuit_decorator.py
[2026-05-20T08:16:49.624+0000] {processor.py:840} INFO - DAG(s) 'example_short_circuit_decorator' retrieved from /home/airflow/.local/lib/python3.12/site-packages/airflow/example_dags/example_short_circuit_decorator.py
[2026-05-20T08:16:49.658+0000] {logging_mixin.py:188} INFO - [2026-05-20T08:16:49.657+0000] {dag.py:3089} INFO - Sync 1 DAGs
[2026-05-20T08:16:49.690+0000] {logging_mixin.py:188} INFO - [2026-05-20T08:16:49.690+0000] {dag.py:3947} INFO - Setting next_dagrun for example_short_circuit_decorator to 2026-05-19 00:00:00+00:00, run_after=2026-05-20 00:00:00+00:00
[2026-05-20T08:16:49.719+0000] {processor.py:183} INFO - Processing /home/airflow/.local/lib/python3.12/site-packages/airflow/example_dags/example_short_circuit_decorator.py took 0.123 seconds
[2026-05-20T08:17:20.488+0000] {processor.py:161} INFO - Started process (PID=1198) to work on /home/airflow/.local/lib/python3.12/site-packages/airflow/example_dags/example_short_circuit_decorator.py
[2026-05-20T08:17:20.491+0000] {processor.py:830} INFO - Processing file /home/airflow/.local/lib/python3.12/site-packages/airflow/example_dags/example_short_circuit_decorator.py for tasks to queue
[2026-05-20T08:17:20.495+0000] {logging_mixin.py:188} INFO - [2026-05-20T08:17:20.495+0000] {dagbag.py:545} INFO - Filling up the DagBag from /home/airflow/.local/lib/python3.12/site-packages/airflow/example_dags/example_short_circuit_decorator.py
[2026-05-20T08:17:20.519+0000] {processor.py:840} INFO - DAG(s) 'example_short_circuit_decorator' retrieved from /home/airflow/.local/lib/python3.12/site-packages/airflow/example_dags/example_short_circuit_decorator.py
[2026-05-20T08:17:20.573+0000] {logging_mixin.py:188} INFO - [2026-05-20T08:17:20.572+0000] {dag.py:3089} INFO - Sync 1 DAGs
[2026-05-20T08:17:20.624+0000] {logging_mixin.py:188} INFO - [2026-05-20T08:17:20.624+0000] {dag.py:3947} INFO - Setting next_dagrun for example_short_circuit_decorator to 2026-05-19 00:00:00+00:00, run_after=2026-05-20 00:00:00+00:00
[2026-05-20T08:17:20.670+0000] {processor.py:183} INFO - Processing /home/airflow/.local/lib/python3.12/site-packages/airflow/example_dags/example_short_circuit_decorator.py took 0.199 seconds
[2026-05-20T08:17:51.415+0000] {processor.py:161} INFO - Started process (PID=1258) to work on /home/airflow/.local/lib/python3.12/site-packages/airflow/example_dags/example_short_circuit_decorator.py
[2026-05-20T08:17:51.417+0000] {processor.py:830} INFO - Processing file /home/airflow/.local/lib/python3.12/site-packages/airflow/example_dags/example_short_circuit_decorator.py for tasks to queue
[2026-05-20T08:17:51.420+0000] {logging_mixin.py:188} INFO - [2026-05-20T08:17:51.420+0000] {dagbag.py:545} INFO - Filling up the DagBag from /home/airflow/.local/lib/python3.12/site-packages/airflow/example_dags/example_short_circuit_decorator.py
[2026-05-20T08:17:51.437+0000] {processor.py:840} INFO - DAG(s) 'example_short_circuit_decorator' retrieved from /home/airflow/.local/lib/python3.12/site-packages/airflow/example_dags/example_short_circuit_decorator.py
[2026-05-20T08:17:51.472+0000] {logging_mixin.py:188} INFO - [2026-05-20T08:17:51.471+0000] {dag.py:3089} INFO - Sync 1 DAGs
[2026-05-20T08:17:51.508+0000] {logging_mixin.py:188} INFO - [2026-05-20T08:17:51.508+0000] {dag.py:3947} INFO - Setting next_dagrun for example_short_circuit_decorator to 2026-05-19 00:00:00+00:00, run_after=2026-05-20 00:00:00+00:00
[2026-05-20T08:17:51.538+0000] {processor.py:183} INFO - Processing /home/airflow/.local/lib/python3.12/site-packages/airflow/example_dags/example_short_circuit_decorator.py took 0.130 seconds
[2026-05-20T08:18:21.969+0000] {processor.py:161} INFO - Started process (PID=1318) to work on /home/airflow/.local/lib/python3.12/site-packages/airflow/example_dags/example_short_circuit_decorator.py
[2026-05-20T08:18:21.971+0000] {processor.py:830} INFO - Processing file /home/airflow/.local/lib/python3.12/site-packages/airflow/example_dags/example_short_circuit_decorator.py for tasks to queue
[2026-05-20T08:18:21.975+0000] {logging_mixin.py:188} INFO - [2026-05-20T08:18:21.974+0000] {dagbag.py:545} INFO - Filling up the DagBag from /home/airflow/.local/lib/python3.12/site-packages/airflow/example_dags/example_short_circuit_decorator.py
[2026-05-20T08:18:21.989+0000] {processor.py:840} INFO - DAG(s) 'example_short_circuit_decorator' retrieved from /home/airflow/.local/lib/python3.12/site-packages/airflow/example_dags/example_short_circuit_decorator.py
[2026-05-20T08:18:22.025+0000] {logging_mixin.py:188} INFO - [2026-05-20T08:18:22.024+0000] {dag.py:3089} INFO - Sync 1 DAGs
[2026-05-20T08:18:22.059+0000] {logging_mixin.py:188} INFO - [2026-05-20T08:18:22.058+0000] {dag.py:3947} INFO - Setting next_dagrun for example_short_circuit_decorator to 2026-05-19 00:00:00+00:00, run_after=2026-05-20 00:00:00+00:00
[2026-05-20T08:18:22.087+0000] {processor.py:183} INFO - Processing /home/airflow/.local/lib/python3.12/site-packages/airflow/example_dags/example_short_circuit_decorator.py took 0.127 seconds
[2026-05-20T08:18:52.219+0000] {processor.py:161} INFO - Started process (PID=1378) to work on /home/airflow/.local/lib/python3.12/site-packages/airflow/example_dags/example_short_circuit_decorator.py
[2026-05-20T08:18:52.220+0000] {processor.py:830} INFO - Processing file /home/airflow/.local/lib/python3.12/site-packages/airflow/example_dags/example_short_circuit_decorator.py for tasks to queue
[2026-05-20T08:18:52.223+0000] {logging_mixin.py:188} INFO - [2026-05-20T08:18:52.223+0000] {dagbag.py:545} INFO - Filling up the DagBag from /home/airflow/.local/lib/python3.12/site-packages/airflow/example_dags/example_short_circuit_decorator.py
[2026-05-20T08:18:52.237+0000] {processor.py:840} INFO - DAG(s) 'example_short_circuit_decorator' retrieved from /home/airflow/.local/lib/python3.12/site-packages/airflow/example_dags/example_short_circuit_decorator.py
[2026-05-20T08:18:52.269+0000] {logging_mixin.py:188} INFO - [2026-05-20T08:18:52.269+0000] {dag.py:3089} INFO - Sync 1 DAGs
[2026-05-20T08:18:52.302+0000] {logging_mixin.py:188} INFO - [2026-05-20T08:18:52.302+0000] {dag.py:3947} INFO - Setting next_dagrun for example_short_circuit_decorator to 2026-05-19 00:00:00+00:00, run_after=2026-05-20 00:00:00+00:00
[2026-05-20T08:18:52.332+0000] {processor.py:183} INFO - Processing /home/airflow/.local/lib/python3.12/site-packages/airflow/example_dags/example_short_circuit_decorator.py took 0.123 seconds
[2026-05-20T08:19:23.072+0000] {processor.py:161} INFO - Started process (PID=1438) to work on /home/airflow/.local/lib/python3.12/site-packages/airflow/example_dags/example_short_circuit_decorator.py
[2026-05-20T08:19:23.074+0000] {processor.py:830} INFO - Processing file /home/airflow/.local/lib/python3.12/site-packages/airflow/example_dags/example_short_circuit_decorator.py for tasks to queue
[2026-05-20T08:19:23.077+0000] {logging_mixin.py:188} INFO - [2026-05-20T08:19:23.077+0000] {dagbag.py:545} INFO - Filling up the DagBag from /home/airflow/.local/lib/python3.12/site-packages/airflow/example_dags/example_short_circuit_decorator.py
[2026-05-20T08:19:23.091+0000] {processor.py:840} INFO - DAG(s) 'example_short_circuit_decorator' retrieved from /home/airflow/.local/lib/python3.12/site-packages/airflow/example_dags/example_short_circuit_decorator.py
[2026-05-20T08:19:23.129+0000] {logging_mixin.py:188} INFO - [2026-05-20T08:19:23.129+0000] {dag.py:3089} INFO - Sync 1 DAGs
[2026-05-20T08:19:23.163+0000] {logging_mixin.py:188} INFO - [2026-05-20T08:19:23.163+0000] {dag.py:3947} INFO - Setting next_dagrun for example_short_circuit_decorator to 2026-05-19 00:00:00+00:00, run_after=2026-05-20 00:00:00+00:00
[2026-05-20T08:19:23.192+0000] {processor.py:183} INFO - Processing /home/airflow/.local/lib/python3.12/site-packages/airflow/example_dags/example_short_circuit_decorator.py took 0.130 seconds
[2026-05-20T08:19:53.384+0000] {processor.py:161} INFO - Started process (PID=1497) to work on /home/airflow/.local/lib/python3.12/site-packages/airflow/example_dags/example_short_circuit_decorator.py
[2026-05-20T08:19:53.386+0000] {processor.py:830} INFO - Processing file /home/airflow/.local/lib/python3.12/site-packages/airflow/example_dags/example_short_circuit_decorator.py for tasks to queue
[2026-05-20T08:19:53.389+0000] {logging_mixin.py:188} INFO - [2026-05-20T08:19:53.388+0000] {dagbag.py:545} INFO - Filling up the DagBag from /home/airflow/.local/lib/python3.12/site-packages/airflow/example_dags/example_short_circuit_decorator.py
[2026-05-20T08:19:53.402+0000] {processor.py:840} INFO - DAG(s) 'example_short_circuit_decorator' retrieved from /home/airflow/.local/lib/python3.12/site-packages/airflow/example_dags/example_short_circuit_decorator.py
[2026-05-20T08:19:53.439+0000] {logging_mixin.py:188} INFO - [2026-05-20T08:19:53.439+0000] {dag.py:3089} INFO - Sync 1 DAGs
[2026-05-20T08:19:53.470+0000] {logging_mixin.py:188} INFO - [2026-05-20T08:19:53.470+0000] {dag.py:3947} INFO - Setting next_dagrun for example_short_circuit_decorator to 2026-05-19 00:00:00+00:00, run_after=2026-05-20 00:00:00+00:00
[2026-05-20T08:19:53.499+0000] {processor.py:183} INFO - Processing /home/airflow/.local/lib/python3.12/site-packages/airflow/example_dags/example_short_circuit_decorator.py took 0.123 seconds
[2026-05-20T08:20:24.466+0000] {processor.py:161} INFO - Started process (PID=1557) to work on /home/airflow/.local/lib/python3.12/site-packages/airflow/example_dags/example_short_circuit_decorator.py
[2026-05-20T08:20:24.470+0000] {processor.py:830} INFO - Processing file /home/airflow/.local/lib/python3.12/site-packages/airflow/example_dags/example_short_circuit_decorator.py for tasks to queue
[2026-05-20T08:20:24.484+0000] {logging_mixin.py:188} INFO - [2026-05-20T08:20:24.483+0000] {dagbag.py:545} INFO - Filling up the DagBag from /home/airflow/.local/lib/python3.12/site-packages/airflow/example_dags/example_short_circuit_decorator.py
[2026-05-20T08:20:24.549+0000] {processor.py:840} INFO - DAG(s) 'example_short_circuit_decorator' retrieved from /home/airflow/.local/lib/python3.12/site-packages/airflow/example_dags/example_short_circuit_decorator.py
[2026-05-20T08:20:24.704+0000] {logging_mixin.py:188} INFO - [2026-05-20T08:20:24.703+0000] {dag.py:3089} INFO - Sync 1 DAGs
[2026-05-20T08:20:24.851+0000] {logging_mixin.py:188} INFO - [2026-05-20T08:20:24.850+0000] {dag.py:3947} INFO - Setting next_dagrun for example_short_circuit_decorator to 2026-05-19 00:00:00+00:00, run_after=2026-05-20 00:00:00+00:00
[2026-05-20T08:20:24.988+0000] {processor.py:183} INFO - Processing /home/airflow/.local/lib/python3.12/site-packages/airflow/example_dags/example_short_circuit_decorator.py took 0.560 seconds
[2026-05-20T08:20:55.571+0000] {processor.py:161} INFO - Started process (PID=1617) to work on /home/airflow/.local/lib/python3.12/site-packages/airflow/example_dags/example_short_circuit_decorator.py
[2026-05-20T08:20:55.573+0000] {processor.py:830} INFO - Processing file /home/airflow/.local/lib/python3.12/site-packages/airflow/example_dags/example_short_circuit_decorator.py for tasks to queue
[2026-05-20T08:20:55.579+0000] {logging_mixin.py:188} INFO - [2026-05-20T08:20:55.578+0000] {dagbag.py:545} INFO - Filling up the DagBag from /home/airflow/.local/lib/python3.12/site-packages/airflow/example_dags/example_short_circuit_decorator.py
[2026-05-20T08:20:55.620+0000] {processor.py:840} INFO - DAG(s) 'example_short_circuit_decorator' retrieved from /home/airflow/.local/lib/python3.12/site-packages/airflow/example_dags/example_short_circuit_decorator.py
[2026-05-20T08:20:55.768+0000] {logging_mixin.py:188} INFO - [2026-05-20T08:20:55.768+0000] {dag.py:3089} INFO - Sync 1 DAGs
[2026-05-20T08:20:55.854+0000] {logging_mixin.py:188} INFO - [2026-05-20T08:20:55.853+0000] {dag.py:3947} INFO - Setting next_dagrun for example_short_circuit_decorator to 2026-05-19 00:00:00+00:00, run_after=2026-05-20 00:00:00+00:00
[2026-05-20T08:20:55.941+0000] {processor.py:183} INFO - Processing /home/airflow/.local/lib/python3.12/site-packages/airflow/example_dags/example_short_circuit_decorator.py took 0.385 seconds
[2026-05-20T08:21:26.931+0000] {processor.py:161} INFO - Started process (PID=1677) to work on /home/airflow/.local/lib/python3.12/site-packages/airflow/example_dags/example_short_circuit_decorator.py
[2026-05-20T08:21:26.935+0000] {processor.py:830} INFO - Processing file /home/airflow/.local/lib/python3.12/site-packages/airflow/example_dags/example_short_circuit_decorator.py for tasks to queue
[2026-05-20T08:21:26.940+0000] {logging_mixin.py:188} INFO - [2026-05-20T08:21:26.939+0000] {dagbag.py:545} INFO - Filling up the DagBag from /home/airflow/.local/lib/python3.12/site-packages/airflow/example_dags/example_short_circuit_decorator.py
[2026-05-20T08:21:26.972+0000] {processor.py:840} INFO - DAG(s) 'example_short_circuit_decorator' retrieved from /home/airflow/.local/lib/python3.12/site-packages/airflow/example_dags/example_short_circuit_decorator.py
[2026-05-20T08:21:27.118+0000] {logging_mixin.py:188} INFO - [2026-05-20T08:21:27.117+0000] {dag.py:3089} INFO - Sync 1 DAGs
[2026-05-20T08:21:27.249+0000] {logging_mixin.py:188} INFO - [2026-05-20T08:21:27.248+0000] {dag.py:3947} INFO - Setting next_dagrun for example_short_circuit_decorator to 2026-05-19 00:00:00+00:00, run_after=2026-05-20 00:00:00+00:00
[2026-05-20T08:21:27.328+0000] {processor.py:183} INFO - Processing /home/airflow/.local/lib/python3.12/site-packages/airflow/example_dags/example_short_circuit_decorator.py took 0.414 seconds
[2026-05-20T08:21:58.329+0000] {processor.py:161} INFO - Started process (PID=1737) to work on /home/airflow/.local/lib/python3.12/site-packages/airflow/example_dags/example_short_circuit_decorator.py
[2026-05-20T08:21:58.333+0000] {processor.py:830} INFO - Processing file /home/airflow/.local/lib/python3.12/site-packages/airflow/example_dags/example_short_circuit_decorator.py for tasks to queue
[2026-05-20T08:21:58.361+0000] {logging_mixin.py:188} INFO - [2026-05-20T08:21:58.360+0000] {dagbag.py:545} INFO - Filling up the DagBag from /home/airflow/.local/lib/python3.12/site-packages/airflow/example_dags/example_short_circuit_decorator.py
[2026-05-20T08:21:58.540+0000] {processor.py:840} INFO - DAG(s) 'example_short_circuit_decorator' retrieved from /home/airflow/.local/lib/python3.12/site-packages/airflow/example_dags/example_short_circuit_decorator.py
[2026-05-20T08:21:58.868+0000] {logging_mixin.py:188} INFO - [2026-05-20T08:21:58.867+0000] {dag.py:3089} INFO - Sync 1 DAGs
[2026-05-20T08:21:59.134+0000] {logging_mixin.py:188} INFO - [2026-05-20T08:21:59.134+0000] {dag.py:3947} INFO - Setting next_dagrun for example_short_circuit_decorator to 2026-05-19 00:00:00+00:00, run_after=2026-05-20 00:00:00+00:00
[2026-05-20T08:21:59.594+0000] {processor.py:183} INFO - Processing /home/airflow/.local/lib/python3.12/site-packages/airflow/example_dags/example_short_circuit_decorator.py took 1.291 seconds
[2026-05-20T08:22:30.068+0000] {processor.py:161} INFO - Started process (PID=1797) to work on /home/airflow/.local/lib/python3.12/site-packages/airflow/example_dags/example_short_circuit_decorator.py
[2026-05-20T08:22:30.074+0000] {processor.py:830} INFO - Processing file /home/airflow/.local/lib/python3.12/site-packages/airflow/example_dags/example_short_circuit_decorator.py for tasks to queue
[2026-05-20T08:22:30.088+0000] {logging_mixin.py:188} INFO - [2026-05-20T08:22:30.087+0000] {dagbag.py:545} INFO - Filling up the DagBag from /home/airflow/.local/lib/python3.12/site-packages/airflow/example_dags/example_short_circuit_decorator.py
[2026-05-20T08:22:30.135+0000] {processor.py:840} INFO - DAG(s) 'example_short_circuit_decorator' retrieved from /home/airflow/.local/lib/python3.12/site-packages/airflow/example_dags/example_short_circuit_decorator.py
[2026-05-20T08:22:30.214+0000] {logging_mixin.py:188} INFO - [2026-05-20T08:22:30.214+0000] {dag.py:3089} INFO - Sync 1 DAGs
[2026-05-20T08:22:30.357+0000] {logging_mixin.py:188} INFO - [2026-05-20T08:22:30.357+0000] {dag.py:3947} INFO - Setting next_dagrun for example_short_circuit_decorator to 2026-05-19 00:00:00+00:00, run_after=2026-05-20 00:00:00+00:00
[2026-05-20T08:22:30.487+0000] {processor.py:183} INFO - Processing /home/airflow/.local/lib/python3.12/site-packages/airflow/example_dags/example_short_circuit_decorator.py took 0.466 seconds
[2026-05-20T08:23:01.112+0000] {processor.py:161} INFO - Started process (PID=1857) to work on /home/airflow/.local/lib/python3.12/site-packages/airflow/example_dags/example_short_circuit_decorator.py
[2026-05-20T08:23:01.115+0000] {processor.py:830} INFO - Processing file /home/airflow/.local/lib/python3.12/site-packages/airflow/example_dags/example_short_circuit_decorator.py for tasks to queue
[2026-05-20T08:23:01.126+0000] {logging_mixin.py:188} INFO - [2026-05-20T08:23:01.125+0000] {dagbag.py:545} INFO - Filling up the DagBag from /home/airflow/.local/lib/python3.12/site-packages/airflow/example_dags/example_short_circuit_decorator.py
[2026-05-20T08:23:01.171+0000] {processor.py:840} INFO - DAG(s) 'example_short_circuit_decorator' retrieved from /home/airflow/.local/lib/python3.12/site-packages/airflow/example_dags/example_short_circuit_decorator.py
[2026-05-20T08:23:01.266+0000] {logging_mixin.py:188} INFO - [2026-05-20T08:23:01.265+0000] {dag.py:3089} INFO - Sync 1 DAGs
[2026-05-20T08:23:01.366+0000] {logging_mixin.py:188} INFO - [2026-05-20T08:23:01.366+0000] {dag.py:3947} INFO - Setting next_dagrun for example_short_circuit_decorator to 2026-05-19 00:00:00+00:00, run_after=2026-05-20 00:00:00+00:00
[2026-05-20T08:23:01.446+0000] {processor.py:183} INFO - Processing /home/airflow/.local/lib/python3.12/site-packages/airflow/example_dags/example_short_circuit_decorator.py took 0.377 seconds
[2026-05-20T08:23:31.686+0000] {processor.py:161} INFO - Started process (PID=1915) to work on /home/airflow/.local/lib/python3.12/site-packages/airflow/example_dags/example_short_circuit_decorator.py
[2026-05-20T08:23:31.699+0000] {processor.py:830} INFO - Processing file /home/airflow/.local/lib/python3.12/site-packages/airflow/example_dags/example_short_circuit_decorator.py for tasks to queue
[2026-05-20T08:23:31.717+0000] {logging_mixin.py:188} INFO - [2026-05-20T08:23:31.715+0000] {dagbag.py:545} INFO - Filling up the DagBag from /home/airflow/.local/lib/python3.12/site-packages/airflow/example_dags/example_short_circuit_decorator.py
[2026-05-20T08:23:31.757+0000] {processor.py:840} INFO - DAG(s) 'example_short_circuit_decorator' retrieved from /home/airflow/.local/lib/python3.12/site-packages/airflow/example_dags/example_short_circuit_decorator.py
[2026-05-20T08:23:31.845+0000] {logging_mixin.py:188} INFO - [2026-05-20T08:23:31.844+0000] {dag.py:3089} INFO - Sync 1 DAGs
[2026-05-20T08:23:31.983+0000] {logging_mixin.py:188} INFO - [2026-05-20T08:23:31.982+0000] {dag.py:3947} INFO - Setting next_dagrun for example_short_circuit_decorator to 2026-05-19 00:00:00+00:00, run_after=2026-05-20 00:00:00+00:00
[2026-05-20T08:23:32.094+0000] {processor.py:183} INFO - Processing /home/airflow/.local/lib/python3.12/site-packages/airflow/example_dags/example_short_circuit_decorator.py took 0.434 seconds
[2026-05-20T08:24:02.823+0000] {processor.py:161} INFO - Started process (PID=1976) to work on /home/airflow/.local/lib/python3.12/site-packages/airflow/example_dags/example_short_circuit_decorator.py
[2026-05-20T08:24:02.835+0000] {processor.py:830} INFO - Processing file /home/airflow/.local/lib/python3.12/site-packages/airflow/example_dags/example_short_circuit_decorator.py for tasks to queue
[2026-05-20T08:24:02.856+0000] {logging_mixin.py:188} INFO - [2026-05-20T08:24:02.855+0000] {dagbag.py:545} INFO - Filling up the DagBag from /home/airflow/.local/lib/python3.12/site-packages/airflow/example_dags/example_short_circuit_decorator.py
[2026-05-20T08:24:03.153+0000] {processor.py:840} INFO - DAG(s) 'example_short_circuit_decorator' retrieved from /home/airflow/.local/lib/python3.12/site-packages/airflow/example_dags/example_short_circuit_decorator.py
[2026-05-20T08:24:03.612+0000] {logging_mixin.py:188} INFO - [2026-05-20T08:24:03.601+0000] {dag.py:3089} INFO - Sync 1 DAGs
[2026-05-20T08:24:03.884+0000] {logging_mixin.py:188} INFO - [2026-05-20T08:24:03.883+0000] {dag.py:3947} INFO - Setting next_dagrun for example_short_circuit_decorator to 2026-05-19 00:00:00+00:00, run_after=2026-05-20 00:00:00+00:00
[2026-05-20T08:24:04.128+0000] {processor.py:183} INFO - Processing /home/airflow/.local/lib/python3.12/site-packages/airflow/example_dags/example_short_circuit_decorator.py took 1.372 seconds
[2026-05-20T08:24:34.397+0000] {processor.py:161} INFO - Started process (PID=2037) to work on /home/airflow/.local/lib/python3.12/site-packages/airflow/example_dags/example_short_circuit_decorator.py
[2026-05-20T08:24:34.400+0000] {processor.py:830} INFO - Processing file /home/airflow/.local/lib/python3.12/site-packages/airflow/example_dags/example_short_circuit_decorator.py for tasks to queue
[2026-05-20T08:24:34.425+0000] {logging_mixin.py:188} INFO - [2026-05-20T08:24:34.424+0000] {dagbag.py:545} INFO - Filling up the DagBag from /home/airflow/.local/lib/python3.12/site-packages/airflow/example_dags/example_short_circuit_decorator.py
[2026-05-20T08:24:34.463+0000] {processor.py:840} INFO - DAG(s) 'example_short_circuit_decorator' retrieved from /home/airflow/.local/lib/python3.12/site-packages/airflow/example_dags/example_short_circuit_decorator.py
[2026-05-20T08:24:34.517+0000] {logging_mixin.py:188} INFO - [2026-05-20T08:24:34.517+0000] {dag.py:3089} INFO - Sync 1 DAGs
[2026-05-20T08:24:34.580+0000] {logging_mixin.py:188} INFO - [2026-05-20T08:24:34.579+0000] {dag.py:3947} INFO - Setting next_dagrun for example_short_circuit_decorator to 2026-05-19 00:00:00+00:00, run_after=2026-05-20 00:00:00+00:00
[2026-05-20T08:24:34.657+0000] {processor.py:183} INFO - Processing /home/airflow/.local/lib/python3.12/site-packages/airflow/example_dags/example_short_circuit_decorator.py took 0.306 seconds
[2026-05-20T08:25:28.101+0000] {processor.py:161} INFO - Started process (PID=2109) to work on /home/airflow/.local/lib/python3.12/site-packages/airflow/example_dags/example_short_circuit_decorator.py
[2026-05-20T08:25:28.123+0000] {processor.py:830} INFO - Processing file /home/airflow/.local/lib/python3.12/site-packages/airflow/example_dags/example_short_circuit_decorator.py for tasks to queue
[2026-05-20T08:25:28.129+0000] {logging_mixin.py:188} INFO - [2026-05-20T08:25:28.128+0000] {dagbag.py:545} INFO - Filling up the DagBag from /home/airflow/.local/lib/python3.12/site-packages/airflow/example_dags/example_short_circuit_decorator.py
[2026-05-20T08:25:28.228+0000] {processor.py:840} INFO - DAG(s) 'example_short_circuit_decorator' retrieved from /home/airflow/.local/lib/python3.12/site-packages/airflow/example_dags/example_short_circuit_decorator.py
[2026-05-20T08:25:28.534+0000] {logging_mixin.py:188} INFO - [2026-05-20T08:25:28.533+0000] {dag.py:3089} INFO - Sync 1 DAGs
[2026-05-20T08:25:28.747+0000] {logging_mixin.py:188} INFO - [2026-05-20T08:25:28.746+0000] {dag.py:3947} INFO - Setting next_dagrun for example_short_circuit_decorator to 2026-05-19 00:00:00+00:00, run_after=2026-05-20 00:00:00+00:00
[2026-05-20T08:25:28.912+0000] {processor.py:183} INFO - Processing /home/airflow/.local/lib/python3.12/site-packages/airflow/example_dags/example_short_circuit_decorator.py took 0.865 seconds
[2026-05-20T08:25:59.543+0000] {processor.py:161} INFO - Started process (PID=2169) to work on /home/airflow/.local/lib/python3.12/site-packages/airflow/example_dags/example_short_circuit_decorator.py
[2026-05-20T08:25:59.550+0000] {processor.py:830} INFO - Processing file /home/airflow/.local/lib/python3.12/site-packages/airflow/example_dags/example_short_circuit_decorator.py for tasks to queue
[2026-05-20T08:25:59.556+0000] {logging_mixin.py:188} INFO - [2026-05-20T08:25:59.555+0000] {dagbag.py:545} INFO - Filling up the DagBag from /home/airflow/.local/lib/python3.12/site-packages/airflow/example_dags/example_short_circuit_decorator.py
[2026-05-20T08:25:59.590+0000] {processor.py:840} INFO - DAG(s) 'example_short_circuit_decorator' retrieved from /home/airflow/.local/lib/python3.12/site-packages/airflow/example_dags/example_short_circuit_decorator.py
[2026-05-20T08:25:59.659+0000] {logging_mixin.py:188} INFO - [2026-05-20T08:25:59.659+0000] {dag.py:3089} INFO - Sync 1 DAGs
[2026-05-20T08:25:59.741+0000] {logging_mixin.py:188} INFO - [2026-05-20T08:25:59.740+0000] {dag.py:3947} INFO - Setting next_dagrun for example_short_circuit_decorator to 2026-05-19 00:00:00+00:00, run_after=2026-05-20 00:00:00+00:00
[2026-05-20T08:25:59.844+0000] {processor.py:183} INFO - Processing /home/airflow/.local/lib/python3.12/site-packages/airflow/example_dags/example_short_circuit_decorator.py took 0.333 seconds
[2026-05-20T08:26:30.282+0000] {processor.py:161} INFO - Started process (PID=2229) to work on /home/airflow/.local/lib/python3.12/site-packages/airflow/example_dags/example_short_circuit_decorator.py
[2026-05-20T08:26:30.303+0000] {processor.py:830} INFO - Processing file /home/airflow/.local/lib/python3.12/site-packages/airflow/example_dags/example_short_circuit_decorator.py for tasks to queue
[2026-05-20T08:26:30.309+0000] {logging_mixin.py:188} INFO - [2026-05-20T08:26:30.308+0000] {dagbag.py:545} INFO - Filling up the DagBag from /home/airflow/.local/lib/python3.12/site-packages/airflow/example_dags/example_short_circuit_decorator.py
[2026-05-20T08:26:30.369+0000] {processor.py:840} INFO - DAG(s) 'example_short_circuit_decorator' retrieved from /home/airflow/.local/lib/python3.12/site-packages/airflow/example_dags/example_short_circuit_decorator.py
[2026-05-20T08:26:30.503+0000] {logging_mixin.py:188} INFO - [2026-05-20T08:26:30.502+0000] {dag.py:3089} INFO - Sync 1 DAGs
[2026-05-20T08:26:30.594+0000] {logging_mixin.py:188} INFO - [2026-05-20T08:26:30.594+0000] {dag.py:3947} INFO - Setting next_dagrun for example_short_circuit_decorator to 2026-05-19 00:00:00+00:00, run_after=2026-05-20 00:00:00+00:00
[2026-05-20T08:26:30.739+0000] {processor.py:183} INFO - Processing /home/airflow/.local/lib/python3.12/site-packages/airflow/example_dags/example_short_circuit_decorator.py took 0.484 seconds
