[2026-05-20T08:07:19.475+0000] {processor.py:161} INFO - Started process (PID=101) to work on /home/airflow/.local/lib/python3.12/site-packages/airflow/example_dags/example_short_circuit_operator.py
[2026-05-20T08:07:19.479+0000] {processor.py:830} INFO - Processing file /home/airflow/.local/lib/python3.12/site-packages/airflow/example_dags/example_short_circuit_operator.py for tasks to queue
[2026-05-20T08:07:19.496+0000] {logging_mixin.py:188} INFO - [2026-05-20T08:07:19.495+0000] {dagbag.py:545} INFO - Filling up the DagBag from /home/airflow/.local/lib/python3.12/site-packages/airflow/example_dags/example_short_circuit_operator.py
[2026-05-20T08:07:19.552+0000] {processor.py:840} INFO - DAG(s) 'example_short_circuit_operator' retrieved from /home/airflow/.local/lib/python3.12/site-packages/airflow/example_dags/example_short_circuit_operator.py
[2026-05-20T08:07:19.941+0000] {logging_mixin.py:188} INFO - [2026-05-20T08:07:19.941+0000] {dag.py:3089} INFO - Sync 1 DAGs
[2026-05-20T08:07:20.050+0000] {logging_mixin.py:188} INFO - [2026-05-20T08:07:20.049+0000] {dag.py:3947} INFO - Setting next_dagrun for example_short_circuit_operator to 2026-05-19 00:00:00+00:00, run_after=2026-05-20 00:00:00+00:00
[2026-05-20T08:07:20.118+0000] {processor.py:183} INFO - Processing /home/airflow/.local/lib/python3.12/site-packages/airflow/example_dags/example_short_circuit_operator.py took 0.683 seconds
[2026-05-20T08:08:09.242+0000] {processor.py:161} INFO - Started process (PID=169) to work on /home/airflow/.local/lib/python3.12/site-packages/airflow/example_dags/example_short_circuit_operator.py
[2026-05-20T08:08:09.246+0000] {processor.py:830} INFO - Processing file /home/airflow/.local/lib/python3.12/site-packages/airflow/example_dags/example_short_circuit_operator.py for tasks to queue
[2026-05-20T08:08:09.252+0000] {logging_mixin.py:188} INFO - [2026-05-20T08:08:09.251+0000] {dagbag.py:545} INFO - Filling up the DagBag from /home/airflow/.local/lib/python3.12/site-packages/airflow/example_dags/example_short_circuit_operator.py
[2026-05-20T08:08:09.281+0000] {processor.py:840} INFO - DAG(s) 'example_short_circuit_operator' retrieved from /home/airflow/.local/lib/python3.12/site-packages/airflow/example_dags/example_short_circuit_operator.py
[2026-05-20T08:08:09.387+0000] {logging_mixin.py:188} INFO - [2026-05-20T08:08:09.386+0000] {dag.py:3089} INFO - Sync 1 DAGs
[2026-05-20T08:08:09.531+0000] {logging_mixin.py:188} INFO - [2026-05-20T08:08:09.530+0000] {dag.py:3947} INFO - Setting next_dagrun for example_short_circuit_operator to 2026-05-19 00:00:00+00:00, run_after=2026-05-20 00:00:00+00:00
[2026-05-20T08:08:09.648+0000] {processor.py:183} INFO - Processing /home/airflow/.local/lib/python3.12/site-packages/airflow/example_dags/example_short_circuit_operator.py took 0.428 seconds
[2026-05-20T08:08:44.568+0000] {processor.py:161} INFO - Started process (PID=228) to work on /home/airflow/.local/lib/python3.12/site-packages/airflow/example_dags/example_short_circuit_operator.py
[2026-05-20T08:08:44.572+0000] {processor.py:830} INFO - Processing file /home/airflow/.local/lib/python3.12/site-packages/airflow/example_dags/example_short_circuit_operator.py for tasks to queue
[2026-05-20T08:08:44.587+0000] {logging_mixin.py:188} INFO - [2026-05-20T08:08:44.586+0000] {dagbag.py:545} INFO - Filling up the DagBag from /home/airflow/.local/lib/python3.12/site-packages/airflow/example_dags/example_short_circuit_operator.py
[2026-05-20T08:08:44.614+0000] {processor.py:840} INFO - DAG(s) 'example_short_circuit_operator' retrieved from /home/airflow/.local/lib/python3.12/site-packages/airflow/example_dags/example_short_circuit_operator.py
[2026-05-20T08:08:44.677+0000] {logging_mixin.py:188} INFO - [2026-05-20T08:08:44.676+0000] {dag.py:3089} INFO - Sync 1 DAGs
[2026-05-20T08:08:44.750+0000] {logging_mixin.py:188} INFO - [2026-05-20T08:08:44.750+0000] {dag.py:3947} INFO - Setting next_dagrun for example_short_circuit_operator to 2026-05-19 00:00:00+00:00, run_after=2026-05-20 00:00:00+00:00
[2026-05-20T08:08:44.816+0000] {processor.py:183} INFO - Processing /home/airflow/.local/lib/python3.12/site-packages/airflow/example_dags/example_short_circuit_operator.py took 0.277 seconds
[2026-05-20T08:09:15.493+0000] {processor.py:161} INFO - Started process (PID=287) to work on /home/airflow/.local/lib/python3.12/site-packages/airflow/example_dags/example_short_circuit_operator.py
[2026-05-20T08:09:15.496+0000] {processor.py:830} INFO - Processing file /home/airflow/.local/lib/python3.12/site-packages/airflow/example_dags/example_short_circuit_operator.py for tasks to queue
[2026-05-20T08:09:15.499+0000] {logging_mixin.py:188} INFO - [2026-05-20T08:09:15.498+0000] {dagbag.py:545} INFO - Filling up the DagBag from /home/airflow/.local/lib/python3.12/site-packages/airflow/example_dags/example_short_circuit_operator.py
[2026-05-20T08:09:15.512+0000] {processor.py:840} INFO - DAG(s) 'example_short_circuit_operator' retrieved from /home/airflow/.local/lib/python3.12/site-packages/airflow/example_dags/example_short_circuit_operator.py
[2026-05-20T08:09:15.559+0000] {logging_mixin.py:188} INFO - [2026-05-20T08:09:15.558+0000] {dag.py:3089} INFO - Sync 1 DAGs
[2026-05-20T08:09:15.637+0000] {logging_mixin.py:188} INFO - [2026-05-20T08:09:15.637+0000] {dag.py:3947} INFO - Setting next_dagrun for example_short_circuit_operator to 2026-05-19 00:00:00+00:00, run_after=2026-05-20 00:00:00+00:00
[2026-05-20T08:09:15.713+0000] {processor.py:183} INFO - Processing /home/airflow/.local/lib/python3.12/site-packages/airflow/example_dags/example_short_circuit_operator.py took 0.230 seconds
[2026-05-20T08:09:47.012+0000] {processor.py:161} INFO - Started process (PID=347) to work on /home/airflow/.local/lib/python3.12/site-packages/airflow/example_dags/example_short_circuit_operator.py
[2026-05-20T08:09:47.015+0000] {processor.py:830} INFO - Processing file /home/airflow/.local/lib/python3.12/site-packages/airflow/example_dags/example_short_circuit_operator.py for tasks to queue
[2026-05-20T08:09:47.021+0000] {logging_mixin.py:188} INFO - [2026-05-20T08:09:47.020+0000] {dagbag.py:545} INFO - Filling up the DagBag from /home/airflow/.local/lib/python3.12/site-packages/airflow/example_dags/example_short_circuit_operator.py
[2026-05-20T08:09:47.046+0000] {processor.py:840} INFO - DAG(s) 'example_short_circuit_operator' retrieved from /home/airflow/.local/lib/python3.12/site-packages/airflow/example_dags/example_short_circuit_operator.py
[2026-05-20T08:09:47.102+0000] {logging_mixin.py:188} INFO - [2026-05-20T08:09:47.101+0000] {dag.py:3089} INFO - Sync 1 DAGs
[2026-05-20T08:09:47.145+0000] {logging_mixin.py:188} INFO - [2026-05-20T08:09:47.145+0000] {dag.py:3947} INFO - Setting next_dagrun for example_short_circuit_operator to 2026-05-19 00:00:00+00:00, run_after=2026-05-20 00:00:00+00:00
[2026-05-20T08:09:47.185+0000] {processor.py:183} INFO - Processing /home/airflow/.local/lib/python3.12/site-packages/airflow/example_dags/example_short_circuit_operator.py took 0.189 seconds
[2026-05-20T08:10:21.598+0000] {processor.py:161} INFO - Started process (PID=407) to work on /home/airflow/.local/lib/python3.12/site-packages/airflow/example_dags/example_short_circuit_operator.py
[2026-05-20T08:10:21.600+0000] {processor.py:830} INFO - Processing file /home/airflow/.local/lib/python3.12/site-packages/airflow/example_dags/example_short_circuit_operator.py for tasks to queue
[2026-05-20T08:10:21.605+0000] {logging_mixin.py:188} INFO - [2026-05-20T08:10:21.604+0000] {dagbag.py:545} INFO - Filling up the DagBag from /home/airflow/.local/lib/python3.12/site-packages/airflow/example_dags/example_short_circuit_operator.py
[2026-05-20T08:10:21.629+0000] {processor.py:840} INFO - DAG(s) 'example_short_circuit_operator' retrieved from /home/airflow/.local/lib/python3.12/site-packages/airflow/example_dags/example_short_circuit_operator.py
[2026-05-20T08:10:21.702+0000] {logging_mixin.py:188} INFO - [2026-05-20T08:10:21.701+0000] {dag.py:3089} INFO - Sync 1 DAGs
[2026-05-20T08:10:21.789+0000] {logging_mixin.py:188} INFO - [2026-05-20T08:10:21.788+0000] {dag.py:3947} INFO - Setting next_dagrun for example_short_circuit_operator to 2026-05-19 00:00:00+00:00, run_after=2026-05-20 00:00:00+00:00
[2026-05-20T08:10:21.836+0000] {processor.py:183} INFO - Processing /home/airflow/.local/lib/python3.12/site-packages/airflow/example_dags/example_short_circuit_operator.py took 0.254 seconds
[2026-05-20T08:10:52.612+0000] {processor.py:161} INFO - Started process (PID=465) to work on /home/airflow/.local/lib/python3.12/site-packages/airflow/example_dags/example_short_circuit_operator.py
[2026-05-20T08:10:52.614+0000] {processor.py:830} INFO - Processing file /home/airflow/.local/lib/python3.12/site-packages/airflow/example_dags/example_short_circuit_operator.py for tasks to queue
[2026-05-20T08:10:52.618+0000] {logging_mixin.py:188} INFO - [2026-05-20T08:10:52.617+0000] {dagbag.py:545} INFO - Filling up the DagBag from /home/airflow/.local/lib/python3.12/site-packages/airflow/example_dags/example_short_circuit_operator.py
[2026-05-20T08:10:52.632+0000] {processor.py:840} INFO - DAG(s) 'example_short_circuit_operator' retrieved from /home/airflow/.local/lib/python3.12/site-packages/airflow/example_dags/example_short_circuit_operator.py
[2026-05-20T08:10:52.673+0000] {logging_mixin.py:188} INFO - [2026-05-20T08:10:52.672+0000] {dag.py:3089} INFO - Sync 1 DAGs
[2026-05-20T08:10:52.717+0000] {logging_mixin.py:188} INFO - [2026-05-20T08:10:52.716+0000] {dag.py:3947} INFO - Setting next_dagrun for example_short_circuit_operator to 2026-05-19 00:00:00+00:00, run_after=2026-05-20 00:00:00+00:00
[2026-05-20T08:10:52.758+0000] {processor.py:183} INFO - Processing /home/airflow/.local/lib/python3.12/site-packages/airflow/example_dags/example_short_circuit_operator.py took 0.156 seconds
[2026-05-20T08:11:23.096+0000] {processor.py:161} INFO - Started process (PID=525) to work on /home/airflow/.local/lib/python3.12/site-packages/airflow/example_dags/example_short_circuit_operator.py
[2026-05-20T08:11:23.098+0000] {processor.py:830} INFO - Processing file /home/airflow/.local/lib/python3.12/site-packages/airflow/example_dags/example_short_circuit_operator.py for tasks to queue
[2026-05-20T08:11:23.103+0000] {logging_mixin.py:188} INFO - [2026-05-20T08:11:23.102+0000] {dagbag.py:545} INFO - Filling up the DagBag from /home/airflow/.local/lib/python3.12/site-packages/airflow/example_dags/example_short_circuit_operator.py
[2026-05-20T08:11:23.116+0000] {processor.py:840} INFO - DAG(s) 'example_short_circuit_operator' retrieved from /home/airflow/.local/lib/python3.12/site-packages/airflow/example_dags/example_short_circuit_operator.py
[2026-05-20T08:11:23.162+0000] {logging_mixin.py:188} INFO - [2026-05-20T08:11:23.161+0000] {dag.py:3089} INFO - Sync 1 DAGs
[2026-05-20T08:11:23.196+0000] {logging_mixin.py:188} INFO - [2026-05-20T08:11:23.196+0000] {dag.py:3947} INFO - Setting next_dagrun for example_short_circuit_operator to 2026-05-19 00:00:00+00:00, run_after=2026-05-20 00:00:00+00:00
[2026-05-20T08:11:23.224+0000] {processor.py:183} INFO - Processing /home/airflow/.local/lib/python3.12/site-packages/airflow/example_dags/example_short_circuit_operator.py took 0.139 seconds
[2026-05-20T08:11:55.283+0000] {processor.py:161} INFO - Started process (PID=585) to work on /home/airflow/.local/lib/python3.12/site-packages/airflow/example_dags/example_short_circuit_operator.py
[2026-05-20T08:11:55.286+0000] {processor.py:830} INFO - Processing file /home/airflow/.local/lib/python3.12/site-packages/airflow/example_dags/example_short_circuit_operator.py for tasks to queue
[2026-05-20T08:11:55.294+0000] {logging_mixin.py:188} INFO - [2026-05-20T08:11:55.290+0000] {dagbag.py:545} INFO - Filling up the DagBag from /home/airflow/.local/lib/python3.12/site-packages/airflow/example_dags/example_short_circuit_operator.py
[2026-05-20T08:11:55.315+0000] {processor.py:840} INFO - DAG(s) 'example_short_circuit_operator' retrieved from /home/airflow/.local/lib/python3.12/site-packages/airflow/example_dags/example_short_circuit_operator.py
[2026-05-20T08:11:55.361+0000] {logging_mixin.py:188} INFO - [2026-05-20T08:11:55.361+0000] {dag.py:3089} INFO - Sync 1 DAGs
[2026-05-20T08:11:55.408+0000] {logging_mixin.py:188} INFO - [2026-05-20T08:11:55.407+0000] {dag.py:3947} INFO - Setting next_dagrun for example_short_circuit_operator to 2026-05-19 00:00:00+00:00, run_after=2026-05-20 00:00:00+00:00
[2026-05-20T08:11:55.468+0000] {processor.py:183} INFO - Processing /home/airflow/.local/lib/python3.12/site-packages/airflow/example_dags/example_short_circuit_operator.py took 0.200 seconds
[2026-05-20T08:12:25.678+0000] {processor.py:161} INFO - Started process (PID=645) to work on /home/airflow/.local/lib/python3.12/site-packages/airflow/example_dags/example_short_circuit_operator.py
[2026-05-20T08:12:25.681+0000] {processor.py:830} INFO - Processing file /home/airflow/.local/lib/python3.12/site-packages/airflow/example_dags/example_short_circuit_operator.py for tasks to queue
[2026-05-20T08:12:25.686+0000] {logging_mixin.py:188} INFO - [2026-05-20T08:12:25.685+0000] {dagbag.py:545} INFO - Filling up the DagBag from /home/airflow/.local/lib/python3.12/site-packages/airflow/example_dags/example_short_circuit_operator.py
[2026-05-20T08:12:25.716+0000] {processor.py:840} INFO - DAG(s) 'example_short_circuit_operator' retrieved from /home/airflow/.local/lib/python3.12/site-packages/airflow/example_dags/example_short_circuit_operator.py
[2026-05-20T08:12:25.799+0000] {logging_mixin.py:188} INFO - [2026-05-20T08:12:25.798+0000] {dag.py:3089} INFO - Sync 1 DAGs
[2026-05-20T08:12:25.863+0000] {logging_mixin.py:188} INFO - [2026-05-20T08:12:25.863+0000] {dag.py:3947} INFO - Setting next_dagrun for example_short_circuit_operator to 2026-05-19 00:00:00+00:00, run_after=2026-05-20 00:00:00+00:00
[2026-05-20T08:12:25.915+0000] {processor.py:183} INFO - Processing /home/airflow/.local/lib/python3.12/site-packages/airflow/example_dags/example_short_circuit_operator.py took 0.256 seconds
[2026-05-20T08:12:56.143+0000] {processor.py:161} INFO - Started process (PID=703) to work on /home/airflow/.local/lib/python3.12/site-packages/airflow/example_dags/example_short_circuit_operator.py
[2026-05-20T08:12:56.146+0000] {processor.py:830} INFO - Processing file /home/airflow/.local/lib/python3.12/site-packages/airflow/example_dags/example_short_circuit_operator.py for tasks to queue
[2026-05-20T08:12:56.152+0000] {logging_mixin.py:188} INFO - [2026-05-20T08:12:56.151+0000] {dagbag.py:545} INFO - Filling up the DagBag from /home/airflow/.local/lib/python3.12/site-packages/airflow/example_dags/example_short_circuit_operator.py
[2026-05-20T08:12:56.174+0000] {processor.py:840} INFO - DAG(s) 'example_short_circuit_operator' retrieved from /home/airflow/.local/lib/python3.12/site-packages/airflow/example_dags/example_short_circuit_operator.py
[2026-05-20T08:12:56.234+0000] {logging_mixin.py:188} INFO - [2026-05-20T08:12:56.233+0000] {dag.py:3089} INFO - Sync 1 DAGs
[2026-05-20T08:12:56.317+0000] {logging_mixin.py:188} INFO - [2026-05-20T08:12:56.316+0000] {dag.py:3947} INFO - Setting next_dagrun for example_short_circuit_operator to 2026-05-19 00:00:00+00:00, run_after=2026-05-20 00:00:00+00:00
[2026-05-20T08:12:56.396+0000] {processor.py:183} INFO - Processing /home/airflow/.local/lib/python3.12/site-packages/airflow/example_dags/example_short_circuit_operator.py took 0.275 seconds
[2026-05-20T08:13:34.260+0000] {processor.py:161} INFO - Started process (PID=765) to work on /home/airflow/.local/lib/python3.12/site-packages/airflow/example_dags/example_short_circuit_operator.py
[2026-05-20T08:13:34.264+0000] {processor.py:830} INFO - Processing file /home/airflow/.local/lib/python3.12/site-packages/airflow/example_dags/example_short_circuit_operator.py for tasks to queue
[2026-05-20T08:13:34.271+0000] {logging_mixin.py:188} INFO - [2026-05-20T08:13:34.269+0000] {dagbag.py:545} INFO - Filling up the DagBag from /home/airflow/.local/lib/python3.12/site-packages/airflow/example_dags/example_short_circuit_operator.py
[2026-05-20T08:13:34.342+0000] {processor.py:840} INFO - DAG(s) 'example_short_circuit_operator' retrieved from /home/airflow/.local/lib/python3.12/site-packages/airflow/example_dags/example_short_circuit_operator.py
[2026-05-20T08:13:34.580+0000] {logging_mixin.py:188} INFO - [2026-05-20T08:13:34.568+0000] {dag.py:3089} INFO - Sync 1 DAGs
[2026-05-20T08:13:34.740+0000] {logging_mixin.py:188} INFO - [2026-05-20T08:13:34.739+0000] {dag.py:3947} INFO - Setting next_dagrun for example_short_circuit_operator to 2026-05-19 00:00:00+00:00, run_after=2026-05-20 00:00:00+00:00
[2026-05-20T08:13:34.933+0000] {processor.py:183} INFO - Processing /home/airflow/.local/lib/python3.12/site-packages/airflow/example_dags/example_short_circuit_operator.py took 0.709 seconds
[2026-05-20T08:14:07.128+0000] {processor.py:161} INFO - Started process (PID=825) to work on /home/airflow/.local/lib/python3.12/site-packages/airflow/example_dags/example_short_circuit_operator.py
[2026-05-20T08:14:07.146+0000] {processor.py:830} INFO - Processing file /home/airflow/.local/lib/python3.12/site-packages/airflow/example_dags/example_short_circuit_operator.py for tasks to queue
[2026-05-20T08:14:07.514+0000] {logging_mixin.py:188} INFO - [2026-05-20T08:14:07.471+0000] {dagbag.py:545} INFO - Filling up the DagBag from /home/airflow/.local/lib/python3.12/site-packages/airflow/example_dags/example_short_circuit_operator.py
[2026-05-20T08:14:07.795+0000] {processor.py:840} INFO - DAG(s) 'example_short_circuit_operator' retrieved from /home/airflow/.local/lib/python3.12/site-packages/airflow/example_dags/example_short_circuit_operator.py
[2026-05-20T08:14:08.095+0000] {logging_mixin.py:188} INFO - [2026-05-20T08:14:08.094+0000] {dag.py:3089} INFO - Sync 1 DAGs
[2026-05-20T08:14:08.275+0000] {logging_mixin.py:188} INFO - [2026-05-20T08:14:08.274+0000] {dag.py:3947} INFO - Setting next_dagrun for example_short_circuit_operator to 2026-05-19 00:00:00+00:00, run_after=2026-05-20 00:00:00+00:00
[2026-05-20T08:14:08.479+0000] {processor.py:183} INFO - Processing /home/airflow/.local/lib/python3.12/site-packages/airflow/example_dags/example_short_circuit_operator.py took 1.532 seconds
[2026-05-20T08:14:39.029+0000] {processor.py:161} INFO - Started process (PID=889) to work on /home/airflow/.local/lib/python3.12/site-packages/airflow/example_dags/example_short_circuit_operator.py
[2026-05-20T08:14:39.032+0000] {processor.py:830} INFO - Processing file /home/airflow/.local/lib/python3.12/site-packages/airflow/example_dags/example_short_circuit_operator.py for tasks to queue
[2026-05-20T08:14:39.038+0000] {logging_mixin.py:188} INFO - [2026-05-20T08:14:39.037+0000] {dagbag.py:545} INFO - Filling up the DagBag from /home/airflow/.local/lib/python3.12/site-packages/airflow/example_dags/example_short_circuit_operator.py
[2026-05-20T08:14:39.056+0000] {processor.py:840} INFO - DAG(s) 'example_short_circuit_operator' retrieved from /home/airflow/.local/lib/python3.12/site-packages/airflow/example_dags/example_short_circuit_operator.py
[2026-05-20T08:14:39.116+0000] {logging_mixin.py:188} INFO - [2026-05-20T08:14:39.115+0000] {dag.py:3089} INFO - Sync 1 DAGs
[2026-05-20T08:14:39.172+0000] {logging_mixin.py:188} INFO - [2026-05-20T08:14:39.171+0000] {dag.py:3947} INFO - Setting next_dagrun for example_short_circuit_operator to 2026-05-19 00:00:00+00:00, run_after=2026-05-20 00:00:00+00:00
[2026-05-20T08:14:39.218+0000] {processor.py:183} INFO - Processing /home/airflow/.local/lib/python3.12/site-packages/airflow/example_dags/example_short_circuit_operator.py took 0.210 seconds
[2026-05-20T08:15:09.959+0000] {processor.py:161} INFO - Started process (PID=949) to work on /home/airflow/.local/lib/python3.12/site-packages/airflow/example_dags/example_short_circuit_operator.py
[2026-05-20T08:15:09.961+0000] {processor.py:830} INFO - Processing file /home/airflow/.local/lib/python3.12/site-packages/airflow/example_dags/example_short_circuit_operator.py for tasks to queue
[2026-05-20T08:15:09.964+0000] {logging_mixin.py:188} INFO - [2026-05-20T08:15:09.963+0000] {dagbag.py:545} INFO - Filling up the DagBag from /home/airflow/.local/lib/python3.12/site-packages/airflow/example_dags/example_short_circuit_operator.py
[2026-05-20T08:15:09.975+0000] {processor.py:840} INFO - DAG(s) 'example_short_circuit_operator' retrieved from /home/airflow/.local/lib/python3.12/site-packages/airflow/example_dags/example_short_circuit_operator.py
[2026-05-20T08:15:10.007+0000] {logging_mixin.py:188} INFO - [2026-05-20T08:15:10.007+0000] {dag.py:3089} INFO - Sync 1 DAGs
[2026-05-20T08:15:10.040+0000] {logging_mixin.py:188} INFO - [2026-05-20T08:15:10.039+0000] {dag.py:3947} INFO - Setting next_dagrun for example_short_circuit_operator to 2026-05-19 00:00:00+00:00, run_after=2026-05-20 00:00:00+00:00
[2026-05-20T08:15:10.066+0000] {processor.py:183} INFO - Processing /home/airflow/.local/lib/python3.12/site-packages/airflow/example_dags/example_short_circuit_operator.py took 0.116 seconds
[2026-05-20T08:15:40.535+0000] {processor.py:161} INFO - Started process (PID=1010) to work on /home/airflow/.local/lib/python3.12/site-packages/airflow/example_dags/example_short_circuit_operator.py
[2026-05-20T08:15:40.537+0000] {processor.py:830} INFO - Processing file /home/airflow/.local/lib/python3.12/site-packages/airflow/example_dags/example_short_circuit_operator.py for tasks to queue
[2026-05-20T08:15:40.541+0000] {logging_mixin.py:188} INFO - [2026-05-20T08:15:40.541+0000] {dagbag.py:545} INFO - Filling up the DagBag from /home/airflow/.local/lib/python3.12/site-packages/airflow/example_dags/example_short_circuit_operator.py
[2026-05-20T08:15:40.556+0000] {processor.py:840} INFO - DAG(s) 'example_short_circuit_operator' retrieved from /home/airflow/.local/lib/python3.12/site-packages/airflow/example_dags/example_short_circuit_operator.py
[2026-05-20T08:15:40.603+0000] {logging_mixin.py:188} INFO - [2026-05-20T08:15:40.603+0000] {dag.py:3089} INFO - Sync 1 DAGs
[2026-05-20T08:15:40.639+0000] {logging_mixin.py:188} INFO - [2026-05-20T08:15:40.639+0000] {dag.py:3947} INFO - Setting next_dagrun for example_short_circuit_operator to 2026-05-19 00:00:00+00:00, run_after=2026-05-20 00:00:00+00:00
[2026-05-20T08:15:40.673+0000] {processor.py:183} INFO - Processing /home/airflow/.local/lib/python3.12/site-packages/airflow/example_dags/example_short_circuit_operator.py took 0.149 seconds
[2026-05-20T08:16:10.832+0000] {processor.py:161} INFO - Started process (PID=1070) to work on /home/airflow/.local/lib/python3.12/site-packages/airflow/example_dags/example_short_circuit_operator.py
[2026-05-20T08:16:10.835+0000] {processor.py:830} INFO - Processing file /home/airflow/.local/lib/python3.12/site-packages/airflow/example_dags/example_short_circuit_operator.py for tasks to queue
[2026-05-20T08:16:10.838+0000] {logging_mixin.py:188} INFO - [2026-05-20T08:16:10.838+0000] {dagbag.py:545} INFO - Filling up the DagBag from /home/airflow/.local/lib/python3.12/site-packages/airflow/example_dags/example_short_circuit_operator.py
[2026-05-20T08:16:10.850+0000] {processor.py:840} INFO - DAG(s) 'example_short_circuit_operator' retrieved from /home/airflow/.local/lib/python3.12/site-packages/airflow/example_dags/example_short_circuit_operator.py
[2026-05-20T08:16:10.884+0000] {logging_mixin.py:188} INFO - [2026-05-20T08:16:10.884+0000] {dag.py:3089} INFO - Sync 1 DAGs
[2026-05-20T08:16:10.916+0000] {logging_mixin.py:188} INFO - [2026-05-20T08:16:10.916+0000] {dag.py:3947} INFO - Setting next_dagrun for example_short_circuit_operator to 2026-05-19 00:00:00+00:00, run_after=2026-05-20 00:00:00+00:00
[2026-05-20T08:16:10.950+0000] {processor.py:183} INFO - Processing /home/airflow/.local/lib/python3.12/site-packages/airflow/example_dags/example_short_circuit_operator.py took 0.129 seconds
[2026-05-20T08:16:41.857+0000] {processor.py:161} INFO - Started process (PID=1130) to work on /home/airflow/.local/lib/python3.12/site-packages/airflow/example_dags/example_short_circuit_operator.py
[2026-05-20T08:16:41.858+0000] {processor.py:830} INFO - Processing file /home/airflow/.local/lib/python3.12/site-packages/airflow/example_dags/example_short_circuit_operator.py for tasks to queue
[2026-05-20T08:16:41.862+0000] {logging_mixin.py:188} INFO - [2026-05-20T08:16:41.861+0000] {dagbag.py:545} INFO - Filling up the DagBag from /home/airflow/.local/lib/python3.12/site-packages/airflow/example_dags/example_short_circuit_operator.py
[2026-05-20T08:16:41.873+0000] {processor.py:840} INFO - DAG(s) 'example_short_circuit_operator' retrieved from /home/airflow/.local/lib/python3.12/site-packages/airflow/example_dags/example_short_circuit_operator.py
[2026-05-20T08:16:41.910+0000] {logging_mixin.py:188} INFO - [2026-05-20T08:16:41.909+0000] {dag.py:3089} INFO - Sync 1 DAGs
[2026-05-20T08:16:41.943+0000] {logging_mixin.py:188} INFO - [2026-05-20T08:16:41.943+0000] {dag.py:3947} INFO - Setting next_dagrun for example_short_circuit_operator to 2026-05-19 00:00:00+00:00, run_after=2026-05-20 00:00:00+00:00
[2026-05-20T08:16:41.974+0000] {processor.py:183} INFO - Processing /home/airflow/.local/lib/python3.12/site-packages/airflow/example_dags/example_short_circuit_operator.py took 0.126 seconds
[2026-05-20T08:17:12.805+0000] {processor.py:161} INFO - Started process (PID=1190) to work on /home/airflow/.local/lib/python3.12/site-packages/airflow/example_dags/example_short_circuit_operator.py
[2026-05-20T08:17:12.808+0000] {processor.py:830} INFO - Processing file /home/airflow/.local/lib/python3.12/site-packages/airflow/example_dags/example_short_circuit_operator.py for tasks to queue
[2026-05-20T08:17:12.811+0000] {logging_mixin.py:188} INFO - [2026-05-20T08:17:12.811+0000] {dagbag.py:545} INFO - Filling up the DagBag from /home/airflow/.local/lib/python3.12/site-packages/airflow/example_dags/example_short_circuit_operator.py
[2026-05-20T08:17:12.826+0000] {processor.py:840} INFO - DAG(s) 'example_short_circuit_operator' retrieved from /home/airflow/.local/lib/python3.12/site-packages/airflow/example_dags/example_short_circuit_operator.py
[2026-05-20T08:17:12.880+0000] {logging_mixin.py:188} INFO - [2026-05-20T08:17:12.879+0000] {dag.py:3089} INFO - Sync 1 DAGs
[2026-05-20T08:17:12.925+0000] {logging_mixin.py:188} INFO - [2026-05-20T08:17:12.924+0000] {dag.py:3947} INFO - Setting next_dagrun for example_short_circuit_operator to 2026-05-19 00:00:00+00:00, run_after=2026-05-20 00:00:00+00:00
[2026-05-20T08:17:12.962+0000] {processor.py:183} INFO - Processing /home/airflow/.local/lib/python3.12/site-packages/airflow/example_dags/example_short_circuit_operator.py took 0.167 seconds
[2026-05-20T08:17:43.794+0000] {processor.py:161} INFO - Started process (PID=1250) to work on /home/airflow/.local/lib/python3.12/site-packages/airflow/example_dags/example_short_circuit_operator.py
[2026-05-20T08:17:43.796+0000] {processor.py:830} INFO - Processing file /home/airflow/.local/lib/python3.12/site-packages/airflow/example_dags/example_short_circuit_operator.py for tasks to queue
[2026-05-20T08:17:43.799+0000] {logging_mixin.py:188} INFO - [2026-05-20T08:17:43.799+0000] {dagbag.py:545} INFO - Filling up the DagBag from /home/airflow/.local/lib/python3.12/site-packages/airflow/example_dags/example_short_circuit_operator.py
[2026-05-20T08:17:43.812+0000] {processor.py:840} INFO - DAG(s) 'example_short_circuit_operator' retrieved from /home/airflow/.local/lib/python3.12/site-packages/airflow/example_dags/example_short_circuit_operator.py
[2026-05-20T08:17:43.851+0000] {logging_mixin.py:188} INFO - [2026-05-20T08:17:43.851+0000] {dag.py:3089} INFO - Sync 1 DAGs
[2026-05-20T08:17:43.889+0000] {logging_mixin.py:188} INFO - [2026-05-20T08:17:43.888+0000] {dag.py:3947} INFO - Setting next_dagrun for example_short_circuit_operator to 2026-05-19 00:00:00+00:00, run_after=2026-05-20 00:00:00+00:00
[2026-05-20T08:17:43.919+0000] {processor.py:183} INFO - Processing /home/airflow/.local/lib/python3.12/site-packages/airflow/example_dags/example_short_circuit_operator.py took 0.134 seconds
[2026-05-20T08:18:14.265+0000] {processor.py:161} INFO - Started process (PID=1310) to work on /home/airflow/.local/lib/python3.12/site-packages/airflow/example_dags/example_short_circuit_operator.py
[2026-05-20T08:18:14.267+0000] {processor.py:830} INFO - Processing file /home/airflow/.local/lib/python3.12/site-packages/airflow/example_dags/example_short_circuit_operator.py for tasks to queue
[2026-05-20T08:18:14.272+0000] {logging_mixin.py:188} INFO - [2026-05-20T08:18:14.271+0000] {dagbag.py:545} INFO - Filling up the DagBag from /home/airflow/.local/lib/python3.12/site-packages/airflow/example_dags/example_short_circuit_operator.py
[2026-05-20T08:18:14.285+0000] {processor.py:840} INFO - DAG(s) 'example_short_circuit_operator' retrieved from /home/airflow/.local/lib/python3.12/site-packages/airflow/example_dags/example_short_circuit_operator.py
[2026-05-20T08:18:14.322+0000] {logging_mixin.py:188} INFO - [2026-05-20T08:18:14.322+0000] {dag.py:3089} INFO - Sync 1 DAGs
[2026-05-20T08:18:14.355+0000] {logging_mixin.py:188} INFO - [2026-05-20T08:18:14.354+0000] {dag.py:3947} INFO - Setting next_dagrun for example_short_circuit_operator to 2026-05-19 00:00:00+00:00, run_after=2026-05-20 00:00:00+00:00
[2026-05-20T08:18:14.392+0000] {processor.py:183} INFO - Processing /home/airflow/.local/lib/python3.12/site-packages/airflow/example_dags/example_short_circuit_operator.py took 0.138 seconds
[2026-05-20T08:18:44.593+0000] {processor.py:161} INFO - Started process (PID=1370) to work on /home/airflow/.local/lib/python3.12/site-packages/airflow/example_dags/example_short_circuit_operator.py
[2026-05-20T08:18:44.595+0000] {processor.py:830} INFO - Processing file /home/airflow/.local/lib/python3.12/site-packages/airflow/example_dags/example_short_circuit_operator.py for tasks to queue
[2026-05-20T08:18:44.598+0000] {logging_mixin.py:188} INFO - [2026-05-20T08:18:44.598+0000] {dagbag.py:545} INFO - Filling up the DagBag from /home/airflow/.local/lib/python3.12/site-packages/airflow/example_dags/example_short_circuit_operator.py
[2026-05-20T08:18:44.609+0000] {processor.py:840} INFO - DAG(s) 'example_short_circuit_operator' retrieved from /home/airflow/.local/lib/python3.12/site-packages/airflow/example_dags/example_short_circuit_operator.py
[2026-05-20T08:18:44.644+0000] {logging_mixin.py:188} INFO - [2026-05-20T08:18:44.643+0000] {dag.py:3089} INFO - Sync 1 DAGs
[2026-05-20T08:18:44.675+0000] {logging_mixin.py:188} INFO - [2026-05-20T08:18:44.675+0000] {dag.py:3947} INFO - Setting next_dagrun for example_short_circuit_operator to 2026-05-19 00:00:00+00:00, run_after=2026-05-20 00:00:00+00:00
[2026-05-20T08:18:44.709+0000] {processor.py:183} INFO - Processing /home/airflow/.local/lib/python3.12/site-packages/airflow/example_dags/example_short_circuit_operator.py took 0.125 seconds
[2026-05-20T08:19:15.362+0000] {processor.py:161} INFO - Started process (PID=1430) to work on /home/airflow/.local/lib/python3.12/site-packages/airflow/example_dags/example_short_circuit_operator.py
[2026-05-20T08:19:15.365+0000] {processor.py:830} INFO - Processing file /home/airflow/.local/lib/python3.12/site-packages/airflow/example_dags/example_short_circuit_operator.py for tasks to queue
[2026-05-20T08:19:15.370+0000] {logging_mixin.py:188} INFO - [2026-05-20T08:19:15.369+0000] {dagbag.py:545} INFO - Filling up the DagBag from /home/airflow/.local/lib/python3.12/site-packages/airflow/example_dags/example_short_circuit_operator.py
[2026-05-20T08:19:15.391+0000] {processor.py:840} INFO - DAG(s) 'example_short_circuit_operator' retrieved from /home/airflow/.local/lib/python3.12/site-packages/airflow/example_dags/example_short_circuit_operator.py
[2026-05-20T08:19:15.449+0000] {logging_mixin.py:188} INFO - [2026-05-20T08:19:15.449+0000] {dag.py:3089} INFO - Sync 1 DAGs
[2026-05-20T08:19:15.489+0000] {logging_mixin.py:188} INFO - [2026-05-20T08:19:15.488+0000] {dag.py:3947} INFO - Setting next_dagrun for example_short_circuit_operator to 2026-05-19 00:00:00+00:00, run_after=2026-05-20 00:00:00+00:00
[2026-05-20T08:19:15.528+0000] {processor.py:183} INFO - Processing /home/airflow/.local/lib/python3.12/site-packages/airflow/example_dags/example_short_circuit_operator.py took 0.181 seconds
[2026-05-20T08:19:45.753+0000] {processor.py:161} INFO - Started process (PID=1489) to work on /home/airflow/.local/lib/python3.12/site-packages/airflow/example_dags/example_short_circuit_operator.py
[2026-05-20T08:19:45.755+0000] {processor.py:830} INFO - Processing file /home/airflow/.local/lib/python3.12/site-packages/airflow/example_dags/example_short_circuit_operator.py for tasks to queue
[2026-05-20T08:19:45.758+0000] {logging_mixin.py:188} INFO - [2026-05-20T08:19:45.758+0000] {dagbag.py:545} INFO - Filling up the DagBag from /home/airflow/.local/lib/python3.12/site-packages/airflow/example_dags/example_short_circuit_operator.py
[2026-05-20T08:19:45.770+0000] {processor.py:840} INFO - DAG(s) 'example_short_circuit_operator' retrieved from /home/airflow/.local/lib/python3.12/site-packages/airflow/example_dags/example_short_circuit_operator.py
[2026-05-20T08:19:45.806+0000] {logging_mixin.py:188} INFO - [2026-05-20T08:19:45.806+0000] {dag.py:3089} INFO - Sync 1 DAGs
[2026-05-20T08:19:45.839+0000] {logging_mixin.py:188} INFO - [2026-05-20T08:19:45.839+0000] {dag.py:3947} INFO - Setting next_dagrun for example_short_circuit_operator to 2026-05-19 00:00:00+00:00, run_after=2026-05-20 00:00:00+00:00
[2026-05-20T08:19:45.869+0000] {processor.py:183} INFO - Processing /home/airflow/.local/lib/python3.12/site-packages/airflow/example_dags/example_short_circuit_operator.py took 0.124 seconds
[2026-05-20T08:20:15.958+0000] {processor.py:161} INFO - Started process (PID=1549) to work on /home/airflow/.local/lib/python3.12/site-packages/airflow/example_dags/example_short_circuit_operator.py
[2026-05-20T08:20:15.960+0000] {processor.py:830} INFO - Processing file /home/airflow/.local/lib/python3.12/site-packages/airflow/example_dags/example_short_circuit_operator.py for tasks to queue
[2026-05-20T08:20:15.964+0000] {logging_mixin.py:188} INFO - [2026-05-20T08:20:15.964+0000] {dagbag.py:545} INFO - Filling up the DagBag from /home/airflow/.local/lib/python3.12/site-packages/airflow/example_dags/example_short_circuit_operator.py
[2026-05-20T08:20:15.976+0000] {processor.py:840} INFO - DAG(s) 'example_short_circuit_operator' retrieved from /home/airflow/.local/lib/python3.12/site-packages/airflow/example_dags/example_short_circuit_operator.py
[2026-05-20T08:20:16.010+0000] {logging_mixin.py:188} INFO - [2026-05-20T08:20:16.010+0000] {dag.py:3089} INFO - Sync 1 DAGs
[2026-05-20T08:20:16.040+0000] {logging_mixin.py:188} INFO - [2026-05-20T08:20:16.040+0000] {dag.py:3947} INFO - Setting next_dagrun for example_short_circuit_operator to 2026-05-19 00:00:00+00:00, run_after=2026-05-20 00:00:00+00:00
[2026-05-20T08:20:16.070+0000] {processor.py:183} INFO - Processing /home/airflow/.local/lib/python3.12/site-packages/airflow/example_dags/example_short_circuit_operator.py took 0.122 seconds
[2026-05-20T08:20:46.573+0000] {processor.py:161} INFO - Started process (PID=1609) to work on /home/airflow/.local/lib/python3.12/site-packages/airflow/example_dags/example_short_circuit_operator.py
[2026-05-20T08:20:46.582+0000] {processor.py:830} INFO - Processing file /home/airflow/.local/lib/python3.12/site-packages/airflow/example_dags/example_short_circuit_operator.py for tasks to queue
[2026-05-20T08:20:46.588+0000] {logging_mixin.py:188} INFO - [2026-05-20T08:20:46.587+0000] {dagbag.py:545} INFO - Filling up the DagBag from /home/airflow/.local/lib/python3.12/site-packages/airflow/example_dags/example_short_circuit_operator.py
[2026-05-20T08:20:46.628+0000] {processor.py:840} INFO - DAG(s) 'example_short_circuit_operator' retrieved from /home/airflow/.local/lib/python3.12/site-packages/airflow/example_dags/example_short_circuit_operator.py
[2026-05-20T08:20:46.754+0000] {logging_mixin.py:188} INFO - [2026-05-20T08:20:46.754+0000] {dag.py:3089} INFO - Sync 1 DAGs
[2026-05-20T08:20:46.871+0000] {logging_mixin.py:188} INFO - [2026-05-20T08:20:46.871+0000] {dag.py:3947} INFO - Setting next_dagrun for example_short_circuit_operator to 2026-05-19 00:00:00+00:00, run_after=2026-05-20 00:00:00+00:00
[2026-05-20T08:20:46.957+0000] {processor.py:183} INFO - Processing /home/airflow/.local/lib/python3.12/site-packages/airflow/example_dags/example_short_circuit_operator.py took 0.414 seconds
[2026-05-20T08:21:19.286+0000] {processor.py:161} INFO - Started process (PID=1667) to work on /home/airflow/.local/lib/python3.12/site-packages/airflow/example_dags/example_short_circuit_operator.py
[2026-05-20T08:21:19.291+0000] {processor.py:830} INFO - Processing file /home/airflow/.local/lib/python3.12/site-packages/airflow/example_dags/example_short_circuit_operator.py for tasks to queue
[2026-05-20T08:21:19.320+0000] {logging_mixin.py:188} INFO - [2026-05-20T08:21:19.319+0000] {dagbag.py:545} INFO - Filling up the DagBag from /home/airflow/.local/lib/python3.12/site-packages/airflow/example_dags/example_short_circuit_operator.py
[2026-05-20T08:21:19.364+0000] {processor.py:840} INFO - DAG(s) 'example_short_circuit_operator' retrieved from /home/airflow/.local/lib/python3.12/site-packages/airflow/example_dags/example_short_circuit_operator.py
[2026-05-20T08:21:19.655+0000] {logging_mixin.py:188} INFO - [2026-05-20T08:21:19.655+0000] {dag.py:3089} INFO - Sync 1 DAGs
[2026-05-20T08:21:19.851+0000] {logging_mixin.py:188} INFO - [2026-05-20T08:21:19.850+0000] {dag.py:3947} INFO - Setting next_dagrun for example_short_circuit_operator to 2026-05-19 00:00:00+00:00, run_after=2026-05-20 00:00:00+00:00
[2026-05-20T08:21:20.022+0000] {processor.py:183} INFO - Processing /home/airflow/.local/lib/python3.12/site-packages/airflow/example_dags/example_short_circuit_operator.py took 0.765 seconds
[2026-05-20T08:21:50.973+0000] {processor.py:161} INFO - Started process (PID=1724) to work on /home/airflow/.local/lib/python3.12/site-packages/airflow/example_dags/example_short_circuit_operator.py
[2026-05-20T08:21:50.988+0000] {processor.py:830} INFO - Processing file /home/airflow/.local/lib/python3.12/site-packages/airflow/example_dags/example_short_circuit_operator.py for tasks to queue
[2026-05-20T08:21:51.005+0000] {logging_mixin.py:188} INFO - [2026-05-20T08:21:51.004+0000] {dagbag.py:545} INFO - Filling up the DagBag from /home/airflow/.local/lib/python3.12/site-packages/airflow/example_dags/example_short_circuit_operator.py
[2026-05-20T08:21:51.068+0000] {processor.py:840} INFO - DAG(s) 'example_short_circuit_operator' retrieved from /home/airflow/.local/lib/python3.12/site-packages/airflow/example_dags/example_short_circuit_operator.py
[2026-05-20T08:21:51.268+0000] {logging_mixin.py:188} INFO - [2026-05-20T08:21:51.267+0000] {dag.py:3089} INFO - Sync 1 DAGs
[2026-05-20T08:21:51.459+0000] {logging_mixin.py:188} INFO - [2026-05-20T08:21:51.458+0000] {dag.py:3947} INFO - Setting next_dagrun for example_short_circuit_operator to 2026-05-19 00:00:00+00:00, run_after=2026-05-20 00:00:00+00:00
[2026-05-20T08:21:51.617+0000] {processor.py:183} INFO - Processing /home/airflow/.local/lib/python3.12/site-packages/airflow/example_dags/example_short_circuit_operator.py took 0.689 seconds
[2026-05-20T08:22:21.915+0000] {processor.py:161} INFO - Started process (PID=1784) to work on /home/airflow/.local/lib/python3.12/site-packages/airflow/example_dags/example_short_circuit_operator.py
[2026-05-20T08:22:21.920+0000] {processor.py:830} INFO - Processing file /home/airflow/.local/lib/python3.12/site-packages/airflow/example_dags/example_short_circuit_operator.py for tasks to queue
[2026-05-20T08:22:21.929+0000] {logging_mixin.py:188} INFO - [2026-05-20T08:22:21.927+0000] {dagbag.py:545} INFO - Filling up the DagBag from /home/airflow/.local/lib/python3.12/site-packages/airflow/example_dags/example_short_circuit_operator.py
[2026-05-20T08:22:21.951+0000] {processor.py:840} INFO - DAG(s) 'example_short_circuit_operator' retrieved from /home/airflow/.local/lib/python3.12/site-packages/airflow/example_dags/example_short_circuit_operator.py
[2026-05-20T08:22:22.030+0000] {logging_mixin.py:188} INFO - [2026-05-20T08:22:22.029+0000] {dag.py:3089} INFO - Sync 1 DAGs
[2026-05-20T08:22:22.087+0000] {logging_mixin.py:188} INFO - [2026-05-20T08:22:22.086+0000] {dag.py:3947} INFO - Setting next_dagrun for example_short_circuit_operator to 2026-05-19 00:00:00+00:00, run_after=2026-05-20 00:00:00+00:00
[2026-05-20T08:22:22.141+0000] {processor.py:183} INFO - Processing /home/airflow/.local/lib/python3.12/site-packages/airflow/example_dags/example_short_circuit_operator.py took 0.248 seconds
[2026-05-20T08:22:52.269+0000] {processor.py:161} INFO - Started process (PID=1844) to work on /home/airflow/.local/lib/python3.12/site-packages/airflow/example_dags/example_short_circuit_operator.py
[2026-05-20T08:22:52.272+0000] {processor.py:830} INFO - Processing file /home/airflow/.local/lib/python3.12/site-packages/airflow/example_dags/example_short_circuit_operator.py for tasks to queue
[2026-05-20T08:22:52.278+0000] {logging_mixin.py:188} INFO - [2026-05-20T08:22:52.277+0000] {dagbag.py:545} INFO - Filling up the DagBag from /home/airflow/.local/lib/python3.12/site-packages/airflow/example_dags/example_short_circuit_operator.py
[2026-05-20T08:22:52.299+0000] {processor.py:840} INFO - DAG(s) 'example_short_circuit_operator' retrieved from /home/airflow/.local/lib/python3.12/site-packages/airflow/example_dags/example_short_circuit_operator.py
[2026-05-20T08:22:52.365+0000] {logging_mixin.py:188} INFO - [2026-05-20T08:22:52.365+0000] {dag.py:3089} INFO - Sync 1 DAGs
[2026-05-20T08:22:52.427+0000] {logging_mixin.py:188} INFO - [2026-05-20T08:22:52.426+0000] {dag.py:3947} INFO - Setting next_dagrun for example_short_circuit_operator to 2026-05-19 00:00:00+00:00, run_after=2026-05-20 00:00:00+00:00
[2026-05-20T08:22:52.483+0000] {processor.py:183} INFO - Processing /home/airflow/.local/lib/python3.12/site-packages/airflow/example_dags/example_short_circuit_operator.py took 0.234 seconds
[2026-05-20T08:23:22.815+0000] {processor.py:161} INFO - Started process (PID=1904) to work on /home/airflow/.local/lib/python3.12/site-packages/airflow/example_dags/example_short_circuit_operator.py
[2026-05-20T08:23:22.818+0000] {processor.py:830} INFO - Processing file /home/airflow/.local/lib/python3.12/site-packages/airflow/example_dags/example_short_circuit_operator.py for tasks to queue
[2026-05-20T08:23:22.823+0000] {logging_mixin.py:188} INFO - [2026-05-20T08:23:22.822+0000] {dagbag.py:545} INFO - Filling up the DagBag from /home/airflow/.local/lib/python3.12/site-packages/airflow/example_dags/example_short_circuit_operator.py
[2026-05-20T08:23:22.840+0000] {processor.py:840} INFO - DAG(s) 'example_short_circuit_operator' retrieved from /home/airflow/.local/lib/python3.12/site-packages/airflow/example_dags/example_short_circuit_operator.py
[2026-05-20T08:23:22.908+0000] {logging_mixin.py:188} INFO - [2026-05-20T08:23:22.907+0000] {dag.py:3089} INFO - Sync 1 DAGs
[2026-05-20T08:23:22.975+0000] {logging_mixin.py:188} INFO - [2026-05-20T08:23:22.974+0000] {dag.py:3947} INFO - Setting next_dagrun for example_short_circuit_operator to 2026-05-19 00:00:00+00:00, run_after=2026-05-20 00:00:00+00:00
[2026-05-20T08:23:23.355+0000] {processor.py:183} INFO - Processing /home/airflow/.local/lib/python3.12/site-packages/airflow/example_dags/example_short_circuit_operator.py took 0.576 seconds
[2026-05-20T08:23:55.529+0000] {processor.py:161} INFO - Started process (PID=1960) to work on /home/airflow/.local/lib/python3.12/site-packages/airflow/example_dags/example_short_circuit_operator.py
[2026-05-20T08:23:55.534+0000] {processor.py:830} INFO - Processing file /home/airflow/.local/lib/python3.12/site-packages/airflow/example_dags/example_short_circuit_operator.py for tasks to queue
[2026-05-20T08:23:55.544+0000] {logging_mixin.py:188} INFO - [2026-05-20T08:23:55.543+0000] {dagbag.py:545} INFO - Filling up the DagBag from /home/airflow/.local/lib/python3.12/site-packages/airflow/example_dags/example_short_circuit_operator.py
[2026-05-20T08:23:55.572+0000] {processor.py:840} INFO - DAG(s) 'example_short_circuit_operator' retrieved from /home/airflow/.local/lib/python3.12/site-packages/airflow/example_dags/example_short_circuit_operator.py
[2026-05-20T08:23:55.805+0000] {logging_mixin.py:188} INFO - [2026-05-20T08:23:55.805+0000] {dag.py:3089} INFO - Sync 1 DAGs
[2026-05-20T08:23:55.896+0000] {logging_mixin.py:188} INFO - [2026-05-20T08:23:55.895+0000] {dag.py:3947} INFO - Setting next_dagrun for example_short_circuit_operator to 2026-05-19 00:00:00+00:00, run_after=2026-05-20 00:00:00+00:00
[2026-05-20T08:23:56.006+0000] {processor.py:183} INFO - Processing /home/airflow/.local/lib/python3.12/site-packages/airflow/example_dags/example_short_circuit_operator.py took 0.498 seconds
[2026-05-20T08:24:26.533+0000] {processor.py:161} INFO - Started process (PID=2021) to work on /home/airflow/.local/lib/python3.12/site-packages/airflow/example_dags/example_short_circuit_operator.py
[2026-05-20T08:24:26.539+0000] {processor.py:830} INFO - Processing file /home/airflow/.local/lib/python3.12/site-packages/airflow/example_dags/example_short_circuit_operator.py for tasks to queue
[2026-05-20T08:24:26.548+0000] {logging_mixin.py:188} INFO - [2026-05-20T08:24:26.546+0000] {dagbag.py:545} INFO - Filling up the DagBag from /home/airflow/.local/lib/python3.12/site-packages/airflow/example_dags/example_short_circuit_operator.py
[2026-05-20T08:24:26.584+0000] {processor.py:840} INFO - DAG(s) 'example_short_circuit_operator' retrieved from /home/airflow/.local/lib/python3.12/site-packages/airflow/example_dags/example_short_circuit_operator.py
[2026-05-20T08:24:26.714+0000] {logging_mixin.py:188} INFO - [2026-05-20T08:24:26.713+0000] {dag.py:3089} INFO - Sync 1 DAGs
[2026-05-20T08:24:26.783+0000] {logging_mixin.py:188} INFO - [2026-05-20T08:24:26.782+0000] {dag.py:3947} INFO - Setting next_dagrun for example_short_circuit_operator to 2026-05-19 00:00:00+00:00, run_after=2026-05-20 00:00:00+00:00
[2026-05-20T08:24:26.831+0000] {processor.py:183} INFO - Processing /home/airflow/.local/lib/python3.12/site-packages/airflow/example_dags/example_short_circuit_operator.py took 0.316 seconds
[2026-05-20T08:25:00.530+0000] {processor.py:161} INFO - Started process (PID=2081) to work on /home/airflow/.local/lib/python3.12/site-packages/airflow/example_dags/example_short_circuit_operator.py
[2026-05-20T08:25:00.546+0000] {processor.py:830} INFO - Processing file /home/airflow/.local/lib/python3.12/site-packages/airflow/example_dags/example_short_circuit_operator.py for tasks to queue
[2026-05-20T08:25:00.609+0000] {logging_mixin.py:188} INFO - [2026-05-20T08:25:00.596+0000] {dagbag.py:545} INFO - Filling up the DagBag from /home/airflow/.local/lib/python3.12/site-packages/airflow/example_dags/example_short_circuit_operator.py
[2026-05-20T08:25:00.698+0000] {processor.py:840} INFO - DAG(s) 'example_short_circuit_operator' retrieved from /home/airflow/.local/lib/python3.12/site-packages/airflow/example_dags/example_short_circuit_operator.py
[2026-05-20T08:25:00.905+0000] {logging_mixin.py:188} INFO - [2026-05-20T08:25:00.905+0000] {dag.py:3089} INFO - Sync 1 DAGs
[2026-05-20T08:25:01.140+0000] {logging_mixin.py:188} INFO - [2026-05-20T08:25:01.139+0000] {dag.py:3947} INFO - Setting next_dagrun for example_short_circuit_operator to 2026-05-19 00:00:00+00:00, run_after=2026-05-20 00:00:00+00:00
[2026-05-20T08:25:01.284+0000] {processor.py:183} INFO - Processing /home/airflow/.local/lib/python3.12/site-packages/airflow/example_dags/example_short_circuit_operator.py took 0.801 seconds
[2026-05-20T08:25:45.956+0000] {processor.py:161} INFO - Started process (PID=2141) to work on /home/airflow/.local/lib/python3.12/site-packages/airflow/example_dags/example_short_circuit_operator.py
[2026-05-20T08:25:45.960+0000] {processor.py:830} INFO - Processing file /home/airflow/.local/lib/python3.12/site-packages/airflow/example_dags/example_short_circuit_operator.py for tasks to queue
[2026-05-20T08:25:45.968+0000] {logging_mixin.py:188} INFO - [2026-05-20T08:25:45.966+0000] {dagbag.py:545} INFO - Filling up the DagBag from /home/airflow/.local/lib/python3.12/site-packages/airflow/example_dags/example_short_circuit_operator.py
[2026-05-20T08:25:46.001+0000] {processor.py:840} INFO - DAG(s) 'example_short_circuit_operator' retrieved from /home/airflow/.local/lib/python3.12/site-packages/airflow/example_dags/example_short_circuit_operator.py
[2026-05-20T08:25:46.110+0000] {logging_mixin.py:188} INFO - [2026-05-20T08:25:46.109+0000] {dag.py:3089} INFO - Sync 1 DAGs
[2026-05-20T08:25:46.164+0000] {logging_mixin.py:188} INFO - [2026-05-20T08:25:46.163+0000] {dag.py:3947} INFO - Setting next_dagrun for example_short_circuit_operator to 2026-05-19 00:00:00+00:00, run_after=2026-05-20 00:00:00+00:00
[2026-05-20T08:25:46.542+0000] {processor.py:183} INFO - Processing /home/airflow/.local/lib/python3.12/site-packages/airflow/example_dags/example_short_circuit_operator.py took 0.613 seconds
[2026-05-20T08:26:17.373+0000] {processor.py:161} INFO - Started process (PID=2201) to work on /home/airflow/.local/lib/python3.12/site-packages/airflow/example_dags/example_short_circuit_operator.py
[2026-05-20T08:26:17.378+0000] {processor.py:830} INFO - Processing file /home/airflow/.local/lib/python3.12/site-packages/airflow/example_dags/example_short_circuit_operator.py for tasks to queue
[2026-05-20T08:26:17.386+0000] {logging_mixin.py:188} INFO - [2026-05-20T08:26:17.384+0000] {dagbag.py:545} INFO - Filling up the DagBag from /home/airflow/.local/lib/python3.12/site-packages/airflow/example_dags/example_short_circuit_operator.py
[2026-05-20T08:26:17.409+0000] {processor.py:840} INFO - DAG(s) 'example_short_circuit_operator' retrieved from /home/airflow/.local/lib/python3.12/site-packages/airflow/example_dags/example_short_circuit_operator.py
[2026-05-20T08:26:17.461+0000] {logging_mixin.py:188} INFO - [2026-05-20T08:26:17.461+0000] {dag.py:3089} INFO - Sync 1 DAGs
[2026-05-20T08:26:17.502+0000] {logging_mixin.py:188} INFO - [2026-05-20T08:26:17.502+0000] {dag.py:3947} INFO - Setting next_dagrun for example_short_circuit_operator to 2026-05-19 00:00:00+00:00, run_after=2026-05-20 00:00:00+00:00
[2026-05-20T08:26:17.545+0000] {processor.py:183} INFO - Processing /home/airflow/.local/lib/python3.12/site-packages/airflow/example_dags/example_short_circuit_operator.py took 0.185 seconds
[2026-05-20T08:26:48.508+0000] {processor.py:161} INFO - Started process (PID=2261) to work on /home/airflow/.local/lib/python3.12/site-packages/airflow/example_dags/example_short_circuit_operator.py
[2026-05-20T08:26:48.510+0000] {processor.py:830} INFO - Processing file /home/airflow/.local/lib/python3.12/site-packages/airflow/example_dags/example_short_circuit_operator.py for tasks to queue
[2026-05-20T08:26:48.514+0000] {logging_mixin.py:188} INFO - [2026-05-20T08:26:48.513+0000] {dagbag.py:545} INFO - Filling up the DagBag from /home/airflow/.local/lib/python3.12/site-packages/airflow/example_dags/example_short_circuit_operator.py
[2026-05-20T08:26:48.531+0000] {processor.py:840} INFO - DAG(s) 'example_short_circuit_operator' retrieved from /home/airflow/.local/lib/python3.12/site-packages/airflow/example_dags/example_short_circuit_operator.py
[2026-05-20T08:26:48.572+0000] {logging_mixin.py:188} INFO - [2026-05-20T08:26:48.572+0000] {dag.py:3089} INFO - Sync 1 DAGs
[2026-05-20T08:26:48.616+0000] {logging_mixin.py:188} INFO - [2026-05-20T08:26:48.615+0000] {dag.py:3947} INFO - Setting next_dagrun for example_short_circuit_operator to 2026-05-19 00:00:00+00:00, run_after=2026-05-20 00:00:00+00:00
[2026-05-20T08:26:48.657+0000] {processor.py:183} INFO - Processing /home/airflow/.local/lib/python3.12/site-packages/airflow/example_dags/example_short_circuit_operator.py took 0.161 seconds
