[2026-05-20T08:07:40.070+0000] {processor.py:161} INFO - Started process (PID=136) to work on /home/airflow/.local/lib/python3.12/site-packages/airflow/example_dags/example_time_delta_sensor_async.py
[2026-05-20T08:07:40.086+0000] {processor.py:830} INFO - Processing file /home/airflow/.local/lib/python3.12/site-packages/airflow/example_dags/example_time_delta_sensor_async.py for tasks to queue
[2026-05-20T08:07:40.105+0000] {logging_mixin.py:188} INFO - [2026-05-20T08:07:40.103+0000] {dagbag.py:545} INFO - Filling up the DagBag from /home/airflow/.local/lib/python3.12/site-packages/airflow/example_dags/example_time_delta_sensor_async.py
[2026-05-20T08:07:40.172+0000] {processor.py:840} INFO - DAG(s) 'example_time_delta_sensor_async' retrieved from /home/airflow/.local/lib/python3.12/site-packages/airflow/example_dags/example_time_delta_sensor_async.py
[2026-05-20T08:07:40.982+0000] {logging_mixin.py:188} INFO - [2026-05-20T08:07:40.981+0000] {dag.py:3089} INFO - Sync 1 DAGs
[2026-05-20T08:07:41.033+0000] {logging_mixin.py:188} INFO - [2026-05-20T08:07:41.033+0000] {dag.py:3947} INFO - Setting next_dagrun for example_time_delta_sensor_async to None, run_after=None
[2026-05-20T08:07:41.140+0000] {processor.py:183} INFO - Processing /home/airflow/.local/lib/python3.12/site-packages/airflow/example_dags/example_time_delta_sensor_async.py took 1.139 seconds
[2026-05-20T08:08:17.583+0000] {processor.py:161} INFO - Started process (PID=197) to work on /home/airflow/.local/lib/python3.12/site-packages/airflow/example_dags/example_time_delta_sensor_async.py
[2026-05-20T08:08:17.590+0000] {processor.py:830} INFO - Processing file /home/airflow/.local/lib/python3.12/site-packages/airflow/example_dags/example_time_delta_sensor_async.py for tasks to queue
[2026-05-20T08:08:17.597+0000] {logging_mixin.py:188} INFO - [2026-05-20T08:08:17.596+0000] {dagbag.py:545} INFO - Filling up the DagBag from /home/airflow/.local/lib/python3.12/site-packages/airflow/example_dags/example_time_delta_sensor_async.py
[2026-05-20T08:08:17.608+0000] {processor.py:840} INFO - DAG(s) 'example_time_delta_sensor_async' retrieved from /home/airflow/.local/lib/python3.12/site-packages/airflow/example_dags/example_time_delta_sensor_async.py
[2026-05-20T08:08:17.681+0000] {logging_mixin.py:188} INFO - [2026-05-20T08:08:17.679+0000] {dag.py:3089} INFO - Sync 1 DAGs
[2026-05-20T08:08:17.774+0000] {logging_mixin.py:188} INFO - [2026-05-20T08:08:17.773+0000] {dag.py:3947} INFO - Setting next_dagrun for example_time_delta_sensor_async to None, run_after=None
[2026-05-20T08:08:17.917+0000] {processor.py:183} INFO - Processing /home/airflow/.local/lib/python3.12/site-packages/airflow/example_dags/example_time_delta_sensor_async.py took 0.344 seconds
[2026-05-20T08:08:51.629+0000] {processor.py:161} INFO - Started process (PID=256) to work on /home/airflow/.local/lib/python3.12/site-packages/airflow/example_dags/example_time_delta_sensor_async.py
[2026-05-20T08:08:51.632+0000] {processor.py:830} INFO - Processing file /home/airflow/.local/lib/python3.12/site-packages/airflow/example_dags/example_time_delta_sensor_async.py for tasks to queue
[2026-05-20T08:08:51.641+0000] {logging_mixin.py:188} INFO - [2026-05-20T08:08:51.639+0000] {dagbag.py:545} INFO - Filling up the DagBag from /home/airflow/.local/lib/python3.12/site-packages/airflow/example_dags/example_time_delta_sensor_async.py
[2026-05-20T08:08:51.662+0000] {processor.py:840} INFO - DAG(s) 'example_time_delta_sensor_async' retrieved from /home/airflow/.local/lib/python3.12/site-packages/airflow/example_dags/example_time_delta_sensor_async.py
[2026-05-20T08:08:51.731+0000] {logging_mixin.py:188} INFO - [2026-05-20T08:08:51.730+0000] {dag.py:3089} INFO - Sync 1 DAGs
[2026-05-20T08:08:51.758+0000] {logging_mixin.py:188} INFO - [2026-05-20T08:08:51.757+0000] {dag.py:3947} INFO - Setting next_dagrun for example_time_delta_sensor_async to None, run_after=None
[2026-05-20T08:08:51.812+0000] {processor.py:183} INFO - Processing /home/airflow/.local/lib/python3.12/site-packages/airflow/example_dags/example_time_delta_sensor_async.py took 0.213 seconds
[2026-05-20T08:09:22.586+0000] {processor.py:161} INFO - Started process (PID=315) to work on /home/airflow/.local/lib/python3.12/site-packages/airflow/example_dags/example_time_delta_sensor_async.py
[2026-05-20T08:09:22.589+0000] {processor.py:830} INFO - Processing file /home/airflow/.local/lib/python3.12/site-packages/airflow/example_dags/example_time_delta_sensor_async.py for tasks to queue
[2026-05-20T08:09:22.596+0000] {logging_mixin.py:188} INFO - [2026-05-20T08:09:22.594+0000] {dagbag.py:545} INFO - Filling up the DagBag from /home/airflow/.local/lib/python3.12/site-packages/airflow/example_dags/example_time_delta_sensor_async.py
[2026-05-20T08:09:22.609+0000] {processor.py:840} INFO - DAG(s) 'example_time_delta_sensor_async' retrieved from /home/airflow/.local/lib/python3.12/site-packages/airflow/example_dags/example_time_delta_sensor_async.py
[2026-05-20T08:09:22.660+0000] {logging_mixin.py:188} INFO - [2026-05-20T08:09:22.659+0000] {dag.py:3089} INFO - Sync 1 DAGs
[2026-05-20T08:09:22.705+0000] {logging_mixin.py:188} INFO - [2026-05-20T08:09:22.704+0000] {dag.py:3947} INFO - Setting next_dagrun for example_time_delta_sensor_async to None, run_after=None
[2026-05-20T08:09:22.750+0000] {processor.py:183} INFO - Processing /home/airflow/.local/lib/python3.12/site-packages/airflow/example_dags/example_time_delta_sensor_async.py took 0.192 seconds
[2026-05-20T08:09:53.312+0000] {processor.py:161} INFO - Started process (PID=375) to work on /home/airflow/.local/lib/python3.12/site-packages/airflow/example_dags/example_time_delta_sensor_async.py
[2026-05-20T08:09:53.313+0000] {processor.py:830} INFO - Processing file /home/airflow/.local/lib/python3.12/site-packages/airflow/example_dags/example_time_delta_sensor_async.py for tasks to queue
[2026-05-20T08:09:53.316+0000] {logging_mixin.py:188} INFO - [2026-05-20T08:09:53.316+0000] {dagbag.py:545} INFO - Filling up the DagBag from /home/airflow/.local/lib/python3.12/site-packages/airflow/example_dags/example_time_delta_sensor_async.py
[2026-05-20T08:09:53.324+0000] {processor.py:840} INFO - DAG(s) 'example_time_delta_sensor_async' retrieved from /home/airflow/.local/lib/python3.12/site-packages/airflow/example_dags/example_time_delta_sensor_async.py
[2026-05-20T08:09:53.356+0000] {logging_mixin.py:188} INFO - [2026-05-20T08:09:53.355+0000] {dag.py:3089} INFO - Sync 1 DAGs
[2026-05-20T08:09:53.378+0000] {logging_mixin.py:188} INFO - [2026-05-20T08:09:53.378+0000] {dag.py:3947} INFO - Setting next_dagrun for example_time_delta_sensor_async to None, run_after=None
[2026-05-20T08:09:53.406+0000] {processor.py:183} INFO - Processing /home/airflow/.local/lib/python3.12/site-packages/airflow/example_dags/example_time_delta_sensor_async.py took 0.102 seconds
[2026-05-20T08:10:27.298+0000] {processor.py:161} INFO - Started process (PID=435) to work on /home/airflow/.local/lib/python3.12/site-packages/airflow/example_dags/example_time_delta_sensor_async.py
[2026-05-20T08:10:27.301+0000] {processor.py:830} INFO - Processing file /home/airflow/.local/lib/python3.12/site-packages/airflow/example_dags/example_time_delta_sensor_async.py for tasks to queue
[2026-05-20T08:10:27.306+0000] {logging_mixin.py:188} INFO - [2026-05-20T08:10:27.305+0000] {dagbag.py:545} INFO - Filling up the DagBag from /home/airflow/.local/lib/python3.12/site-packages/airflow/example_dags/example_time_delta_sensor_async.py
[2026-05-20T08:10:27.320+0000] {processor.py:840} INFO - DAG(s) 'example_time_delta_sensor_async' retrieved from /home/airflow/.local/lib/python3.12/site-packages/airflow/example_dags/example_time_delta_sensor_async.py
[2026-05-20T08:10:27.376+0000] {logging_mixin.py:188} INFO - [2026-05-20T08:10:27.375+0000] {dag.py:3089} INFO - Sync 1 DAGs
[2026-05-20T08:10:27.408+0000] {logging_mixin.py:188} INFO - [2026-05-20T08:10:27.407+0000] {dag.py:3947} INFO - Setting next_dagrun for example_time_delta_sensor_async to None, run_after=None
[2026-05-20T08:10:27.469+0000] {processor.py:183} INFO - Processing /home/airflow/.local/lib/python3.12/site-packages/airflow/example_dags/example_time_delta_sensor_async.py took 0.186 seconds
[2026-05-20T08:10:57.657+0000] {processor.py:161} INFO - Started process (PID=494) to work on /home/airflow/.local/lib/python3.12/site-packages/airflow/example_dags/example_time_delta_sensor_async.py
[2026-05-20T08:10:57.659+0000] {processor.py:830} INFO - Processing file /home/airflow/.local/lib/python3.12/site-packages/airflow/example_dags/example_time_delta_sensor_async.py for tasks to queue
[2026-05-20T08:10:57.662+0000] {logging_mixin.py:188} INFO - [2026-05-20T08:10:57.661+0000] {dagbag.py:545} INFO - Filling up the DagBag from /home/airflow/.local/lib/python3.12/site-packages/airflow/example_dags/example_time_delta_sensor_async.py
[2026-05-20T08:10:57.670+0000] {processor.py:840} INFO - DAG(s) 'example_time_delta_sensor_async' retrieved from /home/airflow/.local/lib/python3.12/site-packages/airflow/example_dags/example_time_delta_sensor_async.py
[2026-05-20T08:10:57.707+0000] {logging_mixin.py:188} INFO - [2026-05-20T08:10:57.706+0000] {dag.py:3089} INFO - Sync 1 DAGs
[2026-05-20T08:10:57.726+0000] {logging_mixin.py:188} INFO - [2026-05-20T08:10:57.726+0000] {dag.py:3947} INFO - Setting next_dagrun for example_time_delta_sensor_async to None, run_after=None
[2026-05-20T08:10:57.769+0000] {processor.py:183} INFO - Processing /home/airflow/.local/lib/python3.12/site-packages/airflow/example_dags/example_time_delta_sensor_async.py took 0.130 seconds
[2026-05-20T08:11:28.970+0000] {processor.py:161} INFO - Started process (PID=555) to work on /home/airflow/.local/lib/python3.12/site-packages/airflow/example_dags/example_time_delta_sensor_async.py
[2026-05-20T08:11:28.972+0000] {processor.py:830} INFO - Processing file /home/airflow/.local/lib/python3.12/site-packages/airflow/example_dags/example_time_delta_sensor_async.py for tasks to queue
[2026-05-20T08:11:28.977+0000] {logging_mixin.py:188} INFO - [2026-05-20T08:11:28.976+0000] {dagbag.py:545} INFO - Filling up the DagBag from /home/airflow/.local/lib/python3.12/site-packages/airflow/example_dags/example_time_delta_sensor_async.py
[2026-05-20T08:11:28.997+0000] {processor.py:840} INFO - DAG(s) 'example_time_delta_sensor_async' retrieved from /home/airflow/.local/lib/python3.12/site-packages/airflow/example_dags/example_time_delta_sensor_async.py
[2026-05-20T08:11:29.060+0000] {logging_mixin.py:188} INFO - [2026-05-20T08:11:29.059+0000] {dag.py:3089} INFO - Sync 1 DAGs
[2026-05-20T08:11:29.085+0000] {logging_mixin.py:188} INFO - [2026-05-20T08:11:29.084+0000] {dag.py:3947} INFO - Setting next_dagrun for example_time_delta_sensor_async to None, run_after=None
[2026-05-20T08:11:29.132+0000] {processor.py:183} INFO - Processing /home/airflow/.local/lib/python3.12/site-packages/airflow/example_dags/example_time_delta_sensor_async.py took 0.192 seconds
[2026-05-20T08:12:02.263+0000] {processor.py:161} INFO - Started process (PID=615) to work on /home/airflow/.local/lib/python3.12/site-packages/airflow/example_dags/example_time_delta_sensor_async.py
[2026-05-20T08:12:02.265+0000] {processor.py:830} INFO - Processing file /home/airflow/.local/lib/python3.12/site-packages/airflow/example_dags/example_time_delta_sensor_async.py for tasks to queue
[2026-05-20T08:12:02.269+0000] {logging_mixin.py:188} INFO - [2026-05-20T08:12:02.269+0000] {dagbag.py:545} INFO - Filling up the DagBag from /home/airflow/.local/lib/python3.12/site-packages/airflow/example_dags/example_time_delta_sensor_async.py
[2026-05-20T08:12:02.279+0000] {processor.py:840} INFO - DAG(s) 'example_time_delta_sensor_async' retrieved from /home/airflow/.local/lib/python3.12/site-packages/airflow/example_dags/example_time_delta_sensor_async.py
[2026-05-20T08:12:02.319+0000] {logging_mixin.py:188} INFO - [2026-05-20T08:12:02.319+0000] {dag.py:3089} INFO - Sync 1 DAGs
[2026-05-20T08:12:02.342+0000] {logging_mixin.py:188} INFO - [2026-05-20T08:12:02.341+0000] {dag.py:3947} INFO - Setting next_dagrun for example_time_delta_sensor_async to None, run_after=None
[2026-05-20T08:12:02.392+0000] {processor.py:183} INFO - Processing /home/airflow/.local/lib/python3.12/site-packages/airflow/example_dags/example_time_delta_sensor_async.py took 0.149 seconds
[2026-05-20T08:12:33.669+0000] {processor.py:161} INFO - Started process (PID=675) to work on /home/airflow/.local/lib/python3.12/site-packages/airflow/example_dags/example_time_delta_sensor_async.py
[2026-05-20T08:12:33.672+0000] {processor.py:830} INFO - Processing file /home/airflow/.local/lib/python3.12/site-packages/airflow/example_dags/example_time_delta_sensor_async.py for tasks to queue
[2026-05-20T08:12:33.678+0000] {logging_mixin.py:188} INFO - [2026-05-20T08:12:33.676+0000] {dagbag.py:545} INFO - Filling up the DagBag from /home/airflow/.local/lib/python3.12/site-packages/airflow/example_dags/example_time_delta_sensor_async.py
[2026-05-20T08:12:33.692+0000] {processor.py:840} INFO - DAG(s) 'example_time_delta_sensor_async' retrieved from /home/airflow/.local/lib/python3.12/site-packages/airflow/example_dags/example_time_delta_sensor_async.py
[2026-05-20T08:12:33.753+0000] {logging_mixin.py:188} INFO - [2026-05-20T08:12:33.753+0000] {dag.py:3089} INFO - Sync 1 DAGs
[2026-05-20T08:12:33.795+0000] {logging_mixin.py:188} INFO - [2026-05-20T08:12:33.795+0000] {dag.py:3947} INFO - Setting next_dagrun for example_time_delta_sensor_async to None, run_after=None
[2026-05-20T08:12:33.851+0000] {processor.py:183} INFO - Processing /home/airflow/.local/lib/python3.12/site-packages/airflow/example_dags/example_time_delta_sensor_async.py took 0.215 seconds
[2026-05-20T08:13:10.254+0000] {processor.py:161} INFO - Started process (PID=741) to work on /home/airflow/.local/lib/python3.12/site-packages/airflow/example_dags/example_time_delta_sensor_async.py
[2026-05-20T08:13:10.256+0000] {processor.py:830} INFO - Processing file /home/airflow/.local/lib/python3.12/site-packages/airflow/example_dags/example_time_delta_sensor_async.py for tasks to queue
[2026-05-20T08:13:10.261+0000] {logging_mixin.py:188} INFO - [2026-05-20T08:13:10.260+0000] {dagbag.py:545} INFO - Filling up the DagBag from /home/airflow/.local/lib/python3.12/site-packages/airflow/example_dags/example_time_delta_sensor_async.py
[2026-05-20T08:13:10.276+0000] {processor.py:840} INFO - DAG(s) 'example_time_delta_sensor_async' retrieved from /home/airflow/.local/lib/python3.12/site-packages/airflow/example_dags/example_time_delta_sensor_async.py
[2026-05-20T08:13:10.346+0000] {logging_mixin.py:188} INFO - [2026-05-20T08:13:10.345+0000] {dag.py:3089} INFO - Sync 1 DAGs
[2026-05-20T08:13:10.376+0000] {logging_mixin.py:188} INFO - [2026-05-20T08:13:10.375+0000] {dag.py:3947} INFO - Setting next_dagrun for example_time_delta_sensor_async to None, run_after=None
[2026-05-20T08:13:10.441+0000] {processor.py:183} INFO - Processing /home/airflow/.local/lib/python3.12/site-packages/airflow/example_dags/example_time_delta_sensor_async.py took 0.208 seconds
[2026-05-20T08:13:49.706+0000] {processor.py:161} INFO - Started process (PID=801) to work on /home/airflow/.local/lib/python3.12/site-packages/airflow/example_dags/example_time_delta_sensor_async.py
[2026-05-20T08:13:49.709+0000] {processor.py:830} INFO - Processing file /home/airflow/.local/lib/python3.12/site-packages/airflow/example_dags/example_time_delta_sensor_async.py for tasks to queue
[2026-05-20T08:13:49.716+0000] {logging_mixin.py:188} INFO - [2026-05-20T08:13:49.715+0000] {dagbag.py:545} INFO - Filling up the DagBag from /home/airflow/.local/lib/python3.12/site-packages/airflow/example_dags/example_time_delta_sensor_async.py
[2026-05-20T08:13:49.734+0000] {processor.py:840} INFO - DAG(s) 'example_time_delta_sensor_async' retrieved from /home/airflow/.local/lib/python3.12/site-packages/airflow/example_dags/example_time_delta_sensor_async.py
[2026-05-20T08:13:49.850+0000] {logging_mixin.py:188} INFO - [2026-05-20T08:13:49.849+0000] {dag.py:3089} INFO - Sync 1 DAGs
[2026-05-20T08:13:49.928+0000] {logging_mixin.py:188} INFO - [2026-05-20T08:13:49.928+0000] {dag.py:3947} INFO - Setting next_dagrun for example_time_delta_sensor_async to None, run_after=None
[2026-05-20T08:13:50.081+0000] {processor.py:183} INFO - Processing /home/airflow/.local/lib/python3.12/site-packages/airflow/example_dags/example_time_delta_sensor_async.py took 0.403 seconds
[2026-05-20T08:14:22.395+0000] {processor.py:161} INFO - Started process (PID=861) to work on /home/airflow/.local/lib/python3.12/site-packages/airflow/example_dags/example_time_delta_sensor_async.py
[2026-05-20T08:14:22.398+0000] {processor.py:830} INFO - Processing file /home/airflow/.local/lib/python3.12/site-packages/airflow/example_dags/example_time_delta_sensor_async.py for tasks to queue
[2026-05-20T08:14:22.405+0000] {logging_mixin.py:188} INFO - [2026-05-20T08:14:22.404+0000] {dagbag.py:545} INFO - Filling up the DagBag from /home/airflow/.local/lib/python3.12/site-packages/airflow/example_dags/example_time_delta_sensor_async.py
[2026-05-20T08:14:22.418+0000] {processor.py:840} INFO - DAG(s) 'example_time_delta_sensor_async' retrieved from /home/airflow/.local/lib/python3.12/site-packages/airflow/example_dags/example_time_delta_sensor_async.py
[2026-05-20T08:14:22.468+0000] {logging_mixin.py:188} INFO - [2026-05-20T08:14:22.468+0000] {dag.py:3089} INFO - Sync 1 DAGs
[2026-05-20T08:14:22.507+0000] {logging_mixin.py:188} INFO - [2026-05-20T08:14:22.506+0000] {dag.py:3947} INFO - Setting next_dagrun for example_time_delta_sensor_async to None, run_after=None
[2026-05-20T08:14:22.576+0000] {processor.py:183} INFO - Processing /home/airflow/.local/lib/python3.12/site-packages/airflow/example_dags/example_time_delta_sensor_async.py took 0.196 seconds
[2026-05-20T08:14:52.810+0000] {processor.py:161} INFO - Started process (PID=919) to work on /home/airflow/.local/lib/python3.12/site-packages/airflow/example_dags/example_time_delta_sensor_async.py
[2026-05-20T08:14:52.812+0000] {processor.py:830} INFO - Processing file /home/airflow/.local/lib/python3.12/site-packages/airflow/example_dags/example_time_delta_sensor_async.py for tasks to queue
[2026-05-20T08:14:52.815+0000] {logging_mixin.py:188} INFO - [2026-05-20T08:14:52.814+0000] {dagbag.py:545} INFO - Filling up the DagBag from /home/airflow/.local/lib/python3.12/site-packages/airflow/example_dags/example_time_delta_sensor_async.py
[2026-05-20T08:14:52.822+0000] {processor.py:840} INFO - DAG(s) 'example_time_delta_sensor_async' retrieved from /home/airflow/.local/lib/python3.12/site-packages/airflow/example_dags/example_time_delta_sensor_async.py
[2026-05-20T08:14:52.852+0000] {logging_mixin.py:188} INFO - [2026-05-20T08:14:52.851+0000] {dag.py:3089} INFO - Sync 1 DAGs
[2026-05-20T08:14:52.871+0000] {logging_mixin.py:188} INFO - [2026-05-20T08:14:52.870+0000] {dag.py:3947} INFO - Setting next_dagrun for example_time_delta_sensor_async to None, run_after=None
[2026-05-20T08:14:52.904+0000] {processor.py:183} INFO - Processing /home/airflow/.local/lib/python3.12/site-packages/airflow/example_dags/example_time_delta_sensor_async.py took 0.103 seconds
[2026-05-20T08:15:23.445+0000] {processor.py:161} INFO - Started process (PID=979) to work on /home/airflow/.local/lib/python3.12/site-packages/airflow/example_dags/example_time_delta_sensor_async.py
[2026-05-20T08:15:23.447+0000] {processor.py:830} INFO - Processing file /home/airflow/.local/lib/python3.12/site-packages/airflow/example_dags/example_time_delta_sensor_async.py for tasks to queue
[2026-05-20T08:15:23.450+0000] {logging_mixin.py:188} INFO - [2026-05-20T08:15:23.450+0000] {dagbag.py:545} INFO - Filling up the DagBag from /home/airflow/.local/lib/python3.12/site-packages/airflow/example_dags/example_time_delta_sensor_async.py
[2026-05-20T08:15:23.459+0000] {processor.py:840} INFO - DAG(s) 'example_time_delta_sensor_async' retrieved from /home/airflow/.local/lib/python3.12/site-packages/airflow/example_dags/example_time_delta_sensor_async.py
[2026-05-20T08:15:23.499+0000] {logging_mixin.py:188} INFO - [2026-05-20T08:15:23.499+0000] {dag.py:3089} INFO - Sync 1 DAGs
[2026-05-20T08:15:23.522+0000] {logging_mixin.py:188} INFO - [2026-05-20T08:15:23.522+0000] {dag.py:3947} INFO - Setting next_dagrun for example_time_delta_sensor_async to None, run_after=None
[2026-05-20T08:15:23.553+0000] {processor.py:183} INFO - Processing /home/airflow/.local/lib/python3.12/site-packages/airflow/example_dags/example_time_delta_sensor_async.py took 0.120 seconds
[2026-05-20T08:15:54.289+0000] {processor.py:161} INFO - Started process (PID=1040) to work on /home/airflow/.local/lib/python3.12/site-packages/airflow/example_dags/example_time_delta_sensor_async.py
[2026-05-20T08:15:54.292+0000] {processor.py:830} INFO - Processing file /home/airflow/.local/lib/python3.12/site-packages/airflow/example_dags/example_time_delta_sensor_async.py for tasks to queue
[2026-05-20T08:15:54.296+0000] {logging_mixin.py:188} INFO - [2026-05-20T08:15:54.295+0000] {dagbag.py:545} INFO - Filling up the DagBag from /home/airflow/.local/lib/python3.12/site-packages/airflow/example_dags/example_time_delta_sensor_async.py
[2026-05-20T08:15:54.305+0000] {processor.py:840} INFO - DAG(s) 'example_time_delta_sensor_async' retrieved from /home/airflow/.local/lib/python3.12/site-packages/airflow/example_dags/example_time_delta_sensor_async.py
[2026-05-20T08:15:54.343+0000] {logging_mixin.py:188} INFO - [2026-05-20T08:15:54.343+0000] {dag.py:3089} INFO - Sync 1 DAGs
[2026-05-20T08:15:54.368+0000] {logging_mixin.py:188} INFO - [2026-05-20T08:15:54.368+0000] {dag.py:3947} INFO - Setting next_dagrun for example_time_delta_sensor_async to None, run_after=None
[2026-05-20T08:15:54.411+0000] {processor.py:183} INFO - Processing /home/airflow/.local/lib/python3.12/site-packages/airflow/example_dags/example_time_delta_sensor_async.py took 0.136 seconds
[2026-05-20T08:16:27.183+0000] {processor.py:161} INFO - Started process (PID=1100) to work on /home/airflow/.local/lib/python3.12/site-packages/airflow/example_dags/example_time_delta_sensor_async.py
[2026-05-20T08:16:27.200+0000] {processor.py:830} INFO - Processing file /home/airflow/.local/lib/python3.12/site-packages/airflow/example_dags/example_time_delta_sensor_async.py for tasks to queue
[2026-05-20T08:16:27.234+0000] {logging_mixin.py:188} INFO - [2026-05-20T08:16:27.224+0000] {dagbag.py:545} INFO - Filling up the DagBag from /home/airflow/.local/lib/python3.12/site-packages/airflow/example_dags/example_time_delta_sensor_async.py
[2026-05-20T08:16:27.263+0000] {processor.py:840} INFO - DAG(s) 'example_time_delta_sensor_async' retrieved from /home/airflow/.local/lib/python3.12/site-packages/airflow/example_dags/example_time_delta_sensor_async.py
[2026-05-20T08:16:27.507+0000] {logging_mixin.py:188} INFO - [2026-05-20T08:16:27.502+0000] {dag.py:3089} INFO - Sync 1 DAGs
[2026-05-20T08:16:27.696+0000] {logging_mixin.py:188} INFO - [2026-05-20T08:16:27.695+0000] {dag.py:3947} INFO - Setting next_dagrun for example_time_delta_sensor_async to None, run_after=None
[2026-05-20T08:16:27.819+0000] {processor.py:183} INFO - Processing /home/airflow/.local/lib/python3.12/site-packages/airflow/example_dags/example_time_delta_sensor_async.py took 0.705 seconds
[2026-05-20T08:16:58.806+0000] {processor.py:161} INFO - Started process (PID=1160) to work on /home/airflow/.local/lib/python3.12/site-packages/airflow/example_dags/example_time_delta_sensor_async.py
[2026-05-20T08:16:58.810+0000] {processor.py:830} INFO - Processing file /home/airflow/.local/lib/python3.12/site-packages/airflow/example_dags/example_time_delta_sensor_async.py for tasks to queue
[2026-05-20T08:16:58.817+0000] {logging_mixin.py:188} INFO - [2026-05-20T08:16:58.815+0000] {dagbag.py:545} INFO - Filling up the DagBag from /home/airflow/.local/lib/python3.12/site-packages/airflow/example_dags/example_time_delta_sensor_async.py
[2026-05-20T08:16:58.829+0000] {processor.py:840} INFO - DAG(s) 'example_time_delta_sensor_async' retrieved from /home/airflow/.local/lib/python3.12/site-packages/airflow/example_dags/example_time_delta_sensor_async.py
[2026-05-20T08:16:58.882+0000] {logging_mixin.py:188} INFO - [2026-05-20T08:16:58.881+0000] {dag.py:3089} INFO - Sync 1 DAGs
[2026-05-20T08:16:58.914+0000] {logging_mixin.py:188} INFO - [2026-05-20T08:16:58.914+0000] {dag.py:3947} INFO - Setting next_dagrun for example_time_delta_sensor_async to None, run_after=None
[2026-05-20T08:16:58.980+0000] {processor.py:183} INFO - Processing /home/airflow/.local/lib/python3.12/site-packages/airflow/example_dags/example_time_delta_sensor_async.py took 0.184 seconds
[2026-05-20T08:17:29.662+0000] {processor.py:161} INFO - Started process (PID=1221) to work on /home/airflow/.local/lib/python3.12/site-packages/airflow/example_dags/example_time_delta_sensor_async.py
[2026-05-20T08:17:29.665+0000] {processor.py:830} INFO - Processing file /home/airflow/.local/lib/python3.12/site-packages/airflow/example_dags/example_time_delta_sensor_async.py for tasks to queue
[2026-05-20T08:17:29.669+0000] {logging_mixin.py:188} INFO - [2026-05-20T08:17:29.669+0000] {dagbag.py:545} INFO - Filling up the DagBag from /home/airflow/.local/lib/python3.12/site-packages/airflow/example_dags/example_time_delta_sensor_async.py
[2026-05-20T08:17:29.679+0000] {processor.py:840} INFO - DAG(s) 'example_time_delta_sensor_async' retrieved from /home/airflow/.local/lib/python3.12/site-packages/airflow/example_dags/example_time_delta_sensor_async.py
[2026-05-20T08:17:29.736+0000] {logging_mixin.py:188} INFO - [2026-05-20T08:17:29.735+0000] {dag.py:3089} INFO - Sync 1 DAGs
[2026-05-20T08:17:29.773+0000] {logging_mixin.py:188} INFO - [2026-05-20T08:17:29.773+0000] {dag.py:3947} INFO - Setting next_dagrun for example_time_delta_sensor_async to None, run_after=None
[2026-05-20T08:17:29.805+0000] {processor.py:183} INFO - Processing /home/airflow/.local/lib/python3.12/site-packages/airflow/example_dags/example_time_delta_sensor_async.py took 0.156 seconds
[2026-05-20T08:18:00.480+0000] {processor.py:161} INFO - Started process (PID=1281) to work on /home/airflow/.local/lib/python3.12/site-packages/airflow/example_dags/example_time_delta_sensor_async.py
[2026-05-20T08:18:00.481+0000] {processor.py:830} INFO - Processing file /home/airflow/.local/lib/python3.12/site-packages/airflow/example_dags/example_time_delta_sensor_async.py for tasks to queue
[2026-05-20T08:18:00.485+0000] {logging_mixin.py:188} INFO - [2026-05-20T08:18:00.484+0000] {dagbag.py:545} INFO - Filling up the DagBag from /home/airflow/.local/lib/python3.12/site-packages/airflow/example_dags/example_time_delta_sensor_async.py
[2026-05-20T08:18:00.493+0000] {processor.py:840} INFO - DAG(s) 'example_time_delta_sensor_async' retrieved from /home/airflow/.local/lib/python3.12/site-packages/airflow/example_dags/example_time_delta_sensor_async.py
[2026-05-20T08:18:00.527+0000] {logging_mixin.py:188} INFO - [2026-05-20T08:18:00.527+0000] {dag.py:3089} INFO - Sync 1 DAGs
[2026-05-20T08:18:00.549+0000] {logging_mixin.py:188} INFO - [2026-05-20T08:18:00.549+0000] {dag.py:3947} INFO - Setting next_dagrun for example_time_delta_sensor_async to None, run_after=None
[2026-05-20T08:18:00.584+0000] {processor.py:183} INFO - Processing /home/airflow/.local/lib/python3.12/site-packages/airflow/example_dags/example_time_delta_sensor_async.py took 0.116 seconds
[2026-05-20T08:18:31.727+0000] {processor.py:161} INFO - Started process (PID=1343) to work on /home/airflow/.local/lib/python3.12/site-packages/airflow/example_dags/example_time_delta_sensor_async.py
[2026-05-20T08:18:31.730+0000] {processor.py:830} INFO - Processing file /home/airflow/.local/lib/python3.12/site-packages/airflow/example_dags/example_time_delta_sensor_async.py for tasks to queue
[2026-05-20T08:18:31.735+0000] {logging_mixin.py:188} INFO - [2026-05-20T08:18:31.734+0000] {dagbag.py:545} INFO - Filling up the DagBag from /home/airflow/.local/lib/python3.12/site-packages/airflow/example_dags/example_time_delta_sensor_async.py
[2026-05-20T08:18:31.743+0000] {processor.py:840} INFO - DAG(s) 'example_time_delta_sensor_async' retrieved from /home/airflow/.local/lib/python3.12/site-packages/airflow/example_dags/example_time_delta_sensor_async.py
[2026-05-20T08:18:31.776+0000] {logging_mixin.py:188} INFO - [2026-05-20T08:18:31.776+0000] {dag.py:3089} INFO - Sync 1 DAGs
[2026-05-20T08:18:31.796+0000] {logging_mixin.py:188} INFO - [2026-05-20T08:18:31.795+0000] {dag.py:3947} INFO - Setting next_dagrun for example_time_delta_sensor_async to None, run_after=None
[2026-05-20T08:18:31.825+0000] {processor.py:183} INFO - Processing /home/airflow/.local/lib/python3.12/site-packages/airflow/example_dags/example_time_delta_sensor_async.py took 0.112 seconds
[2026-05-20T08:19:02.600+0000] {processor.py:161} INFO - Started process (PID=1403) to work on /home/airflow/.local/lib/python3.12/site-packages/airflow/example_dags/example_time_delta_sensor_async.py
[2026-05-20T08:19:02.602+0000] {processor.py:830} INFO - Processing file /home/airflow/.local/lib/python3.12/site-packages/airflow/example_dags/example_time_delta_sensor_async.py for tasks to queue
[2026-05-20T08:19:02.605+0000] {logging_mixin.py:188} INFO - [2026-05-20T08:19:02.604+0000] {dagbag.py:545} INFO - Filling up the DagBag from /home/airflow/.local/lib/python3.12/site-packages/airflow/example_dags/example_time_delta_sensor_async.py
[2026-05-20T08:19:02.611+0000] {processor.py:840} INFO - DAG(s) 'example_time_delta_sensor_async' retrieved from /home/airflow/.local/lib/python3.12/site-packages/airflow/example_dags/example_time_delta_sensor_async.py
[2026-05-20T08:19:02.640+0000] {logging_mixin.py:188} INFO - [2026-05-20T08:19:02.640+0000] {dag.py:3089} INFO - Sync 1 DAGs
[2026-05-20T08:19:02.659+0000] {logging_mixin.py:188} INFO - [2026-05-20T08:19:02.658+0000] {dag.py:3947} INFO - Setting next_dagrun for example_time_delta_sensor_async to None, run_after=None
[2026-05-20T08:19:02.690+0000] {processor.py:183} INFO - Processing /home/airflow/.local/lib/python3.12/site-packages/airflow/example_dags/example_time_delta_sensor_async.py took 0.099 seconds
[2026-05-20T08:19:33.087+0000] {processor.py:161} INFO - Started process (PID=1464) to work on /home/airflow/.local/lib/python3.12/site-packages/airflow/example_dags/example_time_delta_sensor_async.py
[2026-05-20T08:19:33.089+0000] {processor.py:830} INFO - Processing file /home/airflow/.local/lib/python3.12/site-packages/airflow/example_dags/example_time_delta_sensor_async.py for tasks to queue
[2026-05-20T08:19:33.093+0000] {logging_mixin.py:188} INFO - [2026-05-20T08:19:33.092+0000] {dagbag.py:545} INFO - Filling up the DagBag from /home/airflow/.local/lib/python3.12/site-packages/airflow/example_dags/example_time_delta_sensor_async.py
[2026-05-20T08:19:33.101+0000] {processor.py:840} INFO - DAG(s) 'example_time_delta_sensor_async' retrieved from /home/airflow/.local/lib/python3.12/site-packages/airflow/example_dags/example_time_delta_sensor_async.py
[2026-05-20T08:19:33.136+0000] {logging_mixin.py:188} INFO - [2026-05-20T08:19:33.136+0000] {dag.py:3089} INFO - Sync 1 DAGs
[2026-05-20T08:19:33.157+0000] {logging_mixin.py:188} INFO - [2026-05-20T08:19:33.156+0000] {dag.py:3947} INFO - Setting next_dagrun for example_time_delta_sensor_async to None, run_after=None
[2026-05-20T08:19:33.201+0000] {processor.py:183} INFO - Processing /home/airflow/.local/lib/python3.12/site-packages/airflow/example_dags/example_time_delta_sensor_async.py took 0.123 seconds
[2026-05-20T08:20:04.329+0000] {processor.py:161} INFO - Started process (PID=1523) to work on /home/airflow/.local/lib/python3.12/site-packages/airflow/example_dags/example_time_delta_sensor_async.py
[2026-05-20T08:20:04.330+0000] {processor.py:830} INFO - Processing file /home/airflow/.local/lib/python3.12/site-packages/airflow/example_dags/example_time_delta_sensor_async.py for tasks to queue
[2026-05-20T08:20:04.333+0000] {logging_mixin.py:188} INFO - [2026-05-20T08:20:04.333+0000] {dagbag.py:545} INFO - Filling up the DagBag from /home/airflow/.local/lib/python3.12/site-packages/airflow/example_dags/example_time_delta_sensor_async.py
[2026-05-20T08:20:04.340+0000] {processor.py:840} INFO - DAG(s) 'example_time_delta_sensor_async' retrieved from /home/airflow/.local/lib/python3.12/site-packages/airflow/example_dags/example_time_delta_sensor_async.py
[2026-05-20T08:20:04.374+0000] {logging_mixin.py:188} INFO - [2026-05-20T08:20:04.373+0000] {dag.py:3089} INFO - Sync 1 DAGs
[2026-05-20T08:20:04.393+0000] {logging_mixin.py:188} INFO - [2026-05-20T08:20:04.393+0000] {dag.py:3947} INFO - Setting next_dagrun for example_time_delta_sensor_async to None, run_after=None
[2026-05-20T08:20:04.424+0000] {processor.py:183} INFO - Processing /home/airflow/.local/lib/python3.12/site-packages/airflow/example_dags/example_time_delta_sensor_async.py took 0.103 seconds
[2026-05-20T08:20:37.702+0000] {processor.py:161} INFO - Started process (PID=1583) to work on /home/airflow/.local/lib/python3.12/site-packages/airflow/example_dags/example_time_delta_sensor_async.py
[2026-05-20T08:20:37.708+0000] {processor.py:830} INFO - Processing file /home/airflow/.local/lib/python3.12/site-packages/airflow/example_dags/example_time_delta_sensor_async.py for tasks to queue
[2026-05-20T08:20:37.715+0000] {logging_mixin.py:188} INFO - [2026-05-20T08:20:37.714+0000] {dagbag.py:545} INFO - Filling up the DagBag from /home/airflow/.local/lib/python3.12/site-packages/airflow/example_dags/example_time_delta_sensor_async.py
[2026-05-20T08:20:37.738+0000] {processor.py:840} INFO - DAG(s) 'example_time_delta_sensor_async' retrieved from /home/airflow/.local/lib/python3.12/site-packages/airflow/example_dags/example_time_delta_sensor_async.py
[2026-05-20T08:20:37.959+0000] {logging_mixin.py:188} INFO - [2026-05-20T08:20:37.959+0000] {dag.py:3089} INFO - Sync 1 DAGs
[2026-05-20T08:20:38.098+0000] {logging_mixin.py:188} INFO - [2026-05-20T08:20:38.097+0000] {dag.py:3947} INFO - Setting next_dagrun for example_time_delta_sensor_async to None, run_after=None
[2026-05-20T08:20:38.235+0000] {processor.py:183} INFO - Processing /home/airflow/.local/lib/python3.12/site-packages/airflow/example_dags/example_time_delta_sensor_async.py took 0.557 seconds
[2026-05-20T08:21:09.426+0000] {processor.py:161} INFO - Started process (PID=1642) to work on /home/airflow/.local/lib/python3.12/site-packages/airflow/example_dags/example_time_delta_sensor_async.py
[2026-05-20T08:21:09.440+0000] {processor.py:830} INFO - Processing file /home/airflow/.local/lib/python3.12/site-packages/airflow/example_dags/example_time_delta_sensor_async.py for tasks to queue
[2026-05-20T08:21:09.458+0000] {logging_mixin.py:188} INFO - [2026-05-20T08:21:09.457+0000] {dagbag.py:545} INFO - Filling up the DagBag from /home/airflow/.local/lib/python3.12/site-packages/airflow/example_dags/example_time_delta_sensor_async.py
[2026-05-20T08:21:09.493+0000] {processor.py:840} INFO - DAG(s) 'example_time_delta_sensor_async' retrieved from /home/airflow/.local/lib/python3.12/site-packages/airflow/example_dags/example_time_delta_sensor_async.py
[2026-05-20T08:21:09.627+0000] {logging_mixin.py:188} INFO - [2026-05-20T08:21:09.626+0000] {dag.py:3089} INFO - Sync 1 DAGs
[2026-05-20T08:21:09.725+0000] {logging_mixin.py:188} INFO - [2026-05-20T08:21:09.716+0000] {dag.py:3947} INFO - Setting next_dagrun for example_time_delta_sensor_async to None, run_after=None
[2026-05-20T08:21:09.868+0000] {processor.py:183} INFO - Processing /home/airflow/.local/lib/python3.12/site-packages/airflow/example_dags/example_time_delta_sensor_async.py took 0.522 seconds
[2026-05-20T08:21:40.355+0000] {processor.py:161} INFO - Started process (PID=1702) to work on /home/airflow/.local/lib/python3.12/site-packages/airflow/example_dags/example_time_delta_sensor_async.py
[2026-05-20T08:21:40.358+0000] {processor.py:830} INFO - Processing file /home/airflow/.local/lib/python3.12/site-packages/airflow/example_dags/example_time_delta_sensor_async.py for tasks to queue
[2026-05-20T08:21:40.371+0000] {logging_mixin.py:188} INFO - [2026-05-20T08:21:40.370+0000] {dagbag.py:545} INFO - Filling up the DagBag from /home/airflow/.local/lib/python3.12/site-packages/airflow/example_dags/example_time_delta_sensor_async.py
[2026-05-20T08:21:40.394+0000] {processor.py:840} INFO - DAG(s) 'example_time_delta_sensor_async' retrieved from /home/airflow/.local/lib/python3.12/site-packages/airflow/example_dags/example_time_delta_sensor_async.py
[2026-05-20T08:21:40.525+0000] {logging_mixin.py:188} INFO - [2026-05-20T08:21:40.524+0000] {dag.py:3089} INFO - Sync 1 DAGs
[2026-05-20T08:21:40.601+0000] {logging_mixin.py:188} INFO - [2026-05-20T08:21:40.600+0000] {dag.py:3947} INFO - Setting next_dagrun for example_time_delta_sensor_async to None, run_after=None
[2026-05-20T08:21:40.731+0000] {processor.py:183} INFO - Processing /home/airflow/.local/lib/python3.12/site-packages/airflow/example_dags/example_time_delta_sensor_async.py took 0.398 seconds
[2026-05-20T08:22:11.171+0000] {processor.py:161} INFO - Started process (PID=1760) to work on /home/airflow/.local/lib/python3.12/site-packages/airflow/example_dags/example_time_delta_sensor_async.py
[2026-05-20T08:22:11.173+0000] {processor.py:830} INFO - Processing file /home/airflow/.local/lib/python3.12/site-packages/airflow/example_dags/example_time_delta_sensor_async.py for tasks to queue
[2026-05-20T08:22:11.177+0000] {logging_mixin.py:188} INFO - [2026-05-20T08:22:11.177+0000] {dagbag.py:545} INFO - Filling up the DagBag from /home/airflow/.local/lib/python3.12/site-packages/airflow/example_dags/example_time_delta_sensor_async.py
[2026-05-20T08:22:11.192+0000] {processor.py:840} INFO - DAG(s) 'example_time_delta_sensor_async' retrieved from /home/airflow/.local/lib/python3.12/site-packages/airflow/example_dags/example_time_delta_sensor_async.py
[2026-05-20T08:22:11.303+0000] {logging_mixin.py:188} INFO - [2026-05-20T08:22:11.302+0000] {dag.py:3089} INFO - Sync 1 DAGs
[2026-05-20T08:22:11.371+0000] {logging_mixin.py:188} INFO - [2026-05-20T08:22:11.370+0000] {dag.py:3947} INFO - Setting next_dagrun for example_time_delta_sensor_async to None, run_after=None
[2026-05-20T08:22:11.506+0000] {processor.py:183} INFO - Processing /home/airflow/.local/lib/python3.12/site-packages/airflow/example_dags/example_time_delta_sensor_async.py took 0.350 seconds
[2026-05-20T08:22:41.987+0000] {processor.py:161} INFO - Started process (PID=1826) to work on /home/airflow/.local/lib/python3.12/site-packages/airflow/example_dags/example_time_delta_sensor_async.py
[2026-05-20T08:22:41.992+0000] {processor.py:830} INFO - Processing file /home/airflow/.local/lib/python3.12/site-packages/airflow/example_dags/example_time_delta_sensor_async.py for tasks to queue
[2026-05-20T08:22:42.003+0000] {logging_mixin.py:188} INFO - [2026-05-20T08:22:41.997+0000] {dagbag.py:545} INFO - Filling up the DagBag from /home/airflow/.local/lib/python3.12/site-packages/airflow/example_dags/example_time_delta_sensor_async.py
[2026-05-20T08:22:42.041+0000] {processor.py:840} INFO - DAG(s) 'example_time_delta_sensor_async' retrieved from /home/airflow/.local/lib/python3.12/site-packages/airflow/example_dags/example_time_delta_sensor_async.py
[2026-05-20T08:22:42.194+0000] {logging_mixin.py:188} INFO - [2026-05-20T08:22:42.194+0000] {dag.py:3089} INFO - Sync 1 DAGs
[2026-05-20T08:22:42.273+0000] {logging_mixin.py:188} INFO - [2026-05-20T08:22:42.272+0000] {dag.py:3947} INFO - Setting next_dagrun for example_time_delta_sensor_async to None, run_after=None
[2026-05-20T08:22:42.354+0000] {processor.py:183} INFO - Processing /home/airflow/.local/lib/python3.12/site-packages/airflow/example_dags/example_time_delta_sensor_async.py took 0.386 seconds
[2026-05-20T08:23:12.850+0000] {processor.py:161} INFO - Started process (PID=1886) to work on /home/airflow/.local/lib/python3.12/site-packages/airflow/example_dags/example_time_delta_sensor_async.py
[2026-05-20T08:23:12.855+0000] {processor.py:830} INFO - Processing file /home/airflow/.local/lib/python3.12/site-packages/airflow/example_dags/example_time_delta_sensor_async.py for tasks to queue
[2026-05-20T08:23:12.868+0000] {logging_mixin.py:188} INFO - [2026-05-20T08:23:12.867+0000] {dagbag.py:545} INFO - Filling up the DagBag from /home/airflow/.local/lib/python3.12/site-packages/airflow/example_dags/example_time_delta_sensor_async.py
[2026-05-20T08:23:12.897+0000] {processor.py:840} INFO - DAG(s) 'example_time_delta_sensor_async' retrieved from /home/airflow/.local/lib/python3.12/site-packages/airflow/example_dags/example_time_delta_sensor_async.py
[2026-05-20T08:23:12.991+0000] {logging_mixin.py:188} INFO - [2026-05-20T08:23:12.990+0000] {dag.py:3089} INFO - Sync 1 DAGs
[2026-05-20T08:23:13.055+0000] {logging_mixin.py:188} INFO - [2026-05-20T08:23:13.055+0000] {dag.py:3947} INFO - Setting next_dagrun for example_time_delta_sensor_async to None, run_after=None
[2026-05-20T08:23:13.122+0000] {processor.py:183} INFO - Processing /home/airflow/.local/lib/python3.12/site-packages/airflow/example_dags/example_time_delta_sensor_async.py took 0.299 seconds
[2026-05-20T08:23:43.811+0000] {processor.py:161} INFO - Started process (PID=1947) to work on /home/airflow/.local/lib/python3.12/site-packages/airflow/example_dags/example_time_delta_sensor_async.py
[2026-05-20T08:23:43.815+0000] {processor.py:830} INFO - Processing file /home/airflow/.local/lib/python3.12/site-packages/airflow/example_dags/example_time_delta_sensor_async.py for tasks to queue
[2026-05-20T08:23:43.833+0000] {logging_mixin.py:188} INFO - [2026-05-20T08:23:43.830+0000] {dagbag.py:545} INFO - Filling up the DagBag from /home/airflow/.local/lib/python3.12/site-packages/airflow/example_dags/example_time_delta_sensor_async.py
[2026-05-20T08:23:43.861+0000] {processor.py:840} INFO - DAG(s) 'example_time_delta_sensor_async' retrieved from /home/airflow/.local/lib/python3.12/site-packages/airflow/example_dags/example_time_delta_sensor_async.py
[2026-05-20T08:23:43.962+0000] {logging_mixin.py:188} INFO - [2026-05-20T08:23:43.953+0000] {dag.py:3089} INFO - Sync 1 DAGs
[2026-05-20T08:23:44.017+0000] {logging_mixin.py:188} INFO - [2026-05-20T08:23:44.016+0000] {dag.py:3947} INFO - Setting next_dagrun for example_time_delta_sensor_async to None, run_after=None
[2026-05-20T08:23:44.105+0000] {processor.py:183} INFO - Processing /home/airflow/.local/lib/python3.12/site-packages/airflow/example_dags/example_time_delta_sensor_async.py took 0.329 seconds
[2026-05-20T08:24:18.675+0000] {processor.py:161} INFO - Started process (PID=2008) to work on /home/airflow/.local/lib/python3.12/site-packages/airflow/example_dags/example_time_delta_sensor_async.py
[2026-05-20T08:24:18.678+0000] {processor.py:830} INFO - Processing file /home/airflow/.local/lib/python3.12/site-packages/airflow/example_dags/example_time_delta_sensor_async.py for tasks to queue
[2026-05-20T08:24:18.696+0000] {logging_mixin.py:188} INFO - [2026-05-20T08:24:18.695+0000] {dagbag.py:545} INFO - Filling up the DagBag from /home/airflow/.local/lib/python3.12/site-packages/airflow/example_dags/example_time_delta_sensor_async.py
[2026-05-20T08:24:18.712+0000] {processor.py:840} INFO - DAG(s) 'example_time_delta_sensor_async' retrieved from /home/airflow/.local/lib/python3.12/site-packages/airflow/example_dags/example_time_delta_sensor_async.py
[2026-05-20T08:24:18.772+0000] {logging_mixin.py:188} INFO - [2026-05-20T08:24:18.772+0000] {dag.py:3089} INFO - Sync 1 DAGs
[2026-05-20T08:24:18.804+0000] {logging_mixin.py:188} INFO - [2026-05-20T08:24:18.804+0000] {dag.py:3947} INFO - Setting next_dagrun for example_time_delta_sensor_async to None, run_after=None
[2026-05-20T08:24:18.855+0000] {processor.py:183} INFO - Processing /home/airflow/.local/lib/python3.12/site-packages/airflow/example_dags/example_time_delta_sensor_async.py took 0.193 seconds
[2026-05-20T08:24:49.421+0000] {processor.py:161} INFO - Started process (PID=2067) to work on /home/airflow/.local/lib/python3.12/site-packages/airflow/example_dags/example_time_delta_sensor_async.py
[2026-05-20T08:24:49.423+0000] {processor.py:830} INFO - Processing file /home/airflow/.local/lib/python3.12/site-packages/airflow/example_dags/example_time_delta_sensor_async.py for tasks to queue
[2026-05-20T08:24:49.427+0000] {logging_mixin.py:188} INFO - [2026-05-20T08:24:49.426+0000] {dagbag.py:545} INFO - Filling up the DagBag from /home/airflow/.local/lib/python3.12/site-packages/airflow/example_dags/example_time_delta_sensor_async.py
[2026-05-20T08:24:49.443+0000] {processor.py:840} INFO - DAG(s) 'example_time_delta_sensor_async' retrieved from /home/airflow/.local/lib/python3.12/site-packages/airflow/example_dags/example_time_delta_sensor_async.py
[2026-05-20T08:24:49.476+0000] {logging_mixin.py:188} INFO - [2026-05-20T08:24:49.476+0000] {dag.py:3089} INFO - Sync 1 DAGs
[2026-05-20T08:24:49.501+0000] {logging_mixin.py:188} INFO - [2026-05-20T08:24:49.500+0000] {dag.py:3947} INFO - Setting next_dagrun for example_time_delta_sensor_async to None, run_after=None
[2026-05-20T08:24:49.533+0000] {processor.py:183} INFO - Processing /home/airflow/.local/lib/python3.12/site-packages/airflow/example_dags/example_time_delta_sensor_async.py took 0.123 seconds
[2026-05-20T08:25:37.624+0000] {processor.py:161} INFO - Started process (PID=2128) to work on /home/airflow/.local/lib/python3.12/site-packages/airflow/example_dags/example_time_delta_sensor_async.py
[2026-05-20T08:25:37.633+0000] {processor.py:830} INFO - Processing file /home/airflow/.local/lib/python3.12/site-packages/airflow/example_dags/example_time_delta_sensor_async.py for tasks to queue
[2026-05-20T08:25:37.646+0000] {logging_mixin.py:188} INFO - [2026-05-20T08:25:37.645+0000] {dagbag.py:545} INFO - Filling up the DagBag from /home/airflow/.local/lib/python3.12/site-packages/airflow/example_dags/example_time_delta_sensor_async.py
[2026-05-20T08:25:37.670+0000] {processor.py:840} INFO - DAG(s) 'example_time_delta_sensor_async' retrieved from /home/airflow/.local/lib/python3.12/site-packages/airflow/example_dags/example_time_delta_sensor_async.py
[2026-05-20T08:25:37.800+0000] {logging_mixin.py:188} INFO - [2026-05-20T08:25:37.799+0000] {dag.py:3089} INFO - Sync 1 DAGs
[2026-05-20T08:25:37.903+0000] {logging_mixin.py:188} INFO - [2026-05-20T08:25:37.901+0000] {dag.py:3947} INFO - Setting next_dagrun for example_time_delta_sensor_async to None, run_after=None
[2026-05-20T08:25:37.985+0000] {processor.py:183} INFO - Processing /home/airflow/.local/lib/python3.12/site-packages/airflow/example_dags/example_time_delta_sensor_async.py took 0.411 seconds
[2026-05-20T08:26:08.238+0000] {processor.py:161} INFO - Started process (PID=2188) to work on /home/airflow/.local/lib/python3.12/site-packages/airflow/example_dags/example_time_delta_sensor_async.py
[2026-05-20T08:26:08.240+0000] {processor.py:830} INFO - Processing file /home/airflow/.local/lib/python3.12/site-packages/airflow/example_dags/example_time_delta_sensor_async.py for tasks to queue
[2026-05-20T08:26:08.243+0000] {logging_mixin.py:188} INFO - [2026-05-20T08:26:08.243+0000] {dagbag.py:545} INFO - Filling up the DagBag from /home/airflow/.local/lib/python3.12/site-packages/airflow/example_dags/example_time_delta_sensor_async.py
[2026-05-20T08:26:08.252+0000] {processor.py:840} INFO - DAG(s) 'example_time_delta_sensor_async' retrieved from /home/airflow/.local/lib/python3.12/site-packages/airflow/example_dags/example_time_delta_sensor_async.py
[2026-05-20T08:26:08.290+0000] {logging_mixin.py:188} INFO - [2026-05-20T08:26:08.290+0000] {dag.py:3089} INFO - Sync 1 DAGs
[2026-05-20T08:26:08.316+0000] {logging_mixin.py:188} INFO - [2026-05-20T08:26:08.316+0000] {dag.py:3947} INFO - Setting next_dagrun for example_time_delta_sensor_async to None, run_after=None
[2026-05-20T08:26:08.349+0000] {processor.py:183} INFO - Processing /home/airflow/.local/lib/python3.12/site-packages/airflow/example_dags/example_time_delta_sensor_async.py took 0.121 seconds
[2026-05-20T08:26:38.560+0000] {processor.py:161} INFO - Started process (PID=2248) to work on /home/airflow/.local/lib/python3.12/site-packages/airflow/example_dags/example_time_delta_sensor_async.py
[2026-05-20T08:26:38.562+0000] {processor.py:830} INFO - Processing file /home/airflow/.local/lib/python3.12/site-packages/airflow/example_dags/example_time_delta_sensor_async.py for tasks to queue
[2026-05-20T08:26:38.567+0000] {logging_mixin.py:188} INFO - [2026-05-20T08:26:38.566+0000] {dagbag.py:545} INFO - Filling up the DagBag from /home/airflow/.local/lib/python3.12/site-packages/airflow/example_dags/example_time_delta_sensor_async.py
[2026-05-20T08:26:38.575+0000] {processor.py:840} INFO - DAG(s) 'example_time_delta_sensor_async' retrieved from /home/airflow/.local/lib/python3.12/site-packages/airflow/example_dags/example_time_delta_sensor_async.py
[2026-05-20T08:26:38.623+0000] {logging_mixin.py:188} INFO - [2026-05-20T08:26:38.623+0000] {dag.py:3089} INFO - Sync 1 DAGs
[2026-05-20T08:26:38.651+0000] {logging_mixin.py:188} INFO - [2026-05-20T08:26:38.651+0000] {dag.py:3947} INFO - Setting next_dagrun for example_time_delta_sensor_async to None, run_after=None
[2026-05-20T08:26:38.694+0000] {processor.py:183} INFO - Processing /home/airflow/.local/lib/python3.12/site-packages/airflow/example_dags/example_time_delta_sensor_async.py took 0.146 seconds
