[2026-05-20T08:07:41.435+0000] {processor.py:161} INFO - Started process (PID=138) to work on /home/airflow/.local/lib/python3.12/site-packages/airflow/example_dags/example_branch_operator.py
[2026-05-20T08:07:41.437+0000] {processor.py:830} INFO - Processing file /home/airflow/.local/lib/python3.12/site-packages/airflow/example_dags/example_branch_operator.py for tasks to queue
[2026-05-20T08:07:41.448+0000] {logging_mixin.py:188} INFO - [2026-05-20T08:07:41.447+0000] {dagbag.py:545} INFO - Filling up the DagBag from /home/airflow/.local/lib/python3.12/site-packages/airflow/example_dags/example_branch_operator.py
[2026-05-20T08:07:41.542+0000] {processor.py:840} INFO - DAG(s) 'example_branch_operator' retrieved from /home/airflow/.local/lib/python3.12/site-packages/airflow/example_dags/example_branch_operator.py
[2026-05-20T08:07:42.329+0000] {logging_mixin.py:188} INFO - [2026-05-20T08:07:42.329+0000] {dag.py:3089} INFO - Sync 1 DAGs
[2026-05-20T08:07:42.505+0000] {logging_mixin.py:188} INFO - [2026-05-20T08:07:42.504+0000] {dag.py:3947} INFO - Setting next_dagrun for example_branch_operator to 2026-05-19 00:00:00+00:00, run_after=2026-05-20 00:00:00+00:00
[2026-05-20T08:07:42.786+0000] {processor.py:183} INFO - Processing /home/airflow/.local/lib/python3.12/site-packages/airflow/example_dags/example_branch_operator.py took 1.378 seconds
[2026-05-20T08:08:18.112+0000] {processor.py:161} INFO - Started process (PID=199) to work on /home/airflow/.local/lib/python3.12/site-packages/airflow/example_dags/example_branch_operator.py
[2026-05-20T08:08:18.121+0000] {processor.py:830} INFO - Processing file /home/airflow/.local/lib/python3.12/site-packages/airflow/example_dags/example_branch_operator.py for tasks to queue
[2026-05-20T08:08:18.129+0000] {logging_mixin.py:188} INFO - [2026-05-20T08:08:18.128+0000] {dagbag.py:545} INFO - Filling up the DagBag from /home/airflow/.local/lib/python3.12/site-packages/airflow/example_dags/example_branch_operator.py
[2026-05-20T08:08:18.178+0000] {processor.py:840} INFO - DAG(s) 'example_branch_operator' retrieved from /home/airflow/.local/lib/python3.12/site-packages/airflow/example_dags/example_branch_operator.py
[2026-05-20T08:08:18.310+0000] {logging_mixin.py:188} INFO - [2026-05-20T08:08:18.310+0000] {dag.py:3089} INFO - Sync 1 DAGs
[2026-05-20T08:08:18.433+0000] {logging_mixin.py:188} INFO - [2026-05-20T08:08:18.432+0000] {dag.py:3947} INFO - Setting next_dagrun for example_branch_operator to 2026-05-19 00:00:00+00:00, run_after=2026-05-20 00:00:00+00:00
[2026-05-20T08:08:18.644+0000] {processor.py:183} INFO - Processing /home/airflow/.local/lib/python3.12/site-packages/airflow/example_dags/example_branch_operator.py took 0.563 seconds
[2026-05-20T08:08:51.977+0000] {processor.py:161} INFO - Started process (PID=258) to work on /home/airflow/.local/lib/python3.12/site-packages/airflow/example_dags/example_branch_operator.py
[2026-05-20T08:08:51.981+0000] {processor.py:830} INFO - Processing file /home/airflow/.local/lib/python3.12/site-packages/airflow/example_dags/example_branch_operator.py for tasks to queue
[2026-05-20T08:08:51.993+0000] {logging_mixin.py:188} INFO - [2026-05-20T08:08:51.991+0000] {dagbag.py:545} INFO - Filling up the DagBag from /home/airflow/.local/lib/python3.12/site-packages/airflow/example_dags/example_branch_operator.py
[2026-05-20T08:08:52.085+0000] {processor.py:840} INFO - DAG(s) 'example_branch_operator' retrieved from /home/airflow/.local/lib/python3.12/site-packages/airflow/example_dags/example_branch_operator.py
[2026-05-20T08:08:52.188+0000] {logging_mixin.py:188} INFO - [2026-05-20T08:08:52.187+0000] {dag.py:3089} INFO - Sync 1 DAGs
[2026-05-20T08:08:52.243+0000] {logging_mixin.py:188} INFO - [2026-05-20T08:08:52.242+0000] {dag.py:3947} INFO - Setting next_dagrun for example_branch_operator to 2026-05-19 00:00:00+00:00, run_after=2026-05-20 00:00:00+00:00
[2026-05-20T08:08:52.291+0000] {processor.py:183} INFO - Processing /home/airflow/.local/lib/python3.12/site-packages/airflow/example_dags/example_branch_operator.py took 0.337 seconds
[2026-05-20T08:09:22.840+0000] {processor.py:161} INFO - Started process (PID=317) to work on /home/airflow/.local/lib/python3.12/site-packages/airflow/example_dags/example_branch_operator.py
[2026-05-20T08:09:22.842+0000] {processor.py:830} INFO - Processing file /home/airflow/.local/lib/python3.12/site-packages/airflow/example_dags/example_branch_operator.py for tasks to queue
[2026-05-20T08:09:22.845+0000] {logging_mixin.py:188} INFO - [2026-05-20T08:09:22.845+0000] {dagbag.py:545} INFO - Filling up the DagBag from /home/airflow/.local/lib/python3.12/site-packages/airflow/example_dags/example_branch_operator.py
[2026-05-20T08:09:22.894+0000] {processor.py:840} INFO - DAG(s) 'example_branch_operator' retrieved from /home/airflow/.local/lib/python3.12/site-packages/airflow/example_dags/example_branch_operator.py
[2026-05-20T08:09:23.030+0000] {logging_mixin.py:188} INFO - [2026-05-20T08:09:23.029+0000] {dag.py:3089} INFO - Sync 1 DAGs
[2026-05-20T08:09:23.086+0000] {logging_mixin.py:188} INFO - [2026-05-20T08:09:23.086+0000] {dag.py:3947} INFO - Setting next_dagrun for example_branch_operator to 2026-05-19 00:00:00+00:00, run_after=2026-05-20 00:00:00+00:00
[2026-05-20T08:09:23.122+0000] {processor.py:183} INFO - Processing /home/airflow/.local/lib/python3.12/site-packages/airflow/example_dags/example_branch_operator.py took 0.293 seconds
[2026-05-20T08:09:53.502+0000] {processor.py:161} INFO - Started process (PID=377) to work on /home/airflow/.local/lib/python3.12/site-packages/airflow/example_dags/example_branch_operator.py
[2026-05-20T08:09:53.504+0000] {processor.py:830} INFO - Processing file /home/airflow/.local/lib/python3.12/site-packages/airflow/example_dags/example_branch_operator.py for tasks to queue
[2026-05-20T08:09:53.507+0000] {logging_mixin.py:188} INFO - [2026-05-20T08:09:53.507+0000] {dagbag.py:545} INFO - Filling up the DagBag from /home/airflow/.local/lib/python3.12/site-packages/airflow/example_dags/example_branch_operator.py
[2026-05-20T08:09:53.564+0000] {processor.py:840} INFO - DAG(s) 'example_branch_operator' retrieved from /home/airflow/.local/lib/python3.12/site-packages/airflow/example_dags/example_branch_operator.py
[2026-05-20T08:09:53.636+0000] {logging_mixin.py:188} INFO - [2026-05-20T08:09:53.635+0000] {dag.py:3089} INFO - Sync 1 DAGs
[2026-05-20T08:09:53.674+0000] {logging_mixin.py:188} INFO - [2026-05-20T08:09:53.674+0000] {dag.py:3947} INFO - Setting next_dagrun for example_branch_operator to 2026-05-19 00:00:00+00:00, run_after=2026-05-20 00:00:00+00:00
[2026-05-20T08:09:53.713+0000] {processor.py:183} INFO - Processing /home/airflow/.local/lib/python3.12/site-packages/airflow/example_dags/example_branch_operator.py took 0.222 seconds
[2026-05-20T08:10:28.215+0000] {processor.py:161} INFO - Started process (PID=437) to work on /home/airflow/.local/lib/python3.12/site-packages/airflow/example_dags/example_branch_operator.py
[2026-05-20T08:10:28.218+0000] {processor.py:830} INFO - Processing file /home/airflow/.local/lib/python3.12/site-packages/airflow/example_dags/example_branch_operator.py for tasks to queue
[2026-05-20T08:10:28.223+0000] {logging_mixin.py:188} INFO - [2026-05-20T08:10:28.223+0000] {dagbag.py:545} INFO - Filling up the DagBag from /home/airflow/.local/lib/python3.12/site-packages/airflow/example_dags/example_branch_operator.py
[2026-05-20T08:10:28.299+0000] {processor.py:840} INFO - DAG(s) 'example_branch_operator' retrieved from /home/airflow/.local/lib/python3.12/site-packages/airflow/example_dags/example_branch_operator.py
[2026-05-20T08:10:28.458+0000] {logging_mixin.py:188} INFO - [2026-05-20T08:10:28.457+0000] {dag.py:3089} INFO - Sync 1 DAGs
[2026-05-20T08:10:28.561+0000] {logging_mixin.py:188} INFO - [2026-05-20T08:10:28.560+0000] {dag.py:3947} INFO - Setting next_dagrun for example_branch_operator to 2026-05-19 00:00:00+00:00, run_after=2026-05-20 00:00:00+00:00
[2026-05-20T08:10:28.625+0000] {processor.py:183} INFO - Processing /home/airflow/.local/lib/python3.12/site-packages/airflow/example_dags/example_branch_operator.py took 0.432 seconds
[2026-05-20T08:10:58.873+0000] {processor.py:161} INFO - Started process (PID=496) to work on /home/airflow/.local/lib/python3.12/site-packages/airflow/example_dags/example_branch_operator.py
[2026-05-20T08:10:58.875+0000] {processor.py:830} INFO - Processing file /home/airflow/.local/lib/python3.12/site-packages/airflow/example_dags/example_branch_operator.py for tasks to queue
[2026-05-20T08:10:58.877+0000] {logging_mixin.py:188} INFO - [2026-05-20T08:10:58.877+0000] {dagbag.py:545} INFO - Filling up the DagBag from /home/airflow/.local/lib/python3.12/site-packages/airflow/example_dags/example_branch_operator.py
[2026-05-20T08:10:58.902+0000] {processor.py:840} INFO - DAG(s) 'example_branch_operator' retrieved from /home/airflow/.local/lib/python3.12/site-packages/airflow/example_dags/example_branch_operator.py
[2026-05-20T08:10:58.945+0000] {logging_mixin.py:188} INFO - [2026-05-20T08:10:58.944+0000] {dag.py:3089} INFO - Sync 1 DAGs
[2026-05-20T08:10:58.984+0000] {logging_mixin.py:188} INFO - [2026-05-20T08:10:58.984+0000] {dag.py:3947} INFO - Setting next_dagrun for example_branch_operator to 2026-05-19 00:00:00+00:00, run_after=2026-05-20 00:00:00+00:00
[2026-05-20T08:10:59.022+0000] {processor.py:183} INFO - Processing /home/airflow/.local/lib/python3.12/site-packages/airflow/example_dags/example_branch_operator.py took 0.158 seconds
[2026-05-20T08:11:29.231+0000] {processor.py:161} INFO - Started process (PID=557) to work on /home/airflow/.local/lib/python3.12/site-packages/airflow/example_dags/example_branch_operator.py
[2026-05-20T08:11:29.233+0000] {processor.py:830} INFO - Processing file /home/airflow/.local/lib/python3.12/site-packages/airflow/example_dags/example_branch_operator.py for tasks to queue
[2026-05-20T08:11:29.237+0000] {logging_mixin.py:188} INFO - [2026-05-20T08:11:29.236+0000] {dagbag.py:545} INFO - Filling up the DagBag from /home/airflow/.local/lib/python3.12/site-packages/airflow/example_dags/example_branch_operator.py
[2026-05-20T08:11:29.276+0000] {processor.py:840} INFO - DAG(s) 'example_branch_operator' retrieved from /home/airflow/.local/lib/python3.12/site-packages/airflow/example_dags/example_branch_operator.py
[2026-05-20T08:11:29.396+0000] {logging_mixin.py:188} INFO - [2026-05-20T08:11:29.394+0000] {dag.py:3089} INFO - Sync 1 DAGs
[2026-05-20T08:11:29.472+0000] {logging_mixin.py:188} INFO - [2026-05-20T08:11:29.472+0000] {dag.py:3947} INFO - Setting next_dagrun for example_branch_operator to 2026-05-19 00:00:00+00:00, run_after=2026-05-20 00:00:00+00:00
[2026-05-20T08:11:29.524+0000] {processor.py:183} INFO - Processing /home/airflow/.local/lib/python3.12/site-packages/airflow/example_dags/example_branch_operator.py took 0.305 seconds
[2026-05-20T08:12:02.870+0000] {processor.py:161} INFO - Started process (PID=617) to work on /home/airflow/.local/lib/python3.12/site-packages/airflow/example_dags/example_branch_operator.py
[2026-05-20T08:12:02.872+0000] {processor.py:830} INFO - Processing file /home/airflow/.local/lib/python3.12/site-packages/airflow/example_dags/example_branch_operator.py for tasks to queue
[2026-05-20T08:12:02.882+0000] {logging_mixin.py:188} INFO - [2026-05-20T08:12:02.881+0000] {dagbag.py:545} INFO - Filling up the DagBag from /home/airflow/.local/lib/python3.12/site-packages/airflow/example_dags/example_branch_operator.py
[2026-05-20T08:12:02.919+0000] {processor.py:840} INFO - DAG(s) 'example_branch_operator' retrieved from /home/airflow/.local/lib/python3.12/site-packages/airflow/example_dags/example_branch_operator.py
[2026-05-20T08:12:02.993+0000] {logging_mixin.py:188} INFO - [2026-05-20T08:12:02.993+0000] {dag.py:3089} INFO - Sync 1 DAGs
[2026-05-20T08:12:03.041+0000] {logging_mixin.py:188} INFO - [2026-05-20T08:12:03.040+0000] {dag.py:3947} INFO - Setting next_dagrun for example_branch_operator to 2026-05-19 00:00:00+00:00, run_after=2026-05-20 00:00:00+00:00
[2026-05-20T08:12:03.084+0000] {processor.py:183} INFO - Processing /home/airflow/.local/lib/python3.12/site-packages/airflow/example_dags/example_branch_operator.py took 0.230 seconds
[2026-05-20T08:12:33.957+0000] {processor.py:161} INFO - Started process (PID=677) to work on /home/airflow/.local/lib/python3.12/site-packages/airflow/example_dags/example_branch_operator.py
[2026-05-20T08:12:33.960+0000] {processor.py:830} INFO - Processing file /home/airflow/.local/lib/python3.12/site-packages/airflow/example_dags/example_branch_operator.py for tasks to queue
[2026-05-20T08:12:33.965+0000] {logging_mixin.py:188} INFO - [2026-05-20T08:12:33.964+0000] {dagbag.py:545} INFO - Filling up the DagBag from /home/airflow/.local/lib/python3.12/site-packages/airflow/example_dags/example_branch_operator.py
[2026-05-20T08:12:34.021+0000] {processor.py:840} INFO - DAG(s) 'example_branch_operator' retrieved from /home/airflow/.local/lib/python3.12/site-packages/airflow/example_dags/example_branch_operator.py
[2026-05-20T08:12:34.139+0000] {logging_mixin.py:188} INFO - [2026-05-20T08:12:34.138+0000] {dag.py:3089} INFO - Sync 1 DAGs
[2026-05-20T08:12:34.212+0000] {logging_mixin.py:188} INFO - [2026-05-20T08:12:34.212+0000] {dag.py:3947} INFO - Setting next_dagrun for example_branch_operator to 2026-05-19 00:00:00+00:00, run_after=2026-05-20 00:00:00+00:00
[2026-05-20T08:12:34.258+0000] {processor.py:183} INFO - Processing /home/airflow/.local/lib/python3.12/site-packages/airflow/example_dags/example_branch_operator.py took 0.315 seconds
[2026-05-20T08:13:10.646+0000] {processor.py:161} INFO - Started process (PID=743) to work on /home/airflow/.local/lib/python3.12/site-packages/airflow/example_dags/example_branch_operator.py
[2026-05-20T08:13:10.657+0000] {processor.py:830} INFO - Processing file /home/airflow/.local/lib/python3.12/site-packages/airflow/example_dags/example_branch_operator.py for tasks to queue
[2026-05-20T08:13:10.664+0000] {logging_mixin.py:188} INFO - [2026-05-20T08:13:10.663+0000] {dagbag.py:545} INFO - Filling up the DagBag from /home/airflow/.local/lib/python3.12/site-packages/airflow/example_dags/example_branch_operator.py
[2026-05-20T08:13:10.728+0000] {processor.py:840} INFO - DAG(s) 'example_branch_operator' retrieved from /home/airflow/.local/lib/python3.12/site-packages/airflow/example_dags/example_branch_operator.py
[2026-05-20T08:13:10.870+0000] {logging_mixin.py:188} INFO - [2026-05-20T08:13:10.869+0000] {dag.py:3089} INFO - Sync 1 DAGs
[2026-05-20T08:13:10.990+0000] {logging_mixin.py:188} INFO - [2026-05-20T08:13:10.990+0000] {dag.py:3947} INFO - Setting next_dagrun for example_branch_operator to 2026-05-19 00:00:00+00:00, run_after=2026-05-20 00:00:00+00:00
[2026-05-20T08:13:11.098+0000] {processor.py:183} INFO - Processing /home/airflow/.local/lib/python3.12/site-packages/airflow/example_dags/example_branch_operator.py took 0.488 seconds
[2026-05-20T08:13:50.334+0000] {processor.py:161} INFO - Started process (PID=803) to work on /home/airflow/.local/lib/python3.12/site-packages/airflow/example_dags/example_branch_operator.py
[2026-05-20T08:13:50.340+0000] {processor.py:830} INFO - Processing file /home/airflow/.local/lib/python3.12/site-packages/airflow/example_dags/example_branch_operator.py for tasks to queue
[2026-05-20T08:13:50.354+0000] {logging_mixin.py:188} INFO - [2026-05-20T08:13:50.352+0000] {dagbag.py:545} INFO - Filling up the DagBag from /home/airflow/.local/lib/python3.12/site-packages/airflow/example_dags/example_branch_operator.py
[2026-05-20T08:13:50.461+0000] {processor.py:840} INFO - DAG(s) 'example_branch_operator' retrieved from /home/airflow/.local/lib/python3.12/site-packages/airflow/example_dags/example_branch_operator.py
[2026-05-20T08:13:50.641+0000] {logging_mixin.py:188} INFO - [2026-05-20T08:13:50.640+0000] {dag.py:3089} INFO - Sync 1 DAGs
[2026-05-20T08:13:50.860+0000] {logging_mixin.py:188} INFO - [2026-05-20T08:13:50.859+0000] {dag.py:3947} INFO - Setting next_dagrun for example_branch_operator to 2026-05-19 00:00:00+00:00, run_after=2026-05-20 00:00:00+00:00
[2026-05-20T08:13:50.952+0000] {processor.py:183} INFO - Processing /home/airflow/.local/lib/python3.12/site-packages/airflow/example_dags/example_branch_operator.py took 0.654 seconds
[2026-05-20T08:14:23.234+0000] {processor.py:161} INFO - Started process (PID=863) to work on /home/airflow/.local/lib/python3.12/site-packages/airflow/example_dags/example_branch_operator.py
[2026-05-20T08:14:23.239+0000] {processor.py:830} INFO - Processing file /home/airflow/.local/lib/python3.12/site-packages/airflow/example_dags/example_branch_operator.py for tasks to queue
[2026-05-20T08:14:23.248+0000] {logging_mixin.py:188} INFO - [2026-05-20T08:14:23.247+0000] {dagbag.py:545} INFO - Filling up the DagBag from /home/airflow/.local/lib/python3.12/site-packages/airflow/example_dags/example_branch_operator.py
[2026-05-20T08:14:23.313+0000] {processor.py:840} INFO - DAG(s) 'example_branch_operator' retrieved from /home/airflow/.local/lib/python3.12/site-packages/airflow/example_dags/example_branch_operator.py
[2026-05-20T08:14:23.422+0000] {logging_mixin.py:188} INFO - [2026-05-20T08:14:23.421+0000] {dag.py:3089} INFO - Sync 1 DAGs
[2026-05-20T08:14:23.515+0000] {logging_mixin.py:188} INFO - [2026-05-20T08:14:23.514+0000] {dag.py:3947} INFO - Setting next_dagrun for example_branch_operator to 2026-05-19 00:00:00+00:00, run_after=2026-05-20 00:00:00+00:00
[2026-05-20T08:14:23.594+0000] {processor.py:183} INFO - Processing /home/airflow/.local/lib/python3.12/site-packages/airflow/example_dags/example_branch_operator.py took 0.380 seconds
[2026-05-20T08:14:53.840+0000] {processor.py:161} INFO - Started process (PID=921) to work on /home/airflow/.local/lib/python3.12/site-packages/airflow/example_dags/example_branch_operator.py
[2026-05-20T08:14:53.842+0000] {processor.py:830} INFO - Processing file /home/airflow/.local/lib/python3.12/site-packages/airflow/example_dags/example_branch_operator.py for tasks to queue
[2026-05-20T08:14:53.845+0000] {logging_mixin.py:188} INFO - [2026-05-20T08:14:53.845+0000] {dagbag.py:545} INFO - Filling up the DagBag from /home/airflow/.local/lib/python3.12/site-packages/airflow/example_dags/example_branch_operator.py
[2026-05-20T08:14:53.876+0000] {processor.py:840} INFO - DAG(s) 'example_branch_operator' retrieved from /home/airflow/.local/lib/python3.12/site-packages/airflow/example_dags/example_branch_operator.py
[2026-05-20T08:14:53.923+0000] {logging_mixin.py:188} INFO - [2026-05-20T08:14:53.923+0000] {dag.py:3089} INFO - Sync 1 DAGs
[2026-05-20T08:14:53.961+0000] {logging_mixin.py:188} INFO - [2026-05-20T08:14:53.961+0000] {dag.py:3947} INFO - Setting next_dagrun for example_branch_operator to 2026-05-19 00:00:00+00:00, run_after=2026-05-20 00:00:00+00:00
[2026-05-20T08:14:53.992+0000] {processor.py:183} INFO - Processing /home/airflow/.local/lib/python3.12/site-packages/airflow/example_dags/example_branch_operator.py took 0.161 seconds
[2026-05-20T08:15:24.462+0000] {processor.py:161} INFO - Started process (PID=981) to work on /home/airflow/.local/lib/python3.12/site-packages/airflow/example_dags/example_branch_operator.py
[2026-05-20T08:15:24.464+0000] {processor.py:830} INFO - Processing file /home/airflow/.local/lib/python3.12/site-packages/airflow/example_dags/example_branch_operator.py for tasks to queue
[2026-05-20T08:15:24.470+0000] {logging_mixin.py:188} INFO - [2026-05-20T08:15:24.469+0000] {dagbag.py:545} INFO - Filling up the DagBag from /home/airflow/.local/lib/python3.12/site-packages/airflow/example_dags/example_branch_operator.py
[2026-05-20T08:15:24.502+0000] {processor.py:840} INFO - DAG(s) 'example_branch_operator' retrieved from /home/airflow/.local/lib/python3.12/site-packages/airflow/example_dags/example_branch_operator.py
[2026-05-20T08:15:24.583+0000] {logging_mixin.py:188} INFO - [2026-05-20T08:15:24.583+0000] {dag.py:3089} INFO - Sync 1 DAGs
[2026-05-20T08:15:24.652+0000] {logging_mixin.py:188} INFO - [2026-05-20T08:15:24.652+0000] {dag.py:3947} INFO - Setting next_dagrun for example_branch_operator to 2026-05-19 00:00:00+00:00, run_after=2026-05-20 00:00:00+00:00
[2026-05-20T08:15:24.692+0000] {processor.py:183} INFO - Processing /home/airflow/.local/lib/python3.12/site-packages/airflow/example_dags/example_branch_operator.py took 0.243 seconds
[2026-05-20T08:15:55.420+0000] {processor.py:161} INFO - Started process (PID=1042) to work on /home/airflow/.local/lib/python3.12/site-packages/airflow/example_dags/example_branch_operator.py
[2026-05-20T08:15:55.421+0000] {processor.py:830} INFO - Processing file /home/airflow/.local/lib/python3.12/site-packages/airflow/example_dags/example_branch_operator.py for tasks to queue
[2026-05-20T08:15:55.425+0000] {logging_mixin.py:188} INFO - [2026-05-20T08:15:55.424+0000] {dagbag.py:545} INFO - Filling up the DagBag from /home/airflow/.local/lib/python3.12/site-packages/airflow/example_dags/example_branch_operator.py
[2026-05-20T08:15:55.455+0000] {processor.py:840} INFO - DAG(s) 'example_branch_operator' retrieved from /home/airflow/.local/lib/python3.12/site-packages/airflow/example_dags/example_branch_operator.py
[2026-05-20T08:15:55.504+0000] {logging_mixin.py:188} INFO - [2026-05-20T08:15:55.503+0000] {dag.py:3089} INFO - Sync 1 DAGs
[2026-05-20T08:15:55.539+0000] {logging_mixin.py:188} INFO - [2026-05-20T08:15:55.539+0000] {dag.py:3947} INFO - Setting next_dagrun for example_branch_operator to 2026-05-19 00:00:00+00:00, run_after=2026-05-20 00:00:00+00:00
[2026-05-20T08:15:55.578+0000] {processor.py:183} INFO - Processing /home/airflow/.local/lib/python3.12/site-packages/airflow/example_dags/example_branch_operator.py took 0.176 seconds
[2026-05-20T08:16:27.986+0000] {processor.py:161} INFO - Started process (PID=1102) to work on /home/airflow/.local/lib/python3.12/site-packages/airflow/example_dags/example_branch_operator.py
[2026-05-20T08:16:27.989+0000] {processor.py:830} INFO - Processing file /home/airflow/.local/lib/python3.12/site-packages/airflow/example_dags/example_branch_operator.py for tasks to queue
[2026-05-20T08:16:27.997+0000] {logging_mixin.py:188} INFO - [2026-05-20T08:16:27.996+0000] {dagbag.py:545} INFO - Filling up the DagBag from /home/airflow/.local/lib/python3.12/site-packages/airflow/example_dags/example_branch_operator.py
[2026-05-20T08:16:28.093+0000] {processor.py:840} INFO - DAG(s) 'example_branch_operator' retrieved from /home/airflow/.local/lib/python3.12/site-packages/airflow/example_dags/example_branch_operator.py
[2026-05-20T08:16:28.275+0000] {logging_mixin.py:188} INFO - [2026-05-20T08:16:28.274+0000] {dag.py:3089} INFO - Sync 1 DAGs
[2026-05-20T08:16:28.410+0000] {logging_mixin.py:188} INFO - [2026-05-20T08:16:28.409+0000] {dag.py:3947} INFO - Setting next_dagrun for example_branch_operator to 2026-05-19 00:00:00+00:00, run_after=2026-05-20 00:00:00+00:00
[2026-05-20T08:16:28.531+0000] {processor.py:183} INFO - Processing /home/airflow/.local/lib/python3.12/site-packages/airflow/example_dags/example_branch_operator.py took 0.564 seconds
[2026-05-20T08:16:59.084+0000] {processor.py:161} INFO - Started process (PID=1162) to work on /home/airflow/.local/lib/python3.12/site-packages/airflow/example_dags/example_branch_operator.py
[2026-05-20T08:16:59.090+0000] {processor.py:830} INFO - Processing file /home/airflow/.local/lib/python3.12/site-packages/airflow/example_dags/example_branch_operator.py for tasks to queue
[2026-05-20T08:16:59.100+0000] {logging_mixin.py:188} INFO - [2026-05-20T08:16:59.099+0000] {dagbag.py:545} INFO - Filling up the DagBag from /home/airflow/.local/lib/python3.12/site-packages/airflow/example_dags/example_branch_operator.py
[2026-05-20T08:16:59.174+0000] {processor.py:840} INFO - DAG(s) 'example_branch_operator' retrieved from /home/airflow/.local/lib/python3.12/site-packages/airflow/example_dags/example_branch_operator.py
[2026-05-20T08:16:59.253+0000] {logging_mixin.py:188} INFO - [2026-05-20T08:16:59.253+0000] {dag.py:3089} INFO - Sync 1 DAGs
[2026-05-20T08:16:59.291+0000] {logging_mixin.py:188} INFO - [2026-05-20T08:16:59.291+0000] {dag.py:3947} INFO - Setting next_dagrun for example_branch_operator to 2026-05-19 00:00:00+00:00, run_after=2026-05-20 00:00:00+00:00
[2026-05-20T08:16:59.322+0000] {processor.py:183} INFO - Processing /home/airflow/.local/lib/python3.12/site-packages/airflow/example_dags/example_branch_operator.py took 0.261 seconds
[2026-05-20T08:17:30.204+0000] {processor.py:161} INFO - Started process (PID=1223) to work on /home/airflow/.local/lib/python3.12/site-packages/airflow/example_dags/example_branch_operator.py
[2026-05-20T08:17:30.206+0000] {processor.py:830} INFO - Processing file /home/airflow/.local/lib/python3.12/site-packages/airflow/example_dags/example_branch_operator.py for tasks to queue
[2026-05-20T08:17:30.209+0000] {logging_mixin.py:188} INFO - [2026-05-20T08:17:30.209+0000] {dagbag.py:545} INFO - Filling up the DagBag from /home/airflow/.local/lib/python3.12/site-packages/airflow/example_dags/example_branch_operator.py
[2026-05-20T08:17:30.239+0000] {processor.py:840} INFO - DAG(s) 'example_branch_operator' retrieved from /home/airflow/.local/lib/python3.12/site-packages/airflow/example_dags/example_branch_operator.py
[2026-05-20T08:17:30.290+0000] {logging_mixin.py:188} INFO - [2026-05-20T08:17:30.289+0000] {dag.py:3089} INFO - Sync 1 DAGs
[2026-05-20T08:17:30.325+0000] {logging_mixin.py:188} INFO - [2026-05-20T08:17:30.325+0000] {dag.py:3947} INFO - Setting next_dagrun for example_branch_operator to 2026-05-19 00:00:00+00:00, run_after=2026-05-20 00:00:00+00:00
[2026-05-20T08:17:30.375+0000] {processor.py:183} INFO - Processing /home/airflow/.local/lib/python3.12/site-packages/airflow/example_dags/example_branch_operator.py took 0.182 seconds
[2026-05-20T08:18:00.861+0000] {processor.py:161} INFO - Started process (PID=1283) to work on /home/airflow/.local/lib/python3.12/site-packages/airflow/example_dags/example_branch_operator.py
[2026-05-20T08:18:00.863+0000] {processor.py:830} INFO - Processing file /home/airflow/.local/lib/python3.12/site-packages/airflow/example_dags/example_branch_operator.py for tasks to queue
[2026-05-20T08:18:00.866+0000] {logging_mixin.py:188} INFO - [2026-05-20T08:18:00.865+0000] {dagbag.py:545} INFO - Filling up the DagBag from /home/airflow/.local/lib/python3.12/site-packages/airflow/example_dags/example_branch_operator.py
[2026-05-20T08:18:00.891+0000] {processor.py:840} INFO - DAG(s) 'example_branch_operator' retrieved from /home/airflow/.local/lib/python3.12/site-packages/airflow/example_dags/example_branch_operator.py
[2026-05-20T08:18:00.941+0000] {logging_mixin.py:188} INFO - [2026-05-20T08:18:00.940+0000] {dag.py:3089} INFO - Sync 1 DAGs
[2026-05-20T08:18:00.978+0000] {logging_mixin.py:188} INFO - [2026-05-20T08:18:00.977+0000] {dag.py:3947} INFO - Setting next_dagrun for example_branch_operator to 2026-05-19 00:00:00+00:00, run_after=2026-05-20 00:00:00+00:00
[2026-05-20T08:18:01.007+0000] {processor.py:183} INFO - Processing /home/airflow/.local/lib/python3.12/site-packages/airflow/example_dags/example_branch_operator.py took 0.156 seconds
[2026-05-20T08:18:32.098+0000] {processor.py:161} INFO - Started process (PID=1345) to work on /home/airflow/.local/lib/python3.12/site-packages/airflow/example_dags/example_branch_operator.py
[2026-05-20T08:18:32.099+0000] {processor.py:830} INFO - Processing file /home/airflow/.local/lib/python3.12/site-packages/airflow/example_dags/example_branch_operator.py for tasks to queue
[2026-05-20T08:18:32.103+0000] {logging_mixin.py:188} INFO - [2026-05-20T08:18:32.102+0000] {dagbag.py:545} INFO - Filling up the DagBag from /home/airflow/.local/lib/python3.12/site-packages/airflow/example_dags/example_branch_operator.py
[2026-05-20T08:18:32.130+0000] {processor.py:840} INFO - DAG(s) 'example_branch_operator' retrieved from /home/airflow/.local/lib/python3.12/site-packages/airflow/example_dags/example_branch_operator.py
[2026-05-20T08:18:32.176+0000] {logging_mixin.py:188} INFO - [2026-05-20T08:18:32.175+0000] {dag.py:3089} INFO - Sync 1 DAGs
[2026-05-20T08:18:32.222+0000] {logging_mixin.py:188} INFO - [2026-05-20T08:18:32.221+0000] {dag.py:3947} INFO - Setting next_dagrun for example_branch_operator to 2026-05-19 00:00:00+00:00, run_after=2026-05-20 00:00:00+00:00
[2026-05-20T08:18:32.258+0000] {processor.py:183} INFO - Processing /home/airflow/.local/lib/python3.12/site-packages/airflow/example_dags/example_branch_operator.py took 0.170 seconds
[2026-05-20T08:19:02.796+0000] {processor.py:161} INFO - Started process (PID=1406) to work on /home/airflow/.local/lib/python3.12/site-packages/airflow/example_dags/example_branch_operator.py
[2026-05-20T08:19:02.798+0000] {processor.py:830} INFO - Processing file /home/airflow/.local/lib/python3.12/site-packages/airflow/example_dags/example_branch_operator.py for tasks to queue
[2026-05-20T08:19:02.802+0000] {logging_mixin.py:188} INFO - [2026-05-20T08:19:02.801+0000] {dagbag.py:545} INFO - Filling up the DagBag from /home/airflow/.local/lib/python3.12/site-packages/airflow/example_dags/example_branch_operator.py
[2026-05-20T08:19:02.827+0000] {processor.py:840} INFO - DAG(s) 'example_branch_operator' retrieved from /home/airflow/.local/lib/python3.12/site-packages/airflow/example_dags/example_branch_operator.py
[2026-05-20T08:19:02.869+0000] {logging_mixin.py:188} INFO - [2026-05-20T08:19:02.869+0000] {dag.py:3089} INFO - Sync 1 DAGs
[2026-05-20T08:19:02.908+0000] {logging_mixin.py:188} INFO - [2026-05-20T08:19:02.908+0000] {dag.py:3947} INFO - Setting next_dagrun for example_branch_operator to 2026-05-19 00:00:00+00:00, run_after=2026-05-20 00:00:00+00:00
[2026-05-20T08:19:02.936+0000] {processor.py:183} INFO - Processing /home/airflow/.local/lib/python3.12/site-packages/airflow/example_dags/example_branch_operator.py took 0.149 seconds
[2026-05-20T08:19:33.303+0000] {processor.py:161} INFO - Started process (PID=1466) to work on /home/airflow/.local/lib/python3.12/site-packages/airflow/example_dags/example_branch_operator.py
[2026-05-20T08:19:33.306+0000] {processor.py:830} INFO - Processing file /home/airflow/.local/lib/python3.12/site-packages/airflow/example_dags/example_branch_operator.py for tasks to queue
[2026-05-20T08:19:33.311+0000] {logging_mixin.py:188} INFO - [2026-05-20T08:19:33.310+0000] {dagbag.py:545} INFO - Filling up the DagBag from /home/airflow/.local/lib/python3.12/site-packages/airflow/example_dags/example_branch_operator.py
[2026-05-20T08:19:33.345+0000] {processor.py:840} INFO - DAG(s) 'example_branch_operator' retrieved from /home/airflow/.local/lib/python3.12/site-packages/airflow/example_dags/example_branch_operator.py
[2026-05-20T08:19:33.402+0000] {logging_mixin.py:188} INFO - [2026-05-20T08:19:33.401+0000] {dag.py:3089} INFO - Sync 1 DAGs
[2026-05-20T08:19:33.435+0000] {logging_mixin.py:188} INFO - [2026-05-20T08:19:33.435+0000] {dag.py:3947} INFO - Setting next_dagrun for example_branch_operator to 2026-05-19 00:00:00+00:00, run_after=2026-05-20 00:00:00+00:00
[2026-05-20T08:19:33.479+0000] {processor.py:183} INFO - Processing /home/airflow/.local/lib/python3.12/site-packages/airflow/example_dags/example_branch_operator.py took 0.190 seconds
[2026-05-20T08:20:04.495+0000] {processor.py:161} INFO - Started process (PID=1525) to work on /home/airflow/.local/lib/python3.12/site-packages/airflow/example_dags/example_branch_operator.py
[2026-05-20T08:20:04.497+0000] {processor.py:830} INFO - Processing file /home/airflow/.local/lib/python3.12/site-packages/airflow/example_dags/example_branch_operator.py for tasks to queue
[2026-05-20T08:20:04.500+0000] {logging_mixin.py:188} INFO - [2026-05-20T08:20:04.499+0000] {dagbag.py:545} INFO - Filling up the DagBag from /home/airflow/.local/lib/python3.12/site-packages/airflow/example_dags/example_branch_operator.py
[2026-05-20T08:20:04.528+0000] {processor.py:840} INFO - DAG(s) 'example_branch_operator' retrieved from /home/airflow/.local/lib/python3.12/site-packages/airflow/example_dags/example_branch_operator.py
[2026-05-20T08:20:04.568+0000] {logging_mixin.py:188} INFO - [2026-05-20T08:20:04.568+0000] {dag.py:3089} INFO - Sync 1 DAGs
[2026-05-20T08:20:04.603+0000] {logging_mixin.py:188} INFO - [2026-05-20T08:20:04.602+0000] {dag.py:3947} INFO - Setting next_dagrun for example_branch_operator to 2026-05-19 00:00:00+00:00, run_after=2026-05-20 00:00:00+00:00
[2026-05-20T08:20:04.632+0000] {processor.py:183} INFO - Processing /home/airflow/.local/lib/python3.12/site-packages/airflow/example_dags/example_branch_operator.py took 0.146 seconds
[2026-05-20T08:20:41.062+0000] {processor.py:161} INFO - Started process (PID=1591) to work on /home/airflow/.local/lib/python3.12/site-packages/airflow/example_dags/example_branch_operator.py
[2026-05-20T08:20:41.077+0000] {processor.py:830} INFO - Processing file /home/airflow/.local/lib/python3.12/site-packages/airflow/example_dags/example_branch_operator.py for tasks to queue
[2026-05-20T08:20:41.086+0000] {logging_mixin.py:188} INFO - [2026-05-20T08:20:41.085+0000] {dagbag.py:545} INFO - Filling up the DagBag from /home/airflow/.local/lib/python3.12/site-packages/airflow/example_dags/example_branch_operator.py
[2026-05-20T08:20:41.221+0000] {processor.py:840} INFO - DAG(s) 'example_branch_operator' retrieved from /home/airflow/.local/lib/python3.12/site-packages/airflow/example_dags/example_branch_operator.py
[2026-05-20T08:20:41.363+0000] {logging_mixin.py:188} INFO - [2026-05-20T08:20:41.362+0000] {dag.py:3089} INFO - Sync 1 DAGs
[2026-05-20T08:20:41.549+0000] {logging_mixin.py:188} INFO - [2026-05-20T08:20:41.540+0000] {dag.py:3947} INFO - Setting next_dagrun for example_branch_operator to 2026-05-19 00:00:00+00:00, run_after=2026-05-20 00:00:00+00:00
[2026-05-20T08:20:41.717+0000] {processor.py:183} INFO - Processing /home/airflow/.local/lib/python3.12/site-packages/airflow/example_dags/example_branch_operator.py took 0.736 seconds
[2026-05-20T08:21:12.577+0000] {processor.py:161} INFO - Started process (PID=1651) to work on /home/airflow/.local/lib/python3.12/site-packages/airflow/example_dags/example_branch_operator.py
[2026-05-20T08:21:12.581+0000] {processor.py:830} INFO - Processing file /home/airflow/.local/lib/python3.12/site-packages/airflow/example_dags/example_branch_operator.py for tasks to queue
[2026-05-20T08:21:12.602+0000] {logging_mixin.py:188} INFO - [2026-05-20T08:21:12.601+0000] {dagbag.py:545} INFO - Filling up the DagBag from /home/airflow/.local/lib/python3.12/site-packages/airflow/example_dags/example_branch_operator.py
[2026-05-20T08:21:12.777+0000] {processor.py:840} INFO - DAG(s) 'example_branch_operator' retrieved from /home/airflow/.local/lib/python3.12/site-packages/airflow/example_dags/example_branch_operator.py
[2026-05-20T08:21:12.999+0000] {logging_mixin.py:188} INFO - [2026-05-20T08:21:12.995+0000] {dag.py:3089} INFO - Sync 1 DAGs
[2026-05-20T08:21:13.136+0000] {logging_mixin.py:188} INFO - [2026-05-20T08:21:13.135+0000] {dag.py:3947} INFO - Setting next_dagrun for example_branch_operator to 2026-05-19 00:00:00+00:00, run_after=2026-05-20 00:00:00+00:00
[2026-05-20T08:21:13.258+0000] {processor.py:183} INFO - Processing /home/airflow/.local/lib/python3.12/site-packages/airflow/example_dags/example_branch_operator.py took 0.710 seconds
[2026-05-20T08:21:43.989+0000] {processor.py:161} INFO - Started process (PID=1710) to work on /home/airflow/.local/lib/python3.12/site-packages/airflow/example_dags/example_branch_operator.py
[2026-05-20T08:21:43.997+0000] {processor.py:830} INFO - Processing file /home/airflow/.local/lib/python3.12/site-packages/airflow/example_dags/example_branch_operator.py for tasks to queue
[2026-05-20T08:21:44.001+0000] {logging_mixin.py:188} INFO - [2026-05-20T08:21:44.000+0000] {dagbag.py:545} INFO - Filling up the DagBag from /home/airflow/.local/lib/python3.12/site-packages/airflow/example_dags/example_branch_operator.py
[2026-05-20T08:21:44.033+0000] {processor.py:840} INFO - DAG(s) 'example_branch_operator' retrieved from /home/airflow/.local/lib/python3.12/site-packages/airflow/example_dags/example_branch_operator.py
[2026-05-20T08:21:44.122+0000] {logging_mixin.py:188} INFO - [2026-05-20T08:21:44.121+0000] {dag.py:3089} INFO - Sync 1 DAGs
[2026-05-20T08:21:44.195+0000] {logging_mixin.py:188} INFO - [2026-05-20T08:21:44.194+0000] {dag.py:3947} INFO - Setting next_dagrun for example_branch_operator to 2026-05-19 00:00:00+00:00, run_after=2026-05-20 00:00:00+00:00
[2026-05-20T08:21:44.262+0000] {processor.py:183} INFO - Processing /home/airflow/.local/lib/python3.12/site-packages/airflow/example_dags/example_branch_operator.py took 0.286 seconds
[2026-05-20T08:22:15.188+0000] {processor.py:161} INFO - Started process (PID=1770) to work on /home/airflow/.local/lib/python3.12/site-packages/airflow/example_dags/example_branch_operator.py
[2026-05-20T08:22:15.192+0000] {processor.py:830} INFO - Processing file /home/airflow/.local/lib/python3.12/site-packages/airflow/example_dags/example_branch_operator.py for tasks to queue
[2026-05-20T08:22:15.199+0000] {logging_mixin.py:188} INFO - [2026-05-20T08:22:15.198+0000] {dagbag.py:545} INFO - Filling up the DagBag from /home/airflow/.local/lib/python3.12/site-packages/airflow/example_dags/example_branch_operator.py
[2026-05-20T08:22:15.251+0000] {processor.py:840} INFO - DAG(s) 'example_branch_operator' retrieved from /home/airflow/.local/lib/python3.12/site-packages/airflow/example_dags/example_branch_operator.py
[2026-05-20T08:22:15.338+0000] {logging_mixin.py:188} INFO - [2026-05-20T08:22:15.338+0000] {dag.py:3089} INFO - Sync 1 DAGs
[2026-05-20T08:22:15.459+0000] {logging_mixin.py:188} INFO - [2026-05-20T08:22:15.458+0000] {dag.py:3947} INFO - Setting next_dagrun for example_branch_operator to 2026-05-19 00:00:00+00:00, run_after=2026-05-20 00:00:00+00:00
[2026-05-20T08:22:15.534+0000] {processor.py:183} INFO - Processing /home/airflow/.local/lib/python3.12/site-packages/airflow/example_dags/example_branch_operator.py took 0.360 seconds
[2026-05-20T08:22:46.049+0000] {processor.py:161} INFO - Started process (PID=1830) to work on /home/airflow/.local/lib/python3.12/site-packages/airflow/example_dags/example_branch_operator.py
[2026-05-20T08:22:46.054+0000] {processor.py:830} INFO - Processing file /home/airflow/.local/lib/python3.12/site-packages/airflow/example_dags/example_branch_operator.py for tasks to queue
[2026-05-20T08:22:46.062+0000] {logging_mixin.py:188} INFO - [2026-05-20T08:22:46.061+0000] {dagbag.py:545} INFO - Filling up the DagBag from /home/airflow/.local/lib/python3.12/site-packages/airflow/example_dags/example_branch_operator.py
[2026-05-20T08:22:46.161+0000] {processor.py:840} INFO - DAG(s) 'example_branch_operator' retrieved from /home/airflow/.local/lib/python3.12/site-packages/airflow/example_dags/example_branch_operator.py
[2026-05-20T08:22:46.278+0000] {logging_mixin.py:188} INFO - [2026-05-20T08:22:46.277+0000] {dag.py:3089} INFO - Sync 1 DAGs
[2026-05-20T08:22:46.379+0000] {logging_mixin.py:188} INFO - [2026-05-20T08:22:46.378+0000] {dag.py:3947} INFO - Setting next_dagrun for example_branch_operator to 2026-05-19 00:00:00+00:00, run_after=2026-05-20 00:00:00+00:00
[2026-05-20T08:22:46.833+0000] {processor.py:183} INFO - Processing /home/airflow/.local/lib/python3.12/site-packages/airflow/example_dags/example_branch_operator.py took 0.808 seconds
[2026-05-20T08:23:17.304+0000] {processor.py:161} INFO - Started process (PID=1891) to work on /home/airflow/.local/lib/python3.12/site-packages/airflow/example_dags/example_branch_operator.py
[2026-05-20T08:23:17.308+0000] {processor.py:830} INFO - Processing file /home/airflow/.local/lib/python3.12/site-packages/airflow/example_dags/example_branch_operator.py for tasks to queue
[2026-05-20T08:23:17.318+0000] {logging_mixin.py:188} INFO - [2026-05-20T08:23:17.317+0000] {dagbag.py:545} INFO - Filling up the DagBag from /home/airflow/.local/lib/python3.12/site-packages/airflow/example_dags/example_branch_operator.py
[2026-05-20T08:23:17.407+0000] {processor.py:840} INFO - DAG(s) 'example_branch_operator' retrieved from /home/airflow/.local/lib/python3.12/site-packages/airflow/example_dags/example_branch_operator.py
[2026-05-20T08:23:17.558+0000] {logging_mixin.py:188} INFO - [2026-05-20T08:23:17.557+0000] {dag.py:3089} INFO - Sync 1 DAGs
[2026-05-20T08:23:17.667+0000] {logging_mixin.py:188} INFO - [2026-05-20T08:23:17.666+0000] {dag.py:3947} INFO - Setting next_dagrun for example_branch_operator to 2026-05-19 00:00:00+00:00, run_after=2026-05-20 00:00:00+00:00
[2026-05-20T08:23:17.746+0000] {processor.py:183} INFO - Processing /home/airflow/.local/lib/python3.12/site-packages/airflow/example_dags/example_branch_operator.py took 0.474 seconds
[2026-05-20T08:23:48.582+0000] {processor.py:161} INFO - Started process (PID=1952) to work on /home/airflow/.local/lib/python3.12/site-packages/airflow/example_dags/example_branch_operator.py
[2026-05-20T08:23:48.595+0000] {processor.py:830} INFO - Processing file /home/airflow/.local/lib/python3.12/site-packages/airflow/example_dags/example_branch_operator.py for tasks to queue
[2026-05-20T08:23:48.619+0000] {logging_mixin.py:188} INFO - [2026-05-20T08:23:48.618+0000] {dagbag.py:545} INFO - Filling up the DagBag from /home/airflow/.local/lib/python3.12/site-packages/airflow/example_dags/example_branch_operator.py
[2026-05-20T08:23:48.822+0000] {processor.py:840} INFO - DAG(s) 'example_branch_operator' retrieved from /home/airflow/.local/lib/python3.12/site-packages/airflow/example_dags/example_branch_operator.py
[2026-05-20T08:23:49.383+0000] {logging_mixin.py:188} INFO - [2026-05-20T08:23:49.382+0000] {dag.py:3089} INFO - Sync 1 DAGs
[2026-05-20T08:23:49.768+0000] {logging_mixin.py:188} INFO - [2026-05-20T08:23:49.767+0000] {dag.py:3947} INFO - Setting next_dagrun for example_branch_operator to 2026-05-19 00:00:00+00:00, run_after=2026-05-20 00:00:00+00:00
[2026-05-20T08:23:50.150+0000] {processor.py:183} INFO - Processing /home/airflow/.local/lib/python3.12/site-packages/airflow/example_dags/example_branch_operator.py took 1.605 seconds
[2026-05-20T08:24:20.474+0000] {processor.py:161} INFO - Started process (PID=2011) to work on /home/airflow/.local/lib/python3.12/site-packages/airflow/example_dags/example_branch_operator.py
[2026-05-20T08:24:20.479+0000] {processor.py:830} INFO - Processing file /home/airflow/.local/lib/python3.12/site-packages/airflow/example_dags/example_branch_operator.py for tasks to queue
[2026-05-20T08:24:20.484+0000] {logging_mixin.py:188} INFO - [2026-05-20T08:24:20.483+0000] {dagbag.py:545} INFO - Filling up the DagBag from /home/airflow/.local/lib/python3.12/site-packages/airflow/example_dags/example_branch_operator.py
[2026-05-20T08:24:20.526+0000] {processor.py:840} INFO - DAG(s) 'example_branch_operator' retrieved from /home/airflow/.local/lib/python3.12/site-packages/airflow/example_dags/example_branch_operator.py
[2026-05-20T08:24:20.592+0000] {logging_mixin.py:188} INFO - [2026-05-20T08:24:20.591+0000] {dag.py:3089} INFO - Sync 1 DAGs
[2026-05-20T08:24:20.640+0000] {logging_mixin.py:188} INFO - [2026-05-20T08:24:20.640+0000] {dag.py:3947} INFO - Setting next_dagrun for example_branch_operator to 2026-05-19 00:00:00+00:00, run_after=2026-05-20 00:00:00+00:00
[2026-05-20T08:24:20.701+0000] {processor.py:183} INFO - Processing /home/airflow/.local/lib/python3.12/site-packages/airflow/example_dags/example_branch_operator.py took 0.246 seconds
[2026-05-20T08:24:51.306+0000] {processor.py:161} INFO - Started process (PID=2071) to work on /home/airflow/.local/lib/python3.12/site-packages/airflow/example_dags/example_branch_operator.py
[2026-05-20T08:24:51.308+0000] {processor.py:830} INFO - Processing file /home/airflow/.local/lib/python3.12/site-packages/airflow/example_dags/example_branch_operator.py for tasks to queue
[2026-05-20T08:24:51.311+0000] {logging_mixin.py:188} INFO - [2026-05-20T08:24:51.310+0000] {dagbag.py:545} INFO - Filling up the DagBag from /home/airflow/.local/lib/python3.12/site-packages/airflow/example_dags/example_branch_operator.py
[2026-05-20T08:24:51.337+0000] {processor.py:840} INFO - DAG(s) 'example_branch_operator' retrieved from /home/airflow/.local/lib/python3.12/site-packages/airflow/example_dags/example_branch_operator.py
[2026-05-20T08:24:51.383+0000] {logging_mixin.py:188} INFO - [2026-05-20T08:24:51.383+0000] {dag.py:3089} INFO - Sync 1 DAGs
[2026-05-20T08:24:51.600+0000] {logging_mixin.py:188} INFO - [2026-05-20T08:24:51.600+0000] {dag.py:3947} INFO - Setting next_dagrun for example_branch_operator to 2026-05-19 00:00:00+00:00, run_after=2026-05-20 00:00:00+00:00
[2026-05-20T08:24:51.630+0000] {processor.py:183} INFO - Processing /home/airflow/.local/lib/python3.12/site-packages/airflow/example_dags/example_branch_operator.py took 0.332 seconds
[2026-05-20T08:25:38.092+0000] {processor.py:161} INFO - Started process (PID=2130) to work on /home/airflow/.local/lib/python3.12/site-packages/airflow/example_dags/example_branch_operator.py
[2026-05-20T08:25:38.095+0000] {processor.py:830} INFO - Processing file /home/airflow/.local/lib/python3.12/site-packages/airflow/example_dags/example_branch_operator.py for tasks to queue
[2026-05-20T08:25:38.100+0000] {logging_mixin.py:188} INFO - [2026-05-20T08:25:38.099+0000] {dagbag.py:545} INFO - Filling up the DagBag from /home/airflow/.local/lib/python3.12/site-packages/airflow/example_dags/example_branch_operator.py
[2026-05-20T08:25:38.249+0000] {processor.py:840} INFO - DAG(s) 'example_branch_operator' retrieved from /home/airflow/.local/lib/python3.12/site-packages/airflow/example_dags/example_branch_operator.py
[2026-05-20T08:25:38.524+0000] {logging_mixin.py:188} INFO - [2026-05-20T08:25:38.523+0000] {dag.py:3089} INFO - Sync 1 DAGs
[2026-05-20T08:25:38.662+0000] {logging_mixin.py:188} INFO - [2026-05-20T08:25:38.661+0000] {dag.py:3947} INFO - Setting next_dagrun for example_branch_operator to 2026-05-19 00:00:00+00:00, run_after=2026-05-20 00:00:00+00:00
[2026-05-20T08:25:38.732+0000] {processor.py:183} INFO - Processing /home/airflow/.local/lib/python3.12/site-packages/airflow/example_dags/example_branch_operator.py took 0.652 seconds
[2026-05-20T08:26:09.313+0000] {processor.py:161} INFO - Started process (PID=2190) to work on /home/airflow/.local/lib/python3.12/site-packages/airflow/example_dags/example_branch_operator.py
[2026-05-20T08:26:09.315+0000] {processor.py:830} INFO - Processing file /home/airflow/.local/lib/python3.12/site-packages/airflow/example_dags/example_branch_operator.py for tasks to queue
[2026-05-20T08:26:09.319+0000] {logging_mixin.py:188} INFO - [2026-05-20T08:26:09.318+0000] {dagbag.py:545} INFO - Filling up the DagBag from /home/airflow/.local/lib/python3.12/site-packages/airflow/example_dags/example_branch_operator.py
[2026-05-20T08:26:09.351+0000] {processor.py:840} INFO - DAG(s) 'example_branch_operator' retrieved from /home/airflow/.local/lib/python3.12/site-packages/airflow/example_dags/example_branch_operator.py
[2026-05-20T08:26:09.424+0000] {logging_mixin.py:188} INFO - [2026-05-20T08:26:09.423+0000] {dag.py:3089} INFO - Sync 1 DAGs
[2026-05-20T08:26:09.472+0000] {logging_mixin.py:188} INFO - [2026-05-20T08:26:09.471+0000] {dag.py:3947} INFO - Setting next_dagrun for example_branch_operator to 2026-05-19 00:00:00+00:00, run_after=2026-05-20 00:00:00+00:00
[2026-05-20T08:26:09.509+0000] {processor.py:183} INFO - Processing /home/airflow/.local/lib/python3.12/site-packages/airflow/example_dags/example_branch_operator.py took 0.212 seconds
[2026-05-20T08:26:39.788+0000] {processor.py:161} INFO - Started process (PID=2250) to work on /home/airflow/.local/lib/python3.12/site-packages/airflow/example_dags/example_branch_operator.py
[2026-05-20T08:26:39.793+0000] {processor.py:830} INFO - Processing file /home/airflow/.local/lib/python3.12/site-packages/airflow/example_dags/example_branch_operator.py for tasks to queue
[2026-05-20T08:26:39.798+0000] {logging_mixin.py:188} INFO - [2026-05-20T08:26:39.797+0000] {dagbag.py:545} INFO - Filling up the DagBag from /home/airflow/.local/lib/python3.12/site-packages/airflow/example_dags/example_branch_operator.py
[2026-05-20T08:26:39.831+0000] {processor.py:840} INFO - DAG(s) 'example_branch_operator' retrieved from /home/airflow/.local/lib/python3.12/site-packages/airflow/example_dags/example_branch_operator.py
[2026-05-20T08:26:39.879+0000] {logging_mixin.py:188} INFO - [2026-05-20T08:26:39.878+0000] {dag.py:3089} INFO - Sync 1 DAGs
[2026-05-20T08:26:40.191+0000] {logging_mixin.py:188} INFO - [2026-05-20T08:26:40.190+0000] {dag.py:3947} INFO - Setting next_dagrun for example_branch_operator to 2026-05-19 00:00:00+00:00, run_after=2026-05-20 00:00:00+00:00
[2026-05-20T08:26:40.244+0000] {processor.py:183} INFO - Processing /home/airflow/.local/lib/python3.12/site-packages/airflow/example_dags/example_branch_operator.py took 0.470 seconds
