[2026-05-20T08:07:38.557+0000] {processor.py:161} INFO - Started process (PID=133) to work on /home/airflow/.local/lib/python3.12/site-packages/airflow/example_dags/example_task_group.py
[2026-05-20T08:07:38.560+0000] {processor.py:830} INFO - Processing file /home/airflow/.local/lib/python3.12/site-packages/airflow/example_dags/example_task_group.py for tasks to queue
[2026-05-20T08:07:38.564+0000] {logging_mixin.py:188} INFO - [2026-05-20T08:07:38.564+0000] {dagbag.py:545} INFO - Filling up the DagBag from /home/airflow/.local/lib/python3.12/site-packages/airflow/example_dags/example_task_group.py
[2026-05-20T08:07:38.586+0000] {processor.py:840} INFO - DAG(s) 'example_task_group' retrieved from /home/airflow/.local/lib/python3.12/site-packages/airflow/example_dags/example_task_group.py
[2026-05-20T08:07:39.072+0000] {logging_mixin.py:188} INFO - [2026-05-20T08:07:39.071+0000] {dag.py:3089} INFO - Sync 1 DAGs
[2026-05-20T08:07:39.193+0000] {logging_mixin.py:188} INFO - [2026-05-20T08:07:39.185+0000] {dag.py:3947} INFO - Setting next_dagrun for example_task_group to 2026-05-19 00:00:00+00:00, run_after=2026-05-20 00:00:00+00:00
[2026-05-20T08:07:39.358+0000] {processor.py:183} INFO - Processing /home/airflow/.local/lib/python3.12/site-packages/airflow/example_dags/example_task_group.py took 0.812 seconds
[2026-05-20T08:08:17.291+0000] {processor.py:161} INFO - Started process (PID=194) to work on /home/airflow/.local/lib/python3.12/site-packages/airflow/example_dags/example_task_group.py
[2026-05-20T08:08:17.299+0000] {processor.py:830} INFO - Processing file /home/airflow/.local/lib/python3.12/site-packages/airflow/example_dags/example_task_group.py for tasks to queue
[2026-05-20T08:08:17.303+0000] {logging_mixin.py:188} INFO - [2026-05-20T08:08:17.302+0000] {dagbag.py:545} INFO - Filling up the DagBag from /home/airflow/.local/lib/python3.12/site-packages/airflow/example_dags/example_task_group.py
[2026-05-20T08:08:17.321+0000] {processor.py:840} INFO - DAG(s) 'example_task_group' retrieved from /home/airflow/.local/lib/python3.12/site-packages/airflow/example_dags/example_task_group.py
[2026-05-20T08:08:17.362+0000] {logging_mixin.py:188} INFO - [2026-05-20T08:08:17.361+0000] {dag.py:3089} INFO - Sync 1 DAGs
[2026-05-20T08:08:17.404+0000] {logging_mixin.py:188} INFO - [2026-05-20T08:08:17.404+0000] {dag.py:3947} INFO - Setting next_dagrun for example_task_group to 2026-05-19 00:00:00+00:00, run_after=2026-05-20 00:00:00+00:00
[2026-05-20T08:08:17.454+0000] {processor.py:183} INFO - Processing /home/airflow/.local/lib/python3.12/site-packages/airflow/example_dags/example_task_group.py took 0.177 seconds
[2026-05-20T08:08:50.785+0000] {processor.py:161} INFO - Started process (PID=253) to work on /home/airflow/.local/lib/python3.12/site-packages/airflow/example_dags/example_task_group.py
[2026-05-20T08:08:50.798+0000] {processor.py:830} INFO - Processing file /home/airflow/.local/lib/python3.12/site-packages/airflow/example_dags/example_task_group.py for tasks to queue
[2026-05-20T08:08:50.811+0000] {logging_mixin.py:188} INFO - [2026-05-20T08:08:50.808+0000] {dagbag.py:545} INFO - Filling up the DagBag from /home/airflow/.local/lib/python3.12/site-packages/airflow/example_dags/example_task_group.py
[2026-05-20T08:08:50.851+0000] {processor.py:840} INFO - DAG(s) 'example_task_group' retrieved from /home/airflow/.local/lib/python3.12/site-packages/airflow/example_dags/example_task_group.py
[2026-05-20T08:08:50.972+0000] {logging_mixin.py:188} INFO - [2026-05-20T08:08:50.971+0000] {dag.py:3089} INFO - Sync 1 DAGs
[2026-05-20T08:08:51.059+0000] {logging_mixin.py:188} INFO - [2026-05-20T08:08:51.059+0000] {dag.py:3947} INFO - Setting next_dagrun for example_task_group to 2026-05-19 00:00:00+00:00, run_after=2026-05-20 00:00:00+00:00
[2026-05-20T08:08:51.142+0000] {processor.py:183} INFO - Processing /home/airflow/.local/lib/python3.12/site-packages/airflow/example_dags/example_task_group.py took 0.399 seconds
[2026-05-20T08:09:21.576+0000] {processor.py:161} INFO - Started process (PID=312) to work on /home/airflow/.local/lib/python3.12/site-packages/airflow/example_dags/example_task_group.py
[2026-05-20T08:09:21.579+0000] {processor.py:830} INFO - Processing file /home/airflow/.local/lib/python3.12/site-packages/airflow/example_dags/example_task_group.py for tasks to queue
[2026-05-20T08:09:21.585+0000] {logging_mixin.py:188} INFO - [2026-05-20T08:09:21.583+0000] {dagbag.py:545} INFO - Filling up the DagBag from /home/airflow/.local/lib/python3.12/site-packages/airflow/example_dags/example_task_group.py
[2026-05-20T08:09:21.608+0000] {processor.py:840} INFO - DAG(s) 'example_task_group' retrieved from /home/airflow/.local/lib/python3.12/site-packages/airflow/example_dags/example_task_group.py
[2026-05-20T08:09:21.691+0000] {logging_mixin.py:188} INFO - [2026-05-20T08:09:21.690+0000] {dag.py:3089} INFO - Sync 1 DAGs
[2026-05-20T08:09:21.739+0000] {logging_mixin.py:188} INFO - [2026-05-20T08:09:21.738+0000] {dag.py:3947} INFO - Setting next_dagrun for example_task_group to 2026-05-19 00:00:00+00:00, run_after=2026-05-20 00:00:00+00:00
[2026-05-20T08:09:21.796+0000] {processor.py:183} INFO - Processing /home/airflow/.local/lib/python3.12/site-packages/airflow/example_dags/example_task_group.py took 0.236 seconds
[2026-05-20T08:09:52.098+0000] {processor.py:161} INFO - Started process (PID=372) to work on /home/airflow/.local/lib/python3.12/site-packages/airflow/example_dags/example_task_group.py
[2026-05-20T08:09:52.100+0000] {processor.py:830} INFO - Processing file /home/airflow/.local/lib/python3.12/site-packages/airflow/example_dags/example_task_group.py for tasks to queue
[2026-05-20T08:09:52.104+0000] {logging_mixin.py:188} INFO - [2026-05-20T08:09:52.103+0000] {dagbag.py:545} INFO - Filling up the DagBag from /home/airflow/.local/lib/python3.12/site-packages/airflow/example_dags/example_task_group.py
[2026-05-20T08:09:52.117+0000] {processor.py:840} INFO - DAG(s) 'example_task_group' retrieved from /home/airflow/.local/lib/python3.12/site-packages/airflow/example_dags/example_task_group.py
[2026-05-20T08:09:52.154+0000] {logging_mixin.py:188} INFO - [2026-05-20T08:09:52.154+0000] {dag.py:3089} INFO - Sync 1 DAGs
[2026-05-20T08:09:52.188+0000] {logging_mixin.py:188} INFO - [2026-05-20T08:09:52.187+0000] {dag.py:3947} INFO - Setting next_dagrun for example_task_group to 2026-05-19 00:00:00+00:00, run_after=2026-05-20 00:00:00+00:00
[2026-05-20T08:09:52.217+0000] {processor.py:183} INFO - Processing /home/airflow/.local/lib/python3.12/site-packages/airflow/example_dags/example_task_group.py took 0.130 seconds
[2026-05-20T08:10:26.796+0000] {processor.py:161} INFO - Started process (PID=432) to work on /home/airflow/.local/lib/python3.12/site-packages/airflow/example_dags/example_task_group.py
[2026-05-20T08:10:26.799+0000] {processor.py:830} INFO - Processing file /home/airflow/.local/lib/python3.12/site-packages/airflow/example_dags/example_task_group.py for tasks to queue
[2026-05-20T08:10:26.804+0000] {logging_mixin.py:188} INFO - [2026-05-20T08:10:26.803+0000] {dagbag.py:545} INFO - Filling up the DagBag from /home/airflow/.local/lib/python3.12/site-packages/airflow/example_dags/example_task_group.py
[2026-05-20T08:10:26.827+0000] {processor.py:840} INFO - DAG(s) 'example_task_group' retrieved from /home/airflow/.local/lib/python3.12/site-packages/airflow/example_dags/example_task_group.py
[2026-05-20T08:10:26.895+0000] {logging_mixin.py:188} INFO - [2026-05-20T08:10:26.894+0000] {dag.py:3089} INFO - Sync 1 DAGs
[2026-05-20T08:10:27.032+0000] {logging_mixin.py:188} INFO - [2026-05-20T08:10:27.031+0000] {dag.py:3947} INFO - Setting next_dagrun for example_task_group to 2026-05-19 00:00:00+00:00, run_after=2026-05-20 00:00:00+00:00
[2026-05-20T08:10:27.087+0000] {processor.py:183} INFO - Processing /home/airflow/.local/lib/python3.12/site-packages/airflow/example_dags/example_task_group.py took 0.308 seconds
[2026-05-20T08:10:57.251+0000] {processor.py:161} INFO - Started process (PID=491) to work on /home/airflow/.local/lib/python3.12/site-packages/airflow/example_dags/example_task_group.py
[2026-05-20T08:10:57.253+0000] {processor.py:830} INFO - Processing file /home/airflow/.local/lib/python3.12/site-packages/airflow/example_dags/example_task_group.py for tasks to queue
[2026-05-20T08:10:57.257+0000] {logging_mixin.py:188} INFO - [2026-05-20T08:10:57.256+0000] {dagbag.py:545} INFO - Filling up the DagBag from /home/airflow/.local/lib/python3.12/site-packages/airflow/example_dags/example_task_group.py
[2026-05-20T08:10:57.267+0000] {processor.py:840} INFO - DAG(s) 'example_task_group' retrieved from /home/airflow/.local/lib/python3.12/site-packages/airflow/example_dags/example_task_group.py
[2026-05-20T08:10:57.298+0000] {logging_mixin.py:188} INFO - [2026-05-20T08:10:57.298+0000] {dag.py:3089} INFO - Sync 1 DAGs
[2026-05-20T08:10:57.332+0000] {logging_mixin.py:188} INFO - [2026-05-20T08:10:57.332+0000] {dag.py:3947} INFO - Setting next_dagrun for example_task_group to 2026-05-19 00:00:00+00:00, run_after=2026-05-20 00:00:00+00:00
[2026-05-20T08:10:57.360+0000] {processor.py:183} INFO - Processing /home/airflow/.local/lib/python3.12/site-packages/airflow/example_dags/example_task_group.py took 0.117 seconds
[2026-05-20T08:11:28.430+0000] {processor.py:161} INFO - Started process (PID=552) to work on /home/airflow/.local/lib/python3.12/site-packages/airflow/example_dags/example_task_group.py
[2026-05-20T08:11:28.433+0000] {processor.py:830} INFO - Processing file /home/airflow/.local/lib/python3.12/site-packages/airflow/example_dags/example_task_group.py for tasks to queue
[2026-05-20T08:11:28.437+0000] {logging_mixin.py:188} INFO - [2026-05-20T08:11:28.436+0000] {dagbag.py:545} INFO - Filling up the DagBag from /home/airflow/.local/lib/python3.12/site-packages/airflow/example_dags/example_task_group.py
[2026-05-20T08:11:28.455+0000] {processor.py:840} INFO - DAG(s) 'example_task_group' retrieved from /home/airflow/.local/lib/python3.12/site-packages/airflow/example_dags/example_task_group.py
[2026-05-20T08:11:28.503+0000] {logging_mixin.py:188} INFO - [2026-05-20T08:11:28.503+0000] {dag.py:3089} INFO - Sync 1 DAGs
[2026-05-20T08:11:28.561+0000] {logging_mixin.py:188} INFO - [2026-05-20T08:11:28.560+0000] {dag.py:3947} INFO - Setting next_dagrun for example_task_group to 2026-05-19 00:00:00+00:00, run_after=2026-05-20 00:00:00+00:00
[2026-05-20T08:11:28.610+0000] {processor.py:183} INFO - Processing /home/airflow/.local/lib/python3.12/site-packages/airflow/example_dags/example_task_group.py took 0.226 seconds
[2026-05-20T08:12:01.908+0000] {processor.py:161} INFO - Started process (PID=612) to work on /home/airflow/.local/lib/python3.12/site-packages/airflow/example_dags/example_task_group.py
[2026-05-20T08:12:01.913+0000] {processor.py:830} INFO - Processing file /home/airflow/.local/lib/python3.12/site-packages/airflow/example_dags/example_task_group.py for tasks to queue
[2026-05-20T08:12:01.918+0000] {logging_mixin.py:188} INFO - [2026-05-20T08:12:01.917+0000] {dagbag.py:545} INFO - Filling up the DagBag from /home/airflow/.local/lib/python3.12/site-packages/airflow/example_dags/example_task_group.py
[2026-05-20T08:12:01.945+0000] {processor.py:840} INFO - DAG(s) 'example_task_group' retrieved from /home/airflow/.local/lib/python3.12/site-packages/airflow/example_dags/example_task_group.py
[2026-05-20T08:12:02.011+0000] {logging_mixin.py:188} INFO - [2026-05-20T08:12:02.011+0000] {dag.py:3089} INFO - Sync 1 DAGs
[2026-05-20T08:12:02.065+0000] {logging_mixin.py:188} INFO - [2026-05-20T08:12:02.065+0000] {dag.py:3947} INFO - Setting next_dagrun for example_task_group to 2026-05-19 00:00:00+00:00, run_after=2026-05-20 00:00:00+00:00
[2026-05-20T08:12:02.106+0000] {processor.py:183} INFO - Processing /home/airflow/.local/lib/python3.12/site-packages/airflow/example_dags/example_task_group.py took 0.227 seconds
[2026-05-20T08:12:32.847+0000] {processor.py:161} INFO - Started process (PID=672) to work on /home/airflow/.local/lib/python3.12/site-packages/airflow/example_dags/example_task_group.py
[2026-05-20T08:12:32.850+0000] {processor.py:830} INFO - Processing file /home/airflow/.local/lib/python3.12/site-packages/airflow/example_dags/example_task_group.py for tasks to queue
[2026-05-20T08:12:32.858+0000] {logging_mixin.py:188} INFO - [2026-05-20T08:12:32.857+0000] {dagbag.py:545} INFO - Filling up the DagBag from /home/airflow/.local/lib/python3.12/site-packages/airflow/example_dags/example_task_group.py
[2026-05-20T08:12:32.878+0000] {processor.py:840} INFO - DAG(s) 'example_task_group' retrieved from /home/airflow/.local/lib/python3.12/site-packages/airflow/example_dags/example_task_group.py
[2026-05-20T08:12:32.939+0000] {logging_mixin.py:188} INFO - [2026-05-20T08:12:32.938+0000] {dag.py:3089} INFO - Sync 1 DAGs
[2026-05-20T08:12:33.017+0000] {logging_mixin.py:188} INFO - [2026-05-20T08:12:33.016+0000] {dag.py:3947} INFO - Setting next_dagrun for example_task_group to 2026-05-19 00:00:00+00:00, run_after=2026-05-20 00:00:00+00:00
[2026-05-20T08:12:33.102+0000] {processor.py:183} INFO - Processing /home/airflow/.local/lib/python3.12/site-packages/airflow/example_dags/example_task_group.py took 0.272 seconds
[2026-05-20T08:13:09.214+0000] {processor.py:161} INFO - Started process (PID=738) to work on /home/airflow/.local/lib/python3.12/site-packages/airflow/example_dags/example_task_group.py
[2026-05-20T08:13:09.230+0000] {processor.py:830} INFO - Processing file /home/airflow/.local/lib/python3.12/site-packages/airflow/example_dags/example_task_group.py for tasks to queue
[2026-05-20T08:13:09.263+0000] {logging_mixin.py:188} INFO - [2026-05-20T08:13:09.251+0000] {dagbag.py:545} INFO - Filling up the DagBag from /home/airflow/.local/lib/python3.12/site-packages/airflow/example_dags/example_task_group.py
[2026-05-20T08:13:09.361+0000] {processor.py:840} INFO - DAG(s) 'example_task_group' retrieved from /home/airflow/.local/lib/python3.12/site-packages/airflow/example_dags/example_task_group.py
[2026-05-20T08:13:09.490+0000] {logging_mixin.py:188} INFO - [2026-05-20T08:13:09.487+0000] {dag.py:3089} INFO - Sync 1 DAGs
[2026-05-20T08:13:09.776+0000] {logging_mixin.py:188} INFO - [2026-05-20T08:13:09.746+0000] {dag.py:3947} INFO - Setting next_dagrun for example_task_group to 2026-05-19 00:00:00+00:00, run_after=2026-05-20 00:00:00+00:00
[2026-05-20T08:13:09.909+0000] {processor.py:183} INFO - Processing /home/airflow/.local/lib/python3.12/site-packages/airflow/example_dags/example_task_group.py took 0.750 seconds
[2026-05-20T08:13:48.358+0000] {processor.py:161} INFO - Started process (PID=798) to work on /home/airflow/.local/lib/python3.12/site-packages/airflow/example_dags/example_task_group.py
[2026-05-20T08:13:48.386+0000] {processor.py:830} INFO - Processing file /home/airflow/.local/lib/python3.12/site-packages/airflow/example_dags/example_task_group.py for tasks to queue
[2026-05-20T08:13:48.397+0000] {logging_mixin.py:188} INFO - [2026-05-20T08:13:48.395+0000] {dagbag.py:545} INFO - Filling up the DagBag from /home/airflow/.local/lib/python3.12/site-packages/airflow/example_dags/example_task_group.py
[2026-05-20T08:13:48.481+0000] {processor.py:840} INFO - DAG(s) 'example_task_group' retrieved from /home/airflow/.local/lib/python3.12/site-packages/airflow/example_dags/example_task_group.py
[2026-05-20T08:13:48.658+0000] {logging_mixin.py:188} INFO - [2026-05-20T08:13:48.657+0000] {dag.py:3089} INFO - Sync 1 DAGs
[2026-05-20T08:13:48.951+0000] {logging_mixin.py:188} INFO - [2026-05-20T08:13:48.949+0000] {dag.py:3947} INFO - Setting next_dagrun for example_task_group to 2026-05-19 00:00:00+00:00, run_after=2026-05-20 00:00:00+00:00
[2026-05-20T08:13:49.194+0000] {processor.py:183} INFO - Processing /home/airflow/.local/lib/python3.12/site-packages/airflow/example_dags/example_task_group.py took 0.904 seconds
[2026-05-20T08:14:21.443+0000] {processor.py:161} INFO - Started process (PID=856) to work on /home/airflow/.local/lib/python3.12/site-packages/airflow/example_dags/example_task_group.py
[2026-05-20T08:14:21.452+0000] {processor.py:830} INFO - Processing file /home/airflow/.local/lib/python3.12/site-packages/airflow/example_dags/example_task_group.py for tasks to queue
[2026-05-20T08:14:21.460+0000] {logging_mixin.py:188} INFO - [2026-05-20T08:14:21.459+0000] {dagbag.py:545} INFO - Filling up the DagBag from /home/airflow/.local/lib/python3.12/site-packages/airflow/example_dags/example_task_group.py
[2026-05-20T08:14:21.485+0000] {processor.py:840} INFO - DAG(s) 'example_task_group' retrieved from /home/airflow/.local/lib/python3.12/site-packages/airflow/example_dags/example_task_group.py
[2026-05-20T08:14:21.563+0000] {logging_mixin.py:188} INFO - [2026-05-20T08:14:21.562+0000] {dag.py:3089} INFO - Sync 1 DAGs
[2026-05-20T08:14:21.628+0000] {logging_mixin.py:188} INFO - [2026-05-20T08:14:21.627+0000] {dag.py:3947} INFO - Setting next_dagrun for example_task_group to 2026-05-19 00:00:00+00:00, run_after=2026-05-20 00:00:00+00:00
[2026-05-20T08:14:21.671+0000] {processor.py:183} INFO - Processing /home/airflow/.local/lib/python3.12/site-packages/airflow/example_dags/example_task_group.py took 0.247 seconds
[2026-05-20T08:14:52.353+0000] {processor.py:161} INFO - Started process (PID=916) to work on /home/airflow/.local/lib/python3.12/site-packages/airflow/example_dags/example_task_group.py
[2026-05-20T08:14:52.356+0000] {processor.py:830} INFO - Processing file /home/airflow/.local/lib/python3.12/site-packages/airflow/example_dags/example_task_group.py for tasks to queue
[2026-05-20T08:14:52.361+0000] {logging_mixin.py:188} INFO - [2026-05-20T08:14:52.360+0000] {dagbag.py:545} INFO - Filling up the DagBag from /home/airflow/.local/lib/python3.12/site-packages/airflow/example_dags/example_task_group.py
[2026-05-20T08:14:52.388+0000] {processor.py:840} INFO - DAG(s) 'example_task_group' retrieved from /home/airflow/.local/lib/python3.12/site-packages/airflow/example_dags/example_task_group.py
[2026-05-20T08:14:52.462+0000] {logging_mixin.py:188} INFO - [2026-05-20T08:14:52.462+0000] {dag.py:3089} INFO - Sync 1 DAGs
[2026-05-20T08:14:52.505+0000] {logging_mixin.py:188} INFO - [2026-05-20T08:14:52.504+0000] {dag.py:3947} INFO - Setting next_dagrun for example_task_group to 2026-05-19 00:00:00+00:00, run_after=2026-05-20 00:00:00+00:00
[2026-05-20T08:14:52.536+0000] {processor.py:183} INFO - Processing /home/airflow/.local/lib/python3.12/site-packages/airflow/example_dags/example_task_group.py took 0.199 seconds
[2026-05-20T08:15:22.906+0000] {processor.py:161} INFO - Started process (PID=976) to work on /home/airflow/.local/lib/python3.12/site-packages/airflow/example_dags/example_task_group.py
[2026-05-20T08:15:22.912+0000] {processor.py:830} INFO - Processing file /home/airflow/.local/lib/python3.12/site-packages/airflow/example_dags/example_task_group.py for tasks to queue
[2026-05-20T08:15:22.919+0000] {logging_mixin.py:188} INFO - [2026-05-20T08:15:22.918+0000] {dagbag.py:545} INFO - Filling up the DagBag from /home/airflow/.local/lib/python3.12/site-packages/airflow/example_dags/example_task_group.py
[2026-05-20T08:15:22.947+0000] {processor.py:840} INFO - DAG(s) 'example_task_group' retrieved from /home/airflow/.local/lib/python3.12/site-packages/airflow/example_dags/example_task_group.py
[2026-05-20T08:15:22.996+0000] {logging_mixin.py:188} INFO - [2026-05-20T08:15:22.995+0000] {dag.py:3089} INFO - Sync 1 DAGs
[2026-05-20T08:15:23.042+0000] {logging_mixin.py:188} INFO - [2026-05-20T08:15:23.041+0000] {dag.py:3947} INFO - Setting next_dagrun for example_task_group to 2026-05-19 00:00:00+00:00, run_after=2026-05-20 00:00:00+00:00
[2026-05-20T08:15:23.079+0000] {processor.py:183} INFO - Processing /home/airflow/.local/lib/python3.12/site-packages/airflow/example_dags/example_task_group.py took 0.189 seconds
[2026-05-20T08:15:53.729+0000] {processor.py:161} INFO - Started process (PID=1037) to work on /home/airflow/.local/lib/python3.12/site-packages/airflow/example_dags/example_task_group.py
[2026-05-20T08:15:53.732+0000] {processor.py:830} INFO - Processing file /home/airflow/.local/lib/python3.12/site-packages/airflow/example_dags/example_task_group.py for tasks to queue
[2026-05-20T08:15:53.741+0000] {logging_mixin.py:188} INFO - [2026-05-20T08:15:53.737+0000] {dagbag.py:545} INFO - Filling up the DagBag from /home/airflow/.local/lib/python3.12/site-packages/airflow/example_dags/example_task_group.py
[2026-05-20T08:15:53.779+0000] {processor.py:840} INFO - DAG(s) 'example_task_group' retrieved from /home/airflow/.local/lib/python3.12/site-packages/airflow/example_dags/example_task_group.py
[2026-05-20T08:15:53.854+0000] {logging_mixin.py:188} INFO - [2026-05-20T08:15:53.853+0000] {dag.py:3089} INFO - Sync 1 DAGs
[2026-05-20T08:15:53.901+0000] {logging_mixin.py:188} INFO - [2026-05-20T08:15:53.901+0000] {dag.py:3947} INFO - Setting next_dagrun for example_task_group to 2026-05-19 00:00:00+00:00, run_after=2026-05-20 00:00:00+00:00
[2026-05-20T08:15:53.935+0000] {processor.py:183} INFO - Processing /home/airflow/.local/lib/python3.12/site-packages/airflow/example_dags/example_task_group.py took 0.228 seconds
[2026-05-20T08:16:25.830+0000] {processor.py:161} INFO - Started process (PID=1097) to work on /home/airflow/.local/lib/python3.12/site-packages/airflow/example_dags/example_task_group.py
[2026-05-20T08:16:25.833+0000] {processor.py:830} INFO - Processing file /home/airflow/.local/lib/python3.12/site-packages/airflow/example_dags/example_task_group.py for tasks to queue
[2026-05-20T08:16:25.848+0000] {logging_mixin.py:188} INFO - [2026-05-20T08:16:25.847+0000] {dagbag.py:545} INFO - Filling up the DagBag from /home/airflow/.local/lib/python3.12/site-packages/airflow/example_dags/example_task_group.py
[2026-05-20T08:16:25.900+0000] {processor.py:840} INFO - DAG(s) 'example_task_group' retrieved from /home/airflow/.local/lib/python3.12/site-packages/airflow/example_dags/example_task_group.py
[2026-05-20T08:16:25.989+0000] {logging_mixin.py:188} INFO - [2026-05-20T08:16:25.988+0000] {dag.py:3089} INFO - Sync 1 DAGs
[2026-05-20T08:16:26.056+0000] {logging_mixin.py:188} INFO - [2026-05-20T08:16:26.054+0000] {dag.py:3947} INFO - Setting next_dagrun for example_task_group to 2026-05-19 00:00:00+00:00, run_after=2026-05-20 00:00:00+00:00
[2026-05-20T08:16:26.136+0000] {processor.py:183} INFO - Processing /home/airflow/.local/lib/python3.12/site-packages/airflow/example_dags/example_task_group.py took 0.337 seconds
[2026-05-20T08:16:56.382+0000] {processor.py:161} INFO - Started process (PID=1157) to work on /home/airflow/.local/lib/python3.12/site-packages/airflow/example_dags/example_task_group.py
[2026-05-20T08:16:56.385+0000] {processor.py:830} INFO - Processing file /home/airflow/.local/lib/python3.12/site-packages/airflow/example_dags/example_task_group.py for tasks to queue
[2026-05-20T08:16:56.388+0000] {logging_mixin.py:188} INFO - [2026-05-20T08:16:56.387+0000] {dagbag.py:545} INFO - Filling up the DagBag from /home/airflow/.local/lib/python3.12/site-packages/airflow/example_dags/example_task_group.py
[2026-05-20T08:16:56.401+0000] {processor.py:840} INFO - DAG(s) 'example_task_group' retrieved from /home/airflow/.local/lib/python3.12/site-packages/airflow/example_dags/example_task_group.py
[2026-05-20T08:16:56.444+0000] {logging_mixin.py:188} INFO - [2026-05-20T08:16:56.444+0000] {dag.py:3089} INFO - Sync 1 DAGs
[2026-05-20T08:16:56.496+0000] {logging_mixin.py:188} INFO - [2026-05-20T08:16:56.496+0000] {dag.py:3947} INFO - Setting next_dagrun for example_task_group to 2026-05-19 00:00:00+00:00, run_after=2026-05-20 00:00:00+00:00
[2026-05-20T08:16:56.534+0000] {processor.py:183} INFO - Processing /home/airflow/.local/lib/python3.12/site-packages/airflow/example_dags/example_task_group.py took 0.160 seconds
[2026-05-20T08:17:27.809+0000] {processor.py:161} INFO - Started process (PID=1217) to work on /home/airflow/.local/lib/python3.12/site-packages/airflow/example_dags/example_task_group.py
[2026-05-20T08:17:27.815+0000] {processor.py:830} INFO - Processing file /home/airflow/.local/lib/python3.12/site-packages/airflow/example_dags/example_task_group.py for tasks to queue
[2026-05-20T08:17:27.820+0000] {logging_mixin.py:188} INFO - [2026-05-20T08:17:27.820+0000] {dagbag.py:545} INFO - Filling up the DagBag from /home/airflow/.local/lib/python3.12/site-packages/airflow/example_dags/example_task_group.py
[2026-05-20T08:17:27.835+0000] {processor.py:840} INFO - DAG(s) 'example_task_group' retrieved from /home/airflow/.local/lib/python3.12/site-packages/airflow/example_dags/example_task_group.py
[2026-05-20T08:17:27.884+0000] {logging_mixin.py:188} INFO - [2026-05-20T08:17:27.883+0000] {dag.py:3089} INFO - Sync 1 DAGs
[2026-05-20T08:17:27.947+0000] {logging_mixin.py:188} INFO - [2026-05-20T08:17:27.947+0000] {dag.py:3947} INFO - Setting next_dagrun for example_task_group to 2026-05-19 00:00:00+00:00, run_after=2026-05-20 00:00:00+00:00
[2026-05-20T08:17:28.000+0000] {processor.py:183} INFO - Processing /home/airflow/.local/lib/python3.12/site-packages/airflow/example_dags/example_task_group.py took 0.216 seconds
[2026-05-20T08:17:58.881+0000] {processor.py:161} INFO - Started process (PID=1277) to work on /home/airflow/.local/lib/python3.12/site-packages/airflow/example_dags/example_task_group.py
[2026-05-20T08:17:58.882+0000] {processor.py:830} INFO - Processing file /home/airflow/.local/lib/python3.12/site-packages/airflow/example_dags/example_task_group.py for tasks to queue
[2026-05-20T08:17:58.885+0000] {logging_mixin.py:188} INFO - [2026-05-20T08:17:58.885+0000] {dagbag.py:545} INFO - Filling up the DagBag from /home/airflow/.local/lib/python3.12/site-packages/airflow/example_dags/example_task_group.py
[2026-05-20T08:17:58.896+0000] {processor.py:840} INFO - DAG(s) 'example_task_group' retrieved from /home/airflow/.local/lib/python3.12/site-packages/airflow/example_dags/example_task_group.py
[2026-05-20T08:17:58.932+0000] {logging_mixin.py:188} INFO - [2026-05-20T08:17:58.932+0000] {dag.py:3089} INFO - Sync 1 DAGs
[2026-05-20T08:17:58.966+0000] {logging_mixin.py:188} INFO - [2026-05-20T08:17:58.965+0000] {dag.py:3947} INFO - Setting next_dagrun for example_task_group to 2026-05-19 00:00:00+00:00, run_after=2026-05-20 00:00:00+00:00
[2026-05-20T08:17:58.995+0000] {processor.py:183} INFO - Processing /home/airflow/.local/lib/python3.12/site-packages/airflow/example_dags/example_task_group.py took 0.124 seconds
[2026-05-20T08:18:29.961+0000] {processor.py:161} INFO - Started process (PID=1337) to work on /home/airflow/.local/lib/python3.12/site-packages/airflow/example_dags/example_task_group.py
[2026-05-20T08:18:29.963+0000] {processor.py:830} INFO - Processing file /home/airflow/.local/lib/python3.12/site-packages/airflow/example_dags/example_task_group.py for tasks to queue
[2026-05-20T08:18:29.966+0000] {logging_mixin.py:188} INFO - [2026-05-20T08:18:29.966+0000] {dagbag.py:545} INFO - Filling up the DagBag from /home/airflow/.local/lib/python3.12/site-packages/airflow/example_dags/example_task_group.py
[2026-05-20T08:18:29.978+0000] {processor.py:840} INFO - DAG(s) 'example_task_group' retrieved from /home/airflow/.local/lib/python3.12/site-packages/airflow/example_dags/example_task_group.py
[2026-05-20T08:18:30.017+0000] {logging_mixin.py:188} INFO - [2026-05-20T08:18:30.016+0000] {dag.py:3089} INFO - Sync 1 DAGs
[2026-05-20T08:18:30.055+0000] {logging_mixin.py:188} INFO - [2026-05-20T08:18:30.054+0000] {dag.py:3947} INFO - Setting next_dagrun for example_task_group to 2026-05-19 00:00:00+00:00, run_after=2026-05-20 00:00:00+00:00
[2026-05-20T08:18:30.088+0000] {processor.py:183} INFO - Processing /home/airflow/.local/lib/python3.12/site-packages/airflow/example_dags/example_task_group.py took 0.137 seconds
[2026-05-20T08:19:00.437+0000] {processor.py:161} INFO - Started process (PID=1396) to work on /home/airflow/.local/lib/python3.12/site-packages/airflow/example_dags/example_task_group.py
[2026-05-20T08:19:00.439+0000] {processor.py:830} INFO - Processing file /home/airflow/.local/lib/python3.12/site-packages/airflow/example_dags/example_task_group.py for tasks to queue
[2026-05-20T08:19:00.442+0000] {logging_mixin.py:188} INFO - [2026-05-20T08:19:00.441+0000] {dagbag.py:545} INFO - Filling up the DagBag from /home/airflow/.local/lib/python3.12/site-packages/airflow/example_dags/example_task_group.py
[2026-05-20T08:19:00.452+0000] {processor.py:840} INFO - DAG(s) 'example_task_group' retrieved from /home/airflow/.local/lib/python3.12/site-packages/airflow/example_dags/example_task_group.py
[2026-05-20T08:19:00.484+0000] {logging_mixin.py:188} INFO - [2026-05-20T08:19:00.484+0000] {dag.py:3089} INFO - Sync 1 DAGs
[2026-05-20T08:19:00.519+0000] {logging_mixin.py:188} INFO - [2026-05-20T08:19:00.518+0000] {dag.py:3947} INFO - Setting next_dagrun for example_task_group to 2026-05-19 00:00:00+00:00, run_after=2026-05-20 00:00:00+00:00
[2026-05-20T08:19:00.552+0000] {processor.py:183} INFO - Processing /home/airflow/.local/lib/python3.12/site-packages/airflow/example_dags/example_task_group.py took 0.124 seconds
[2026-05-20T08:19:31.389+0000] {processor.py:161} INFO - Started process (PID=1456) to work on /home/airflow/.local/lib/python3.12/site-packages/airflow/example_dags/example_task_group.py
[2026-05-20T08:19:31.391+0000] {processor.py:830} INFO - Processing file /home/airflow/.local/lib/python3.12/site-packages/airflow/example_dags/example_task_group.py for tasks to queue
[2026-05-20T08:19:31.400+0000] {logging_mixin.py:188} INFO - [2026-05-20T08:19:31.399+0000] {dagbag.py:545} INFO - Filling up the DagBag from /home/airflow/.local/lib/python3.12/site-packages/airflow/example_dags/example_task_group.py
[2026-05-20T08:19:31.420+0000] {processor.py:840} INFO - DAG(s) 'example_task_group' retrieved from /home/airflow/.local/lib/python3.12/site-packages/airflow/example_dags/example_task_group.py
[2026-05-20T08:19:31.476+0000] {logging_mixin.py:188} INFO - [2026-05-20T08:19:31.475+0000] {dag.py:3089} INFO - Sync 1 DAGs
[2026-05-20T08:19:31.521+0000] {logging_mixin.py:188} INFO - [2026-05-20T08:19:31.520+0000] {dag.py:3947} INFO - Setting next_dagrun for example_task_group to 2026-05-19 00:00:00+00:00, run_after=2026-05-20 00:00:00+00:00
[2026-05-20T08:19:31.578+0000] {processor.py:183} INFO - Processing /home/airflow/.local/lib/python3.12/site-packages/airflow/example_dags/example_task_group.py took 0.201 seconds
[2026-05-20T08:20:01.984+0000] {processor.py:161} INFO - Started process (PID=1515) to work on /home/airflow/.local/lib/python3.12/site-packages/airflow/example_dags/example_task_group.py
[2026-05-20T08:20:01.986+0000] {processor.py:830} INFO - Processing file /home/airflow/.local/lib/python3.12/site-packages/airflow/example_dags/example_task_group.py for tasks to queue
[2026-05-20T08:20:01.989+0000] {logging_mixin.py:188} INFO - [2026-05-20T08:20:01.989+0000] {dagbag.py:545} INFO - Filling up the DagBag from /home/airflow/.local/lib/python3.12/site-packages/airflow/example_dags/example_task_group.py
[2026-05-20T08:20:02.000+0000] {processor.py:840} INFO - DAG(s) 'example_task_group' retrieved from /home/airflow/.local/lib/python3.12/site-packages/airflow/example_dags/example_task_group.py
[2026-05-20T08:20:02.032+0000] {logging_mixin.py:188} INFO - [2026-05-20T08:20:02.032+0000] {dag.py:3089} INFO - Sync 1 DAGs
[2026-05-20T08:20:02.068+0000] {logging_mixin.py:188} INFO - [2026-05-20T08:20:02.068+0000] {dag.py:3947} INFO - Setting next_dagrun for example_task_group to 2026-05-19 00:00:00+00:00, run_after=2026-05-20 00:00:00+00:00
[2026-05-20T08:20:02.098+0000] {processor.py:183} INFO - Processing /home/airflow/.local/lib/python3.12/site-packages/airflow/example_dags/example_task_group.py took 0.123 seconds
[2026-05-20T08:20:32.982+0000] {processor.py:161} INFO - Started process (PID=1574) to work on /home/airflow/.local/lib/python3.12/site-packages/airflow/example_dags/example_task_group.py
[2026-05-20T08:20:32.987+0000] {processor.py:830} INFO - Processing file /home/airflow/.local/lib/python3.12/site-packages/airflow/example_dags/example_task_group.py for tasks to queue
[2026-05-20T08:20:32.992+0000] {logging_mixin.py:188} INFO - [2026-05-20T08:20:32.991+0000] {dagbag.py:545} INFO - Filling up the DagBag from /home/airflow/.local/lib/python3.12/site-packages/airflow/example_dags/example_task_group.py
[2026-05-20T08:20:33.013+0000] {processor.py:840} INFO - DAG(s) 'example_task_group' retrieved from /home/airflow/.local/lib/python3.12/site-packages/airflow/example_dags/example_task_group.py
[2026-05-20T08:20:33.121+0000] {logging_mixin.py:188} INFO - [2026-05-20T08:20:33.120+0000] {dag.py:3089} INFO - Sync 1 DAGs
[2026-05-20T08:20:33.267+0000] {logging_mixin.py:188} INFO - [2026-05-20T08:20:33.261+0000] {dag.py:3947} INFO - Setting next_dagrun for example_task_group to 2026-05-19 00:00:00+00:00, run_after=2026-05-20 00:00:00+00:00
[2026-05-20T08:20:33.363+0000] {processor.py:183} INFO - Processing /home/airflow/.local/lib/python3.12/site-packages/airflow/example_dags/example_task_group.py took 0.400 seconds
[2026-05-20T08:21:03.826+0000] {processor.py:161} INFO - Started process (PID=1633) to work on /home/airflow/.local/lib/python3.12/site-packages/airflow/example_dags/example_task_group.py
[2026-05-20T08:21:03.829+0000] {processor.py:830} INFO - Processing file /home/airflow/.local/lib/python3.12/site-packages/airflow/example_dags/example_task_group.py for tasks to queue
[2026-05-20T08:21:03.838+0000] {logging_mixin.py:188} INFO - [2026-05-20T08:21:03.836+0000] {dagbag.py:545} INFO - Filling up the DagBag from /home/airflow/.local/lib/python3.12/site-packages/airflow/example_dags/example_task_group.py
[2026-05-20T08:21:03.864+0000] {processor.py:840} INFO - DAG(s) 'example_task_group' retrieved from /home/airflow/.local/lib/python3.12/site-packages/airflow/example_dags/example_task_group.py
[2026-05-20T08:21:03.931+0000] {logging_mixin.py:188} INFO - [2026-05-20T08:21:03.931+0000] {dag.py:3089} INFO - Sync 1 DAGs
[2026-05-20T08:21:03.995+0000] {logging_mixin.py:188} INFO - [2026-05-20T08:21:03.995+0000] {dag.py:3947} INFO - Setting next_dagrun for example_task_group to 2026-05-19 00:00:00+00:00, run_after=2026-05-20 00:00:00+00:00
[2026-05-20T08:21:04.096+0000] {processor.py:183} INFO - Processing /home/airflow/.local/lib/python3.12/site-packages/airflow/example_dags/example_task_group.py took 0.283 seconds
[2026-05-20T08:21:34.648+0000] {processor.py:161} INFO - Started process (PID=1693) to work on /home/airflow/.local/lib/python3.12/site-packages/airflow/example_dags/example_task_group.py
[2026-05-20T08:21:34.651+0000] {processor.py:830} INFO - Processing file /home/airflow/.local/lib/python3.12/site-packages/airflow/example_dags/example_task_group.py for tasks to queue
[2026-05-20T08:21:34.656+0000] {logging_mixin.py:188} INFO - [2026-05-20T08:21:34.655+0000] {dagbag.py:545} INFO - Filling up the DagBag from /home/airflow/.local/lib/python3.12/site-packages/airflow/example_dags/example_task_group.py
[2026-05-20T08:21:34.673+0000] {processor.py:840} INFO - DAG(s) 'example_task_group' retrieved from /home/airflow/.local/lib/python3.12/site-packages/airflow/example_dags/example_task_group.py
[2026-05-20T08:21:34.726+0000] {logging_mixin.py:188} INFO - [2026-05-20T08:21:34.726+0000] {dag.py:3089} INFO - Sync 1 DAGs
[2026-05-20T08:21:34.802+0000] {logging_mixin.py:188} INFO - [2026-05-20T08:21:34.801+0000] {dag.py:3947} INFO - Setting next_dagrun for example_task_group to 2026-05-19 00:00:00+00:00, run_after=2026-05-20 00:00:00+00:00
[2026-05-20T08:21:34.882+0000] {processor.py:183} INFO - Processing /home/airflow/.local/lib/python3.12/site-packages/airflow/example_dags/example_task_group.py took 0.246 seconds
[2026-05-20T08:22:05.345+0000] {processor.py:161} INFO - Started process (PID=1753) to work on /home/airflow/.local/lib/python3.12/site-packages/airflow/example_dags/example_task_group.py
[2026-05-20T08:22:05.348+0000] {processor.py:830} INFO - Processing file /home/airflow/.local/lib/python3.12/site-packages/airflow/example_dags/example_task_group.py for tasks to queue
[2026-05-20T08:22:05.355+0000] {logging_mixin.py:188} INFO - [2026-05-20T08:22:05.354+0000] {dagbag.py:545} INFO - Filling up the DagBag from /home/airflow/.local/lib/python3.12/site-packages/airflow/example_dags/example_task_group.py
[2026-05-20T08:22:05.403+0000] {processor.py:840} INFO - DAG(s) 'example_task_group' retrieved from /home/airflow/.local/lib/python3.12/site-packages/airflow/example_dags/example_task_group.py
[2026-05-20T08:22:05.518+0000] {logging_mixin.py:188} INFO - [2026-05-20T08:22:05.515+0000] {dag.py:3089} INFO - Sync 1 DAGs
[2026-05-20T08:22:05.655+0000] {logging_mixin.py:188} INFO - [2026-05-20T08:22:05.654+0000] {dag.py:3947} INFO - Setting next_dagrun for example_task_group to 2026-05-19 00:00:00+00:00, run_after=2026-05-20 00:00:00+00:00
[2026-05-20T08:22:05.765+0000] {processor.py:183} INFO - Processing /home/airflow/.local/lib/python3.12/site-packages/airflow/example_dags/example_task_group.py took 0.444 seconds
[2026-05-20T08:22:36.867+0000] {processor.py:161} INFO - Started process (PID=1813) to work on /home/airflow/.local/lib/python3.12/site-packages/airflow/example_dags/example_task_group.py
[2026-05-20T08:22:36.870+0000] {processor.py:830} INFO - Processing file /home/airflow/.local/lib/python3.12/site-packages/airflow/example_dags/example_task_group.py for tasks to queue
[2026-05-20T08:22:36.881+0000] {logging_mixin.py:188} INFO - [2026-05-20T08:22:36.880+0000] {dagbag.py:545} INFO - Filling up the DagBag from /home/airflow/.local/lib/python3.12/site-packages/airflow/example_dags/example_task_group.py
[2026-05-20T08:22:36.936+0000] {processor.py:840} INFO - DAG(s) 'example_task_group' retrieved from /home/airflow/.local/lib/python3.12/site-packages/airflow/example_dags/example_task_group.py
[2026-05-20T08:22:37.098+0000] {logging_mixin.py:188} INFO - [2026-05-20T08:22:37.097+0000] {dag.py:3089} INFO - Sync 1 DAGs
[2026-05-20T08:22:37.248+0000] {logging_mixin.py:188} INFO - [2026-05-20T08:22:37.243+0000] {dag.py:3947} INFO - Setting next_dagrun for example_task_group to 2026-05-19 00:00:00+00:00, run_after=2026-05-20 00:00:00+00:00
[2026-05-20T08:22:37.406+0000] {processor.py:183} INFO - Processing /home/airflow/.local/lib/python3.12/site-packages/airflow/example_dags/example_task_group.py took 0.579 seconds
[2026-05-20T08:23:08.056+0000] {processor.py:161} INFO - Started process (PID=1873) to work on /home/airflow/.local/lib/python3.12/site-packages/airflow/example_dags/example_task_group.py
[2026-05-20T08:23:08.059+0000] {processor.py:830} INFO - Processing file /home/airflow/.local/lib/python3.12/site-packages/airflow/example_dags/example_task_group.py for tasks to queue
[2026-05-20T08:23:08.066+0000] {logging_mixin.py:188} INFO - [2026-05-20T08:23:08.065+0000] {dagbag.py:545} INFO - Filling up the DagBag from /home/airflow/.local/lib/python3.12/site-packages/airflow/example_dags/example_task_group.py
[2026-05-20T08:23:08.104+0000] {processor.py:840} INFO - DAG(s) 'example_task_group' retrieved from /home/airflow/.local/lib/python3.12/site-packages/airflow/example_dags/example_task_group.py
[2026-05-20T08:23:08.185+0000] {logging_mixin.py:188} INFO - [2026-05-20T08:23:08.184+0000] {dag.py:3089} INFO - Sync 1 DAGs
[2026-05-20T08:23:08.275+0000] {logging_mixin.py:188} INFO - [2026-05-20T08:23:08.274+0000] {dag.py:3947} INFO - Setting next_dagrun for example_task_group to 2026-05-19 00:00:00+00:00, run_after=2026-05-20 00:00:00+00:00
[2026-05-20T08:23:08.344+0000] {processor.py:183} INFO - Processing /home/airflow/.local/lib/python3.12/site-packages/airflow/example_dags/example_task_group.py took 0.312 seconds
[2026-05-20T08:23:39.702+0000] {processor.py:161} INFO - Started process (PID=1933) to work on /home/airflow/.local/lib/python3.12/site-packages/airflow/example_dags/example_task_group.py
[2026-05-20T08:23:39.705+0000] {processor.py:830} INFO - Processing file /home/airflow/.local/lib/python3.12/site-packages/airflow/example_dags/example_task_group.py for tasks to queue
[2026-05-20T08:23:39.721+0000] {logging_mixin.py:188} INFO - [2026-05-20T08:23:39.710+0000] {dagbag.py:545} INFO - Filling up the DagBag from /home/airflow/.local/lib/python3.12/site-packages/airflow/example_dags/example_task_group.py
[2026-05-20T08:23:39.778+0000] {processor.py:840} INFO - DAG(s) 'example_task_group' retrieved from /home/airflow/.local/lib/python3.12/site-packages/airflow/example_dags/example_task_group.py
[2026-05-20T08:23:39.951+0000] {logging_mixin.py:188} INFO - [2026-05-20T08:23:39.949+0000] {dag.py:3089} INFO - Sync 1 DAGs
[2026-05-20T08:23:40.101+0000] {logging_mixin.py:188} INFO - [2026-05-20T08:23:40.100+0000] {dag.py:3947} INFO - Setting next_dagrun for example_task_group to 2026-05-19 00:00:00+00:00, run_after=2026-05-20 00:00:00+00:00
[2026-05-20T08:23:40.314+0000] {processor.py:183} INFO - Processing /home/airflow/.local/lib/python3.12/site-packages/airflow/example_dags/example_task_group.py took 0.652 seconds
[2026-05-20T08:24:17.635+0000] {processor.py:161} INFO - Started process (PID=2004) to work on /home/airflow/.local/lib/python3.12/site-packages/airflow/example_dags/example_task_group.py
[2026-05-20T08:24:17.640+0000] {processor.py:830} INFO - Processing file /home/airflow/.local/lib/python3.12/site-packages/airflow/example_dags/example_task_group.py for tasks to queue
[2026-05-20T08:24:17.645+0000] {logging_mixin.py:188} INFO - [2026-05-20T08:24:17.644+0000] {dagbag.py:545} INFO - Filling up the DagBag from /home/airflow/.local/lib/python3.12/site-packages/airflow/example_dags/example_task_group.py
[2026-05-20T08:24:17.662+0000] {processor.py:840} INFO - DAG(s) 'example_task_group' retrieved from /home/airflow/.local/lib/python3.12/site-packages/airflow/example_dags/example_task_group.py
[2026-05-20T08:24:17.727+0000] {logging_mixin.py:188} INFO - [2026-05-20T08:24:17.727+0000] {dag.py:3089} INFO - Sync 1 DAGs
[2026-05-20T08:24:17.847+0000] {logging_mixin.py:188} INFO - [2026-05-20T08:24:17.846+0000] {dag.py:3947} INFO - Setting next_dagrun for example_task_group to 2026-05-19 00:00:00+00:00, run_after=2026-05-20 00:00:00+00:00
[2026-05-20T08:24:18.203+0000] {processor.py:183} INFO - Processing /home/airflow/.local/lib/python3.12/site-packages/airflow/example_dags/example_task_group.py took 0.581 seconds
[2026-05-20T08:24:48.983+0000] {processor.py:161} INFO - Started process (PID=2064) to work on /home/airflow/.local/lib/python3.12/site-packages/airflow/example_dags/example_task_group.py
[2026-05-20T08:24:48.984+0000] {processor.py:830} INFO - Processing file /home/airflow/.local/lib/python3.12/site-packages/airflow/example_dags/example_task_group.py for tasks to queue
[2026-05-20T08:24:48.987+0000] {logging_mixin.py:188} INFO - [2026-05-20T08:24:48.987+0000] {dagbag.py:545} INFO - Filling up the DagBag from /home/airflow/.local/lib/python3.12/site-packages/airflow/example_dags/example_task_group.py
[2026-05-20T08:24:48.999+0000] {processor.py:840} INFO - DAG(s) 'example_task_group' retrieved from /home/airflow/.local/lib/python3.12/site-packages/airflow/example_dags/example_task_group.py
[2026-05-20T08:24:49.045+0000] {logging_mixin.py:188} INFO - [2026-05-20T08:24:49.044+0000] {dag.py:3089} INFO - Sync 1 DAGs
[2026-05-20T08:24:49.085+0000] {logging_mixin.py:188} INFO - [2026-05-20T08:24:49.085+0000] {dag.py:3947} INFO - Setting next_dagrun for example_task_group to 2026-05-19 00:00:00+00:00, run_after=2026-05-20 00:00:00+00:00
[2026-05-20T08:24:49.127+0000] {processor.py:183} INFO - Processing /home/airflow/.local/lib/python3.12/site-packages/airflow/example_dags/example_task_group.py took 0.155 seconds
[2026-05-20T08:25:35.480+0000] {processor.py:161} INFO - Started process (PID=2125) to work on /home/airflow/.local/lib/python3.12/site-packages/airflow/example_dags/example_task_group.py
[2026-05-20T08:25:35.484+0000] {processor.py:830} INFO - Processing file /home/airflow/.local/lib/python3.12/site-packages/airflow/example_dags/example_task_group.py for tasks to queue
[2026-05-20T08:25:35.490+0000] {logging_mixin.py:188} INFO - [2026-05-20T08:25:35.489+0000] {dagbag.py:545} INFO - Filling up the DagBag from /home/airflow/.local/lib/python3.12/site-packages/airflow/example_dags/example_task_group.py
[2026-05-20T08:25:35.525+0000] {processor.py:840} INFO - DAG(s) 'example_task_group' retrieved from /home/airflow/.local/lib/python3.12/site-packages/airflow/example_dags/example_task_group.py
[2026-05-20T08:25:35.844+0000] {logging_mixin.py:188} INFO - [2026-05-20T08:25:35.839+0000] {dag.py:3089} INFO - Sync 1 DAGs
[2026-05-20T08:25:36.032+0000] {logging_mixin.py:188} INFO - [2026-05-20T08:25:36.031+0000] {dag.py:3947} INFO - Setting next_dagrun for example_task_group to 2026-05-19 00:00:00+00:00, run_after=2026-05-20 00:00:00+00:00
[2026-05-20T08:25:36.105+0000] {processor.py:183} INFO - Processing /home/airflow/.local/lib/python3.12/site-packages/airflow/example_dags/example_task_group.py took 0.650 seconds
[2026-05-20T08:26:06.827+0000] {processor.py:161} INFO - Started process (PID=2185) to work on /home/airflow/.local/lib/python3.12/site-packages/airflow/example_dags/example_task_group.py
[2026-05-20T08:26:06.829+0000] {processor.py:830} INFO - Processing file /home/airflow/.local/lib/python3.12/site-packages/airflow/example_dags/example_task_group.py for tasks to queue
[2026-05-20T08:26:06.832+0000] {logging_mixin.py:188} INFO - [2026-05-20T08:26:06.831+0000] {dagbag.py:545} INFO - Filling up the DagBag from /home/airflow/.local/lib/python3.12/site-packages/airflow/example_dags/example_task_group.py
[2026-05-20T08:26:06.843+0000] {processor.py:840} INFO - DAG(s) 'example_task_group' retrieved from /home/airflow/.local/lib/python3.12/site-packages/airflow/example_dags/example_task_group.py
[2026-05-20T08:26:06.877+0000] {logging_mixin.py:188} INFO - [2026-05-20T08:26:06.877+0000] {dag.py:3089} INFO - Sync 1 DAGs
[2026-05-20T08:26:06.914+0000] {logging_mixin.py:188} INFO - [2026-05-20T08:26:06.913+0000] {dag.py:3947} INFO - Setting next_dagrun for example_task_group to 2026-05-19 00:00:00+00:00, run_after=2026-05-20 00:00:00+00:00
[2026-05-20T08:26:06.946+0000] {processor.py:183} INFO - Processing /home/airflow/.local/lib/python3.12/site-packages/airflow/example_dags/example_task_group.py took 0.134 seconds
[2026-05-20T08:26:37.903+0000] {processor.py:161} INFO - Started process (PID=2245) to work on /home/airflow/.local/lib/python3.12/site-packages/airflow/example_dags/example_task_group.py
[2026-05-20T08:26:37.905+0000] {processor.py:830} INFO - Processing file /home/airflow/.local/lib/python3.12/site-packages/airflow/example_dags/example_task_group.py for tasks to queue
[2026-05-20T08:26:37.910+0000] {logging_mixin.py:188} INFO - [2026-05-20T08:26:37.909+0000] {dagbag.py:545} INFO - Filling up the DagBag from /home/airflow/.local/lib/python3.12/site-packages/airflow/example_dags/example_task_group.py
[2026-05-20T08:26:37.940+0000] {processor.py:840} INFO - DAG(s) 'example_task_group' retrieved from /home/airflow/.local/lib/python3.12/site-packages/airflow/example_dags/example_task_group.py
[2026-05-20T08:26:38.001+0000] {logging_mixin.py:188} INFO - [2026-05-20T08:26:38.000+0000] {dag.py:3089} INFO - Sync 1 DAGs
[2026-05-20T08:26:38.064+0000] {logging_mixin.py:188} INFO - [2026-05-20T08:26:38.063+0000] {dag.py:3947} INFO - Setting next_dagrun for example_task_group to 2026-05-19 00:00:00+00:00, run_after=2026-05-20 00:00:00+00:00
[2026-05-20T08:26:38.418+0000] {processor.py:183} INFO - Processing /home/airflow/.local/lib/python3.12/site-packages/airflow/example_dags/example_task_group.py took 0.532 seconds
