[2026-05-20T08:07:18.502+0000] {processor.py:161} INFO - Started process (PID=99) to work on /home/airflow/.local/lib/python3.12/site-packages/airflow/example_dags/example_params_ui_tutorial.py
[2026-05-20T08:07:18.505+0000] {processor.py:830} INFO - Processing file /home/airflow/.local/lib/python3.12/site-packages/airflow/example_dags/example_params_ui_tutorial.py for tasks to queue
[2026-05-20T08:07:18.510+0000] {logging_mixin.py:188} INFO - [2026-05-20T08:07:18.510+0000] {dagbag.py:545} INFO - Filling up the DagBag from /home/airflow/.local/lib/python3.12/site-packages/airflow/example_dags/example_params_ui_tutorial.py
[2026-05-20T08:07:18.546+0000] {processor.py:840} INFO - DAG(s) 'example_params_ui_tutorial' retrieved from /home/airflow/.local/lib/python3.12/site-packages/airflow/example_dags/example_params_ui_tutorial.py
[2026-05-20T08:07:19.132+0000] {logging_mixin.py:188} INFO - [2026-05-20T08:07:19.131+0000] {dag.py:3089} INFO - Sync 1 DAGs
[2026-05-20T08:07:19.203+0000] {logging_mixin.py:188} INFO - [2026-05-20T08:07:19.202+0000] {dag.py:3947} INFO - Setting next_dagrun for example_params_ui_tutorial to None, run_after=None
[2026-05-20T08:07:19.302+0000] {processor.py:183} INFO - Processing /home/airflow/.local/lib/python3.12/site-packages/airflow/example_dags/example_params_ui_tutorial.py took 0.822 seconds
[2026-05-20T08:08:08.760+0000] {processor.py:161} INFO - Started process (PID=167) to work on /home/airflow/.local/lib/python3.12/site-packages/airflow/example_dags/example_params_ui_tutorial.py
[2026-05-20T08:08:08.764+0000] {processor.py:830} INFO - Processing file /home/airflow/.local/lib/python3.12/site-packages/airflow/example_dags/example_params_ui_tutorial.py for tasks to queue
[2026-05-20T08:08:08.770+0000] {logging_mixin.py:188} INFO - [2026-05-20T08:08:08.769+0000] {dagbag.py:545} INFO - Filling up the DagBag from /home/airflow/.local/lib/python3.12/site-packages/airflow/example_dags/example_params_ui_tutorial.py
[2026-05-20T08:08:08.796+0000] {processor.py:840} INFO - DAG(s) 'example_params_ui_tutorial' retrieved from /home/airflow/.local/lib/python3.12/site-packages/airflow/example_dags/example_params_ui_tutorial.py
[2026-05-20T08:08:08.986+0000] {logging_mixin.py:188} INFO - [2026-05-20T08:08:08.985+0000] {dag.py:3089} INFO - Sync 1 DAGs
[2026-05-20T08:08:09.045+0000] {logging_mixin.py:188} INFO - [2026-05-20T08:08:09.045+0000] {dag.py:3947} INFO - Setting next_dagrun for example_params_ui_tutorial to None, run_after=None
[2026-05-20T08:08:09.102+0000] {processor.py:183} INFO - Processing /home/airflow/.local/lib/python3.12/site-packages/airflow/example_dags/example_params_ui_tutorial.py took 0.362 seconds
[2026-05-20T08:08:44.046+0000] {processor.py:161} INFO - Started process (PID=226) to work on /home/airflow/.local/lib/python3.12/site-packages/airflow/example_dags/example_params_ui_tutorial.py
[2026-05-20T08:08:44.048+0000] {processor.py:830} INFO - Processing file /home/airflow/.local/lib/python3.12/site-packages/airflow/example_dags/example_params_ui_tutorial.py for tasks to queue
[2026-05-20T08:08:44.056+0000] {logging_mixin.py:188} INFO - [2026-05-20T08:08:44.054+0000] {dagbag.py:545} INFO - Filling up the DagBag from /home/airflow/.local/lib/python3.12/site-packages/airflow/example_dags/example_params_ui_tutorial.py
[2026-05-20T08:08:44.080+0000] {processor.py:840} INFO - DAG(s) 'example_params_ui_tutorial' retrieved from /home/airflow/.local/lib/python3.12/site-packages/airflow/example_dags/example_params_ui_tutorial.py
[2026-05-20T08:08:44.255+0000] {logging_mixin.py:188} INFO - [2026-05-20T08:08:44.254+0000] {dag.py:3089} INFO - Sync 1 DAGs
[2026-05-20T08:08:44.307+0000] {logging_mixin.py:188} INFO - [2026-05-20T08:08:44.307+0000] {dag.py:3947} INFO - Setting next_dagrun for example_params_ui_tutorial to None, run_after=None
[2026-05-20T08:08:44.397+0000] {processor.py:183} INFO - Processing /home/airflow/.local/lib/python3.12/site-packages/airflow/example_dags/example_params_ui_tutorial.py took 0.367 seconds
[2026-05-20T08:09:15.214+0000] {processor.py:161} INFO - Started process (PID=285) to work on /home/airflow/.local/lib/python3.12/site-packages/airflow/example_dags/example_params_ui_tutorial.py
[2026-05-20T08:09:15.217+0000] {processor.py:830} INFO - Processing file /home/airflow/.local/lib/python3.12/site-packages/airflow/example_dags/example_params_ui_tutorial.py for tasks to queue
[2026-05-20T08:09:15.221+0000] {logging_mixin.py:188} INFO - [2026-05-20T08:09:15.220+0000] {dagbag.py:545} INFO - Filling up the DagBag from /home/airflow/.local/lib/python3.12/site-packages/airflow/example_dags/example_params_ui_tutorial.py
[2026-05-20T08:09:15.241+0000] {processor.py:840} INFO - DAG(s) 'example_params_ui_tutorial' retrieved from /home/airflow/.local/lib/python3.12/site-packages/airflow/example_dags/example_params_ui_tutorial.py
[2026-05-20T08:09:15.347+0000] {logging_mixin.py:188} INFO - [2026-05-20T08:09:15.347+0000] {dag.py:3089} INFO - Sync 1 DAGs
[2026-05-20T08:09:15.369+0000] {logging_mixin.py:188} INFO - [2026-05-20T08:09:15.369+0000] {dag.py:3947} INFO - Setting next_dagrun for example_params_ui_tutorial to None, run_after=None
[2026-05-20T08:09:15.411+0000] {processor.py:183} INFO - Processing /home/airflow/.local/lib/python3.12/site-packages/airflow/example_dags/example_params_ui_tutorial.py took 0.219 seconds
[2026-05-20T08:09:46.838+0000] {processor.py:161} INFO - Started process (PID=345) to work on /home/airflow/.local/lib/python3.12/site-packages/airflow/example_dags/example_params_ui_tutorial.py
[2026-05-20T08:09:46.840+0000] {processor.py:830} INFO - Processing file /home/airflow/.local/lib/python3.12/site-packages/airflow/example_dags/example_params_ui_tutorial.py for tasks to queue
[2026-05-20T08:09:46.843+0000] {logging_mixin.py:188} INFO - [2026-05-20T08:09:46.842+0000] {dagbag.py:545} INFO - Filling up the DagBag from /home/airflow/.local/lib/python3.12/site-packages/airflow/example_dags/example_params_ui_tutorial.py
[2026-05-20T08:09:46.853+0000] {processor.py:840} INFO - DAG(s) 'example_params_ui_tutorial' retrieved from /home/airflow/.local/lib/python3.12/site-packages/airflow/example_dags/example_params_ui_tutorial.py
[2026-05-20T08:09:46.927+0000] {logging_mixin.py:188} INFO - [2026-05-20T08:09:46.927+0000] {dag.py:3089} INFO - Sync 1 DAGs
[2026-05-20T08:09:46.948+0000] {logging_mixin.py:188} INFO - [2026-05-20T08:09:46.947+0000] {dag.py:3947} INFO - Setting next_dagrun for example_params_ui_tutorial to None, run_after=None
[2026-05-20T08:09:46.994+0000] {processor.py:183} INFO - Processing /home/airflow/.local/lib/python3.12/site-packages/airflow/example_dags/example_params_ui_tutorial.py took 0.165 seconds
[2026-05-20T08:10:21.186+0000] {processor.py:161} INFO - Started process (PID=405) to work on /home/airflow/.local/lib/python3.12/site-packages/airflow/example_dags/example_params_ui_tutorial.py
[2026-05-20T08:10:21.189+0000] {processor.py:830} INFO - Processing file /home/airflow/.local/lib/python3.12/site-packages/airflow/example_dags/example_params_ui_tutorial.py for tasks to queue
[2026-05-20T08:10:21.195+0000] {logging_mixin.py:188} INFO - [2026-05-20T08:10:21.194+0000] {dagbag.py:545} INFO - Filling up the DagBag from /home/airflow/.local/lib/python3.12/site-packages/airflow/example_dags/example_params_ui_tutorial.py
[2026-05-20T08:10:21.230+0000] {processor.py:840} INFO - DAG(s) 'example_params_ui_tutorial' retrieved from /home/airflow/.local/lib/python3.12/site-packages/airflow/example_dags/example_params_ui_tutorial.py
[2026-05-20T08:10:21.399+0000] {logging_mixin.py:188} INFO - [2026-05-20T08:10:21.398+0000] {dag.py:3089} INFO - Sync 1 DAGs
[2026-05-20T08:10:21.442+0000] {logging_mixin.py:188} INFO - [2026-05-20T08:10:21.441+0000] {dag.py:3947} INFO - Setting next_dagrun for example_params_ui_tutorial to None, run_after=None
[2026-05-20T08:10:21.514+0000] {processor.py:183} INFO - Processing /home/airflow/.local/lib/python3.12/site-packages/airflow/example_dags/example_params_ui_tutorial.py took 0.348 seconds
[2026-05-20T08:10:52.184+0000] {processor.py:161} INFO - Started process (PID=462) to work on /home/airflow/.local/lib/python3.12/site-packages/airflow/example_dags/example_params_ui_tutorial.py
[2026-05-20T08:10:52.187+0000] {processor.py:830} INFO - Processing file /home/airflow/.local/lib/python3.12/site-packages/airflow/example_dags/example_params_ui_tutorial.py for tasks to queue
[2026-05-20T08:10:52.192+0000] {logging_mixin.py:188} INFO - [2026-05-20T08:10:52.190+0000] {dagbag.py:545} INFO - Filling up the DagBag from /home/airflow/.local/lib/python3.12/site-packages/airflow/example_dags/example_params_ui_tutorial.py
[2026-05-20T08:10:52.210+0000] {processor.py:840} INFO - DAG(s) 'example_params_ui_tutorial' retrieved from /home/airflow/.local/lib/python3.12/site-packages/airflow/example_dags/example_params_ui_tutorial.py
[2026-05-20T08:10:52.348+0000] {logging_mixin.py:188} INFO - [2026-05-20T08:10:52.348+0000] {dag.py:3089} INFO - Sync 1 DAGs
[2026-05-20T08:10:52.380+0000] {logging_mixin.py:188} INFO - [2026-05-20T08:10:52.380+0000] {dag.py:3947} INFO - Setting next_dagrun for example_params_ui_tutorial to None, run_after=None
[2026-05-20T08:10:52.433+0000] {processor.py:183} INFO - Processing /home/airflow/.local/lib/python3.12/site-packages/airflow/example_dags/example_params_ui_tutorial.py took 0.263 seconds
[2026-05-20T08:11:22.819+0000] {processor.py:161} INFO - Started process (PID=523) to work on /home/airflow/.local/lib/python3.12/site-packages/airflow/example_dags/example_params_ui_tutorial.py
[2026-05-20T08:11:22.821+0000] {processor.py:830} INFO - Processing file /home/airflow/.local/lib/python3.12/site-packages/airflow/example_dags/example_params_ui_tutorial.py for tasks to queue
[2026-05-20T08:11:22.826+0000] {logging_mixin.py:188} INFO - [2026-05-20T08:11:22.825+0000] {dagbag.py:545} INFO - Filling up the DagBag from /home/airflow/.local/lib/python3.12/site-packages/airflow/example_dags/example_params_ui_tutorial.py
[2026-05-20T08:11:22.841+0000] {processor.py:840} INFO - DAG(s) 'example_params_ui_tutorial' retrieved from /home/airflow/.local/lib/python3.12/site-packages/airflow/example_dags/example_params_ui_tutorial.py
[2026-05-20T08:11:22.956+0000] {logging_mixin.py:188} INFO - [2026-05-20T08:11:22.956+0000] {dag.py:3089} INFO - Sync 1 DAGs
[2026-05-20T08:11:22.979+0000] {logging_mixin.py:188} INFO - [2026-05-20T08:11:22.978+0000] {dag.py:3947} INFO - Setting next_dagrun for example_params_ui_tutorial to None, run_after=None
[2026-05-20T08:11:23.015+0000] {processor.py:183} INFO - Processing /home/airflow/.local/lib/python3.12/site-packages/airflow/example_dags/example_params_ui_tutorial.py took 0.210 seconds
[2026-05-20T08:11:54.509+0000] {processor.py:161} INFO - Started process (PID=583) to work on /home/airflow/.local/lib/python3.12/site-packages/airflow/example_dags/example_params_ui_tutorial.py
[2026-05-20T08:11:54.512+0000] {processor.py:830} INFO - Processing file /home/airflow/.local/lib/python3.12/site-packages/airflow/example_dags/example_params_ui_tutorial.py for tasks to queue
[2026-05-20T08:11:54.517+0000] {logging_mixin.py:188} INFO - [2026-05-20T08:11:54.516+0000] {dagbag.py:545} INFO - Filling up the DagBag from /home/airflow/.local/lib/python3.12/site-packages/airflow/example_dags/example_params_ui_tutorial.py
[2026-05-20T08:11:54.540+0000] {processor.py:840} INFO - DAG(s) 'example_params_ui_tutorial' retrieved from /home/airflow/.local/lib/python3.12/site-packages/airflow/example_dags/example_params_ui_tutorial.py
[2026-05-20T08:11:54.689+0000] {logging_mixin.py:188} INFO - [2026-05-20T08:11:54.688+0000] {dag.py:3089} INFO - Sync 1 DAGs
[2026-05-20T08:11:54.734+0000] {logging_mixin.py:188} INFO - [2026-05-20T08:11:54.733+0000] {dag.py:3947} INFO - Setting next_dagrun for example_params_ui_tutorial to None, run_after=None
[2026-05-20T08:11:54.777+0000] {processor.py:183} INFO - Processing /home/airflow/.local/lib/python3.12/site-packages/airflow/example_dags/example_params_ui_tutorial.py took 0.286 seconds
[2026-05-20T08:12:25.012+0000] {processor.py:161} INFO - Started process (PID=643) to work on /home/airflow/.local/lib/python3.12/site-packages/airflow/example_dags/example_params_ui_tutorial.py
[2026-05-20T08:12:25.016+0000] {processor.py:830} INFO - Processing file /home/airflow/.local/lib/python3.12/site-packages/airflow/example_dags/example_params_ui_tutorial.py for tasks to queue
[2026-05-20T08:12:25.024+0000] {logging_mixin.py:188} INFO - [2026-05-20T08:12:25.023+0000] {dagbag.py:545} INFO - Filling up the DagBag from /home/airflow/.local/lib/python3.12/site-packages/airflow/example_dags/example_params_ui_tutorial.py
[2026-05-20T08:12:25.060+0000] {processor.py:840} INFO - DAG(s) 'example_params_ui_tutorial' retrieved from /home/airflow/.local/lib/python3.12/site-packages/airflow/example_dags/example_params_ui_tutorial.py
[2026-05-20T08:12:25.185+0000] {logging_mixin.py:188} INFO - [2026-05-20T08:12:25.185+0000] {dag.py:3089} INFO - Sync 1 DAGs
[2026-05-20T08:12:25.216+0000] {logging_mixin.py:188} INFO - [2026-05-20T08:12:25.216+0000] {dag.py:3947} INFO - Setting next_dagrun for example_params_ui_tutorial to None, run_after=None
[2026-05-20T08:12:25.281+0000] {processor.py:183} INFO - Processing /home/airflow/.local/lib/python3.12/site-packages/airflow/example_dags/example_params_ui_tutorial.py took 0.287 seconds
[2026-05-20T08:12:55.462+0000] {processor.py:161} INFO - Started process (PID=701) to work on /home/airflow/.local/lib/python3.12/site-packages/airflow/example_dags/example_params_ui_tutorial.py
[2026-05-20T08:12:55.466+0000] {processor.py:830} INFO - Processing file /home/airflow/.local/lib/python3.12/site-packages/airflow/example_dags/example_params_ui_tutorial.py for tasks to queue
[2026-05-20T08:12:55.472+0000] {logging_mixin.py:188} INFO - [2026-05-20T08:12:55.472+0000] {dagbag.py:545} INFO - Filling up the DagBag from /home/airflow/.local/lib/python3.12/site-packages/airflow/example_dags/example_params_ui_tutorial.py
[2026-05-20T08:12:55.502+0000] {processor.py:840} INFO - DAG(s) 'example_params_ui_tutorial' retrieved from /home/airflow/.local/lib/python3.12/site-packages/airflow/example_dags/example_params_ui_tutorial.py
[2026-05-20T08:12:55.625+0000] {logging_mixin.py:188} INFO - [2026-05-20T08:12:55.622+0000] {dag.py:3089} INFO - Sync 1 DAGs
[2026-05-20T08:12:55.676+0000] {logging_mixin.py:188} INFO - [2026-05-20T08:12:55.676+0000] {dag.py:3947} INFO - Setting next_dagrun for example_params_ui_tutorial to None, run_after=None
[2026-05-20T08:12:55.762+0000] {processor.py:183} INFO - Processing /home/airflow/.local/lib/python3.12/site-packages/airflow/example_dags/example_params_ui_tutorial.py took 0.321 seconds
[2026-05-20T08:13:32.383+0000] {processor.py:161} INFO - Started process (PID=763) to work on /home/airflow/.local/lib/python3.12/site-packages/airflow/example_dags/example_params_ui_tutorial.py
[2026-05-20T08:13:32.405+0000] {processor.py:830} INFO - Processing file /home/airflow/.local/lib/python3.12/site-packages/airflow/example_dags/example_params_ui_tutorial.py for tasks to queue
[2026-05-20T08:13:32.426+0000] {logging_mixin.py:188} INFO - [2026-05-20T08:13:32.420+0000] {dagbag.py:545} INFO - Filling up the DagBag from /home/airflow/.local/lib/python3.12/site-packages/airflow/example_dags/example_params_ui_tutorial.py
[2026-05-20T08:13:32.475+0000] {processor.py:840} INFO - DAG(s) 'example_params_ui_tutorial' retrieved from /home/airflow/.local/lib/python3.12/site-packages/airflow/example_dags/example_params_ui_tutorial.py
[2026-05-20T08:13:32.961+0000] {logging_mixin.py:188} INFO - [2026-05-20T08:13:32.960+0000] {dag.py:3089} INFO - Sync 1 DAGs
[2026-05-20T08:13:33.021+0000] {logging_mixin.py:188} INFO - [2026-05-20T08:13:33.020+0000] {dag.py:3947} INFO - Setting next_dagrun for example_params_ui_tutorial to None, run_after=None
[2026-05-20T08:13:33.105+0000] {processor.py:183} INFO - Processing /home/airflow/.local/lib/python3.12/site-packages/airflow/example_dags/example_params_ui_tutorial.py took 0.776 seconds
[2026-05-20T08:14:03.567+0000] {processor.py:161} INFO - Started process (PID=821) to work on /home/airflow/.local/lib/python3.12/site-packages/airflow/example_dags/example_params_ui_tutorial.py
[2026-05-20T08:14:03.576+0000] {processor.py:830} INFO - Processing file /home/airflow/.local/lib/python3.12/site-packages/airflow/example_dags/example_params_ui_tutorial.py for tasks to queue
[2026-05-20T08:14:03.585+0000] {logging_mixin.py:188} INFO - [2026-05-20T08:14:03.584+0000] {dagbag.py:545} INFO - Filling up the DagBag from /home/airflow/.local/lib/python3.12/site-packages/airflow/example_dags/example_params_ui_tutorial.py
[2026-05-20T08:14:03.712+0000] {processor.py:840} INFO - DAG(s) 'example_params_ui_tutorial' retrieved from /home/airflow/.local/lib/python3.12/site-packages/airflow/example_dags/example_params_ui_tutorial.py
[2026-05-20T08:14:04.055+0000] {logging_mixin.py:188} INFO - [2026-05-20T08:14:04.054+0000] {dag.py:3089} INFO - Sync 1 DAGs
[2026-05-20T08:14:04.170+0000] {logging_mixin.py:188} INFO - [2026-05-20T08:14:04.169+0000] {dag.py:3947} INFO - Setting next_dagrun for example_params_ui_tutorial to None, run_after=None
[2026-05-20T08:14:04.269+0000] {processor.py:183} INFO - Processing /home/airflow/.local/lib/python3.12/site-packages/airflow/example_dags/example_params_ui_tutorial.py took 0.750 seconds
[2026-05-20T08:14:34.468+0000] {processor.py:161} INFO - Started process (PID=881) to work on /home/airflow/.local/lib/python3.12/site-packages/airflow/example_dags/example_params_ui_tutorial.py
[2026-05-20T08:14:34.471+0000] {processor.py:830} INFO - Processing file /home/airflow/.local/lib/python3.12/site-packages/airflow/example_dags/example_params_ui_tutorial.py for tasks to queue
[2026-05-20T08:14:34.479+0000] {logging_mixin.py:188} INFO - [2026-05-20T08:14:34.477+0000] {dagbag.py:545} INFO - Filling up the DagBag from /home/airflow/.local/lib/python3.12/site-packages/airflow/example_dags/example_params_ui_tutorial.py
[2026-05-20T08:14:34.503+0000] {processor.py:840} INFO - DAG(s) 'example_params_ui_tutorial' retrieved from /home/airflow/.local/lib/python3.12/site-packages/airflow/example_dags/example_params_ui_tutorial.py
[2026-05-20T08:14:34.688+0000] {logging_mixin.py:188} INFO - [2026-05-20T08:14:34.688+0000] {dag.py:3089} INFO - Sync 1 DAGs
[2026-05-20T08:14:34.723+0000] {logging_mixin.py:188} INFO - [2026-05-20T08:14:34.723+0000] {dag.py:3947} INFO - Setting next_dagrun for example_params_ui_tutorial to None, run_after=None
[2026-05-20T08:14:34.777+0000] {processor.py:183} INFO - Processing /home/airflow/.local/lib/python3.12/site-packages/airflow/example_dags/example_params_ui_tutorial.py took 0.328 seconds
[2026-05-20T08:15:05.686+0000] {processor.py:161} INFO - Started process (PID=941) to work on /home/airflow/.local/lib/python3.12/site-packages/airflow/example_dags/example_params_ui_tutorial.py
[2026-05-20T08:15:05.687+0000] {processor.py:830} INFO - Processing file /home/airflow/.local/lib/python3.12/site-packages/airflow/example_dags/example_params_ui_tutorial.py for tasks to queue
[2026-05-20T08:15:05.691+0000] {logging_mixin.py:188} INFO - [2026-05-20T08:15:05.690+0000] {dagbag.py:545} INFO - Filling up the DagBag from /home/airflow/.local/lib/python3.12/site-packages/airflow/example_dags/example_params_ui_tutorial.py
[2026-05-20T08:15:05.703+0000] {processor.py:840} INFO - DAG(s) 'example_params_ui_tutorial' retrieved from /home/airflow/.local/lib/python3.12/site-packages/airflow/example_dags/example_params_ui_tutorial.py
[2026-05-20T08:15:05.786+0000] {logging_mixin.py:188} INFO - [2026-05-20T08:15:05.786+0000] {dag.py:3089} INFO - Sync 1 DAGs
[2026-05-20T08:15:05.812+0000] {logging_mixin.py:188} INFO - [2026-05-20T08:15:05.811+0000] {dag.py:3947} INFO - Setting next_dagrun for example_params_ui_tutorial to None, run_after=None
[2026-05-20T08:15:05.841+0000] {processor.py:183} INFO - Processing /home/airflow/.local/lib/python3.12/site-packages/airflow/example_dags/example_params_ui_tutorial.py took 0.165 seconds
[2026-05-20T08:15:36.234+0000] {processor.py:161} INFO - Started process (PID=1001) to work on /home/airflow/.local/lib/python3.12/site-packages/airflow/example_dags/example_params_ui_tutorial.py
[2026-05-20T08:15:36.237+0000] {processor.py:830} INFO - Processing file /home/airflow/.local/lib/python3.12/site-packages/airflow/example_dags/example_params_ui_tutorial.py for tasks to queue
[2026-05-20T08:15:36.240+0000] {logging_mixin.py:188} INFO - [2026-05-20T08:15:36.240+0000] {dagbag.py:545} INFO - Filling up the DagBag from /home/airflow/.local/lib/python3.12/site-packages/airflow/example_dags/example_params_ui_tutorial.py
[2026-05-20T08:15:36.253+0000] {processor.py:840} INFO - DAG(s) 'example_params_ui_tutorial' retrieved from /home/airflow/.local/lib/python3.12/site-packages/airflow/example_dags/example_params_ui_tutorial.py
[2026-05-20T08:15:36.355+0000] {logging_mixin.py:188} INFO - [2026-05-20T08:15:36.355+0000] {dag.py:3089} INFO - Sync 1 DAGs
[2026-05-20T08:15:36.383+0000] {logging_mixin.py:188} INFO - [2026-05-20T08:15:36.382+0000] {dag.py:3947} INFO - Setting next_dagrun for example_params_ui_tutorial to None, run_after=None
[2026-05-20T08:15:36.418+0000] {processor.py:183} INFO - Processing /home/airflow/.local/lib/python3.12/site-packages/airflow/example_dags/example_params_ui_tutorial.py took 0.200 seconds
[2026-05-20T08:16:06.580+0000] {processor.py:161} INFO - Started process (PID=1062) to work on /home/airflow/.local/lib/python3.12/site-packages/airflow/example_dags/example_params_ui_tutorial.py
[2026-05-20T08:16:06.582+0000] {processor.py:830} INFO - Processing file /home/airflow/.local/lib/python3.12/site-packages/airflow/example_dags/example_params_ui_tutorial.py for tasks to queue
[2026-05-20T08:16:06.586+0000] {logging_mixin.py:188} INFO - [2026-05-20T08:16:06.585+0000] {dagbag.py:545} INFO - Filling up the DagBag from /home/airflow/.local/lib/python3.12/site-packages/airflow/example_dags/example_params_ui_tutorial.py
[2026-05-20T08:16:06.597+0000] {processor.py:840} INFO - DAG(s) 'example_params_ui_tutorial' retrieved from /home/airflow/.local/lib/python3.12/site-packages/airflow/example_dags/example_params_ui_tutorial.py
[2026-05-20T08:16:06.680+0000] {logging_mixin.py:188} INFO - [2026-05-20T08:16:06.680+0000] {dag.py:3089} INFO - Sync 1 DAGs
[2026-05-20T08:16:06.699+0000] {logging_mixin.py:188} INFO - [2026-05-20T08:16:06.699+0000] {dag.py:3947} INFO - Setting next_dagrun for example_params_ui_tutorial to None, run_after=None
[2026-05-20T08:16:06.729+0000] {processor.py:183} INFO - Processing /home/airflow/.local/lib/python3.12/site-packages/airflow/example_dags/example_params_ui_tutorial.py took 0.159 seconds
[2026-05-20T08:16:37.534+0000] {processor.py:161} INFO - Started process (PID=1122) to work on /home/airflow/.local/lib/python3.12/site-packages/airflow/example_dags/example_params_ui_tutorial.py
[2026-05-20T08:16:37.537+0000] {processor.py:830} INFO - Processing file /home/airflow/.local/lib/python3.12/site-packages/airflow/example_dags/example_params_ui_tutorial.py for tasks to queue
[2026-05-20T08:16:37.542+0000] {logging_mixin.py:188} INFO - [2026-05-20T08:16:37.541+0000] {dagbag.py:545} INFO - Filling up the DagBag from /home/airflow/.local/lib/python3.12/site-packages/airflow/example_dags/example_params_ui_tutorial.py
[2026-05-20T08:16:37.563+0000] {processor.py:840} INFO - DAG(s) 'example_params_ui_tutorial' retrieved from /home/airflow/.local/lib/python3.12/site-packages/airflow/example_dags/example_params_ui_tutorial.py
[2026-05-20T08:16:37.683+0000] {logging_mixin.py:188} INFO - [2026-05-20T08:16:37.682+0000] {dag.py:3089} INFO - Sync 1 DAGs
[2026-05-20T08:16:37.707+0000] {logging_mixin.py:188} INFO - [2026-05-20T08:16:37.706+0000] {dag.py:3947} INFO - Setting next_dagrun for example_params_ui_tutorial to None, run_after=None
[2026-05-20T08:16:37.745+0000] {processor.py:183} INFO - Processing /home/airflow/.local/lib/python3.12/site-packages/airflow/example_dags/example_params_ui_tutorial.py took 0.228 seconds
[2026-05-20T08:17:08.355+0000] {processor.py:161} INFO - Started process (PID=1182) to work on /home/airflow/.local/lib/python3.12/site-packages/airflow/example_dags/example_params_ui_tutorial.py
[2026-05-20T08:17:08.358+0000] {processor.py:830} INFO - Processing file /home/airflow/.local/lib/python3.12/site-packages/airflow/example_dags/example_params_ui_tutorial.py for tasks to queue
[2026-05-20T08:17:08.362+0000] {logging_mixin.py:188} INFO - [2026-05-20T08:17:08.362+0000] {dagbag.py:545} INFO - Filling up the DagBag from /home/airflow/.local/lib/python3.12/site-packages/airflow/example_dags/example_params_ui_tutorial.py
[2026-05-20T08:17:08.382+0000] {processor.py:840} INFO - DAG(s) 'example_params_ui_tutorial' retrieved from /home/airflow/.local/lib/python3.12/site-packages/airflow/example_dags/example_params_ui_tutorial.py
[2026-05-20T08:17:08.553+0000] {logging_mixin.py:188} INFO - [2026-05-20T08:17:08.553+0000] {dag.py:3089} INFO - Sync 1 DAGs
[2026-05-20T08:17:08.587+0000] {logging_mixin.py:188} INFO - [2026-05-20T08:17:08.586+0000] {dag.py:3947} INFO - Setting next_dagrun for example_params_ui_tutorial to None, run_after=None
[2026-05-20T08:17:08.636+0000] {processor.py:183} INFO - Processing /home/airflow/.local/lib/python3.12/site-packages/airflow/example_dags/example_params_ui_tutorial.py took 0.295 seconds
[2026-05-20T08:17:39.540+0000] {processor.py:161} INFO - Started process (PID=1248) to work on /home/airflow/.local/lib/python3.12/site-packages/airflow/example_dags/example_params_ui_tutorial.py
[2026-05-20T08:17:39.542+0000] {processor.py:830} INFO - Processing file /home/airflow/.local/lib/python3.12/site-packages/airflow/example_dags/example_params_ui_tutorial.py for tasks to queue
[2026-05-20T08:17:39.545+0000] {logging_mixin.py:188} INFO - [2026-05-20T08:17:39.544+0000] {dagbag.py:545} INFO - Filling up the DagBag from /home/airflow/.local/lib/python3.12/site-packages/airflow/example_dags/example_params_ui_tutorial.py
[2026-05-20T08:17:39.558+0000] {processor.py:840} INFO - DAG(s) 'example_params_ui_tutorial' retrieved from /home/airflow/.local/lib/python3.12/site-packages/airflow/example_dags/example_params_ui_tutorial.py
[2026-05-20T08:17:39.648+0000] {logging_mixin.py:188} INFO - [2026-05-20T08:17:39.647+0000] {dag.py:3089} INFO - Sync 1 DAGs
[2026-05-20T08:17:39.670+0000] {logging_mixin.py:188} INFO - [2026-05-20T08:17:39.669+0000] {dag.py:3947} INFO - Setting next_dagrun for example_params_ui_tutorial to None, run_after=None
[2026-05-20T08:17:39.698+0000] {processor.py:183} INFO - Processing /home/airflow/.local/lib/python3.12/site-packages/airflow/example_dags/example_params_ui_tutorial.py took 0.167 seconds
[2026-05-20T08:18:10.020+0000] {processor.py:161} INFO - Started process (PID=1308) to work on /home/airflow/.local/lib/python3.12/site-packages/airflow/example_dags/example_params_ui_tutorial.py
[2026-05-20T08:18:10.023+0000] {processor.py:830} INFO - Processing file /home/airflow/.local/lib/python3.12/site-packages/airflow/example_dags/example_params_ui_tutorial.py for tasks to queue
[2026-05-20T08:18:10.029+0000] {logging_mixin.py:188} INFO - [2026-05-20T08:18:10.028+0000] {dagbag.py:545} INFO - Filling up the DagBag from /home/airflow/.local/lib/python3.12/site-packages/airflow/example_dags/example_params_ui_tutorial.py
[2026-05-20T08:18:10.050+0000] {processor.py:840} INFO - DAG(s) 'example_params_ui_tutorial' retrieved from /home/airflow/.local/lib/python3.12/site-packages/airflow/example_dags/example_params_ui_tutorial.py
[2026-05-20T08:18:10.217+0000] {logging_mixin.py:188} INFO - [2026-05-20T08:18:10.216+0000] {dag.py:3089} INFO - Sync 1 DAGs
[2026-05-20T08:18:10.295+0000] {logging_mixin.py:188} INFO - [2026-05-20T08:18:10.294+0000] {dag.py:3947} INFO - Setting next_dagrun for example_params_ui_tutorial to None, run_after=None
[2026-05-20T08:18:10.343+0000] {processor.py:183} INFO - Processing /home/airflow/.local/lib/python3.12/site-packages/airflow/example_dags/example_params_ui_tutorial.py took 0.341 seconds
[2026-05-20T08:18:40.551+0000] {processor.py:161} INFO - Started process (PID=1368) to work on /home/airflow/.local/lib/python3.12/site-packages/airflow/example_dags/example_params_ui_tutorial.py
[2026-05-20T08:18:40.553+0000] {processor.py:830} INFO - Processing file /home/airflow/.local/lib/python3.12/site-packages/airflow/example_dags/example_params_ui_tutorial.py for tasks to queue
[2026-05-20T08:18:40.557+0000] {logging_mixin.py:188} INFO - [2026-05-20T08:18:40.556+0000] {dagbag.py:545} INFO - Filling up the DagBag from /home/airflow/.local/lib/python3.12/site-packages/airflow/example_dags/example_params_ui_tutorial.py
[2026-05-20T08:18:40.569+0000] {processor.py:840} INFO - DAG(s) 'example_params_ui_tutorial' retrieved from /home/airflow/.local/lib/python3.12/site-packages/airflow/example_dags/example_params_ui_tutorial.py
[2026-05-20T08:18:40.655+0000] {logging_mixin.py:188} INFO - [2026-05-20T08:18:40.654+0000] {dag.py:3089} INFO - Sync 1 DAGs
[2026-05-20T08:18:40.675+0000] {logging_mixin.py:188} INFO - [2026-05-20T08:18:40.675+0000] {dag.py:3947} INFO - Setting next_dagrun for example_params_ui_tutorial to None, run_after=None
[2026-05-20T08:18:40.706+0000] {processor.py:183} INFO - Processing /home/airflow/.local/lib/python3.12/site-packages/airflow/example_dags/example_params_ui_tutorial.py took 0.165 seconds
[2026-05-20T08:19:11.028+0000] {processor.py:161} INFO - Started process (PID=1428) to work on /home/airflow/.local/lib/python3.12/site-packages/airflow/example_dags/example_params_ui_tutorial.py
[2026-05-20T08:19:11.031+0000] {processor.py:830} INFO - Processing file /home/airflow/.local/lib/python3.12/site-packages/airflow/example_dags/example_params_ui_tutorial.py for tasks to queue
[2026-05-20T08:19:11.036+0000] {logging_mixin.py:188} INFO - [2026-05-20T08:19:11.035+0000] {dagbag.py:545} INFO - Filling up the DagBag from /home/airflow/.local/lib/python3.12/site-packages/airflow/example_dags/example_params_ui_tutorial.py
[2026-05-20T08:19:11.051+0000] {processor.py:840} INFO - DAG(s) 'example_params_ui_tutorial' retrieved from /home/airflow/.local/lib/python3.12/site-packages/airflow/example_dags/example_params_ui_tutorial.py
[2026-05-20T08:19:11.134+0000] {logging_mixin.py:188} INFO - [2026-05-20T08:19:11.134+0000] {dag.py:3089} INFO - Sync 1 DAGs
[2026-05-20T08:19:11.155+0000] {logging_mixin.py:188} INFO - [2026-05-20T08:19:11.154+0000] {dag.py:3947} INFO - Setting next_dagrun for example_params_ui_tutorial to None, run_after=None
[2026-05-20T08:19:11.202+0000] {processor.py:183} INFO - Processing /home/airflow/.local/lib/python3.12/site-packages/airflow/example_dags/example_params_ui_tutorial.py took 0.184 seconds
[2026-05-20T08:19:41.335+0000] {processor.py:161} INFO - Started process (PID=1487) to work on /home/airflow/.local/lib/python3.12/site-packages/airflow/example_dags/example_params_ui_tutorial.py
[2026-05-20T08:19:41.337+0000] {processor.py:830} INFO - Processing file /home/airflow/.local/lib/python3.12/site-packages/airflow/example_dags/example_params_ui_tutorial.py for tasks to queue
[2026-05-20T08:19:41.340+0000] {logging_mixin.py:188} INFO - [2026-05-20T08:19:41.340+0000] {dagbag.py:545} INFO - Filling up the DagBag from /home/airflow/.local/lib/python3.12/site-packages/airflow/example_dags/example_params_ui_tutorial.py
[2026-05-20T08:19:41.351+0000] {processor.py:840} INFO - DAG(s) 'example_params_ui_tutorial' retrieved from /home/airflow/.local/lib/python3.12/site-packages/airflow/example_dags/example_params_ui_tutorial.py
[2026-05-20T08:19:41.429+0000] {logging_mixin.py:188} INFO - [2026-05-20T08:19:41.428+0000] {dag.py:3089} INFO - Sync 1 DAGs
[2026-05-20T08:19:41.450+0000] {logging_mixin.py:188} INFO - [2026-05-20T08:19:41.449+0000] {dag.py:3947} INFO - Setting next_dagrun for example_params_ui_tutorial to None, run_after=None
[2026-05-20T08:19:41.480+0000] {processor.py:183} INFO - Processing /home/airflow/.local/lib/python3.12/site-packages/airflow/example_dags/example_params_ui_tutorial.py took 0.156 seconds
[2026-05-20T08:20:11.570+0000] {processor.py:161} INFO - Started process (PID=1547) to work on /home/airflow/.local/lib/python3.12/site-packages/airflow/example_dags/example_params_ui_tutorial.py
[2026-05-20T08:20:11.572+0000] {processor.py:830} INFO - Processing file /home/airflow/.local/lib/python3.12/site-packages/airflow/example_dags/example_params_ui_tutorial.py for tasks to queue
[2026-05-20T08:20:11.575+0000] {logging_mixin.py:188} INFO - [2026-05-20T08:20:11.575+0000] {dagbag.py:545} INFO - Filling up the DagBag from /home/airflow/.local/lib/python3.12/site-packages/airflow/example_dags/example_params_ui_tutorial.py
[2026-05-20T08:20:11.586+0000] {processor.py:840} INFO - DAG(s) 'example_params_ui_tutorial' retrieved from /home/airflow/.local/lib/python3.12/site-packages/airflow/example_dags/example_params_ui_tutorial.py
[2026-05-20T08:20:11.662+0000] {logging_mixin.py:188} INFO - [2026-05-20T08:20:11.662+0000] {dag.py:3089} INFO - Sync 1 DAGs
[2026-05-20T08:20:11.681+0000] {logging_mixin.py:188} INFO - [2026-05-20T08:20:11.681+0000] {dag.py:3947} INFO - Setting next_dagrun for example_params_ui_tutorial to None, run_after=None
[2026-05-20T08:20:11.711+0000] {processor.py:183} INFO - Processing /home/airflow/.local/lib/python3.12/site-packages/airflow/example_dags/example_params_ui_tutorial.py took 0.150 seconds
[2026-05-20T08:20:43.638+0000] {processor.py:161} INFO - Started process (PID=1599) to work on /home/airflow/.local/lib/python3.12/site-packages/airflow/example_dags/example_params_ui_tutorial.py
[2026-05-20T08:20:43.640+0000] {processor.py:830} INFO - Processing file /home/airflow/.local/lib/python3.12/site-packages/airflow/example_dags/example_params_ui_tutorial.py for tasks to queue
[2026-05-20T08:20:43.644+0000] {logging_mixin.py:188} INFO - [2026-05-20T08:20:43.643+0000] {dagbag.py:545} INFO - Filling up the DagBag from /home/airflow/.local/lib/python3.12/site-packages/airflow/example_dags/example_params_ui_tutorial.py
[2026-05-20T08:20:43.657+0000] {processor.py:840} INFO - DAG(s) 'example_params_ui_tutorial' retrieved from /home/airflow/.local/lib/python3.12/site-packages/airflow/example_dags/example_params_ui_tutorial.py
[2026-05-20T08:20:43.773+0000] {logging_mixin.py:188} INFO - [2026-05-20T08:20:43.772+0000] {dag.py:3089} INFO - Sync 1 DAGs
[2026-05-20T08:20:43.800+0000] {logging_mixin.py:188} INFO - [2026-05-20T08:20:43.799+0000] {dag.py:3947} INFO - Setting next_dagrun for example_params_ui_tutorial to None, run_after=None
[2026-05-20T08:20:43.869+0000] {processor.py:183} INFO - Processing /home/airflow/.local/lib/python3.12/site-packages/airflow/example_dags/example_params_ui_tutorial.py took 0.250 seconds
[2026-05-20T08:21:15.858+0000] {processor.py:161} INFO - Started process (PID=1658) to work on /home/airflow/.local/lib/python3.12/site-packages/airflow/example_dags/example_params_ui_tutorial.py
[2026-05-20T08:21:15.862+0000] {processor.py:830} INFO - Processing file /home/airflow/.local/lib/python3.12/site-packages/airflow/example_dags/example_params_ui_tutorial.py for tasks to queue
[2026-05-20T08:21:15.883+0000] {logging_mixin.py:188} INFO - [2026-05-20T08:21:15.875+0000] {dagbag.py:545} INFO - Filling up the DagBag from /home/airflow/.local/lib/python3.12/site-packages/airflow/example_dags/example_params_ui_tutorial.py
[2026-05-20T08:21:15.923+0000] {processor.py:840} INFO - DAG(s) 'example_params_ui_tutorial' retrieved from /home/airflow/.local/lib/python3.12/site-packages/airflow/example_dags/example_params_ui_tutorial.py
[2026-05-20T08:21:16.246+0000] {logging_mixin.py:188} INFO - [2026-05-20T08:21:16.245+0000] {dag.py:3089} INFO - Sync 1 DAGs
[2026-05-20T08:21:16.337+0000] {logging_mixin.py:188} INFO - [2026-05-20T08:21:16.337+0000] {dag.py:3947} INFO - Setting next_dagrun for example_params_ui_tutorial to None, run_after=None
[2026-05-20T08:21:16.437+0000] {processor.py:183} INFO - Processing /home/airflow/.local/lib/python3.12/site-packages/airflow/example_dags/example_params_ui_tutorial.py took 0.620 seconds
[2026-05-20T08:21:47.956+0000] {processor.py:161} INFO - Started process (PID=1718) to work on /home/airflow/.local/lib/python3.12/site-packages/airflow/example_dags/example_params_ui_tutorial.py
[2026-05-20T08:21:47.965+0000] {processor.py:830} INFO - Processing file /home/airflow/.local/lib/python3.12/site-packages/airflow/example_dags/example_params_ui_tutorial.py for tasks to queue
[2026-05-20T08:21:47.970+0000] {logging_mixin.py:188} INFO - [2026-05-20T08:21:47.969+0000] {dagbag.py:545} INFO - Filling up the DagBag from /home/airflow/.local/lib/python3.12/site-packages/airflow/example_dags/example_params_ui_tutorial.py
[2026-05-20T08:21:47.996+0000] {processor.py:840} INFO - DAG(s) 'example_params_ui_tutorial' retrieved from /home/airflow/.local/lib/python3.12/site-packages/airflow/example_dags/example_params_ui_tutorial.py
[2026-05-20T08:21:48.250+0000] {logging_mixin.py:188} INFO - [2026-05-20T08:21:48.250+0000] {dag.py:3089} INFO - Sync 1 DAGs
[2026-05-20T08:21:48.353+0000] {logging_mixin.py:188} INFO - [2026-05-20T08:21:48.352+0000] {dag.py:3947} INFO - Setting next_dagrun for example_params_ui_tutorial to None, run_after=None
[2026-05-20T08:21:48.508+0000] {processor.py:183} INFO - Processing /home/airflow/.local/lib/python3.12/site-packages/airflow/example_dags/example_params_ui_tutorial.py took 0.573 seconds
[2026-05-20T08:22:18.894+0000] {processor.py:161} INFO - Started process (PID=1778) to work on /home/airflow/.local/lib/python3.12/site-packages/airflow/example_dags/example_params_ui_tutorial.py
[2026-05-20T08:22:18.897+0000] {processor.py:830} INFO - Processing file /home/airflow/.local/lib/python3.12/site-packages/airflow/example_dags/example_params_ui_tutorial.py for tasks to queue
[2026-05-20T08:22:18.903+0000] {logging_mixin.py:188} INFO - [2026-05-20T08:22:18.902+0000] {dagbag.py:545} INFO - Filling up the DagBag from /home/airflow/.local/lib/python3.12/site-packages/airflow/example_dags/example_params_ui_tutorial.py
[2026-05-20T08:22:18.930+0000] {processor.py:840} INFO - DAG(s) 'example_params_ui_tutorial' retrieved from /home/airflow/.local/lib/python3.12/site-packages/airflow/example_dags/example_params_ui_tutorial.py
[2026-05-20T08:22:19.228+0000] {logging_mixin.py:188} INFO - [2026-05-20T08:22:19.227+0000] {dag.py:3089} INFO - Sync 1 DAGs
[2026-05-20T08:22:19.302+0000] {logging_mixin.py:188} INFO - [2026-05-20T08:22:19.301+0000] {dag.py:3947} INFO - Setting next_dagrun for example_params_ui_tutorial to None, run_after=None
[2026-05-20T08:22:19.437+0000] {processor.py:183} INFO - Processing /home/airflow/.local/lib/python3.12/site-packages/airflow/example_dags/example_params_ui_tutorial.py took 0.563 seconds
[2026-05-20T08:22:49.711+0000] {processor.py:161} INFO - Started process (PID=1838) to work on /home/airflow/.local/lib/python3.12/site-packages/airflow/example_dags/example_params_ui_tutorial.py
[2026-05-20T08:22:49.713+0000] {processor.py:830} INFO - Processing file /home/airflow/.local/lib/python3.12/site-packages/airflow/example_dags/example_params_ui_tutorial.py for tasks to queue
[2026-05-20T08:22:49.717+0000] {logging_mixin.py:188} INFO - [2026-05-20T08:22:49.717+0000] {dagbag.py:545} INFO - Filling up the DagBag from /home/airflow/.local/lib/python3.12/site-packages/airflow/example_dags/example_params_ui_tutorial.py
[2026-05-20T08:22:49.733+0000] {processor.py:840} INFO - DAG(s) 'example_params_ui_tutorial' retrieved from /home/airflow/.local/lib/python3.12/site-packages/airflow/example_dags/example_params_ui_tutorial.py
[2026-05-20T08:22:49.834+0000] {logging_mixin.py:188} INFO - [2026-05-20T08:22:49.834+0000] {dag.py:3089} INFO - Sync 1 DAGs
[2026-05-20T08:22:49.861+0000] {logging_mixin.py:188} INFO - [2026-05-20T08:22:49.860+0000] {dag.py:3947} INFO - Setting next_dagrun for example_params_ui_tutorial to None, run_after=None
[2026-05-20T08:22:49.902+0000] {processor.py:183} INFO - Processing /home/airflow/.local/lib/python3.12/site-packages/airflow/example_dags/example_params_ui_tutorial.py took 0.203 seconds
[2026-05-20T08:23:20.031+0000] {processor.py:161} INFO - Started process (PID=1897) to work on /home/airflow/.local/lib/python3.12/site-packages/airflow/example_dags/example_params_ui_tutorial.py
[2026-05-20T08:23:20.034+0000] {processor.py:830} INFO - Processing file /home/airflow/.local/lib/python3.12/site-packages/airflow/example_dags/example_params_ui_tutorial.py for tasks to queue
[2026-05-20T08:23:20.043+0000] {logging_mixin.py:188} INFO - [2026-05-20T08:23:20.042+0000] {dagbag.py:545} INFO - Filling up the DagBag from /home/airflow/.local/lib/python3.12/site-packages/airflow/example_dags/example_params_ui_tutorial.py
[2026-05-20T08:23:20.065+0000] {processor.py:840} INFO - DAG(s) 'example_params_ui_tutorial' retrieved from /home/airflow/.local/lib/python3.12/site-packages/airflow/example_dags/example_params_ui_tutorial.py
[2026-05-20T08:23:20.256+0000] {logging_mixin.py:188} INFO - [2026-05-20T08:23:20.255+0000] {dag.py:3089} INFO - Sync 1 DAGs
[2026-05-20T08:23:20.289+0000] {logging_mixin.py:188} INFO - [2026-05-20T08:23:20.288+0000] {dag.py:3947} INFO - Setting next_dagrun for example_params_ui_tutorial to None, run_after=None
[2026-05-20T08:23:20.345+0000] {processor.py:183} INFO - Processing /home/airflow/.local/lib/python3.12/site-packages/airflow/example_dags/example_params_ui_tutorial.py took 0.329 seconds
[2026-05-20T08:23:54.806+0000] {processor.py:161} INFO - Started process (PID=1958) to work on /home/airflow/.local/lib/python3.12/site-packages/airflow/example_dags/example_params_ui_tutorial.py
[2026-05-20T08:23:54.810+0000] {processor.py:830} INFO - Processing file /home/airflow/.local/lib/python3.12/site-packages/airflow/example_dags/example_params_ui_tutorial.py for tasks to queue
[2026-05-20T08:23:54.824+0000] {logging_mixin.py:188} INFO - [2026-05-20T08:23:54.822+0000] {dagbag.py:545} INFO - Filling up the DagBag from /home/airflow/.local/lib/python3.12/site-packages/airflow/example_dags/example_params_ui_tutorial.py
[2026-05-20T08:23:54.907+0000] {processor.py:840} INFO - DAG(s) 'example_params_ui_tutorial' retrieved from /home/airflow/.local/lib/python3.12/site-packages/airflow/example_dags/example_params_ui_tutorial.py
[2026-05-20T08:23:55.259+0000] {logging_mixin.py:188} INFO - [2026-05-20T08:23:55.258+0000] {dag.py:3089} INFO - Sync 1 DAGs
[2026-05-20T08:23:55.299+0000] {logging_mixin.py:188} INFO - [2026-05-20T08:23:55.299+0000] {dag.py:3947} INFO - Setting next_dagrun for example_params_ui_tutorial to None, run_after=None
[2026-05-20T08:23:55.361+0000] {processor.py:183} INFO - Processing /home/airflow/.local/lib/python3.12/site-packages/airflow/example_dags/example_params_ui_tutorial.py took 0.597 seconds
[2026-05-20T08:24:25.495+0000] {processor.py:161} INFO - Started process (PID=2019) to work on /home/airflow/.local/lib/python3.12/site-packages/airflow/example_dags/example_params_ui_tutorial.py
[2026-05-20T08:24:25.500+0000] {processor.py:830} INFO - Processing file /home/airflow/.local/lib/python3.12/site-packages/airflow/example_dags/example_params_ui_tutorial.py for tasks to queue
[2026-05-20T08:24:25.504+0000] {logging_mixin.py:188} INFO - [2026-05-20T08:24:25.503+0000] {dagbag.py:545} INFO - Filling up the DagBag from /home/airflow/.local/lib/python3.12/site-packages/airflow/example_dags/example_params_ui_tutorial.py
[2026-05-20T08:24:25.518+0000] {processor.py:840} INFO - DAG(s) 'example_params_ui_tutorial' retrieved from /home/airflow/.local/lib/python3.12/site-packages/airflow/example_dags/example_params_ui_tutorial.py
[2026-05-20T08:24:25.692+0000] {logging_mixin.py:188} INFO - [2026-05-20T08:24:25.692+0000] {dag.py:3089} INFO - Sync 1 DAGs
[2026-05-20T08:24:25.727+0000] {logging_mixin.py:188} INFO - [2026-05-20T08:24:25.726+0000] {dag.py:3947} INFO - Setting next_dagrun for example_params_ui_tutorial to None, run_after=None
[2026-05-20T08:24:25.795+0000] {processor.py:183} INFO - Processing /home/airflow/.local/lib/python3.12/site-packages/airflow/example_dags/example_params_ui_tutorial.py took 0.317 seconds
[2026-05-20T08:24:59.266+0000] {processor.py:161} INFO - Started process (PID=2079) to work on /home/airflow/.local/lib/python3.12/site-packages/airflow/example_dags/example_params_ui_tutorial.py
[2026-05-20T08:24:59.315+0000] {processor.py:830} INFO - Processing file /home/airflow/.local/lib/python3.12/site-packages/airflow/example_dags/example_params_ui_tutorial.py for tasks to queue
[2026-05-20T08:24:59.335+0000] {logging_mixin.py:188} INFO - [2026-05-20T08:24:59.334+0000] {dagbag.py:545} INFO - Filling up the DagBag from /home/airflow/.local/lib/python3.12/site-packages/airflow/example_dags/example_params_ui_tutorial.py
[2026-05-20T08:24:59.393+0000] {processor.py:840} INFO - DAG(s) 'example_params_ui_tutorial' retrieved from /home/airflow/.local/lib/python3.12/site-packages/airflow/example_dags/example_params_ui_tutorial.py
[2026-05-20T08:24:59.778+0000] {logging_mixin.py:188} INFO - [2026-05-20T08:24:59.775+0000] {dag.py:3089} INFO - Sync 1 DAGs
[2026-05-20T08:24:59.866+0000] {logging_mixin.py:188} INFO - [2026-05-20T08:24:59.865+0000] {dag.py:3947} INFO - Setting next_dagrun for example_params_ui_tutorial to None, run_after=None
[2026-05-20T08:25:00.020+0000] {processor.py:183} INFO - Processing /home/airflow/.local/lib/python3.12/site-packages/airflow/example_dags/example_params_ui_tutorial.py took 0.784 seconds
[2026-05-20T08:25:45.509+0000] {processor.py:161} INFO - Started process (PID=2139) to work on /home/airflow/.local/lib/python3.12/site-packages/airflow/example_dags/example_params_ui_tutorial.py
[2026-05-20T08:25:45.511+0000] {processor.py:830} INFO - Processing file /home/airflow/.local/lib/python3.12/site-packages/airflow/example_dags/example_params_ui_tutorial.py for tasks to queue
[2026-05-20T08:25:45.515+0000] {logging_mixin.py:188} INFO - [2026-05-20T08:25:45.515+0000] {dagbag.py:545} INFO - Filling up the DagBag from /home/airflow/.local/lib/python3.12/site-packages/airflow/example_dags/example_params_ui_tutorial.py
[2026-05-20T08:25:45.529+0000] {processor.py:840} INFO - DAG(s) 'example_params_ui_tutorial' retrieved from /home/airflow/.local/lib/python3.12/site-packages/airflow/example_dags/example_params_ui_tutorial.py
[2026-05-20T08:25:45.723+0000] {logging_mixin.py:188} INFO - [2026-05-20T08:25:45.720+0000] {dag.py:3089} INFO - Sync 1 DAGs
[2026-05-20T08:25:45.790+0000] {logging_mixin.py:188} INFO - [2026-05-20T08:25:45.789+0000] {dag.py:3947} INFO - Setting next_dagrun for example_params_ui_tutorial to None, run_after=None
[2026-05-20T08:25:45.835+0000] {processor.py:183} INFO - Processing /home/airflow/.local/lib/python3.12/site-packages/airflow/example_dags/example_params_ui_tutorial.py took 0.338 seconds
[2026-05-20T08:26:16.901+0000] {processor.py:161} INFO - Started process (PID=2199) to work on /home/airflow/.local/lib/python3.12/site-packages/airflow/example_dags/example_params_ui_tutorial.py
[2026-05-20T08:26:16.903+0000] {processor.py:830} INFO - Processing file /home/airflow/.local/lib/python3.12/site-packages/airflow/example_dags/example_params_ui_tutorial.py for tasks to queue
[2026-05-20T08:26:16.907+0000] {logging_mixin.py:188} INFO - [2026-05-20T08:26:16.906+0000] {dagbag.py:545} INFO - Filling up the DagBag from /home/airflow/.local/lib/python3.12/site-packages/airflow/example_dags/example_params_ui_tutorial.py
[2026-05-20T08:26:16.921+0000] {processor.py:840} INFO - DAG(s) 'example_params_ui_tutorial' retrieved from /home/airflow/.local/lib/python3.12/site-packages/airflow/example_dags/example_params_ui_tutorial.py
[2026-05-20T08:26:17.017+0000] {logging_mixin.py:188} INFO - [2026-05-20T08:26:17.017+0000] {dag.py:3089} INFO - Sync 1 DAGs
[2026-05-20T08:26:17.042+0000] {logging_mixin.py:188} INFO - [2026-05-20T08:26:17.041+0000] {dag.py:3947} INFO - Setting next_dagrun for example_params_ui_tutorial to None, run_after=None
[2026-05-20T08:26:17.083+0000] {processor.py:183} INFO - Processing /home/airflow/.local/lib/python3.12/site-packages/airflow/example_dags/example_params_ui_tutorial.py took 0.192 seconds
[2026-05-20T08:26:48.314+0000] {processor.py:161} INFO - Started process (PID=2259) to work on /home/airflow/.local/lib/python3.12/site-packages/airflow/example_dags/example_params_ui_tutorial.py
[2026-05-20T08:26:48.315+0000] {processor.py:830} INFO - Processing file /home/airflow/.local/lib/python3.12/site-packages/airflow/example_dags/example_params_ui_tutorial.py for tasks to queue
[2026-05-20T08:26:48.319+0000] {logging_mixin.py:188} INFO - [2026-05-20T08:26:48.318+0000] {dagbag.py:545} INFO - Filling up the DagBag from /home/airflow/.local/lib/python3.12/site-packages/airflow/example_dags/example_params_ui_tutorial.py
[2026-05-20T08:26:48.332+0000] {processor.py:840} INFO - DAG(s) 'example_params_ui_tutorial' retrieved from /home/airflow/.local/lib/python3.12/site-packages/airflow/example_dags/example_params_ui_tutorial.py
[2026-05-20T08:26:48.408+0000] {logging_mixin.py:188} INFO - [2026-05-20T08:26:48.408+0000] {dag.py:3089} INFO - Sync 1 DAGs
[2026-05-20T08:26:48.429+0000] {logging_mixin.py:188} INFO - [2026-05-20T08:26:48.428+0000] {dag.py:3947} INFO - Setting next_dagrun for example_params_ui_tutorial to None, run_after=None
[2026-05-20T08:26:48.467+0000] {processor.py:183} INFO - Processing /home/airflow/.local/lib/python3.12/site-packages/airflow/example_dags/example_params_ui_tutorial.py took 0.163 seconds
