[2026-05-20T08:07:15.175+0000] {processor.py:161} INFO - Started process (PID=93) to work on /home/airflow/.local/lib/python3.12/site-packages/airflow/example_dags/example_external_task_marker_dag.py
[2026-05-20T08:07:15.178+0000] {processor.py:830} INFO - Processing file /home/airflow/.local/lib/python3.12/site-packages/airflow/example_dags/example_external_task_marker_dag.py for tasks to queue
[2026-05-20T08:07:15.187+0000] {logging_mixin.py:188} INFO - [2026-05-20T08:07:15.185+0000] {dagbag.py:545} INFO - Filling up the DagBag from /home/airflow/.local/lib/python3.12/site-packages/airflow/example_dags/example_external_task_marker_dag.py
[2026-05-20T08:07:15.234+0000] {processor.py:840} INFO - DAG(s) 'example_external_task_marker_child', 'example_external_task_marker_parent' retrieved from /home/airflow/.local/lib/python3.12/site-packages/airflow/example_dags/example_external_task_marker_dag.py
[2026-05-20T08:07:15.836+0000] {logging_mixin.py:188} INFO - [2026-05-20T08:07:15.835+0000] {dag.py:3089} INFO - Sync 2 DAGs
[2026-05-20T08:07:15.875+0000] {logging_mixin.py:188} INFO - [2026-05-20T08:07:15.874+0000] {dag.py:3947} INFO - Setting next_dagrun for example_external_task_marker_child to None, run_after=None
[2026-05-20T08:07:15.887+0000] {logging_mixin.py:188} INFO - [2026-05-20T08:07:15.886+0000] {dag.py:3947} INFO - Setting next_dagrun for example_external_task_marker_parent to None, run_after=None
[2026-05-20T08:07:15.965+0000] {processor.py:183} INFO - Processing /home/airflow/.local/lib/python3.12/site-packages/airflow/example_dags/example_external_task_marker_dag.py took 0.809 seconds
[2026-05-20T08:08:07.455+0000] {processor.py:161} INFO - Started process (PID=161) to work on /home/airflow/.local/lib/python3.12/site-packages/airflow/example_dags/example_external_task_marker_dag.py
[2026-05-20T08:08:07.458+0000] {processor.py:830} INFO - Processing file /home/airflow/.local/lib/python3.12/site-packages/airflow/example_dags/example_external_task_marker_dag.py for tasks to queue
[2026-05-20T08:08:07.464+0000] {logging_mixin.py:188} INFO - [2026-05-20T08:08:07.463+0000] {dagbag.py:545} INFO - Filling up the DagBag from /home/airflow/.local/lib/python3.12/site-packages/airflow/example_dags/example_external_task_marker_dag.py
[2026-05-20T08:08:07.479+0000] {processor.py:840} INFO - DAG(s) 'example_external_task_marker_parent', 'example_external_task_marker_child' retrieved from /home/airflow/.local/lib/python3.12/site-packages/airflow/example_dags/example_external_task_marker_dag.py
[2026-05-20T08:08:07.536+0000] {logging_mixin.py:188} INFO - [2026-05-20T08:08:07.535+0000] {dag.py:3089} INFO - Sync 2 DAGs
[2026-05-20T08:08:07.580+0000] {logging_mixin.py:188} INFO - [2026-05-20T08:08:07.580+0000] {dag.py:3947} INFO - Setting next_dagrun for example_external_task_marker_child to None, run_after=None
[2026-05-20T08:08:07.588+0000] {logging_mixin.py:188} INFO - [2026-05-20T08:08:07.588+0000] {dag.py:3947} INFO - Setting next_dagrun for example_external_task_marker_parent to None, run_after=None
[2026-05-20T08:08:07.709+0000] {processor.py:183} INFO - Processing /home/airflow/.local/lib/python3.12/site-packages/airflow/example_dags/example_external_task_marker_dag.py took 0.265 seconds
[2026-05-20T08:08:42.979+0000] {processor.py:161} INFO - Started process (PID=220) to work on /home/airflow/.local/lib/python3.12/site-packages/airflow/example_dags/example_external_task_marker_dag.py
[2026-05-20T08:08:42.982+0000] {processor.py:830} INFO - Processing file /home/airflow/.local/lib/python3.12/site-packages/airflow/example_dags/example_external_task_marker_dag.py for tasks to queue
[2026-05-20T08:08:42.989+0000] {logging_mixin.py:188} INFO - [2026-05-20T08:08:42.987+0000] {dagbag.py:545} INFO - Filling up the DagBag from /home/airflow/.local/lib/python3.12/site-packages/airflow/example_dags/example_external_task_marker_dag.py
[2026-05-20T08:08:43.011+0000] {processor.py:840} INFO - DAG(s) 'example_external_task_marker_parent', 'example_external_task_marker_child' retrieved from /home/airflow/.local/lib/python3.12/site-packages/airflow/example_dags/example_external_task_marker_dag.py
[2026-05-20T08:08:43.083+0000] {logging_mixin.py:188} INFO - [2026-05-20T08:08:43.082+0000] {dag.py:3089} INFO - Sync 2 DAGs
[2026-05-20T08:08:43.114+0000] {logging_mixin.py:188} INFO - [2026-05-20T08:08:43.113+0000] {dag.py:3947} INFO - Setting next_dagrun for example_external_task_marker_child to None, run_after=None
[2026-05-20T08:08:43.122+0000] {logging_mixin.py:188} INFO - [2026-05-20T08:08:43.122+0000] {dag.py:3947} INFO - Setting next_dagrun for example_external_task_marker_parent to None, run_after=None
[2026-05-20T08:08:43.157+0000] {processor.py:183} INFO - Processing /home/airflow/.local/lib/python3.12/site-packages/airflow/example_dags/example_external_task_marker_dag.py took 0.201 seconds
[2026-05-20T08:09:14.275+0000] {processor.py:161} INFO - Started process (PID=279) to work on /home/airflow/.local/lib/python3.12/site-packages/airflow/example_dags/example_external_task_marker_dag.py
[2026-05-20T08:09:14.278+0000] {processor.py:830} INFO - Processing file /home/airflow/.local/lib/python3.12/site-packages/airflow/example_dags/example_external_task_marker_dag.py for tasks to queue
[2026-05-20T08:09:14.282+0000] {logging_mixin.py:188} INFO - [2026-05-20T08:09:14.281+0000] {dagbag.py:545} INFO - Filling up the DagBag from /home/airflow/.local/lib/python3.12/site-packages/airflow/example_dags/example_external_task_marker_dag.py
[2026-05-20T08:09:14.293+0000] {processor.py:840} INFO - DAG(s) 'example_external_task_marker_parent', 'example_external_task_marker_child' retrieved from /home/airflow/.local/lib/python3.12/site-packages/airflow/example_dags/example_external_task_marker_dag.py
[2026-05-20T08:09:14.340+0000] {logging_mixin.py:188} INFO - [2026-05-20T08:09:14.340+0000] {dag.py:3089} INFO - Sync 2 DAGs
[2026-05-20T08:09:14.368+0000] {logging_mixin.py:188} INFO - [2026-05-20T08:09:14.368+0000] {dag.py:3947} INFO - Setting next_dagrun for example_external_task_marker_child to None, run_after=None
[2026-05-20T08:09:14.374+0000] {logging_mixin.py:188} INFO - [2026-05-20T08:09:14.374+0000] {dag.py:3947} INFO - Setting next_dagrun for example_external_task_marker_parent to None, run_after=None
[2026-05-20T08:09:14.401+0000] {processor.py:183} INFO - Processing /home/airflow/.local/lib/python3.12/site-packages/airflow/example_dags/example_external_task_marker_dag.py took 0.142 seconds
[2026-05-20T08:09:45.971+0000] {processor.py:161} INFO - Started process (PID=339) to work on /home/airflow/.local/lib/python3.12/site-packages/airflow/example_dags/example_external_task_marker_dag.py
[2026-05-20T08:09:45.973+0000] {processor.py:830} INFO - Processing file /home/airflow/.local/lib/python3.12/site-packages/airflow/example_dags/example_external_task_marker_dag.py for tasks to queue
[2026-05-20T08:09:45.977+0000] {logging_mixin.py:188} INFO - [2026-05-20T08:09:45.976+0000] {dagbag.py:545} INFO - Filling up the DagBag from /home/airflow/.local/lib/python3.12/site-packages/airflow/example_dags/example_external_task_marker_dag.py
[2026-05-20T08:09:45.989+0000] {processor.py:840} INFO - DAG(s) 'example_external_task_marker_parent', 'example_external_task_marker_child' retrieved from /home/airflow/.local/lib/python3.12/site-packages/airflow/example_dags/example_external_task_marker_dag.py
[2026-05-20T08:09:46.032+0000] {logging_mixin.py:188} INFO - [2026-05-20T08:09:46.031+0000] {dag.py:3089} INFO - Sync 2 DAGs
[2026-05-20T08:09:46.065+0000] {logging_mixin.py:188} INFO - [2026-05-20T08:09:46.065+0000] {dag.py:3947} INFO - Setting next_dagrun for example_external_task_marker_child to None, run_after=None
[2026-05-20T08:09:46.076+0000] {logging_mixin.py:188} INFO - [2026-05-20T08:09:46.075+0000] {dag.py:3947} INFO - Setting next_dagrun for example_external_task_marker_parent to None, run_after=None
[2026-05-20T08:09:46.121+0000] {processor.py:183} INFO - Processing /home/airflow/.local/lib/python3.12/site-packages/airflow/example_dags/example_external_task_marker_dag.py took 0.162 seconds
[2026-05-20T08:10:18.561+0000] {processor.py:161} INFO - Started process (PID=397) to work on /home/airflow/.local/lib/python3.12/site-packages/airflow/example_dags/example_external_task_marker_dag.py
[2026-05-20T08:10:18.573+0000] {processor.py:830} INFO - Processing file /home/airflow/.local/lib/python3.12/site-packages/airflow/example_dags/example_external_task_marker_dag.py for tasks to queue
[2026-05-20T08:10:18.589+0000] {logging_mixin.py:188} INFO - [2026-05-20T08:10:18.581+0000] {dagbag.py:545} INFO - Filling up the DagBag from /home/airflow/.local/lib/python3.12/site-packages/airflow/example_dags/example_external_task_marker_dag.py
[2026-05-20T08:10:18.690+0000] {processor.py:840} INFO - DAG(s) 'example_external_task_marker_parent', 'example_external_task_marker_child' retrieved from /home/airflow/.local/lib/python3.12/site-packages/airflow/example_dags/example_external_task_marker_dag.py
[2026-05-20T08:10:18.848+0000] {logging_mixin.py:188} INFO - [2026-05-20T08:10:18.847+0000] {dag.py:3089} INFO - Sync 2 DAGs
[2026-05-20T08:10:18.983+0000] {logging_mixin.py:188} INFO - [2026-05-20T08:10:18.982+0000] {dag.py:3947} INFO - Setting next_dagrun for example_external_task_marker_child to None, run_after=None
[2026-05-20T08:10:19.002+0000] {logging_mixin.py:188} INFO - [2026-05-20T08:10:19.001+0000] {dag.py:3947} INFO - Setting next_dagrun for example_external_task_marker_parent to None, run_after=None
[2026-05-20T08:10:19.072+0000] {processor.py:183} INFO - Processing /home/airflow/.local/lib/python3.12/site-packages/airflow/example_dags/example_external_task_marker_dag.py took 0.537 seconds
[2026-05-20T08:10:49.996+0000] {processor.py:161} INFO - Started process (PID=456) to work on /home/airflow/.local/lib/python3.12/site-packages/airflow/example_dags/example_external_task_marker_dag.py
[2026-05-20T08:10:49.999+0000] {processor.py:830} INFO - Processing file /home/airflow/.local/lib/python3.12/site-packages/airflow/example_dags/example_external_task_marker_dag.py for tasks to queue
[2026-05-20T08:10:50.009+0000] {logging_mixin.py:188} INFO - [2026-05-20T08:10:50.007+0000] {dagbag.py:545} INFO - Filling up the DagBag from /home/airflow/.local/lib/python3.12/site-packages/airflow/example_dags/example_external_task_marker_dag.py
[2026-05-20T08:10:50.039+0000] {processor.py:840} INFO - DAG(s) 'example_external_task_marker_parent', 'example_external_task_marker_child' retrieved from /home/airflow/.local/lib/python3.12/site-packages/airflow/example_dags/example_external_task_marker_dag.py
[2026-05-20T08:10:50.142+0000] {logging_mixin.py:188} INFO - [2026-05-20T08:10:50.141+0000] {dag.py:3089} INFO - Sync 2 DAGs
[2026-05-20T08:10:50.209+0000] {logging_mixin.py:188} INFO - [2026-05-20T08:10:50.208+0000] {dag.py:3947} INFO - Setting next_dagrun for example_external_task_marker_child to None, run_after=None
[2026-05-20T08:10:50.232+0000] {logging_mixin.py:188} INFO - [2026-05-20T08:10:50.231+0000] {dag.py:3947} INFO - Setting next_dagrun for example_external_task_marker_parent to None, run_after=None
[2026-05-20T08:10:50.291+0000] {processor.py:183} INFO - Processing /home/airflow/.local/lib/python3.12/site-packages/airflow/example_dags/example_external_task_marker_dag.py took 0.320 seconds
[2026-05-20T08:11:20.625+0000] {processor.py:161} INFO - Started process (PID=515) to work on /home/airflow/.local/lib/python3.12/site-packages/airflow/example_dags/example_external_task_marker_dag.py
[2026-05-20T08:11:20.626+0000] {processor.py:830} INFO - Processing file /home/airflow/.local/lib/python3.12/site-packages/airflow/example_dags/example_external_task_marker_dag.py for tasks to queue
[2026-05-20T08:11:20.629+0000] {logging_mixin.py:188} INFO - [2026-05-20T08:11:20.629+0000] {dagbag.py:545} INFO - Filling up the DagBag from /home/airflow/.local/lib/python3.12/site-packages/airflow/example_dags/example_external_task_marker_dag.py
[2026-05-20T08:11:20.639+0000] {processor.py:840} INFO - DAG(s) 'example_external_task_marker_child', 'example_external_task_marker_parent' retrieved from /home/airflow/.local/lib/python3.12/site-packages/airflow/example_dags/example_external_task_marker_dag.py
[2026-05-20T08:11:20.680+0000] {logging_mixin.py:188} INFO - [2026-05-20T08:11:20.680+0000] {dag.py:3089} INFO - Sync 2 DAGs
[2026-05-20T08:11:20.703+0000] {logging_mixin.py:188} INFO - [2026-05-20T08:11:20.703+0000] {dag.py:3947} INFO - Setting next_dagrun for example_external_task_marker_child to None, run_after=None
[2026-05-20T08:11:20.710+0000] {logging_mixin.py:188} INFO - [2026-05-20T08:11:20.710+0000] {dag.py:3947} INFO - Setting next_dagrun for example_external_task_marker_parent to None, run_after=None
[2026-05-20T08:11:20.737+0000] {processor.py:183} INFO - Processing /home/airflow/.local/lib/python3.12/site-packages/airflow/example_dags/example_external_task_marker_dag.py took 0.121 seconds
[2026-05-20T08:11:51.457+0000] {processor.py:161} INFO - Started process (PID=575) to work on /home/airflow/.local/lib/python3.12/site-packages/airflow/example_dags/example_external_task_marker_dag.py
[2026-05-20T08:11:51.459+0000] {processor.py:830} INFO - Processing file /home/airflow/.local/lib/python3.12/site-packages/airflow/example_dags/example_external_task_marker_dag.py for tasks to queue
[2026-05-20T08:11:51.463+0000] {logging_mixin.py:188} INFO - [2026-05-20T08:11:51.462+0000] {dagbag.py:545} INFO - Filling up the DagBag from /home/airflow/.local/lib/python3.12/site-packages/airflow/example_dags/example_external_task_marker_dag.py
[2026-05-20T08:11:51.474+0000] {processor.py:840} INFO - DAG(s) 'example_external_task_marker_child', 'example_external_task_marker_parent' retrieved from /home/airflow/.local/lib/python3.12/site-packages/airflow/example_dags/example_external_task_marker_dag.py
[2026-05-20T08:11:51.532+0000] {logging_mixin.py:188} INFO - [2026-05-20T08:11:51.531+0000] {dag.py:3089} INFO - Sync 2 DAGs
[2026-05-20T08:11:51.579+0000] {logging_mixin.py:188} INFO - [2026-05-20T08:11:51.578+0000] {dag.py:3947} INFO - Setting next_dagrun for example_external_task_marker_child to None, run_after=None
[2026-05-20T08:11:51.596+0000] {logging_mixin.py:188} INFO - [2026-05-20T08:11:51.596+0000] {dag.py:3947} INFO - Setting next_dagrun for example_external_task_marker_parent to None, run_after=None
[2026-05-20T08:11:51.648+0000] {processor.py:183} INFO - Processing /home/airflow/.local/lib/python3.12/site-packages/airflow/example_dags/example_external_task_marker_dag.py took 0.203 seconds
[2026-05-20T08:12:21.812+0000] {processor.py:161} INFO - Started process (PID=634) to work on /home/airflow/.local/lib/python3.12/site-packages/airflow/example_dags/example_external_task_marker_dag.py
[2026-05-20T08:12:21.814+0000] {processor.py:830} INFO - Processing file /home/airflow/.local/lib/python3.12/site-packages/airflow/example_dags/example_external_task_marker_dag.py for tasks to queue
[2026-05-20T08:12:21.818+0000] {logging_mixin.py:188} INFO - [2026-05-20T08:12:21.817+0000] {dagbag.py:545} INFO - Filling up the DagBag from /home/airflow/.local/lib/python3.12/site-packages/airflow/example_dags/example_external_task_marker_dag.py
[2026-05-20T08:12:21.831+0000] {processor.py:840} INFO - DAG(s) 'example_external_task_marker_child', 'example_external_task_marker_parent' retrieved from /home/airflow/.local/lib/python3.12/site-packages/airflow/example_dags/example_external_task_marker_dag.py
[2026-05-20T08:12:21.876+0000] {logging_mixin.py:188} INFO - [2026-05-20T08:12:21.876+0000] {dag.py:3089} INFO - Sync 2 DAGs
[2026-05-20T08:12:21.911+0000] {logging_mixin.py:188} INFO - [2026-05-20T08:12:21.910+0000] {dag.py:3947} INFO - Setting next_dagrun for example_external_task_marker_child to None, run_after=None
[2026-05-20T08:12:21.926+0000] {logging_mixin.py:188} INFO - [2026-05-20T08:12:21.925+0000] {dag.py:3947} INFO - Setting next_dagrun for example_external_task_marker_parent to None, run_after=None
[2026-05-20T08:12:21.974+0000] {processor.py:183} INFO - Processing /home/airflow/.local/lib/python3.12/site-packages/airflow/example_dags/example_external_task_marker_dag.py took 0.178 seconds
[2026-05-20T08:12:52.210+0000] {processor.py:161} INFO - Started process (PID=694) to work on /home/airflow/.local/lib/python3.12/site-packages/airflow/example_dags/example_external_task_marker_dag.py
[2026-05-20T08:12:52.212+0000] {processor.py:830} INFO - Processing file /home/airflow/.local/lib/python3.12/site-packages/airflow/example_dags/example_external_task_marker_dag.py for tasks to queue
[2026-05-20T08:12:52.217+0000] {logging_mixin.py:188} INFO - [2026-05-20T08:12:52.216+0000] {dagbag.py:545} INFO - Filling up the DagBag from /home/airflow/.local/lib/python3.12/site-packages/airflow/example_dags/example_external_task_marker_dag.py
[2026-05-20T08:12:52.229+0000] {processor.py:840} INFO - DAG(s) 'example_external_task_marker_parent', 'example_external_task_marker_child' retrieved from /home/airflow/.local/lib/python3.12/site-packages/airflow/example_dags/example_external_task_marker_dag.py
[2026-05-20T08:12:52.277+0000] {logging_mixin.py:188} INFO - [2026-05-20T08:12:52.277+0000] {dag.py:3089} INFO - Sync 2 DAGs
[2026-05-20T08:12:52.301+0000] {logging_mixin.py:188} INFO - [2026-05-20T08:12:52.301+0000] {dag.py:3947} INFO - Setting next_dagrun for example_external_task_marker_child to None, run_after=None
[2026-05-20T08:12:52.309+0000] {logging_mixin.py:188} INFO - [2026-05-20T08:12:52.309+0000] {dag.py:3947} INFO - Setting next_dagrun for example_external_task_marker_parent to None, run_after=None
[2026-05-20T08:12:52.359+0000] {processor.py:183} INFO - Processing /home/airflow/.local/lib/python3.12/site-packages/airflow/example_dags/example_external_task_marker_dag.py took 0.163 seconds
[2026-05-20T08:13:23.254+0000] {processor.py:161} INFO - Started process (PID=754) to work on /home/airflow/.local/lib/python3.12/site-packages/airflow/example_dags/example_external_task_marker_dag.py
[2026-05-20T08:13:23.267+0000] {processor.py:830} INFO - Processing file /home/airflow/.local/lib/python3.12/site-packages/airflow/example_dags/example_external_task_marker_dag.py for tasks to queue
[2026-05-20T08:13:23.292+0000] {logging_mixin.py:188} INFO - [2026-05-20T08:13:23.291+0000] {dagbag.py:545} INFO - Filling up the DagBag from /home/airflow/.local/lib/python3.12/site-packages/airflow/example_dags/example_external_task_marker_dag.py
[2026-05-20T08:13:23.341+0000] {processor.py:840} INFO - DAG(s) 'example_external_task_marker_child', 'example_external_task_marker_parent' retrieved from /home/airflow/.local/lib/python3.12/site-packages/airflow/example_dags/example_external_task_marker_dag.py
[2026-05-20T08:13:23.533+0000] {logging_mixin.py:188} INFO - [2026-05-20T08:13:23.532+0000] {dag.py:3089} INFO - Sync 2 DAGs
[2026-05-20T08:13:23.660+0000] {logging_mixin.py:188} INFO - [2026-05-20T08:13:23.659+0000] {dag.py:3947} INFO - Setting next_dagrun for example_external_task_marker_child to None, run_after=None
[2026-05-20T08:13:23.691+0000] {logging_mixin.py:188} INFO - [2026-05-20T08:13:23.691+0000] {dag.py:3947} INFO - Setting next_dagrun for example_external_task_marker_parent to None, run_after=None
[2026-05-20T08:13:23.844+0000] {processor.py:183} INFO - Processing /home/airflow/.local/lib/python3.12/site-packages/airflow/example_dags/example_external_task_marker_dag.py took 0.681 seconds
[2026-05-20T08:13:54.368+0000] {processor.py:161} INFO - Started process (PID=814) to work on /home/airflow/.local/lib/python3.12/site-packages/airflow/example_dags/example_external_task_marker_dag.py
[2026-05-20T08:13:54.380+0000] {processor.py:830} INFO - Processing file /home/airflow/.local/lib/python3.12/site-packages/airflow/example_dags/example_external_task_marker_dag.py for tasks to queue
[2026-05-20T08:13:54.385+0000] {logging_mixin.py:188} INFO - [2026-05-20T08:13:54.384+0000] {dagbag.py:545} INFO - Filling up the DagBag from /home/airflow/.local/lib/python3.12/site-packages/airflow/example_dags/example_external_task_marker_dag.py
[2026-05-20T08:13:54.398+0000] {processor.py:840} INFO - DAG(s) 'example_external_task_marker_child', 'example_external_task_marker_parent' retrieved from /home/airflow/.local/lib/python3.12/site-packages/airflow/example_dags/example_external_task_marker_dag.py
[2026-05-20T08:13:54.483+0000] {logging_mixin.py:188} INFO - [2026-05-20T08:13:54.483+0000] {dag.py:3089} INFO - Sync 2 DAGs
[2026-05-20T08:13:54.533+0000] {logging_mixin.py:188} INFO - [2026-05-20T08:13:54.533+0000] {dag.py:3947} INFO - Setting next_dagrun for example_external_task_marker_child to None, run_after=None
[2026-05-20T08:13:54.545+0000] {logging_mixin.py:188} INFO - [2026-05-20T08:13:54.544+0000] {dag.py:3947} INFO - Setting next_dagrun for example_external_task_marker_parent to None, run_after=None
[2026-05-20T08:13:54.600+0000] {processor.py:183} INFO - Processing /home/airflow/.local/lib/python3.12/site-packages/airflow/example_dags/example_external_task_marker_dag.py took 0.241 seconds
[2026-05-20T08:14:25.432+0000] {processor.py:161} INFO - Started process (PID=874) to work on /home/airflow/.local/lib/python3.12/site-packages/airflow/example_dags/example_external_task_marker_dag.py
[2026-05-20T08:14:25.435+0000] {processor.py:830} INFO - Processing file /home/airflow/.local/lib/python3.12/site-packages/airflow/example_dags/example_external_task_marker_dag.py for tasks to queue
[2026-05-20T08:14:25.440+0000] {logging_mixin.py:188} INFO - [2026-05-20T08:14:25.439+0000] {dagbag.py:545} INFO - Filling up the DagBag from /home/airflow/.local/lib/python3.12/site-packages/airflow/example_dags/example_external_task_marker_dag.py
[2026-05-20T08:14:25.457+0000] {processor.py:840} INFO - DAG(s) 'example_external_task_marker_child', 'example_external_task_marker_parent' retrieved from /home/airflow/.local/lib/python3.12/site-packages/airflow/example_dags/example_external_task_marker_dag.py
[2026-05-20T08:14:25.539+0000] {logging_mixin.py:188} INFO - [2026-05-20T08:14:25.538+0000] {dag.py:3089} INFO - Sync 2 DAGs
[2026-05-20T08:14:25.576+0000] {logging_mixin.py:188} INFO - [2026-05-20T08:14:25.575+0000] {dag.py:3947} INFO - Setting next_dagrun for example_external_task_marker_child to None, run_after=None
[2026-05-20T08:14:25.588+0000] {logging_mixin.py:188} INFO - [2026-05-20T08:14:25.588+0000] {dag.py:3947} INFO - Setting next_dagrun for example_external_task_marker_parent to None, run_after=None
[2026-05-20T08:14:25.635+0000] {processor.py:183} INFO - Processing /home/airflow/.local/lib/python3.12/site-packages/airflow/example_dags/example_external_task_marker_dag.py took 0.217 seconds
[2026-05-20T08:14:55.848+0000] {processor.py:161} INFO - Started process (PID=934) to work on /home/airflow/.local/lib/python3.12/site-packages/airflow/example_dags/example_external_task_marker_dag.py
[2026-05-20T08:14:55.850+0000] {processor.py:830} INFO - Processing file /home/airflow/.local/lib/python3.12/site-packages/airflow/example_dags/example_external_task_marker_dag.py for tasks to queue
[2026-05-20T08:14:55.854+0000] {logging_mixin.py:188} INFO - [2026-05-20T08:14:55.853+0000] {dagbag.py:545} INFO - Filling up the DagBag from /home/airflow/.local/lib/python3.12/site-packages/airflow/example_dags/example_external_task_marker_dag.py
[2026-05-20T08:14:55.867+0000] {processor.py:840} INFO - DAG(s) 'example_external_task_marker_parent', 'example_external_task_marker_child' retrieved from /home/airflow/.local/lib/python3.12/site-packages/airflow/example_dags/example_external_task_marker_dag.py
[2026-05-20T08:14:55.905+0000] {logging_mixin.py:188} INFO - [2026-05-20T08:14:55.904+0000] {dag.py:3089} INFO - Sync 2 DAGs
[2026-05-20T08:14:55.925+0000] {logging_mixin.py:188} INFO - [2026-05-20T08:14:55.925+0000] {dag.py:3947} INFO - Setting next_dagrun for example_external_task_marker_child to None, run_after=None
[2026-05-20T08:14:55.931+0000] {logging_mixin.py:188} INFO - [2026-05-20T08:14:55.931+0000] {dag.py:3947} INFO - Setting next_dagrun for example_external_task_marker_parent to None, run_after=None
[2026-05-20T08:14:55.956+0000] {processor.py:183} INFO - Processing /home/airflow/.local/lib/python3.12/site-packages/airflow/example_dags/example_external_task_marker_dag.py took 0.119 seconds
[2026-05-20T08:15:27.137+0000] {processor.py:161} INFO - Started process (PID=993) to work on /home/airflow/.local/lib/python3.12/site-packages/airflow/example_dags/example_external_task_marker_dag.py
[2026-05-20T08:15:27.139+0000] {processor.py:830} INFO - Processing file /home/airflow/.local/lib/python3.12/site-packages/airflow/example_dags/example_external_task_marker_dag.py for tasks to queue
[2026-05-20T08:15:27.143+0000] {logging_mixin.py:188} INFO - [2026-05-20T08:15:27.142+0000] {dagbag.py:545} INFO - Filling up the DagBag from /home/airflow/.local/lib/python3.12/site-packages/airflow/example_dags/example_external_task_marker_dag.py
[2026-05-20T08:15:27.156+0000] {processor.py:840} INFO - DAG(s) 'example_external_task_marker_parent', 'example_external_task_marker_child' retrieved from /home/airflow/.local/lib/python3.12/site-packages/airflow/example_dags/example_external_task_marker_dag.py
[2026-05-20T08:15:27.207+0000] {logging_mixin.py:188} INFO - [2026-05-20T08:15:27.207+0000] {dag.py:3089} INFO - Sync 2 DAGs
[2026-05-20T08:15:27.237+0000] {logging_mixin.py:188} INFO - [2026-05-20T08:15:27.236+0000] {dag.py:3947} INFO - Setting next_dagrun for example_external_task_marker_child to None, run_after=None
[2026-05-20T08:15:27.248+0000] {logging_mixin.py:188} INFO - [2026-05-20T08:15:27.247+0000] {dag.py:3947} INFO - Setting next_dagrun for example_external_task_marker_parent to None, run_after=None
[2026-05-20T08:15:27.279+0000] {processor.py:183} INFO - Processing /home/airflow/.local/lib/python3.12/site-packages/airflow/example_dags/example_external_task_marker_dag.py took 0.152 seconds
[2026-05-20T08:15:57.377+0000] {processor.py:161} INFO - Started process (PID=1047) to work on /home/airflow/.local/lib/python3.12/site-packages/airflow/example_dags/example_external_task_marker_dag.py
[2026-05-20T08:15:57.379+0000] {processor.py:830} INFO - Processing file /home/airflow/.local/lib/python3.12/site-packages/airflow/example_dags/example_external_task_marker_dag.py for tasks to queue
[2026-05-20T08:15:57.384+0000] {logging_mixin.py:188} INFO - [2026-05-20T08:15:57.383+0000] {dagbag.py:545} INFO - Filling up the DagBag from /home/airflow/.local/lib/python3.12/site-packages/airflow/example_dags/example_external_task_marker_dag.py
[2026-05-20T08:15:57.398+0000] {processor.py:840} INFO - DAG(s) 'example_external_task_marker_child', 'example_external_task_marker_parent' retrieved from /home/airflow/.local/lib/python3.12/site-packages/airflow/example_dags/example_external_task_marker_dag.py
[2026-05-20T08:15:57.451+0000] {logging_mixin.py:188} INFO - [2026-05-20T08:15:57.450+0000] {dag.py:3089} INFO - Sync 2 DAGs
[2026-05-20T08:15:57.483+0000] {logging_mixin.py:188} INFO - [2026-05-20T08:15:57.483+0000] {dag.py:3947} INFO - Setting next_dagrun for example_external_task_marker_child to None, run_after=None
[2026-05-20T08:15:57.495+0000] {logging_mixin.py:188} INFO - [2026-05-20T08:15:57.494+0000] {dag.py:3947} INFO - Setting next_dagrun for example_external_task_marker_parent to None, run_after=None
[2026-05-20T08:15:57.533+0000] {processor.py:183} INFO - Processing /home/airflow/.local/lib/python3.12/site-packages/airflow/example_dags/example_external_task_marker_dag.py took 0.169 seconds
[2026-05-20T08:16:29.006+0000] {processor.py:161} INFO - Started process (PID=1105) to work on /home/airflow/.local/lib/python3.12/site-packages/airflow/example_dags/example_external_task_marker_dag.py
[2026-05-20T08:16:29.009+0000] {processor.py:830} INFO - Processing file /home/airflow/.local/lib/python3.12/site-packages/airflow/example_dags/example_external_task_marker_dag.py for tasks to queue
[2026-05-20T08:16:29.022+0000] {logging_mixin.py:188} INFO - [2026-05-20T08:16:29.020+0000] {dagbag.py:545} INFO - Filling up the DagBag from /home/airflow/.local/lib/python3.12/site-packages/airflow/example_dags/example_external_task_marker_dag.py
[2026-05-20T08:16:29.047+0000] {processor.py:840} INFO - DAG(s) 'example_external_task_marker_parent', 'example_external_task_marker_child' retrieved from /home/airflow/.local/lib/python3.12/site-packages/airflow/example_dags/example_external_task_marker_dag.py
[2026-05-20T08:16:29.126+0000] {logging_mixin.py:188} INFO - [2026-05-20T08:16:29.125+0000] {dag.py:3089} INFO - Sync 2 DAGs
[2026-05-20T08:16:29.170+0000] {logging_mixin.py:188} INFO - [2026-05-20T08:16:29.169+0000] {dag.py:3947} INFO - Setting next_dagrun for example_external_task_marker_child to None, run_after=None
[2026-05-20T08:16:29.182+0000] {logging_mixin.py:188} INFO - [2026-05-20T08:16:29.181+0000] {dag.py:3947} INFO - Setting next_dagrun for example_external_task_marker_parent to None, run_after=None
[2026-05-20T08:16:29.241+0000] {processor.py:183} INFO - Processing /home/airflow/.local/lib/python3.12/site-packages/airflow/example_dags/example_external_task_marker_dag.py took 0.269 seconds
[2026-05-20T08:16:59.403+0000] {processor.py:161} INFO - Started process (PID=1165) to work on /home/airflow/.local/lib/python3.12/site-packages/airflow/example_dags/example_external_task_marker_dag.py
[2026-05-20T08:16:59.405+0000] {processor.py:830} INFO - Processing file /home/airflow/.local/lib/python3.12/site-packages/airflow/example_dags/example_external_task_marker_dag.py for tasks to queue
[2026-05-20T08:16:59.408+0000] {logging_mixin.py:188} INFO - [2026-05-20T08:16:59.408+0000] {dagbag.py:545} INFO - Filling up the DagBag from /home/airflow/.local/lib/python3.12/site-packages/airflow/example_dags/example_external_task_marker_dag.py
[2026-05-20T08:16:59.422+0000] {processor.py:840} INFO - DAG(s) 'example_external_task_marker_parent', 'example_external_task_marker_child' retrieved from /home/airflow/.local/lib/python3.12/site-packages/airflow/example_dags/example_external_task_marker_dag.py
[2026-05-20T08:16:59.530+0000] {logging_mixin.py:188} INFO - [2026-05-20T08:16:59.529+0000] {dag.py:3089} INFO - Sync 2 DAGs
[2026-05-20T08:16:59.597+0000] {logging_mixin.py:188} INFO - [2026-05-20T08:16:59.597+0000] {dag.py:3947} INFO - Setting next_dagrun for example_external_task_marker_child to None, run_after=None
[2026-05-20T08:16:59.611+0000] {logging_mixin.py:188} INFO - [2026-05-20T08:16:59.610+0000] {dag.py:3947} INFO - Setting next_dagrun for example_external_task_marker_parent to None, run_after=None
[2026-05-20T08:16:59.670+0000] {processor.py:183} INFO - Processing /home/airflow/.local/lib/python3.12/site-packages/airflow/example_dags/example_external_task_marker_dag.py took 0.278 seconds
[2026-05-20T08:17:30.450+0000] {processor.py:161} INFO - Started process (PID=1225) to work on /home/airflow/.local/lib/python3.12/site-packages/airflow/example_dags/example_external_task_marker_dag.py
[2026-05-20T08:17:30.452+0000] {processor.py:830} INFO - Processing file /home/airflow/.local/lib/python3.12/site-packages/airflow/example_dags/example_external_task_marker_dag.py for tasks to queue
[2026-05-20T08:17:30.455+0000] {logging_mixin.py:188} INFO - [2026-05-20T08:17:30.455+0000] {dagbag.py:545} INFO - Filling up the DagBag from /home/airflow/.local/lib/python3.12/site-packages/airflow/example_dags/example_external_task_marker_dag.py
[2026-05-20T08:17:30.466+0000] {processor.py:840} INFO - DAG(s) 'example_external_task_marker_child', 'example_external_task_marker_parent' retrieved from /home/airflow/.local/lib/python3.12/site-packages/airflow/example_dags/example_external_task_marker_dag.py
[2026-05-20T08:17:30.504+0000] {logging_mixin.py:188} INFO - [2026-05-20T08:17:30.504+0000] {dag.py:3089} INFO - Sync 2 DAGs
[2026-05-20T08:17:30.524+0000] {logging_mixin.py:188} INFO - [2026-05-20T08:17:30.524+0000] {dag.py:3947} INFO - Setting next_dagrun for example_external_task_marker_child to None, run_after=None
[2026-05-20T08:17:30.530+0000] {logging_mixin.py:188} INFO - [2026-05-20T08:17:30.530+0000] {dag.py:3947} INFO - Setting next_dagrun for example_external_task_marker_parent to None, run_after=None
[2026-05-20T08:17:30.580+0000] {processor.py:183} INFO - Processing /home/airflow/.local/lib/python3.12/site-packages/airflow/example_dags/example_external_task_marker_dag.py took 0.140 seconds
[2026-05-20T08:18:01.075+0000] {processor.py:161} INFO - Started process (PID=1285) to work on /home/airflow/.local/lib/python3.12/site-packages/airflow/example_dags/example_external_task_marker_dag.py
[2026-05-20T08:18:01.077+0000] {processor.py:830} INFO - Processing file /home/airflow/.local/lib/python3.12/site-packages/airflow/example_dags/example_external_task_marker_dag.py for tasks to queue
[2026-05-20T08:18:01.080+0000] {logging_mixin.py:188} INFO - [2026-05-20T08:18:01.080+0000] {dagbag.py:545} INFO - Filling up the DagBag from /home/airflow/.local/lib/python3.12/site-packages/airflow/example_dags/example_external_task_marker_dag.py
[2026-05-20T08:18:01.090+0000] {processor.py:840} INFO - DAG(s) 'example_external_task_marker_parent', 'example_external_task_marker_child' retrieved from /home/airflow/.local/lib/python3.12/site-packages/airflow/example_dags/example_external_task_marker_dag.py
[2026-05-20T08:18:01.127+0000] {logging_mixin.py:188} INFO - [2026-05-20T08:18:01.126+0000] {dag.py:3089} INFO - Sync 2 DAGs
[2026-05-20T08:18:01.147+0000] {logging_mixin.py:188} INFO - [2026-05-20T08:18:01.147+0000] {dag.py:3947} INFO - Setting next_dagrun for example_external_task_marker_child to None, run_after=None
[2026-05-20T08:18:01.154+0000] {logging_mixin.py:188} INFO - [2026-05-20T08:18:01.153+0000] {dag.py:3947} INFO - Setting next_dagrun for example_external_task_marker_parent to None, run_after=None
[2026-05-20T08:18:01.182+0000] {processor.py:183} INFO - Processing /home/airflow/.local/lib/python3.12/site-packages/airflow/example_dags/example_external_task_marker_dag.py took 0.117 seconds
[2026-05-20T08:18:31.705+0000] {processor.py:161} INFO - Started process (PID=1342) to work on /home/airflow/.local/lib/python3.12/site-packages/airflow/example_dags/example_external_task_marker_dag.py
[2026-05-20T08:18:31.707+0000] {processor.py:830} INFO - Processing file /home/airflow/.local/lib/python3.12/site-packages/airflow/example_dags/example_external_task_marker_dag.py for tasks to queue
[2026-05-20T08:18:31.711+0000] {logging_mixin.py:188} INFO - [2026-05-20T08:18:31.710+0000] {dagbag.py:545} INFO - Filling up the DagBag from /home/airflow/.local/lib/python3.12/site-packages/airflow/example_dags/example_external_task_marker_dag.py
[2026-05-20T08:18:31.722+0000] {processor.py:840} INFO - DAG(s) 'example_external_task_marker_parent', 'example_external_task_marker_child' retrieved from /home/airflow/.local/lib/python3.12/site-packages/airflow/example_dags/example_external_task_marker_dag.py
[2026-05-20T08:18:31.764+0000] {logging_mixin.py:188} INFO - [2026-05-20T08:18:31.763+0000] {dag.py:3089} INFO - Sync 2 DAGs
[2026-05-20T08:18:31.791+0000] {logging_mixin.py:188} INFO - [2026-05-20T08:18:31.790+0000] {dag.py:3947} INFO - Setting next_dagrun for example_external_task_marker_child to None, run_after=None
[2026-05-20T08:18:31.798+0000] {logging_mixin.py:188} INFO - [2026-05-20T08:18:31.797+0000] {dag.py:3947} INFO - Setting next_dagrun for example_external_task_marker_parent to None, run_after=None
[2026-05-20T08:18:31.825+0000] {processor.py:183} INFO - Processing /home/airflow/.local/lib/python3.12/site-packages/airflow/example_dags/example_external_task_marker_dag.py took 0.131 seconds
[2026-05-20T08:19:02.438+0000] {processor.py:161} INFO - Started process (PID=1402) to work on /home/airflow/.local/lib/python3.12/site-packages/airflow/example_dags/example_external_task_marker_dag.py
[2026-05-20T08:19:02.440+0000] {processor.py:830} INFO - Processing file /home/airflow/.local/lib/python3.12/site-packages/airflow/example_dags/example_external_task_marker_dag.py for tasks to queue
[2026-05-20T08:19:02.443+0000] {logging_mixin.py:188} INFO - [2026-05-20T08:19:02.443+0000] {dagbag.py:545} INFO - Filling up the DagBag from /home/airflow/.local/lib/python3.12/site-packages/airflow/example_dags/example_external_task_marker_dag.py
[2026-05-20T08:19:02.453+0000] {processor.py:840} INFO - DAG(s) 'example_external_task_marker_child', 'example_external_task_marker_parent' retrieved from /home/airflow/.local/lib/python3.12/site-packages/airflow/example_dags/example_external_task_marker_dag.py
[2026-05-20T08:19:02.490+0000] {logging_mixin.py:188} INFO - [2026-05-20T08:19:02.489+0000] {dag.py:3089} INFO - Sync 2 DAGs
[2026-05-20T08:19:02.509+0000] {logging_mixin.py:188} INFO - [2026-05-20T08:19:02.509+0000] {dag.py:3947} INFO - Setting next_dagrun for example_external_task_marker_child to None, run_after=None
[2026-05-20T08:19:02.516+0000] {logging_mixin.py:188} INFO - [2026-05-20T08:19:02.515+0000] {dag.py:3947} INFO - Setting next_dagrun for example_external_task_marker_parent to None, run_after=None
[2026-05-20T08:19:02.542+0000] {processor.py:183} INFO - Processing /home/airflow/.local/lib/python3.12/site-packages/airflow/example_dags/example_external_task_marker_dag.py took 0.112 seconds
[2026-05-20T08:19:32.903+0000] {processor.py:161} INFO - Started process (PID=1462) to work on /home/airflow/.local/lib/python3.12/site-packages/airflow/example_dags/example_external_task_marker_dag.py
[2026-05-20T08:19:32.905+0000] {processor.py:830} INFO - Processing file /home/airflow/.local/lib/python3.12/site-packages/airflow/example_dags/example_external_task_marker_dag.py for tasks to queue
[2026-05-20T08:19:32.908+0000] {logging_mixin.py:188} INFO - [2026-05-20T08:19:32.907+0000] {dagbag.py:545} INFO - Filling up the DagBag from /home/airflow/.local/lib/python3.12/site-packages/airflow/example_dags/example_external_task_marker_dag.py
[2026-05-20T08:19:32.916+0000] {processor.py:840} INFO - DAG(s) 'example_external_task_marker_parent', 'example_external_task_marker_child' retrieved from /home/airflow/.local/lib/python3.12/site-packages/airflow/example_dags/example_external_task_marker_dag.py
[2026-05-20T08:19:32.952+0000] {logging_mixin.py:188} INFO - [2026-05-20T08:19:32.951+0000] {dag.py:3089} INFO - Sync 2 DAGs
[2026-05-20T08:19:32.970+0000] {logging_mixin.py:188} INFO - [2026-05-20T08:19:32.970+0000] {dag.py:3947} INFO - Setting next_dagrun for example_external_task_marker_child to None, run_after=None
[2026-05-20T08:19:32.976+0000] {logging_mixin.py:188} INFO - [2026-05-20T08:19:32.975+0000] {dag.py:3947} INFO - Setting next_dagrun for example_external_task_marker_parent to None, run_after=None
[2026-05-20T08:19:33.023+0000] {processor.py:183} INFO - Processing /home/airflow/.local/lib/python3.12/site-packages/airflow/example_dags/example_external_task_marker_dag.py took 0.128 seconds
[2026-05-20T08:20:03.565+0000] {processor.py:161} INFO - Started process (PID=1520) to work on /home/airflow/.local/lib/python3.12/site-packages/airflow/example_dags/example_external_task_marker_dag.py
[2026-05-20T08:20:03.566+0000] {processor.py:830} INFO - Processing file /home/airflow/.local/lib/python3.12/site-packages/airflow/example_dags/example_external_task_marker_dag.py for tasks to queue
[2026-05-20T08:20:03.570+0000] {logging_mixin.py:188} INFO - [2026-05-20T08:20:03.569+0000] {dagbag.py:545} INFO - Filling up the DagBag from /home/airflow/.local/lib/python3.12/site-packages/airflow/example_dags/example_external_task_marker_dag.py
[2026-05-20T08:20:03.579+0000] {processor.py:840} INFO - DAG(s) 'example_external_task_marker_child', 'example_external_task_marker_parent' retrieved from /home/airflow/.local/lib/python3.12/site-packages/airflow/example_dags/example_external_task_marker_dag.py
[2026-05-20T08:20:03.618+0000] {logging_mixin.py:188} INFO - [2026-05-20T08:20:03.617+0000] {dag.py:3089} INFO - Sync 2 DAGs
[2026-05-20T08:20:03.640+0000] {logging_mixin.py:188} INFO - [2026-05-20T08:20:03.639+0000] {dag.py:3947} INFO - Setting next_dagrun for example_external_task_marker_child to None, run_after=None
[2026-05-20T08:20:03.649+0000] {logging_mixin.py:188} INFO - [2026-05-20T08:20:03.649+0000] {dag.py:3947} INFO - Setting next_dagrun for example_external_task_marker_parent to None, run_after=None
[2026-05-20T08:20:03.677+0000] {processor.py:183} INFO - Processing /home/airflow/.local/lib/python3.12/site-packages/airflow/example_dags/example_external_task_marker_dag.py took 0.121 seconds
[2026-05-20T08:20:36.224+0000] {processor.py:161} INFO - Started process (PID=1580) to work on /home/airflow/.local/lib/python3.12/site-packages/airflow/example_dags/example_external_task_marker_dag.py
[2026-05-20T08:20:36.241+0000] {processor.py:830} INFO - Processing file /home/airflow/.local/lib/python3.12/site-packages/airflow/example_dags/example_external_task_marker_dag.py for tasks to queue
[2026-05-20T08:20:36.251+0000] {logging_mixin.py:188} INFO - [2026-05-20T08:20:36.250+0000] {dagbag.py:545} INFO - Filling up the DagBag from /home/airflow/.local/lib/python3.12/site-packages/airflow/example_dags/example_external_task_marker_dag.py
[2026-05-20T08:20:36.291+0000] {processor.py:840} INFO - DAG(s) 'example_external_task_marker_parent', 'example_external_task_marker_child' retrieved from /home/airflow/.local/lib/python3.12/site-packages/airflow/example_dags/example_external_task_marker_dag.py
[2026-05-20T08:20:36.459+0000] {logging_mixin.py:188} INFO - [2026-05-20T08:20:36.458+0000] {dag.py:3089} INFO - Sync 2 DAGs
[2026-05-20T08:20:36.534+0000] {logging_mixin.py:188} INFO - [2026-05-20T08:20:36.534+0000] {dag.py:3947} INFO - Setting next_dagrun for example_external_task_marker_child to None, run_after=None
[2026-05-20T08:20:36.569+0000] {logging_mixin.py:188} INFO - [2026-05-20T08:20:36.568+0000] {dag.py:3947} INFO - Setting next_dagrun for example_external_task_marker_parent to None, run_after=None
[2026-05-20T08:20:36.707+0000] {processor.py:183} INFO - Processing /home/airflow/.local/lib/python3.12/site-packages/airflow/example_dags/example_external_task_marker_dag.py took 0.552 seconds
[2026-05-20T08:21:07.767+0000] {processor.py:161} INFO - Started process (PID=1640) to work on /home/airflow/.local/lib/python3.12/site-packages/airflow/example_dags/example_external_task_marker_dag.py
[2026-05-20T08:21:07.771+0000] {processor.py:830} INFO - Processing file /home/airflow/.local/lib/python3.12/site-packages/airflow/example_dags/example_external_task_marker_dag.py for tasks to queue
[2026-05-20T08:21:07.778+0000] {logging_mixin.py:188} INFO - [2026-05-20T08:21:07.776+0000] {dagbag.py:545} INFO - Filling up the DagBag from /home/airflow/.local/lib/python3.12/site-packages/airflow/example_dags/example_external_task_marker_dag.py
[2026-05-20T08:21:07.802+0000] {processor.py:840} INFO - DAG(s) 'example_external_task_marker_child', 'example_external_task_marker_parent' retrieved from /home/airflow/.local/lib/python3.12/site-packages/airflow/example_dags/example_external_task_marker_dag.py
[2026-05-20T08:21:07.909+0000] {logging_mixin.py:188} INFO - [2026-05-20T08:21:07.909+0000] {dag.py:3089} INFO - Sync 2 DAGs
[2026-05-20T08:21:07.956+0000] {logging_mixin.py:188} INFO - [2026-05-20T08:21:07.956+0000] {dag.py:3947} INFO - Setting next_dagrun for example_external_task_marker_child to None, run_after=None
[2026-05-20T08:21:07.976+0000] {logging_mixin.py:188} INFO - [2026-05-20T08:21:07.976+0000] {dag.py:3947} INFO - Setting next_dagrun for example_external_task_marker_parent to None, run_after=None
[2026-05-20T08:21:08.026+0000] {processor.py:183} INFO - Processing /home/airflow/.local/lib/python3.12/site-packages/airflow/example_dags/example_external_task_marker_dag.py took 0.287 seconds
[2026-05-20T08:21:38.241+0000] {processor.py:161} INFO - Started process (PID=1698) to work on /home/airflow/.local/lib/python3.12/site-packages/airflow/example_dags/example_external_task_marker_dag.py
[2026-05-20T08:21:38.255+0000] {processor.py:830} INFO - Processing file /home/airflow/.local/lib/python3.12/site-packages/airflow/example_dags/example_external_task_marker_dag.py for tasks to queue
[2026-05-20T08:21:38.280+0000] {logging_mixin.py:188} INFO - [2026-05-20T08:21:38.276+0000] {dagbag.py:545} INFO - Filling up the DagBag from /home/airflow/.local/lib/python3.12/site-packages/airflow/example_dags/example_external_task_marker_dag.py
[2026-05-20T08:21:38.320+0000] {processor.py:840} INFO - DAG(s) 'example_external_task_marker_parent', 'example_external_task_marker_child' retrieved from /home/airflow/.local/lib/python3.12/site-packages/airflow/example_dags/example_external_task_marker_dag.py
[2026-05-20T08:21:38.461+0000] {logging_mixin.py:188} INFO - [2026-05-20T08:21:38.459+0000] {dag.py:3089} INFO - Sync 2 DAGs
[2026-05-20T08:21:38.523+0000] {logging_mixin.py:188} INFO - [2026-05-20T08:21:38.522+0000] {dag.py:3947} INFO - Setting next_dagrun for example_external_task_marker_child to None, run_after=None
[2026-05-20T08:21:38.537+0000] {logging_mixin.py:188} INFO - [2026-05-20T08:21:38.537+0000] {dag.py:3947} INFO - Setting next_dagrun for example_external_task_marker_parent to None, run_after=None
[2026-05-20T08:21:38.623+0000] {processor.py:183} INFO - Processing /home/airflow/.local/lib/python3.12/site-packages/airflow/example_dags/example_external_task_marker_dag.py took 0.412 seconds
[2026-05-20T08:22:09.203+0000] {processor.py:161} INFO - Started process (PID=1758) to work on /home/airflow/.local/lib/python3.12/site-packages/airflow/example_dags/example_external_task_marker_dag.py
[2026-05-20T08:22:09.206+0000] {processor.py:830} INFO - Processing file /home/airflow/.local/lib/python3.12/site-packages/airflow/example_dags/example_external_task_marker_dag.py for tasks to queue
[2026-05-20T08:22:09.218+0000] {logging_mixin.py:188} INFO - [2026-05-20T08:22:09.217+0000] {dagbag.py:545} INFO - Filling up the DagBag from /home/airflow/.local/lib/python3.12/site-packages/airflow/example_dags/example_external_task_marker_dag.py
[2026-05-20T08:22:09.240+0000] {processor.py:840} INFO - DAG(s) 'example_external_task_marker_parent', 'example_external_task_marker_child' retrieved from /home/airflow/.local/lib/python3.12/site-packages/airflow/example_dags/example_external_task_marker_dag.py
[2026-05-20T08:22:09.324+0000] {logging_mixin.py:188} INFO - [2026-05-20T08:22:09.322+0000] {dag.py:3089} INFO - Sync 2 DAGs
[2026-05-20T08:22:09.372+0000] {logging_mixin.py:188} INFO - [2026-05-20T08:22:09.372+0000] {dag.py:3947} INFO - Setting next_dagrun for example_external_task_marker_child to None, run_after=None
[2026-05-20T08:22:09.390+0000] {logging_mixin.py:188} INFO - [2026-05-20T08:22:09.389+0000] {dag.py:3947} INFO - Setting next_dagrun for example_external_task_marker_parent to None, run_after=None
[2026-05-20T08:22:09.529+0000] {processor.py:183} INFO - Processing /home/airflow/.local/lib/python3.12/site-packages/airflow/example_dags/example_external_task_marker_dag.py took 0.341 seconds
[2026-05-20T08:22:40.546+0000] {processor.py:161} INFO - Started process (PID=1818) to work on /home/airflow/.local/lib/python3.12/site-packages/airflow/example_dags/example_external_task_marker_dag.py
[2026-05-20T08:22:40.560+0000] {processor.py:830} INFO - Processing file /home/airflow/.local/lib/python3.12/site-packages/airflow/example_dags/example_external_task_marker_dag.py for tasks to queue
[2026-05-20T08:22:40.568+0000] {logging_mixin.py:188} INFO - [2026-05-20T08:22:40.567+0000] {dagbag.py:545} INFO - Filling up the DagBag from /home/airflow/.local/lib/python3.12/site-packages/airflow/example_dags/example_external_task_marker_dag.py
[2026-05-20T08:22:40.632+0000] {processor.py:840} INFO - DAG(s) 'example_external_task_marker_parent', 'example_external_task_marker_child' retrieved from /home/airflow/.local/lib/python3.12/site-packages/airflow/example_dags/example_external_task_marker_dag.py
[2026-05-20T08:22:40.781+0000] {logging_mixin.py:188} INFO - [2026-05-20T08:22:40.779+0000] {dag.py:3089} INFO - Sync 2 DAGs
[2026-05-20T08:22:40.880+0000] {logging_mixin.py:188} INFO - [2026-05-20T08:22:40.874+0000] {dag.py:3947} INFO - Setting next_dagrun for example_external_task_marker_child to None, run_after=None
[2026-05-20T08:22:40.900+0000] {logging_mixin.py:188} INFO - [2026-05-20T08:22:40.899+0000] {dag.py:3947} INFO - Setting next_dagrun for example_external_task_marker_parent to None, run_after=None
[2026-05-20T08:22:40.955+0000] {processor.py:183} INFO - Processing /home/airflow/.local/lib/python3.12/site-packages/airflow/example_dags/example_external_task_marker_dag.py took 0.446 seconds
[2026-05-20T08:23:11.592+0000] {processor.py:161} INFO - Started process (PID=1878) to work on /home/airflow/.local/lib/python3.12/site-packages/airflow/example_dags/example_external_task_marker_dag.py
[2026-05-20T08:23:11.596+0000] {processor.py:830} INFO - Processing file /home/airflow/.local/lib/python3.12/site-packages/airflow/example_dags/example_external_task_marker_dag.py for tasks to queue
[2026-05-20T08:23:11.602+0000] {logging_mixin.py:188} INFO - [2026-05-20T08:23:11.600+0000] {dagbag.py:545} INFO - Filling up the DagBag from /home/airflow/.local/lib/python3.12/site-packages/airflow/example_dags/example_external_task_marker_dag.py
[2026-05-20T08:23:11.620+0000] {processor.py:840} INFO - DAG(s) 'example_external_task_marker_parent', 'example_external_task_marker_child' retrieved from /home/airflow/.local/lib/python3.12/site-packages/airflow/example_dags/example_external_task_marker_dag.py
[2026-05-20T08:23:11.705+0000] {logging_mixin.py:188} INFO - [2026-05-20T08:23:11.704+0000] {dag.py:3089} INFO - Sync 2 DAGs
[2026-05-20T08:23:11.736+0000] {logging_mixin.py:188} INFO - [2026-05-20T08:23:11.736+0000] {dag.py:3947} INFO - Setting next_dagrun for example_external_task_marker_child to None, run_after=None
[2026-05-20T08:23:11.744+0000] {logging_mixin.py:188} INFO - [2026-05-20T08:23:11.744+0000] {dag.py:3947} INFO - Setting next_dagrun for example_external_task_marker_parent to None, run_after=None
[2026-05-20T08:23:11.795+0000] {processor.py:183} INFO - Processing /home/airflow/.local/lib/python3.12/site-packages/airflow/example_dags/example_external_task_marker_dag.py took 0.226 seconds
[2026-05-20T08:23:42.484+0000] {processor.py:161} INFO - Started process (PID=1945) to work on /home/airflow/.local/lib/python3.12/site-packages/airflow/example_dags/example_external_task_marker_dag.py
[2026-05-20T08:23:42.497+0000] {processor.py:830} INFO - Processing file /home/airflow/.local/lib/python3.12/site-packages/airflow/example_dags/example_external_task_marker_dag.py for tasks to queue
[2026-05-20T08:23:42.512+0000] {logging_mixin.py:188} INFO - [2026-05-20T08:23:42.502+0000] {dagbag.py:545} INFO - Filling up the DagBag from /home/airflow/.local/lib/python3.12/site-packages/airflow/example_dags/example_external_task_marker_dag.py
[2026-05-20T08:23:42.539+0000] {processor.py:840} INFO - DAG(s) 'example_external_task_marker_child', 'example_external_task_marker_parent' retrieved from /home/airflow/.local/lib/python3.12/site-packages/airflow/example_dags/example_external_task_marker_dag.py
[2026-05-20T08:23:42.666+0000] {logging_mixin.py:188} INFO - [2026-05-20T08:23:42.665+0000] {dag.py:3089} INFO - Sync 2 DAGs
[2026-05-20T08:23:42.792+0000] {logging_mixin.py:188} INFO - [2026-05-20T08:23:42.781+0000] {dag.py:3947} INFO - Setting next_dagrun for example_external_task_marker_child to None, run_after=None
[2026-05-20T08:23:42.839+0000] {logging_mixin.py:188} INFO - [2026-05-20T08:23:42.836+0000] {dag.py:3947} INFO - Setting next_dagrun for example_external_task_marker_parent to None, run_after=None
[2026-05-20T08:23:42.964+0000] {processor.py:183} INFO - Processing /home/airflow/.local/lib/python3.12/site-packages/airflow/example_dags/example_external_task_marker_dag.py took 0.516 seconds
[2026-05-20T08:24:14.997+0000] {processor.py:161} INFO - Started process (PID=1997) to work on /home/airflow/.local/lib/python3.12/site-packages/airflow/example_dags/example_external_task_marker_dag.py
[2026-05-20T08:24:15.000+0000] {processor.py:830} INFO - Processing file /home/airflow/.local/lib/python3.12/site-packages/airflow/example_dags/example_external_task_marker_dag.py for tasks to queue
[2026-05-20T08:24:15.005+0000] {logging_mixin.py:188} INFO - [2026-05-20T08:24:15.004+0000] {dagbag.py:545} INFO - Filling up the DagBag from /home/airflow/.local/lib/python3.12/site-packages/airflow/example_dags/example_external_task_marker_dag.py
[2026-05-20T08:24:15.025+0000] {processor.py:840} INFO - DAG(s) 'example_external_task_marker_parent', 'example_external_task_marker_child' retrieved from /home/airflow/.local/lib/python3.12/site-packages/airflow/example_dags/example_external_task_marker_dag.py
[2026-05-20T08:24:15.130+0000] {logging_mixin.py:188} INFO - [2026-05-20T08:24:15.128+0000] {dag.py:3089} INFO - Sync 2 DAGs
[2026-05-20T08:24:15.198+0000] {logging_mixin.py:188} INFO - [2026-05-20T08:24:15.197+0000] {dag.py:3947} INFO - Setting next_dagrun for example_external_task_marker_child to None, run_after=None
[2026-05-20T08:24:15.217+0000] {logging_mixin.py:188} INFO - [2026-05-20T08:24:15.216+0000] {dag.py:3947} INFO - Setting next_dagrun for example_external_task_marker_parent to None, run_after=None
[2026-05-20T08:24:15.316+0000] {processor.py:183} INFO - Processing /home/airflow/.local/lib/python3.12/site-packages/airflow/example_dags/example_external_task_marker_dag.py took 0.345 seconds
[2026-05-20T08:24:45.595+0000] {processor.py:161} INFO - Started process (PID=2057) to work on /home/airflow/.local/lib/python3.12/site-packages/airflow/example_dags/example_external_task_marker_dag.py
[2026-05-20T08:24:45.597+0000] {processor.py:830} INFO - Processing file /home/airflow/.local/lib/python3.12/site-packages/airflow/example_dags/example_external_task_marker_dag.py for tasks to queue
[2026-05-20T08:24:45.605+0000] {logging_mixin.py:188} INFO - [2026-05-20T08:24:45.604+0000] {dagbag.py:545} INFO - Filling up the DagBag from /home/airflow/.local/lib/python3.12/site-packages/airflow/example_dags/example_external_task_marker_dag.py
[2026-05-20T08:24:45.637+0000] {processor.py:840} INFO - DAG(s) 'example_external_task_marker_parent', 'example_external_task_marker_child' retrieved from /home/airflow/.local/lib/python3.12/site-packages/airflow/example_dags/example_external_task_marker_dag.py
[2026-05-20T08:24:45.794+0000] {logging_mixin.py:188} INFO - [2026-05-20T08:24:45.793+0000] {dag.py:3089} INFO - Sync 2 DAGs
[2026-05-20T08:24:45.826+0000] {logging_mixin.py:188} INFO - [2026-05-20T08:24:45.826+0000] {dag.py:3947} INFO - Setting next_dagrun for example_external_task_marker_child to None, run_after=None
[2026-05-20T08:24:45.844+0000] {logging_mixin.py:188} INFO - [2026-05-20T08:24:45.843+0000] {dag.py:3947} INFO - Setting next_dagrun for example_external_task_marker_parent to None, run_after=None
[2026-05-20T08:24:45.971+0000] {processor.py:183} INFO - Processing /home/airflow/.local/lib/python3.12/site-packages/airflow/example_dags/example_external_task_marker_dag.py took 0.393 seconds
[2026-05-20T08:25:26.174+0000] {processor.py:161} INFO - Started process (PID=2106) to work on /home/airflow/.local/lib/python3.12/site-packages/airflow/example_dags/example_external_task_marker_dag.py
[2026-05-20T08:25:26.192+0000] {processor.py:830} INFO - Processing file /home/airflow/.local/lib/python3.12/site-packages/airflow/example_dags/example_external_task_marker_dag.py for tasks to queue
[2026-05-20T08:25:26.215+0000] {logging_mixin.py:188} INFO - [2026-05-20T08:25:26.214+0000] {dagbag.py:545} INFO - Filling up the DagBag from /home/airflow/.local/lib/python3.12/site-packages/airflow/example_dags/example_external_task_marker_dag.py
[2026-05-20T08:25:26.322+0000] {processor.py:840} INFO - DAG(s) 'example_external_task_marker_parent', 'example_external_task_marker_child' retrieved from /home/airflow/.local/lib/python3.12/site-packages/airflow/example_dags/example_external_task_marker_dag.py
[2026-05-20T08:25:26.687+0000] {logging_mixin.py:188} INFO - [2026-05-20T08:25:26.687+0000] {dag.py:3089} INFO - Sync 2 DAGs
[2026-05-20T08:25:26.788+0000] {logging_mixin.py:188} INFO - [2026-05-20T08:25:26.777+0000] {dag.py:3947} INFO - Setting next_dagrun for example_external_task_marker_child to None, run_after=None
[2026-05-20T08:25:26.933+0000] {logging_mixin.py:188} INFO - [2026-05-20T08:25:26.929+0000] {dag.py:3947} INFO - Setting next_dagrun for example_external_task_marker_parent to None, run_after=None
[2026-05-20T08:25:27.247+0000] {processor.py:183} INFO - Processing /home/airflow/.local/lib/python3.12/site-packages/airflow/example_dags/example_external_task_marker_dag.py took 1.164 seconds
[2026-05-20T08:25:57.493+0000] {processor.py:161} INFO - Started process (PID=2166) to work on /home/airflow/.local/lib/python3.12/site-packages/airflow/example_dags/example_external_task_marker_dag.py
[2026-05-20T08:25:57.496+0000] {processor.py:830} INFO - Processing file /home/airflow/.local/lib/python3.12/site-packages/airflow/example_dags/example_external_task_marker_dag.py for tasks to queue
[2026-05-20T08:25:57.503+0000] {logging_mixin.py:188} INFO - [2026-05-20T08:25:57.502+0000] {dagbag.py:545} INFO - Filling up the DagBag from /home/airflow/.local/lib/python3.12/site-packages/airflow/example_dags/example_external_task_marker_dag.py
[2026-05-20T08:25:57.532+0000] {processor.py:840} INFO - DAG(s) 'example_external_task_marker_parent', 'example_external_task_marker_child' retrieved from /home/airflow/.local/lib/python3.12/site-packages/airflow/example_dags/example_external_task_marker_dag.py
[2026-05-20T08:25:57.672+0000] {logging_mixin.py:188} INFO - [2026-05-20T08:25:57.671+0000] {dag.py:3089} INFO - Sync 2 DAGs
[2026-05-20T08:25:57.752+0000] {logging_mixin.py:188} INFO - [2026-05-20T08:25:57.751+0000] {dag.py:3947} INFO - Setting next_dagrun for example_external_task_marker_child to None, run_after=None
[2026-05-20T08:25:57.769+0000] {logging_mixin.py:188} INFO - [2026-05-20T08:25:57.768+0000] {dag.py:3947} INFO - Setting next_dagrun for example_external_task_marker_parent to None, run_after=None
[2026-05-20T08:25:57.838+0000] {processor.py:183} INFO - Processing /home/airflow/.local/lib/python3.12/site-packages/airflow/example_dags/example_external_task_marker_dag.py took 0.374 seconds
[2026-05-20T08:26:28.923+0000] {processor.py:161} INFO - Started process (PID=2226) to work on /home/airflow/.local/lib/python3.12/site-packages/airflow/example_dags/example_external_task_marker_dag.py
[2026-05-20T08:26:28.926+0000] {processor.py:830} INFO - Processing file /home/airflow/.local/lib/python3.12/site-packages/airflow/example_dags/example_external_task_marker_dag.py for tasks to queue
[2026-05-20T08:26:28.929+0000] {logging_mixin.py:188} INFO - [2026-05-20T08:26:28.929+0000] {dagbag.py:545} INFO - Filling up the DagBag from /home/airflow/.local/lib/python3.12/site-packages/airflow/example_dags/example_external_task_marker_dag.py
[2026-05-20T08:26:28.941+0000] {processor.py:840} INFO - DAG(s) 'example_external_task_marker_parent', 'example_external_task_marker_child' retrieved from /home/airflow/.local/lib/python3.12/site-packages/airflow/example_dags/example_external_task_marker_dag.py
[2026-05-20T08:26:29.007+0000] {logging_mixin.py:188} INFO - [2026-05-20T08:26:29.005+0000] {dag.py:3089} INFO - Sync 2 DAGs
[2026-05-20T08:26:29.036+0000] {logging_mixin.py:188} INFO - [2026-05-20T08:26:29.035+0000] {dag.py:3947} INFO - Setting next_dagrun for example_external_task_marker_child to None, run_after=None
[2026-05-20T08:26:29.045+0000] {logging_mixin.py:188} INFO - [2026-05-20T08:26:29.045+0000] {dag.py:3947} INFO - Setting next_dagrun for example_external_task_marker_parent to None, run_after=None
[2026-05-20T08:26:29.089+0000] {processor.py:183} INFO - Processing /home/airflow/.local/lib/python3.12/site-packages/airflow/example_dags/example_external_task_marker_dag.py took 0.176 seconds
