[2026-05-20T08:07:44.539+0000] {processor.py:161} INFO - Started process (PID=139) to work on /home/airflow/.local/lib/python3.12/site-packages/airflow/example_dags/tutorial_objectstorage.py
[2026-05-20T08:07:44.544+0000] {processor.py:830} INFO - Processing file /home/airflow/.local/lib/python3.12/site-packages/airflow/example_dags/tutorial_objectstorage.py for tasks to queue
[2026-05-20T08:07:44.559+0000] {logging_mixin.py:188} INFO - [2026-05-20T08:07:44.558+0000] {dagbag.py:545} INFO - Filling up the DagBag from /home/airflow/.local/lib/python3.12/site-packages/airflow/example_dags/tutorial_objectstorage.py
[2026-05-20T08:07:44.669+0000] {processor.py:840} INFO - DAG(s) 'tutorial_objectstorage' retrieved from /home/airflow/.local/lib/python3.12/site-packages/airflow/example_dags/tutorial_objectstorage.py
[2026-05-20T08:07:45.680+0000] {logging_mixin.py:188} INFO - [2026-05-20T08:07:45.678+0000] {dag.py:3089} INFO - Sync 1 DAGs
[2026-05-20T08:07:45.834+0000] {logging_mixin.py:188} INFO - [2026-05-20T08:07:45.834+0000] {dag.py:3947} INFO - Setting next_dagrun for tutorial_objectstorage to None, run_after=None
[2026-05-20T08:07:46.229+0000] {processor.py:183} INFO - Processing /home/airflow/.local/lib/python3.12/site-packages/airflow/example_dags/tutorial_objectstorage.py took 1.709 seconds
[2026-05-20T08:08:18.735+0000] {processor.py:161} INFO - Started process (PID=200) to work on /home/airflow/.local/lib/python3.12/site-packages/airflow/example_dags/tutorial_objectstorage.py
[2026-05-20T08:08:18.742+0000] {processor.py:830} INFO - Processing file /home/airflow/.local/lib/python3.12/site-packages/airflow/example_dags/tutorial_objectstorage.py for tasks to queue
[2026-05-20T08:08:18.747+0000] {logging_mixin.py:188} INFO - [2026-05-20T08:08:18.746+0000] {dagbag.py:545} INFO - Filling up the DagBag from /home/airflow/.local/lib/python3.12/site-packages/airflow/example_dags/tutorial_objectstorage.py
[2026-05-20T08:08:18.773+0000] {processor.py:840} INFO - DAG(s) 'tutorial_objectstorage' retrieved from /home/airflow/.local/lib/python3.12/site-packages/airflow/example_dags/tutorial_objectstorage.py
[2026-05-20T08:08:18.813+0000] {logging_mixin.py:188} INFO - [2026-05-20T08:08:18.812+0000] {dag.py:3089} INFO - Sync 1 DAGs
[2026-05-20T08:08:18.858+0000] {logging_mixin.py:188} INFO - [2026-05-20T08:08:18.858+0000] {dag.py:3947} INFO - Setting next_dagrun for tutorial_objectstorage to None, run_after=None
[2026-05-20T08:08:18.902+0000] {processor.py:183} INFO - Processing /home/airflow/.local/lib/python3.12/site-packages/airflow/example_dags/tutorial_objectstorage.py took 0.178 seconds
[2026-05-20T08:08:52.381+0000] {processor.py:161} INFO - Started process (PID=259) to work on /home/airflow/.local/lib/python3.12/site-packages/airflow/example_dags/tutorial_objectstorage.py
[2026-05-20T08:08:52.383+0000] {processor.py:830} INFO - Processing file /home/airflow/.local/lib/python3.12/site-packages/airflow/example_dags/tutorial_objectstorage.py for tasks to queue
[2026-05-20T08:08:52.386+0000] {logging_mixin.py:188} INFO - [2026-05-20T08:08:52.386+0000] {dagbag.py:545} INFO - Filling up the DagBag from /home/airflow/.local/lib/python3.12/site-packages/airflow/example_dags/tutorial_objectstorage.py
[2026-05-20T08:08:52.398+0000] {processor.py:840} INFO - DAG(s) 'tutorial_objectstorage' retrieved from /home/airflow/.local/lib/python3.12/site-packages/airflow/example_dags/tutorial_objectstorage.py
[2026-05-20T08:08:52.440+0000] {logging_mixin.py:188} INFO - [2026-05-20T08:08:52.440+0000] {dag.py:3089} INFO - Sync 1 DAGs
[2026-05-20T08:08:52.459+0000] {logging_mixin.py:188} INFO - [2026-05-20T08:08:52.459+0000] {dag.py:3947} INFO - Setting next_dagrun for tutorial_objectstorage to None, run_after=None
[2026-05-20T08:08:52.520+0000] {processor.py:183} INFO - Processing /home/airflow/.local/lib/python3.12/site-packages/airflow/example_dags/tutorial_objectstorage.py took 0.147 seconds
[2026-05-20T08:09:22.970+0000] {processor.py:161} INFO - Started process (PID=318) to work on /home/airflow/.local/lib/python3.12/site-packages/airflow/example_dags/tutorial_objectstorage.py
[2026-05-20T08:09:22.973+0000] {processor.py:830} INFO - Processing file /home/airflow/.local/lib/python3.12/site-packages/airflow/example_dags/tutorial_objectstorage.py for tasks to queue
[2026-05-20T08:09:22.979+0000] {logging_mixin.py:188} INFO - [2026-05-20T08:09:22.978+0000] {dagbag.py:545} INFO - Filling up the DagBag from /home/airflow/.local/lib/python3.12/site-packages/airflow/example_dags/tutorial_objectstorage.py
[2026-05-20T08:09:23.015+0000] {processor.py:840} INFO - DAG(s) 'tutorial_objectstorage' retrieved from /home/airflow/.local/lib/python3.12/site-packages/airflow/example_dags/tutorial_objectstorage.py
[2026-05-20T08:09:23.066+0000] {logging_mixin.py:188} INFO - [2026-05-20T08:09:23.066+0000] {dag.py:3089} INFO - Sync 1 DAGs
[2026-05-20T08:09:23.093+0000] {logging_mixin.py:188} INFO - [2026-05-20T08:09:23.092+0000] {dag.py:3947} INFO - Setting next_dagrun for tutorial_objectstorage to None, run_after=None
[2026-05-20T08:09:23.131+0000] {processor.py:183} INFO - Processing /home/airflow/.local/lib/python3.12/site-packages/airflow/example_dags/tutorial_objectstorage.py took 0.191 seconds
[2026-05-20T08:09:53.708+0000] {processor.py:161} INFO - Started process (PID=378) to work on /home/airflow/.local/lib/python3.12/site-packages/airflow/example_dags/tutorial_objectstorage.py
[2026-05-20T08:09:53.710+0000] {processor.py:830} INFO - Processing file /home/airflow/.local/lib/python3.12/site-packages/airflow/example_dags/tutorial_objectstorage.py for tasks to queue
[2026-05-20T08:09:53.714+0000] {logging_mixin.py:188} INFO - [2026-05-20T08:09:53.713+0000] {dagbag.py:545} INFO - Filling up the DagBag from /home/airflow/.local/lib/python3.12/site-packages/airflow/example_dags/tutorial_objectstorage.py
[2026-05-20T08:09:53.730+0000] {processor.py:840} INFO - DAG(s) 'tutorial_objectstorage' retrieved from /home/airflow/.local/lib/python3.12/site-packages/airflow/example_dags/tutorial_objectstorage.py
[2026-05-20T08:09:53.774+0000] {logging_mixin.py:188} INFO - [2026-05-20T08:09:53.773+0000] {dag.py:3089} INFO - Sync 1 DAGs
[2026-05-20T08:09:53.816+0000] {logging_mixin.py:188} INFO - [2026-05-20T08:09:53.815+0000] {dag.py:3947} INFO - Setting next_dagrun for tutorial_objectstorage to None, run_after=None
[2026-05-20T08:09:53.868+0000] {processor.py:183} INFO - Processing /home/airflow/.local/lib/python3.12/site-packages/airflow/example_dags/tutorial_objectstorage.py took 0.169 seconds
[2026-05-20T08:10:28.217+0000] {processor.py:161} INFO - Started process (PID=438) to work on /home/airflow/.local/lib/python3.12/site-packages/airflow/example_dags/tutorial_objectstorage.py
[2026-05-20T08:10:28.220+0000] {processor.py:830} INFO - Processing file /home/airflow/.local/lib/python3.12/site-packages/airflow/example_dags/tutorial_objectstorage.py for tasks to queue
[2026-05-20T08:10:28.225+0000] {logging_mixin.py:188} INFO - [2026-05-20T08:10:28.224+0000] {dagbag.py:545} INFO - Filling up the DagBag from /home/airflow/.local/lib/python3.12/site-packages/airflow/example_dags/tutorial_objectstorage.py
[2026-05-20T08:10:28.257+0000] {processor.py:840} INFO - DAG(s) 'tutorial_objectstorage' retrieved from /home/airflow/.local/lib/python3.12/site-packages/airflow/example_dags/tutorial_objectstorage.py
[2026-05-20T08:10:28.316+0000] {logging_mixin.py:188} INFO - [2026-05-20T08:10:28.315+0000] {dag.py:3089} INFO - Sync 1 DAGs
[2026-05-20T08:10:28.397+0000] {logging_mixin.py:188} INFO - [2026-05-20T08:10:28.396+0000] {dag.py:3947} INFO - Setting next_dagrun for tutorial_objectstorage to None, run_after=None
[2026-05-20T08:10:28.522+0000] {processor.py:183} INFO - Processing /home/airflow/.local/lib/python3.12/site-packages/airflow/example_dags/tutorial_objectstorage.py took 0.325 seconds
[2026-05-20T08:10:59.088+0000] {processor.py:161} INFO - Started process (PID=497) to work on /home/airflow/.local/lib/python3.12/site-packages/airflow/example_dags/tutorial_objectstorage.py
[2026-05-20T08:10:59.090+0000] {processor.py:830} INFO - Processing file /home/airflow/.local/lib/python3.12/site-packages/airflow/example_dags/tutorial_objectstorage.py for tasks to queue
[2026-05-20T08:10:59.093+0000] {logging_mixin.py:188} INFO - [2026-05-20T08:10:59.092+0000] {dagbag.py:545} INFO - Filling up the DagBag from /home/airflow/.local/lib/python3.12/site-packages/airflow/example_dags/tutorial_objectstorage.py
[2026-05-20T08:10:59.104+0000] {processor.py:840} INFO - DAG(s) 'tutorial_objectstorage' retrieved from /home/airflow/.local/lib/python3.12/site-packages/airflow/example_dags/tutorial_objectstorage.py
[2026-05-20T08:10:59.133+0000] {logging_mixin.py:188} INFO - [2026-05-20T08:10:59.133+0000] {dag.py:3089} INFO - Sync 1 DAGs
[2026-05-20T08:10:59.155+0000] {logging_mixin.py:188} INFO - [2026-05-20T08:10:59.154+0000] {dag.py:3947} INFO - Setting next_dagrun for tutorial_objectstorage to None, run_after=None
[2026-05-20T08:10:59.183+0000] {processor.py:183} INFO - Processing /home/airflow/.local/lib/python3.12/site-packages/airflow/example_dags/tutorial_objectstorage.py took 0.104 seconds
[2026-05-20T08:11:29.648+0000] {processor.py:161} INFO - Started process (PID=558) to work on /home/airflow/.local/lib/python3.12/site-packages/airflow/example_dags/tutorial_objectstorage.py
[2026-05-20T08:11:29.651+0000] {processor.py:830} INFO - Processing file /home/airflow/.local/lib/python3.12/site-packages/airflow/example_dags/tutorial_objectstorage.py for tasks to queue
[2026-05-20T08:11:29.657+0000] {logging_mixin.py:188} INFO - [2026-05-20T08:11:29.656+0000] {dagbag.py:545} INFO - Filling up the DagBag from /home/airflow/.local/lib/python3.12/site-packages/airflow/example_dags/tutorial_objectstorage.py
[2026-05-20T08:11:29.681+0000] {processor.py:840} INFO - DAG(s) 'tutorial_objectstorage' retrieved from /home/airflow/.local/lib/python3.12/site-packages/airflow/example_dags/tutorial_objectstorage.py
[2026-05-20T08:11:29.726+0000] {logging_mixin.py:188} INFO - [2026-05-20T08:11:29.726+0000] {dag.py:3089} INFO - Sync 1 DAGs
[2026-05-20T08:11:29.756+0000] {logging_mixin.py:188} INFO - [2026-05-20T08:11:29.755+0000] {dag.py:3947} INFO - Setting next_dagrun for tutorial_objectstorage to None, run_after=None
[2026-05-20T08:11:29.804+0000] {processor.py:183} INFO - Processing /home/airflow/.local/lib/python3.12/site-packages/airflow/example_dags/tutorial_objectstorage.py took 0.172 seconds
[2026-05-20T08:12:02.865+0000] {processor.py:161} INFO - Started process (PID=618) to work on /home/airflow/.local/lib/python3.12/site-packages/airflow/example_dags/tutorial_objectstorage.py
[2026-05-20T08:12:02.867+0000] {processor.py:830} INFO - Processing file /home/airflow/.local/lib/python3.12/site-packages/airflow/example_dags/tutorial_objectstorage.py for tasks to queue
[2026-05-20T08:12:02.872+0000] {logging_mixin.py:188} INFO - [2026-05-20T08:12:02.871+0000] {dagbag.py:545} INFO - Filling up the DagBag from /home/airflow/.local/lib/python3.12/site-packages/airflow/example_dags/tutorial_objectstorage.py
[2026-05-20T08:12:02.887+0000] {processor.py:840} INFO - DAG(s) 'tutorial_objectstorage' retrieved from /home/airflow/.local/lib/python3.12/site-packages/airflow/example_dags/tutorial_objectstorage.py
[2026-05-20T08:12:02.925+0000] {logging_mixin.py:188} INFO - [2026-05-20T08:12:02.924+0000] {dag.py:3089} INFO - Sync 1 DAGs
[2026-05-20T08:12:02.955+0000] {logging_mixin.py:188} INFO - [2026-05-20T08:12:02.954+0000] {dag.py:3947} INFO - Setting next_dagrun for tutorial_objectstorage to None, run_after=None
[2026-05-20T08:12:03.004+0000] {processor.py:183} INFO - Processing /home/airflow/.local/lib/python3.12/site-packages/airflow/example_dags/tutorial_objectstorage.py took 0.150 seconds
[2026-05-20T08:12:34.160+0000] {processor.py:161} INFO - Started process (PID=678) to work on /home/airflow/.local/lib/python3.12/site-packages/airflow/example_dags/tutorial_objectstorage.py
[2026-05-20T08:12:34.165+0000] {processor.py:830} INFO - Processing file /home/airflow/.local/lib/python3.12/site-packages/airflow/example_dags/tutorial_objectstorage.py for tasks to queue
[2026-05-20T08:12:34.172+0000] {logging_mixin.py:188} INFO - [2026-05-20T08:12:34.171+0000] {dagbag.py:545} INFO - Filling up the DagBag from /home/airflow/.local/lib/python3.12/site-packages/airflow/example_dags/tutorial_objectstorage.py
[2026-05-20T08:12:34.198+0000] {processor.py:840} INFO - DAG(s) 'tutorial_objectstorage' retrieved from /home/airflow/.local/lib/python3.12/site-packages/airflow/example_dags/tutorial_objectstorage.py
[2026-05-20T08:12:34.249+0000] {logging_mixin.py:188} INFO - [2026-05-20T08:12:34.248+0000] {dag.py:3089} INFO - Sync 1 DAGs
[2026-05-20T08:12:34.279+0000] {logging_mixin.py:188} INFO - [2026-05-20T08:12:34.278+0000] {dag.py:3947} INFO - Setting next_dagrun for tutorial_objectstorage to None, run_after=None
[2026-05-20T08:12:34.325+0000] {processor.py:183} INFO - Processing /home/airflow/.local/lib/python3.12/site-packages/airflow/example_dags/tutorial_objectstorage.py took 0.180 seconds
[2026-05-20T08:13:11.102+0000] {processor.py:161} INFO - Started process (PID=744) to work on /home/airflow/.local/lib/python3.12/site-packages/airflow/example_dags/tutorial_objectstorage.py
[2026-05-20T08:13:11.105+0000] {processor.py:830} INFO - Processing file /home/airflow/.local/lib/python3.12/site-packages/airflow/example_dags/tutorial_objectstorage.py for tasks to queue
[2026-05-20T08:13:11.110+0000] {logging_mixin.py:188} INFO - [2026-05-20T08:13:11.109+0000] {dagbag.py:545} INFO - Filling up the DagBag from /home/airflow/.local/lib/python3.12/site-packages/airflow/example_dags/tutorial_objectstorage.py
[2026-05-20T08:13:11.126+0000] {processor.py:840} INFO - DAG(s) 'tutorial_objectstorage' retrieved from /home/airflow/.local/lib/python3.12/site-packages/airflow/example_dags/tutorial_objectstorage.py
[2026-05-20T08:13:11.193+0000] {logging_mixin.py:188} INFO - [2026-05-20T08:13:11.191+0000] {dag.py:3089} INFO - Sync 1 DAGs
[2026-05-20T08:13:11.239+0000] {logging_mixin.py:188} INFO - [2026-05-20T08:13:11.238+0000] {dag.py:3947} INFO - Setting next_dagrun for tutorial_objectstorage to None, run_after=None
[2026-05-20T08:13:11.301+0000] {processor.py:183} INFO - Processing /home/airflow/.local/lib/python3.12/site-packages/airflow/example_dags/tutorial_objectstorage.py took 0.224 seconds
[2026-05-20T08:13:50.960+0000] {processor.py:161} INFO - Started process (PID=804) to work on /home/airflow/.local/lib/python3.12/site-packages/airflow/example_dags/tutorial_objectstorage.py
[2026-05-20T08:13:50.964+0000] {processor.py:830} INFO - Processing file /home/airflow/.local/lib/python3.12/site-packages/airflow/example_dags/tutorial_objectstorage.py for tasks to queue
[2026-05-20T08:13:50.969+0000] {logging_mixin.py:188} INFO - [2026-05-20T08:13:50.968+0000] {dagbag.py:545} INFO - Filling up the DagBag from /home/airflow/.local/lib/python3.12/site-packages/airflow/example_dags/tutorial_objectstorage.py
[2026-05-20T08:13:50.994+0000] {processor.py:840} INFO - DAG(s) 'tutorial_objectstorage' retrieved from /home/airflow/.local/lib/python3.12/site-packages/airflow/example_dags/tutorial_objectstorage.py
[2026-05-20T08:13:51.096+0000] {logging_mixin.py:188} INFO - [2026-05-20T08:13:51.095+0000] {dag.py:3089} INFO - Sync 1 DAGs
[2026-05-20T08:13:51.177+0000] {logging_mixin.py:188} INFO - [2026-05-20T08:13:51.176+0000] {dag.py:3947} INFO - Setting next_dagrun for tutorial_objectstorage to None, run_after=None
[2026-05-20T08:13:51.282+0000] {processor.py:183} INFO - Processing /home/airflow/.local/lib/python3.12/site-packages/airflow/example_dags/tutorial_objectstorage.py took 0.343 seconds
[2026-05-20T08:14:23.602+0000] {processor.py:161} INFO - Started process (PID=864) to work on /home/airflow/.local/lib/python3.12/site-packages/airflow/example_dags/tutorial_objectstorage.py
[2026-05-20T08:14:23.607+0000] {processor.py:830} INFO - Processing file /home/airflow/.local/lib/python3.12/site-packages/airflow/example_dags/tutorial_objectstorage.py for tasks to queue
[2026-05-20T08:14:23.612+0000] {logging_mixin.py:188} INFO - [2026-05-20T08:14:23.611+0000] {dagbag.py:545} INFO - Filling up the DagBag from /home/airflow/.local/lib/python3.12/site-packages/airflow/example_dags/tutorial_objectstorage.py
[2026-05-20T08:14:23.639+0000] {processor.py:840} INFO - DAG(s) 'tutorial_objectstorage' retrieved from /home/airflow/.local/lib/python3.12/site-packages/airflow/example_dags/tutorial_objectstorage.py
[2026-05-20T08:14:23.747+0000] {logging_mixin.py:188} INFO - [2026-05-20T08:14:23.746+0000] {dag.py:3089} INFO - Sync 1 DAGs
[2026-05-20T08:14:23.798+0000] {logging_mixin.py:188} INFO - [2026-05-20T08:14:23.797+0000] {dag.py:3947} INFO - Setting next_dagrun for tutorial_objectstorage to None, run_after=None
[2026-05-20T08:14:23.870+0000] {processor.py:183} INFO - Processing /home/airflow/.local/lib/python3.12/site-packages/airflow/example_dags/tutorial_objectstorage.py took 0.289 seconds
[2026-05-20T08:14:55.009+0000] {processor.py:161} INFO - Started process (PID=926) to work on /home/airflow/.local/lib/python3.12/site-packages/airflow/example_dags/tutorial_objectstorage.py
[2026-05-20T08:14:55.011+0000] {processor.py:830} INFO - Processing file /home/airflow/.local/lib/python3.12/site-packages/airflow/example_dags/tutorial_objectstorage.py for tasks to queue
[2026-05-20T08:14:55.014+0000] {logging_mixin.py:188} INFO - [2026-05-20T08:14:55.014+0000] {dagbag.py:545} INFO - Filling up the DagBag from /home/airflow/.local/lib/python3.12/site-packages/airflow/example_dags/tutorial_objectstorage.py
[2026-05-20T08:14:55.027+0000] {processor.py:840} INFO - DAG(s) 'tutorial_objectstorage' retrieved from /home/airflow/.local/lib/python3.12/site-packages/airflow/example_dags/tutorial_objectstorage.py
[2026-05-20T08:14:55.058+0000] {logging_mixin.py:188} INFO - [2026-05-20T08:14:55.057+0000] {dag.py:3089} INFO - Sync 1 DAGs
[2026-05-20T08:14:55.082+0000] {logging_mixin.py:188} INFO - [2026-05-20T08:14:55.082+0000] {dag.py:3947} INFO - Setting next_dagrun for tutorial_objectstorage to None, run_after=None
[2026-05-20T08:14:55.114+0000] {processor.py:183} INFO - Processing /home/airflow/.local/lib/python3.12/site-packages/airflow/example_dags/tutorial_objectstorage.py took 0.113 seconds
[2026-05-20T08:15:26.066+0000] {processor.py:161} INFO - Started process (PID=984) to work on /home/airflow/.local/lib/python3.12/site-packages/airflow/example_dags/tutorial_objectstorage.py
[2026-05-20T08:15:26.069+0000] {processor.py:830} INFO - Processing file /home/airflow/.local/lib/python3.12/site-packages/airflow/example_dags/tutorial_objectstorage.py for tasks to queue
[2026-05-20T08:15:26.075+0000] {logging_mixin.py:188} INFO - [2026-05-20T08:15:26.074+0000] {dagbag.py:545} INFO - Filling up the DagBag from /home/airflow/.local/lib/python3.12/site-packages/airflow/example_dags/tutorial_objectstorage.py
[2026-05-20T08:15:26.094+0000] {processor.py:840} INFO - DAG(s) 'tutorial_objectstorage' retrieved from /home/airflow/.local/lib/python3.12/site-packages/airflow/example_dags/tutorial_objectstorage.py
[2026-05-20T08:15:26.131+0000] {logging_mixin.py:188} INFO - [2026-05-20T08:15:26.131+0000] {dag.py:3089} INFO - Sync 1 DAGs
[2026-05-20T08:15:26.155+0000] {logging_mixin.py:188} INFO - [2026-05-20T08:15:26.154+0000] {dag.py:3947} INFO - Setting next_dagrun for tutorial_objectstorage to None, run_after=None
[2026-05-20T08:15:26.192+0000] {processor.py:183} INFO - Processing /home/airflow/.local/lib/python3.12/site-packages/airflow/example_dags/tutorial_objectstorage.py took 0.140 seconds
[2026-05-20T08:15:56.934+0000] {processor.py:161} INFO - Started process (PID=1045) to work on /home/airflow/.local/lib/python3.12/site-packages/airflow/example_dags/tutorial_objectstorage.py
[2026-05-20T08:15:56.937+0000] {processor.py:830} INFO - Processing file /home/airflow/.local/lib/python3.12/site-packages/airflow/example_dags/tutorial_objectstorage.py for tasks to queue
[2026-05-20T08:15:56.942+0000] {logging_mixin.py:188} INFO - [2026-05-20T08:15:56.941+0000] {dagbag.py:545} INFO - Filling up the DagBag from /home/airflow/.local/lib/python3.12/site-packages/airflow/example_dags/tutorial_objectstorage.py
[2026-05-20T08:15:56.960+0000] {processor.py:840} INFO - DAG(s) 'tutorial_objectstorage' retrieved from /home/airflow/.local/lib/python3.12/site-packages/airflow/example_dags/tutorial_objectstorage.py
[2026-05-20T08:15:57.009+0000] {logging_mixin.py:188} INFO - [2026-05-20T08:15:57.009+0000] {dag.py:3089} INFO - Sync 1 DAGs
[2026-05-20T08:15:57.042+0000] {logging_mixin.py:188} INFO - [2026-05-20T08:15:57.042+0000] {dag.py:3947} INFO - Setting next_dagrun for tutorial_objectstorage to None, run_after=None
[2026-05-20T08:15:57.095+0000] {processor.py:183} INFO - Processing /home/airflow/.local/lib/python3.12/site-packages/airflow/example_dags/tutorial_objectstorage.py took 0.174 seconds
[2026-05-20T08:16:29.180+0000] {processor.py:161} INFO - Started process (PID=1106) to work on /home/airflow/.local/lib/python3.12/site-packages/airflow/example_dags/tutorial_objectstorage.py
[2026-05-20T08:16:29.182+0000] {processor.py:830} INFO - Processing file /home/airflow/.local/lib/python3.12/site-packages/airflow/example_dags/tutorial_objectstorage.py for tasks to queue
[2026-05-20T08:16:29.187+0000] {logging_mixin.py:188} INFO - [2026-05-20T08:16:29.186+0000] {dagbag.py:545} INFO - Filling up the DagBag from /home/airflow/.local/lib/python3.12/site-packages/airflow/example_dags/tutorial_objectstorage.py
[2026-05-20T08:16:29.209+0000] {processor.py:840} INFO - DAG(s) 'tutorial_objectstorage' retrieved from /home/airflow/.local/lib/python3.12/site-packages/airflow/example_dags/tutorial_objectstorage.py
[2026-05-20T08:16:29.285+0000] {logging_mixin.py:188} INFO - [2026-05-20T08:16:29.282+0000] {dag.py:3089} INFO - Sync 1 DAGs
[2026-05-20T08:16:29.340+0000] {logging_mixin.py:188} INFO - [2026-05-20T08:16:29.339+0000] {dag.py:3947} INFO - Setting next_dagrun for tutorial_objectstorage to None, run_after=None
[2026-05-20T08:16:29.415+0000] {processor.py:183} INFO - Processing /home/airflow/.local/lib/python3.12/site-packages/airflow/example_dags/tutorial_objectstorage.py took 0.253 seconds
[2026-05-20T08:16:59.730+0000] {processor.py:161} INFO - Started process (PID=1166) to work on /home/airflow/.local/lib/python3.12/site-packages/airflow/example_dags/tutorial_objectstorage.py
[2026-05-20T08:16:59.733+0000] {processor.py:830} INFO - Processing file /home/airflow/.local/lib/python3.12/site-packages/airflow/example_dags/tutorial_objectstorage.py for tasks to queue
[2026-05-20T08:16:59.738+0000] {logging_mixin.py:188} INFO - [2026-05-20T08:16:59.737+0000] {dagbag.py:545} INFO - Filling up the DagBag from /home/airflow/.local/lib/python3.12/site-packages/airflow/example_dags/tutorial_objectstorage.py
[2026-05-20T08:16:59.756+0000] {processor.py:840} INFO - DAG(s) 'tutorial_objectstorage' retrieved from /home/airflow/.local/lib/python3.12/site-packages/airflow/example_dags/tutorial_objectstorage.py
[2026-05-20T08:16:59.806+0000] {logging_mixin.py:188} INFO - [2026-05-20T08:16:59.806+0000] {dag.py:3089} INFO - Sync 1 DAGs
[2026-05-20T08:16:59.861+0000] {logging_mixin.py:188} INFO - [2026-05-20T08:16:59.860+0000] {dag.py:3947} INFO - Setting next_dagrun for tutorial_objectstorage to None, run_after=None
[2026-05-20T08:16:59.927+0000] {processor.py:183} INFO - Processing /home/airflow/.local/lib/python3.12/site-packages/airflow/example_dags/tutorial_objectstorage.py took 0.211 seconds
[2026-05-20T08:17:30.635+0000] {processor.py:161} INFO - Started process (PID=1226) to work on /home/airflow/.local/lib/python3.12/site-packages/airflow/example_dags/tutorial_objectstorage.py
[2026-05-20T08:17:30.636+0000] {processor.py:830} INFO - Processing file /home/airflow/.local/lib/python3.12/site-packages/airflow/example_dags/tutorial_objectstorage.py for tasks to queue
[2026-05-20T08:17:30.640+0000] {logging_mixin.py:188} INFO - [2026-05-20T08:17:30.640+0000] {dagbag.py:545} INFO - Filling up the DagBag from /home/airflow/.local/lib/python3.12/site-packages/airflow/example_dags/tutorial_objectstorage.py
[2026-05-20T08:17:30.655+0000] {processor.py:840} INFO - DAG(s) 'tutorial_objectstorage' retrieved from /home/airflow/.local/lib/python3.12/site-packages/airflow/example_dags/tutorial_objectstorage.py
[2026-05-20T08:17:30.687+0000] {logging_mixin.py:188} INFO - [2026-05-20T08:17:30.686+0000] {dag.py:3089} INFO - Sync 1 DAGs
[2026-05-20T08:17:30.707+0000] {logging_mixin.py:188} INFO - [2026-05-20T08:17:30.706+0000] {dag.py:3947} INFO - Setting next_dagrun for tutorial_objectstorage to None, run_after=None
[2026-05-20T08:17:30.736+0000] {processor.py:183} INFO - Processing /home/airflow/.local/lib/python3.12/site-packages/airflow/example_dags/tutorial_objectstorage.py took 0.111 seconds
[2026-05-20T08:18:01.238+0000] {processor.py:161} INFO - Started process (PID=1286) to work on /home/airflow/.local/lib/python3.12/site-packages/airflow/example_dags/tutorial_objectstorage.py
[2026-05-20T08:18:01.240+0000] {processor.py:830} INFO - Processing file /home/airflow/.local/lib/python3.12/site-packages/airflow/example_dags/tutorial_objectstorage.py for tasks to queue
[2026-05-20T08:18:01.243+0000] {logging_mixin.py:188} INFO - [2026-05-20T08:18:01.242+0000] {dagbag.py:545} INFO - Filling up the DagBag from /home/airflow/.local/lib/python3.12/site-packages/airflow/example_dags/tutorial_objectstorage.py
[2026-05-20T08:18:01.256+0000] {processor.py:840} INFO - DAG(s) 'tutorial_objectstorage' retrieved from /home/airflow/.local/lib/python3.12/site-packages/airflow/example_dags/tutorial_objectstorage.py
[2026-05-20T08:18:01.288+0000] {logging_mixin.py:188} INFO - [2026-05-20T08:18:01.287+0000] {dag.py:3089} INFO - Sync 1 DAGs
[2026-05-20T08:18:01.307+0000] {logging_mixin.py:188} INFO - [2026-05-20T08:18:01.307+0000] {dag.py:3947} INFO - Setting next_dagrun for tutorial_objectstorage to None, run_after=None
[2026-05-20T08:18:01.341+0000] {processor.py:183} INFO - Processing /home/airflow/.local/lib/python3.12/site-packages/airflow/example_dags/tutorial_objectstorage.py took 0.112 seconds
[2026-05-20T08:18:32.100+0000] {processor.py:161} INFO - Started process (PID=1346) to work on /home/airflow/.local/lib/python3.12/site-packages/airflow/example_dags/tutorial_objectstorage.py
[2026-05-20T08:18:32.102+0000] {processor.py:830} INFO - Processing file /home/airflow/.local/lib/python3.12/site-packages/airflow/example_dags/tutorial_objectstorage.py for tasks to queue
[2026-05-20T08:18:32.105+0000] {logging_mixin.py:188} INFO - [2026-05-20T08:18:32.105+0000] {dagbag.py:545} INFO - Filling up the DagBag from /home/airflow/.local/lib/python3.12/site-packages/airflow/example_dags/tutorial_objectstorage.py
[2026-05-20T08:18:32.118+0000] {processor.py:840} INFO - DAG(s) 'tutorial_objectstorage' retrieved from /home/airflow/.local/lib/python3.12/site-packages/airflow/example_dags/tutorial_objectstorage.py
[2026-05-20T08:18:32.154+0000] {logging_mixin.py:188} INFO - [2026-05-20T08:18:32.153+0000] {dag.py:3089} INFO - Sync 1 DAGs
[2026-05-20T08:18:32.174+0000] {logging_mixin.py:188} INFO - [2026-05-20T08:18:32.174+0000] {dag.py:3947} INFO - Setting next_dagrun for tutorial_objectstorage to None, run_after=None
[2026-05-20T08:18:32.213+0000] {processor.py:183} INFO - Processing /home/airflow/.local/lib/python3.12/site-packages/airflow/example_dags/tutorial_objectstorage.py took 0.123 seconds
[2026-05-20T08:19:02.908+0000] {processor.py:161} INFO - Started process (PID=1407) to work on /home/airflow/.local/lib/python3.12/site-packages/airflow/example_dags/tutorial_objectstorage.py
[2026-05-20T08:19:02.909+0000] {processor.py:830} INFO - Processing file /home/airflow/.local/lib/python3.12/site-packages/airflow/example_dags/tutorial_objectstorage.py for tasks to queue
[2026-05-20T08:19:02.912+0000] {logging_mixin.py:188} INFO - [2026-05-20T08:19:02.912+0000] {dagbag.py:545} INFO - Filling up the DagBag from /home/airflow/.local/lib/python3.12/site-packages/airflow/example_dags/tutorial_objectstorage.py
[2026-05-20T08:19:02.923+0000] {processor.py:840} INFO - DAG(s) 'tutorial_objectstorage' retrieved from /home/airflow/.local/lib/python3.12/site-packages/airflow/example_dags/tutorial_objectstorage.py
[2026-05-20T08:19:02.954+0000] {logging_mixin.py:188} INFO - [2026-05-20T08:19:02.954+0000] {dag.py:3089} INFO - Sync 1 DAGs
[2026-05-20T08:19:02.975+0000] {logging_mixin.py:188} INFO - [2026-05-20T08:19:02.974+0000] {dag.py:3947} INFO - Setting next_dagrun for tutorial_objectstorage to None, run_after=None
[2026-05-20T08:19:03.006+0000] {processor.py:183} INFO - Processing /home/airflow/.local/lib/python3.12/site-packages/airflow/example_dags/tutorial_objectstorage.py took 0.106 seconds
[2026-05-20T08:19:33.494+0000] {processor.py:161} INFO - Started process (PID=1467) to work on /home/airflow/.local/lib/python3.12/site-packages/airflow/example_dags/tutorial_objectstorage.py
[2026-05-20T08:19:33.498+0000] {processor.py:830} INFO - Processing file /home/airflow/.local/lib/python3.12/site-packages/airflow/example_dags/tutorial_objectstorage.py for tasks to queue
[2026-05-20T08:19:33.502+0000] {logging_mixin.py:188} INFO - [2026-05-20T08:19:33.501+0000] {dagbag.py:545} INFO - Filling up the DagBag from /home/airflow/.local/lib/python3.12/site-packages/airflow/example_dags/tutorial_objectstorage.py
[2026-05-20T08:19:33.513+0000] {processor.py:840} INFO - DAG(s) 'tutorial_objectstorage' retrieved from /home/airflow/.local/lib/python3.12/site-packages/airflow/example_dags/tutorial_objectstorage.py
[2026-05-20T08:19:33.545+0000] {logging_mixin.py:188} INFO - [2026-05-20T08:19:33.545+0000] {dag.py:3089} INFO - Sync 1 DAGs
[2026-05-20T08:19:33.564+0000] {logging_mixin.py:188} INFO - [2026-05-20T08:19:33.563+0000] {dag.py:3947} INFO - Setting next_dagrun for tutorial_objectstorage to None, run_after=None
[2026-05-20T08:19:33.601+0000] {processor.py:183} INFO - Processing /home/airflow/.local/lib/python3.12/site-packages/airflow/example_dags/tutorial_objectstorage.py took 0.116 seconds
[2026-05-20T08:20:04.690+0000] {processor.py:161} INFO - Started process (PID=1526) to work on /home/airflow/.local/lib/python3.12/site-packages/airflow/example_dags/tutorial_objectstorage.py
[2026-05-20T08:20:04.692+0000] {processor.py:830} INFO - Processing file /home/airflow/.local/lib/python3.12/site-packages/airflow/example_dags/tutorial_objectstorage.py for tasks to queue
[2026-05-20T08:20:04.695+0000] {logging_mixin.py:188} INFO - [2026-05-20T08:20:04.695+0000] {dagbag.py:545} INFO - Filling up the DagBag from /home/airflow/.local/lib/python3.12/site-packages/airflow/example_dags/tutorial_objectstorage.py
[2026-05-20T08:20:04.706+0000] {processor.py:840} INFO - DAG(s) 'tutorial_objectstorage' retrieved from /home/airflow/.local/lib/python3.12/site-packages/airflow/example_dags/tutorial_objectstorage.py
[2026-05-20T08:20:04.736+0000] {logging_mixin.py:188} INFO - [2026-05-20T08:20:04.736+0000] {dag.py:3089} INFO - Sync 1 DAGs
[2026-05-20T08:20:04.754+0000] {logging_mixin.py:188} INFO - [2026-05-20T08:20:04.754+0000] {dag.py:3947} INFO - Setting next_dagrun for tutorial_objectstorage to None, run_after=None
[2026-05-20T08:20:04.786+0000] {processor.py:183} INFO - Processing /home/airflow/.local/lib/python3.12/site-packages/airflow/example_dags/tutorial_objectstorage.py took 0.105 seconds
[2026-05-20T08:20:41.245+0000] {processor.py:161} INFO - Started process (PID=1592) to work on /home/airflow/.local/lib/python3.12/site-packages/airflow/example_dags/tutorial_objectstorage.py
[2026-05-20T08:20:41.252+0000] {processor.py:830} INFO - Processing file /home/airflow/.local/lib/python3.12/site-packages/airflow/example_dags/tutorial_objectstorage.py for tasks to queue
[2026-05-20T08:20:41.265+0000] {logging_mixin.py:188} INFO - [2026-05-20T08:20:41.263+0000] {dagbag.py:545} INFO - Filling up the DagBag from /home/airflow/.local/lib/python3.12/site-packages/airflow/example_dags/tutorial_objectstorage.py
[2026-05-20T08:20:41.322+0000] {processor.py:840} INFO - DAG(s) 'tutorial_objectstorage' retrieved from /home/airflow/.local/lib/python3.12/site-packages/airflow/example_dags/tutorial_objectstorage.py
[2026-05-20T08:20:41.515+0000] {logging_mixin.py:188} INFO - [2026-05-20T08:20:41.513+0000] {dag.py:3089} INFO - Sync 1 DAGs
[2026-05-20T08:20:41.626+0000] {logging_mixin.py:188} INFO - [2026-05-20T08:20:41.626+0000] {dag.py:3947} INFO - Setting next_dagrun for tutorial_objectstorage to None, run_after=None
[2026-05-20T08:20:41.751+0000] {processor.py:183} INFO - Processing /home/airflow/.local/lib/python3.12/site-packages/airflow/example_dags/tutorial_objectstorage.py took 0.532 seconds
[2026-05-20T08:21:13.480+0000] {processor.py:161} INFO - Started process (PID=1652) to work on /home/airflow/.local/lib/python3.12/site-packages/airflow/example_dags/tutorial_objectstorage.py
[2026-05-20T08:21:13.493+0000] {processor.py:830} INFO - Processing file /home/airflow/.local/lib/python3.12/site-packages/airflow/example_dags/tutorial_objectstorage.py for tasks to queue
[2026-05-20T08:21:13.498+0000] {logging_mixin.py:188} INFO - [2026-05-20T08:21:13.497+0000] {dagbag.py:545} INFO - Filling up the DagBag from /home/airflow/.local/lib/python3.12/site-packages/airflow/example_dags/tutorial_objectstorage.py
[2026-05-20T08:21:13.552+0000] {processor.py:840} INFO - DAG(s) 'tutorial_objectstorage' retrieved from /home/airflow/.local/lib/python3.12/site-packages/airflow/example_dags/tutorial_objectstorage.py
[2026-05-20T08:21:13.681+0000] {logging_mixin.py:188} INFO - [2026-05-20T08:21:13.670+0000] {dag.py:3089} INFO - Sync 1 DAGs
[2026-05-20T08:21:13.776+0000] {logging_mixin.py:188} INFO - [2026-05-20T08:21:13.775+0000] {dag.py:3947} INFO - Setting next_dagrun for tutorial_objectstorage to None, run_after=None
[2026-05-20T08:21:13.938+0000] {processor.py:183} INFO - Processing /home/airflow/.local/lib/python3.12/site-packages/airflow/example_dags/tutorial_objectstorage.py took 0.491 seconds
[2026-05-20T08:21:45.057+0000] {processor.py:161} INFO - Started process (PID=1712) to work on /home/airflow/.local/lib/python3.12/site-packages/airflow/example_dags/tutorial_objectstorage.py
[2026-05-20T08:21:45.060+0000] {processor.py:830} INFO - Processing file /home/airflow/.local/lib/python3.12/site-packages/airflow/example_dags/tutorial_objectstorage.py for tasks to queue
[2026-05-20T08:21:45.077+0000] {logging_mixin.py:188} INFO - [2026-05-20T08:21:45.076+0000] {dagbag.py:545} INFO - Filling up the DagBag from /home/airflow/.local/lib/python3.12/site-packages/airflow/example_dags/tutorial_objectstorage.py
[2026-05-20T08:21:45.134+0000] {processor.py:840} INFO - DAG(s) 'tutorial_objectstorage' retrieved from /home/airflow/.local/lib/python3.12/site-packages/airflow/example_dags/tutorial_objectstorage.py
[2026-05-20T08:21:45.244+0000] {logging_mixin.py:188} INFO - [2026-05-20T08:21:45.244+0000] {dag.py:3089} INFO - Sync 1 DAGs
[2026-05-20T08:21:45.368+0000] {logging_mixin.py:188} INFO - [2026-05-20T08:21:45.367+0000] {dag.py:3947} INFO - Setting next_dagrun for tutorial_objectstorage to None, run_after=None
[2026-05-20T08:21:45.485+0000] {processor.py:183} INFO - Processing /home/airflow/.local/lib/python3.12/site-packages/airflow/example_dags/tutorial_objectstorage.py took 0.467 seconds
[2026-05-20T08:22:15.682+0000] {processor.py:161} INFO - Started process (PID=1771) to work on /home/airflow/.local/lib/python3.12/site-packages/airflow/example_dags/tutorial_objectstorage.py
[2026-05-20T08:22:15.685+0000] {processor.py:830} INFO - Processing file /home/airflow/.local/lib/python3.12/site-packages/airflow/example_dags/tutorial_objectstorage.py for tasks to queue
[2026-05-20T08:22:15.696+0000] {logging_mixin.py:188} INFO - [2026-05-20T08:22:15.695+0000] {dagbag.py:545} INFO - Filling up the DagBag from /home/airflow/.local/lib/python3.12/site-packages/airflow/example_dags/tutorial_objectstorage.py
[2026-05-20T08:22:15.724+0000] {processor.py:840} INFO - DAG(s) 'tutorial_objectstorage' retrieved from /home/airflow/.local/lib/python3.12/site-packages/airflow/example_dags/tutorial_objectstorage.py
[2026-05-20T08:22:15.794+0000] {logging_mixin.py:188} INFO - [2026-05-20T08:22:15.793+0000] {dag.py:3089} INFO - Sync 1 DAGs
[2026-05-20T08:22:15.851+0000] {logging_mixin.py:188} INFO - [2026-05-20T08:22:15.850+0000] {dag.py:3947} INFO - Setting next_dagrun for tutorial_objectstorage to None, run_after=None
[2026-05-20T08:22:15.948+0000] {processor.py:183} INFO - Processing /home/airflow/.local/lib/python3.12/site-packages/airflow/example_dags/tutorial_objectstorage.py took 0.290 seconds
[2026-05-20T08:22:46.368+0000] {processor.py:161} INFO - Started process (PID=1831) to work on /home/airflow/.local/lib/python3.12/site-packages/airflow/example_dags/tutorial_objectstorage.py
[2026-05-20T08:22:46.371+0000] {processor.py:830} INFO - Processing file /home/airflow/.local/lib/python3.12/site-packages/airflow/example_dags/tutorial_objectstorage.py for tasks to queue
[2026-05-20T08:22:46.378+0000] {logging_mixin.py:188} INFO - [2026-05-20T08:22:46.377+0000] {dagbag.py:545} INFO - Filling up the DagBag from /home/airflow/.local/lib/python3.12/site-packages/airflow/example_dags/tutorial_objectstorage.py
[2026-05-20T08:22:46.408+0000] {processor.py:840} INFO - DAG(s) 'tutorial_objectstorage' retrieved from /home/airflow/.local/lib/python3.12/site-packages/airflow/example_dags/tutorial_objectstorage.py
[2026-05-20T08:22:46.475+0000] {logging_mixin.py:188} INFO - [2026-05-20T08:22:46.474+0000] {dag.py:3089} INFO - Sync 1 DAGs
[2026-05-20T08:22:46.528+0000] {logging_mixin.py:188} INFO - [2026-05-20T08:22:46.527+0000] {dag.py:3947} INFO - Setting next_dagrun for tutorial_objectstorage to None, run_after=None
[2026-05-20T08:22:46.607+0000] {processor.py:183} INFO - Processing /home/airflow/.local/lib/python3.12/site-packages/airflow/example_dags/tutorial_objectstorage.py took 0.266 seconds
[2026-05-20T08:23:16.880+0000] {processor.py:161} INFO - Started process (PID=1890) to work on /home/airflow/.local/lib/python3.12/site-packages/airflow/example_dags/tutorial_objectstorage.py
[2026-05-20T08:23:16.882+0000] {processor.py:830} INFO - Processing file /home/airflow/.local/lib/python3.12/site-packages/airflow/example_dags/tutorial_objectstorage.py for tasks to queue
[2026-05-20T08:23:16.888+0000] {logging_mixin.py:188} INFO - [2026-05-20T08:23:16.887+0000] {dagbag.py:545} INFO - Filling up the DagBag from /home/airflow/.local/lib/python3.12/site-packages/airflow/example_dags/tutorial_objectstorage.py
[2026-05-20T08:23:16.916+0000] {processor.py:840} INFO - DAG(s) 'tutorial_objectstorage' retrieved from /home/airflow/.local/lib/python3.12/site-packages/airflow/example_dags/tutorial_objectstorage.py
[2026-05-20T08:23:16.976+0000] {logging_mixin.py:188} INFO - [2026-05-20T08:23:16.976+0000] {dag.py:3089} INFO - Sync 1 DAGs
[2026-05-20T08:23:17.021+0000] {logging_mixin.py:188} INFO - [2026-05-20T08:23:17.015+0000] {dag.py:3947} INFO - Setting next_dagrun for tutorial_objectstorage to None, run_after=None
[2026-05-20T08:23:17.115+0000] {processor.py:183} INFO - Processing /home/airflow/.local/lib/python3.12/site-packages/airflow/example_dags/tutorial_objectstorage.py took 0.254 seconds
[2026-05-20T08:23:47.576+0000] {processor.py:161} INFO - Started process (PID=1950) to work on /home/airflow/.local/lib/python3.12/site-packages/airflow/example_dags/tutorial_objectstorage.py
[2026-05-20T08:23:47.590+0000] {processor.py:830} INFO - Processing file /home/airflow/.local/lib/python3.12/site-packages/airflow/example_dags/tutorial_objectstorage.py for tasks to queue
[2026-05-20T08:23:47.598+0000] {logging_mixin.py:188} INFO - [2026-05-20T08:23:47.596+0000] {dagbag.py:545} INFO - Filling up the DagBag from /home/airflow/.local/lib/python3.12/site-packages/airflow/example_dags/tutorial_objectstorage.py
[2026-05-20T08:23:47.648+0000] {processor.py:840} INFO - DAG(s) 'tutorial_objectstorage' retrieved from /home/airflow/.local/lib/python3.12/site-packages/airflow/example_dags/tutorial_objectstorage.py
[2026-05-20T08:23:47.790+0000] {logging_mixin.py:188} INFO - [2026-05-20T08:23:47.788+0000] {dag.py:3089} INFO - Sync 1 DAGs
[2026-05-20T08:23:47.923+0000] {logging_mixin.py:188} INFO - [2026-05-20T08:23:47.922+0000] {dag.py:3947} INFO - Setting next_dagrun for tutorial_objectstorage to None, run_after=None
[2026-05-20T08:23:48.080+0000] {processor.py:183} INFO - Processing /home/airflow/.local/lib/python3.12/site-packages/airflow/example_dags/tutorial_objectstorage.py took 0.536 seconds
[2026-05-20T08:24:19.224+0000] {processor.py:161} INFO - Started process (PID=2010) to work on /home/airflow/.local/lib/python3.12/site-packages/airflow/example_dags/tutorial_objectstorage.py
[2026-05-20T08:24:19.229+0000] {processor.py:830} INFO - Processing file /home/airflow/.local/lib/python3.12/site-packages/airflow/example_dags/tutorial_objectstorage.py for tasks to queue
[2026-05-20T08:24:19.234+0000] {logging_mixin.py:188} INFO - [2026-05-20T08:24:19.233+0000] {dagbag.py:545} INFO - Filling up the DagBag from /home/airflow/.local/lib/python3.12/site-packages/airflow/example_dags/tutorial_objectstorage.py
[2026-05-20T08:24:19.254+0000] {processor.py:840} INFO - DAG(s) 'tutorial_objectstorage' retrieved from /home/airflow/.local/lib/python3.12/site-packages/airflow/example_dags/tutorial_objectstorage.py
[2026-05-20T08:24:19.309+0000] {logging_mixin.py:188} INFO - [2026-05-20T08:24:19.309+0000] {dag.py:3089} INFO - Sync 1 DAGs
[2026-05-20T08:24:19.347+0000] {logging_mixin.py:188} INFO - [2026-05-20T08:24:19.346+0000] {dag.py:3947} INFO - Setting next_dagrun for tutorial_objectstorage to None, run_after=None
[2026-05-20T08:24:19.400+0000] {processor.py:183} INFO - Processing /home/airflow/.local/lib/python3.12/site-packages/airflow/example_dags/tutorial_objectstorage.py took 0.196 seconds
[2026-05-20T08:24:49.959+0000] {processor.py:161} INFO - Started process (PID=2070) to work on /home/airflow/.local/lib/python3.12/site-packages/airflow/example_dags/tutorial_objectstorage.py
[2026-05-20T08:24:49.962+0000] {processor.py:830} INFO - Processing file /home/airflow/.local/lib/python3.12/site-packages/airflow/example_dags/tutorial_objectstorage.py for tasks to queue
[2026-05-20T08:24:49.969+0000] {logging_mixin.py:188} INFO - [2026-05-20T08:24:49.968+0000] {dagbag.py:545} INFO - Filling up the DagBag from /home/airflow/.local/lib/python3.12/site-packages/airflow/example_dags/tutorial_objectstorage.py
[2026-05-20T08:24:50.000+0000] {processor.py:840} INFO - DAG(s) 'tutorial_objectstorage' retrieved from /home/airflow/.local/lib/python3.12/site-packages/airflow/example_dags/tutorial_objectstorage.py
[2026-05-20T08:24:50.073+0000] {logging_mixin.py:188} INFO - [2026-05-20T08:24:50.072+0000] {dag.py:3089} INFO - Sync 1 DAGs
[2026-05-20T08:24:50.124+0000] {logging_mixin.py:188} INFO - [2026-05-20T08:24:50.124+0000] {dag.py:3947} INFO - Setting next_dagrun for tutorial_objectstorage to None, run_after=None
[2026-05-20T08:24:50.212+0000] {processor.py:183} INFO - Processing /home/airflow/.local/lib/python3.12/site-packages/airflow/example_dags/tutorial_objectstorage.py took 0.279 seconds
[2026-05-20T08:25:38.741+0000] {processor.py:161} INFO - Started process (PID=2131) to work on /home/airflow/.local/lib/python3.12/site-packages/airflow/example_dags/tutorial_objectstorage.py
[2026-05-20T08:25:38.757+0000] {processor.py:830} INFO - Processing file /home/airflow/.local/lib/python3.12/site-packages/airflow/example_dags/tutorial_objectstorage.py for tasks to queue
[2026-05-20T08:25:38.766+0000] {logging_mixin.py:188} INFO - [2026-05-20T08:25:38.765+0000] {dagbag.py:545} INFO - Filling up the DagBag from /home/airflow/.local/lib/python3.12/site-packages/airflow/example_dags/tutorial_objectstorage.py
[2026-05-20T08:25:38.816+0000] {processor.py:840} INFO - DAG(s) 'tutorial_objectstorage' retrieved from /home/airflow/.local/lib/python3.12/site-packages/airflow/example_dags/tutorial_objectstorage.py
[2026-05-20T08:25:38.889+0000] {logging_mixin.py:188} INFO - [2026-05-20T08:25:38.889+0000] {dag.py:3089} INFO - Sync 1 DAGs
[2026-05-20T08:25:38.928+0000] {logging_mixin.py:188} INFO - [2026-05-20T08:25:38.928+0000] {dag.py:3947} INFO - Setting next_dagrun for tutorial_objectstorage to None, run_after=None
[2026-05-20T08:25:38.998+0000] {processor.py:183} INFO - Processing /home/airflow/.local/lib/python3.12/site-packages/airflow/example_dags/tutorial_objectstorage.py took 0.287 seconds
[2026-05-20T08:26:09.571+0000] {processor.py:161} INFO - Started process (PID=2191) to work on /home/airflow/.local/lib/python3.12/site-packages/airflow/example_dags/tutorial_objectstorage.py
[2026-05-20T08:26:09.573+0000] {processor.py:830} INFO - Processing file /home/airflow/.local/lib/python3.12/site-packages/airflow/example_dags/tutorial_objectstorage.py for tasks to queue
[2026-05-20T08:26:09.576+0000] {logging_mixin.py:188} INFO - [2026-05-20T08:26:09.576+0000] {dagbag.py:545} INFO - Filling up the DagBag from /home/airflow/.local/lib/python3.12/site-packages/airflow/example_dags/tutorial_objectstorage.py
[2026-05-20T08:26:09.588+0000] {processor.py:840} INFO - DAG(s) 'tutorial_objectstorage' retrieved from /home/airflow/.local/lib/python3.12/site-packages/airflow/example_dags/tutorial_objectstorage.py
[2026-05-20T08:26:09.622+0000] {logging_mixin.py:188} INFO - [2026-05-20T08:26:09.621+0000] {dag.py:3089} INFO - Sync 1 DAGs
[2026-05-20T08:26:09.643+0000] {logging_mixin.py:188} INFO - [2026-05-20T08:26:09.643+0000] {dag.py:3947} INFO - Setting next_dagrun for tutorial_objectstorage to None, run_after=None
[2026-05-20T08:26:09.677+0000] {processor.py:183} INFO - Processing /home/airflow/.local/lib/python3.12/site-packages/airflow/example_dags/tutorial_objectstorage.py took 0.116 seconds
[2026-05-20T08:26:40.341+0000] {processor.py:161} INFO - Started process (PID=2251) to work on /home/airflow/.local/lib/python3.12/site-packages/airflow/example_dags/tutorial_objectstorage.py
[2026-05-20T08:26:40.343+0000] {processor.py:830} INFO - Processing file /home/airflow/.local/lib/python3.12/site-packages/airflow/example_dags/tutorial_objectstorage.py for tasks to queue
[2026-05-20T08:26:40.346+0000] {logging_mixin.py:188} INFO - [2026-05-20T08:26:40.345+0000] {dagbag.py:545} INFO - Filling up the DagBag from /home/airflow/.local/lib/python3.12/site-packages/airflow/example_dags/tutorial_objectstorage.py
[2026-05-20T08:26:40.358+0000] {processor.py:840} INFO - DAG(s) 'tutorial_objectstorage' retrieved from /home/airflow/.local/lib/python3.12/site-packages/airflow/example_dags/tutorial_objectstorage.py
[2026-05-20T08:26:40.389+0000] {logging_mixin.py:188} INFO - [2026-05-20T08:26:40.389+0000] {dag.py:3089} INFO - Sync 1 DAGs
[2026-05-20T08:26:40.595+0000] {logging_mixin.py:188} INFO - [2026-05-20T08:26:40.595+0000] {dag.py:3947} INFO - Setting next_dagrun for tutorial_objectstorage to None, run_after=None
[2026-05-20T08:26:40.628+0000] {processor.py:183} INFO - Processing /home/airflow/.local/lib/python3.12/site-packages/airflow/example_dags/tutorial_objectstorage.py took 0.298 seconds
