[2026-05-19T08:47:19.100+0000] {local_task_job_runner.py:120} INFO - ::group::Pre task execution logs
[2026-05-19T08:47:19.231+0000] {taskinstance.py:2076} INFO - Dependencies all met for dep_context=non-requeueable deps ti=<TaskInstance: etl_pipeline.extract manual__2026-05-19T08:47:01.169202+00:00 [queued]>
[2026-05-19T08:47:19.260+0000] {taskinstance.py:2076} INFO - Dependencies all met for dep_context=requeueable deps ti=<TaskInstance: etl_pipeline.extract manual__2026-05-19T08:47:01.169202+00:00 [queued]>
[2026-05-19T08:47:19.264+0000] {taskinstance.py:2306} INFO - Starting attempt 1 of 1
[2026-05-19T08:47:19.321+0000] {taskinstance.py:2330} INFO - Executing <Task(PythonOperator): extract> on 2026-05-19 08:47:01.169202+00:00
[2026-05-19T08:47:19.350+0000] {warnings.py:112} WARNING - /home/***/.local/lib/python3.12/site-packages/***/task/task_runner/standard_task_runner.py:62: DeprecationWarning: This process (pid=626) is multi-threaded, use of fork() may lead to deadlocks in the child.
  pid = os.fork()

[2026-05-19T08:47:19.355+0000] {standard_task_runner.py:64} INFO - Started process 628 to run task
[2026-05-19T08:47:19.353+0000] {standard_task_runner.py:90} INFO - Running: ['***', 'tasks', 'run', 'etl_pipeline', 'extract', 'manual__2026-05-19T08:47:01.169202+00:00', '--job-id', '11', '--raw', '--subdir', 'DAGS_FOLDER/etl_pipeline.py', '--cfg-path', '/tmp/tmplsxn6ny4']
[2026-05-19T08:47:19.357+0000] {standard_task_runner.py:91} INFO - Job 11: Subtask extract
[2026-05-19T08:47:19.552+0000] {task_command.py:426} INFO - Running <TaskInstance: etl_pipeline.extract manual__2026-05-19T08:47:01.169202+00:00 [running]> on host 158a6012f4a0
[2026-05-19T08:47:19.901+0000] {taskinstance.py:2648} INFO - Exporting env vars: AIRFLOW_CTX_DAG_OWNER='***' AIRFLOW_CTX_DAG_ID='etl_pipeline' AIRFLOW_CTX_TASK_ID='extract' AIRFLOW_CTX_EXECUTION_DATE='2026-05-19T08:47:01.169202+00:00' AIRFLOW_CTX_TRY_NUMBER='1' AIRFLOW_CTX_DAG_RUN_ID='manual__2026-05-19T08:47:01.169202+00:00'
[2026-05-19T08:47:19.911+0000] {taskinstance.py:430} INFO - ::endgroup::
[2026-05-19T08:47:20.061+0000] {logging_mixin.py:188} INFO - Data extracted
[2026-05-19T08:47:20.063+0000] {python.py:237} INFO - Done. Returned value was: None
[2026-05-19T08:47:20.065+0000] {taskinstance.py:441} INFO - ::group::Post task execution logs
[2026-05-19T08:47:20.099+0000] {taskinstance.py:1206} INFO - Marking task as SUCCESS. dag_id=etl_pipeline, task_id=extract, run_id=manual__2026-05-19T08:47:01.169202+00:00, execution_date=20260519T084701, start_date=20260519T084719, end_date=20260519T084720
[2026-05-19T08:47:20.212+0000] {local_task_job_runner.py:243} INFO - Task exited with return code 0
[2026-05-19T08:47:20.281+0000] {taskinstance.py:3503} INFO - 1 downstream tasks scheduled from follow-on schedule check
[2026-05-19T08:47:20.285+0000] {local_task_job_runner.py:222} INFO - ::endgroup::
