[2026-05-19T10:13:20.649+0000] {local_task_job_runner.py:120} INFO - ::group::Pre task execution logs
[2026-05-19T10:13:20.724+0000] {taskinstance.py:2076} INFO - Dependencies all met for dep_context=non-requeueable deps ti=<TaskInstance: etl_pipeline.extract manual__2026-05-19T10:12:47.067032+00:00 [queued]>
[2026-05-19T10:13:20.740+0000] {taskinstance.py:2076} INFO - Dependencies all met for dep_context=requeueable deps ti=<TaskInstance: etl_pipeline.extract manual__2026-05-19T10:12:47.067032+00:00 [queued]>
[2026-05-19T10:13:20.743+0000] {taskinstance.py:2306} INFO - Starting attempt 1 of 1
[2026-05-19T10:13:20.767+0000] {taskinstance.py:2330} INFO - Executing <Task(PythonOperator): extract> on 2026-05-19 10:12:47.067032+00:00
[2026-05-19T10:13:20.785+0000] {warnings.py:112} WARNING - /home/***/.local/lib/python3.12/site-packages/***/task/task_runner/standard_task_runner.py:62: DeprecationWarning: This process (pid=95) is multi-threaded, use of fork() may lead to deadlocks in the child.
  pid = os.fork()

[2026-05-19T10:13:20.788+0000] {standard_task_runner.py:64} INFO - Started process 103 to run task
[2026-05-19T10:13:20.789+0000] {standard_task_runner.py:90} INFO - Running: ['***', 'tasks', 'run', 'etl_pipeline', 'extract', 'manual__2026-05-19T10:12:47.067032+00:00', '--job-id', '18', '--raw', '--subdir', 'DAGS_FOLDER/etl_pipeline.py', '--cfg-path', '/tmp/tmpzcmz12_z']
[2026-05-19T10:13:20.793+0000] {standard_task_runner.py:91} INFO - Job 18: Subtask extract
[2026-05-19T10:13:20.951+0000] {task_command.py:426} INFO - Running <TaskInstance: etl_pipeline.extract manual__2026-05-19T10:12:47.067032+00:00 [running]> on host 0e1ffd8833ec
[2026-05-19T10:13:21.133+0000] {taskinstance.py:2648} INFO - Exporting env vars: AIRFLOW_CTX_DAG_OWNER='***' AIRFLOW_CTX_DAG_ID='etl_pipeline' AIRFLOW_CTX_TASK_ID='extract' AIRFLOW_CTX_EXECUTION_DATE='2026-05-19T10:12:47.067032+00:00' AIRFLOW_CTX_TRY_NUMBER='1' AIRFLOW_CTX_DAG_RUN_ID='manual__2026-05-19T10:12:47.067032+00:00'
[2026-05-19T10:13:21.135+0000] {taskinstance.py:430} INFO - ::endgroup::
[2026-05-19T10:13:21.729+0000] {logging_mixin.py:188} INFO - API data extracted
[2026-05-19T10:13:21.731+0000] {python.py:237} INFO - Done. Returned value was: None
[2026-05-19T10:13:21.732+0000] {taskinstance.py:441} INFO - ::group::Post task execution logs
[2026-05-19T10:13:21.748+0000] {taskinstance.py:1206} INFO - Marking task as SUCCESS. dag_id=etl_pipeline, task_id=extract, run_id=manual__2026-05-19T10:12:47.067032+00:00, execution_date=20260519T101247, start_date=20260519T101320, end_date=20260519T101321
[2026-05-19T10:13:21.811+0000] {local_task_job_runner.py:243} INFO - Task exited with return code 0
[2026-05-19T10:13:21.854+0000] {taskinstance.py:3503} INFO - 1 downstream tasks scheduled from follow-on schedule check
[2026-05-19T10:13:21.857+0000] {local_task_job_runner.py:222} INFO - ::endgroup::
