[2026-05-21T08:59:41.524+0000] {local_task_job_runner.py:120} INFO - ::group::Pre task execution logs
[2026-05-21T08:59:41.577+0000] {taskinstance.py:2076} INFO - Dependencies all met for dep_context=non-requeueable deps ti=<TaskInstance: etl_pipeline.analytics manual__2026-05-21T08:58:57.851641+00:00 [queued]>
[2026-05-21T08:59:41.596+0000] {taskinstance.py:2076} INFO - Dependencies all met for dep_context=requeueable deps ti=<TaskInstance: etl_pipeline.analytics manual__2026-05-21T08:58:57.851641+00:00 [queued]>
[2026-05-21T08:59:41.598+0000] {taskinstance.py:2306} INFO - Starting attempt 1 of 1
[2026-05-21T08:59:41.624+0000] {taskinstance.py:2330} INFO - Executing <Task(PythonOperator): analytics> on 2026-05-21 08:58:57.851641+00:00
[2026-05-21T08:59:41.640+0000] {warnings.py:112} WARNING - /home/***/.local/lib/python3.12/site-packages/***/task/task_runner/standard_task_runner.py:62: DeprecationWarning: This process (pid=814) is multi-threaded, use of fork() may lead to deadlocks in the child.
  pid = os.fork()

[2026-05-21T08:59:41.644+0000] {standard_task_runner.py:64} INFO - Started process 816 to run task
[2026-05-21T08:59:41.644+0000] {standard_task_runner.py:90} INFO - Running: ['***', 'tasks', 'run', 'etl_pipeline', 'analytics', 'manual__2026-05-21T08:58:57.851641+00:00', '--job-id', '38', '--raw', '--subdir', 'DAGS_FOLDER/etl_pipeline.py', '--cfg-path', '/tmp/tmpe7bjfsvt']
[2026-05-21T08:59:41.646+0000] {standard_task_runner.py:91} INFO - Job 38: Subtask analytics
[2026-05-21T08:59:41.750+0000] {task_command.py:426} INFO - Running <TaskInstance: etl_pipeline.analytics manual__2026-05-21T08:58:57.851641+00:00 [running]> on host 5ba7bbe8d6ee
[2026-05-21T08:59:42.046+0000] {taskinstance.py:2648} INFO - Exporting env vars: AIRFLOW_CTX_DAG_OWNER='***' AIRFLOW_CTX_DAG_ID='etl_pipeline' AIRFLOW_CTX_TASK_ID='analytics' AIRFLOW_CTX_EXECUTION_DATE='2026-05-21T08:58:57.851641+00:00' AIRFLOW_CTX_TRY_NUMBER='1' AIRFLOW_CTX_DAG_RUN_ID='manual__2026-05-21T08:58:57.851641+00:00'
[2026-05-21T08:59:42.050+0000] {taskinstance.py:430} INFO - ::endgroup::
[2026-05-21T08:59:42.158+0000] {logging_mixin.py:188} INFO - Analytics table created
[2026-05-21T08:59:42.159+0000] {python.py:237} INFO - Done. Returned value was: None
[2026-05-21T08:59:42.161+0000] {taskinstance.py:441} INFO - ::group::Post task execution logs
[2026-05-21T08:59:42.193+0000] {taskinstance.py:1206} INFO - Marking task as SUCCESS. dag_id=etl_pipeline, task_id=analytics, run_id=manual__2026-05-21T08:58:57.851641+00:00, execution_date=20260521T085857, start_date=20260521T085941, end_date=20260521T085942
[2026-05-21T08:59:42.305+0000] {local_task_job_runner.py:243} INFO - Task exited with return code 0
[2026-05-21T08:59:42.354+0000] {taskinstance.py:3503} INFO - 0 downstream tasks scheduled from follow-on schedule check
[2026-05-21T08:59:42.360+0000] {local_task_job_runner.py:222} INFO - ::endgroup::
