[2026-05-25T08:00:44.535+0000] {local_task_job_runner.py:120} INFO - ::group::Pre task execution logs
[2026-05-25T08:00:44.944+0000] {taskinstance.py:2076} INFO - Dependencies all met for dep_context=non-requeueable deps ti=<TaskInstance: etl_pipeline.extract manual__2026-05-25T08:00:16.944356+00:00 [queued]>
[2026-05-25T08:00:45.014+0000] {taskinstance.py:2076} INFO - Dependencies all met for dep_context=requeueable deps ti=<TaskInstance: etl_pipeline.extract manual__2026-05-25T08:00:16.944356+00:00 [queued]>
[2026-05-25T08:00:45.025+0000] {taskinstance.py:2306} INFO - Starting attempt 1 of 1
[2026-05-25T08:00:45.174+0000] {taskinstance.py:2330} INFO - Executing <Task(PythonOperator): extract> on 2026-05-25 08:00:16.944356+00:00
[2026-05-25T08:00:45.364+0000] {standard_task_runner.py:90} INFO - Running: ['***', 'tasks', 'run', 'etl_pipeline', 'extract', 'manual__2026-05-25T08:00:16.944356+00:00', '--job-id', '7', '--raw', '--subdir', 'DAGS_FOLDER/etl_pipeline.py', '--cfg-path', '/tmp/tmp6koh80wq']
[2026-05-25T08:00:45.253+0000] {warnings.py:112} WARNING - /home/***/.local/lib/python3.12/site-packages/***/task/task_runner/standard_task_runner.py:62: DeprecationWarning: This process (pid=158) is multi-threaded, use of fork() may lead to deadlocks in the child.
  pid = os.fork()

[2026-05-25T08:00:45.409+0000] {standard_task_runner.py:91} INFO - Job 7: Subtask extract
[2026-05-25T08:00:45.419+0000] {standard_task_runner.py:64} INFO - Started process 160 to run task
[2026-05-25T08:00:46.338+0000] {task_command.py:426} INFO - Running <TaskInstance: etl_pipeline.extract manual__2026-05-25T08:00:16.944356+00:00 [running]> on host d7ff6c5e4fd4
[2026-05-25T08:00:46.763+0000] {taskinstance.py:2648} INFO - Exporting env vars: AIRFLOW_CTX_DAG_OWNER='***' AIRFLOW_CTX_DAG_ID='etl_pipeline' AIRFLOW_CTX_TASK_ID='extract' AIRFLOW_CTX_EXECUTION_DATE='2026-05-25T08:00:16.944356+00:00' AIRFLOW_CTX_TRY_NUMBER='1' AIRFLOW_CTX_DAG_RUN_ID='manual__2026-05-25T08:00:16.944356+00:00'
[2026-05-25T08:00:46.765+0000] {taskinstance.py:430} INFO - ::endgroup::
[2026-05-25T08:00:46.769+0000] {etl_pipeline.py:18} INFO - Starting extract task
[2026-05-25T08:00:47.427+0000] {etl_pipeline.py:24} INFO - API status code: 200
[2026-05-25T08:00:47.493+0000] {etl_pipeline.py:32} INFO - Extracted 100 records
[2026-05-25T08:00:47.579+0000] {etl_pipeline.py:39} INFO - Extract task completed
[2026-05-25T08:00:47.583+0000] {python.py:237} INFO - Done. Returned value was: None
[2026-05-25T08:00:47.585+0000] {taskinstance.py:441} INFO - ::group::Post task execution logs
[2026-05-25T08:00:47.632+0000] {taskinstance.py:1206} INFO - Marking task as SUCCESS. dag_id=etl_pipeline, task_id=extract, run_id=manual__2026-05-25T08:00:16.944356+00:00, execution_date=20260525T080016, start_date=20260525T080044, end_date=20260525T080047
[2026-05-25T08:00:47.773+0000] {local_task_job_runner.py:243} INFO - Task exited with return code 0
[2026-05-25T08:00:47.904+0000] {taskinstance.py:3503} INFO - 1 downstream tasks scheduled from follow-on schedule check
[2026-05-25T08:00:47.910+0000] {local_task_job_runner.py:222} INFO - ::endgroup::
