[2026-05-21T13:05:20.462+0000] {local_task_job_runner.py:120} INFO - ::group::Pre task execution logs
[2026-05-21T13:05:20.554+0000] {taskinstance.py:2076} INFO - Dependencies all met for dep_context=non-requeueable deps ti=<TaskInstance: etl_pipeline.transform manual__2026-05-21T13:05:00.639539+00:00 [queued]>
[2026-05-21T13:05:20.575+0000] {taskinstance.py:2076} INFO - Dependencies all met for dep_context=requeueable deps ti=<TaskInstance: etl_pipeline.transform manual__2026-05-21T13:05:00.639539+00:00 [queued]>
[2026-05-21T13:05:20.577+0000] {taskinstance.py:2306} INFO - Starting attempt 1 of 1
[2026-05-21T13:05:20.599+0000] {taskinstance.py:2330} INFO - Executing <Task(PythonOperator): transform> on 2026-05-21 13:05:00.639539+00:00
[2026-05-21T13:05:20.618+0000] {warnings.py:112} WARNING - /home/***/.local/lib/python3.12/site-packages/***/task/task_runner/standard_task_runner.py:62: DeprecationWarning: This process (pid=2463) is multi-threaded, use of fork() may lead to deadlocks in the child.
  pid = os.fork()

[2026-05-21T13:05:20.640+0000] {standard_task_runner.py:90} INFO - Running: ['***', 'tasks', 'run', 'etl_pipeline', 'transform', 'manual__2026-05-21T13:05:00.639539+00:00', '--job-id', '102', '--raw', '--subdir', 'DAGS_FOLDER/etl_pipeline.py', '--cfg-path', '/tmp/tmp4fsgkxuh']
[2026-05-21T13:05:20.646+0000] {standard_task_runner.py:91} INFO - Job 102: Subtask transform
[2026-05-21T13:05:20.646+0000] {standard_task_runner.py:64} INFO - Started process 2465 to run task
[2026-05-21T13:05:20.933+0000] {task_command.py:426} INFO - Running <TaskInstance: etl_pipeline.transform manual__2026-05-21T13:05:00.639539+00:00 [running]> on host 5ba7bbe8d6ee
[2026-05-21T13:05:21.075+0000] {taskinstance.py:2648} INFO - Exporting env vars: AIRFLOW_CTX_DAG_OWNER='***' AIRFLOW_CTX_DAG_ID='etl_pipeline' AIRFLOW_CTX_TASK_ID='transform' AIRFLOW_CTX_EXECUTION_DATE='2026-05-21T13:05:00.639539+00:00' AIRFLOW_CTX_TRY_NUMBER='1' AIRFLOW_CTX_DAG_RUN_ID='manual__2026-05-21T13:05:00.639539+00:00'
[2026-05-21T13:05:21.078+0000] {taskinstance.py:430} INFO - ::endgroup::
[2026-05-21T13:05:21.082+0000] {etl_pipeline.py:41} INFO - Starting transform task
[2026-05-21T13:05:21.113+0000] {etl_pipeline.py:47} INFO - Rows before transform: 100
[2026-05-21T13:05:21.140+0000] {etl_pipeline.py:60} INFO - Rows after transform: 100
[2026-05-21T13:05:21.141+0000] {etl_pipeline.py:61} INFO - Transform task completed
[2026-05-21T13:05:21.142+0000] {python.py:237} INFO - Done. Returned value was: None
[2026-05-21T13:05:21.143+0000] {taskinstance.py:441} INFO - ::group::Post task execution logs
[2026-05-21T13:05:21.158+0000] {taskinstance.py:1206} INFO - Marking task as SUCCESS. dag_id=etl_pipeline, task_id=transform, run_id=manual__2026-05-21T13:05:00.639539+00:00, execution_date=20260521T130500, start_date=20260521T130520, end_date=20260521T130521
[2026-05-21T13:05:21.211+0000] {local_task_job_runner.py:243} INFO - Task exited with return code 0
[2026-05-21T13:05:21.259+0000] {taskinstance.py:3503} INFO - 1 downstream tasks scheduled from follow-on schedule check
[2026-05-21T13:05:21.263+0000] {local_task_job_runner.py:222} INFO - ::endgroup::
