[2026-05-21T11:31:32.754+0000] {local_task_job_runner.py:120} INFO - ::group::Pre task execution logs
[2026-05-21T11:31:32.836+0000] {taskinstance.py:2076} INFO - Dependencies all met for dep_context=non-requeueable deps ti=<TaskInstance: etl_pipeline.analytics scheduled__2026-05-21T11:30:00+00:00 [queued]>
[2026-05-21T11:31:32.876+0000] {taskinstance.py:2076} INFO - Dependencies all met for dep_context=requeueable deps ti=<TaskInstance: etl_pipeline.analytics scheduled__2026-05-21T11:30:00+00:00 [queued]>
[2026-05-21T11:31:32.880+0000] {taskinstance.py:2306} INFO - Starting attempt 1 of 1
[2026-05-21T11:31:32.929+0000] {taskinstance.py:2330} INFO - Executing <Task(PythonOperator): analytics> on 2026-05-21 11:30:00+00:00
[2026-05-21T11:31:32.968+0000] {warnings.py:112} WARNING - /home/***/.local/lib/python3.12/site-packages/***/task/task_runner/standard_task_runner.py:62: DeprecationWarning: This process (pid=1309) is multi-threaded, use of fork() may lead to deadlocks in the child.
  pid = os.fork()

[2026-05-21T11:31:32.978+0000] {standard_task_runner.py:64} INFO - Started process 1311 to run task
[2026-05-21T11:31:32.976+0000] {standard_task_runner.py:90} INFO - Running: ['***', 'tasks', 'run', 'etl_pipeline', 'analytics', 'scheduled__2026-05-21T11:30:00+00:00', '--job-id', '89', '--raw', '--subdir', 'DAGS_FOLDER/etl_pipeline.py', '--cfg-path', '/tmp/tmpd_gc401n']
[2026-05-21T11:31:32.988+0000] {standard_task_runner.py:91} INFO - Job 89: Subtask analytics
[2026-05-21T11:31:33.176+0000] {task_command.py:426} INFO - Running <TaskInstance: etl_pipeline.analytics scheduled__2026-05-21T11:30:00+00:00 [running]> on host 5ba7bbe8d6ee
[2026-05-21T11:31:33.528+0000] {taskinstance.py:2648} INFO - Exporting env vars: AIRFLOW_CTX_DAG_OWNER='***' AIRFLOW_CTX_DAG_ID='etl_pipeline' AIRFLOW_CTX_TASK_ID='analytics' AIRFLOW_CTX_EXECUTION_DATE='2026-05-21T11:30:00+00:00' AIRFLOW_CTX_TRY_NUMBER='1' AIRFLOW_CTX_DAG_RUN_ID='scheduled__2026-05-21T11:30:00+00:00'
[2026-05-21T11:31:33.534+0000] {taskinstance.py:430} INFO - ::endgroup::
[2026-05-21T11:31:33.603+0000] {logging_mixin.py:188} INFO - Analytics table created
[2026-05-21T11:31:33.606+0000] {python.py:237} INFO - Done. Returned value was: None
[2026-05-21T11:31:33.608+0000] {taskinstance.py:441} INFO - ::group::Post task execution logs
[2026-05-21T11:31:33.647+0000] {taskinstance.py:1206} INFO - Marking task as SUCCESS. dag_id=etl_pipeline, task_id=analytics, run_id=scheduled__2026-05-21T11:30:00+00:00, execution_date=20260521T113000, start_date=20260521T113132, end_date=20260521T113133
[2026-05-21T11:31:33.812+0000] {local_task_job_runner.py:243} INFO - Task exited with return code 0
[2026-05-21T11:31:33.909+0000] {taskinstance.py:3503} INFO - 0 downstream tasks scheduled from follow-on schedule check
[2026-05-21T11:31:33.921+0000] {local_task_job_runner.py:222} INFO - ::endgroup::
